Training started: 2026-09-17 16:48:51
------------------------------------------------------------------------------------------------
Run
  run_dir: /home/students/HuangMingYu/code/py/my_idea/my_idea/outputs/v24-COE/experiments/core/08fc9d8d37df089e/runs/v24_core_no_expert_state_update_mixed_rate0.4_updates_seed7/BikeNYC/custom/v24_core_no_expert_state_update_mixed_rate0.4_updates_seed7/random/rate0.4/20260917_164850_seed7_bs16
  command: /home/students/HuangMingYu/code/py/my_idea/my_idea/scripts/train.py -c /home/students/HuangMingYu/code/py/my_idea/my_idea/outputs/v24-COE/experiments/core/08fc9d8d37df089e/configs/v24_core_no_expert_state_update_mixed_rate0.4_updates_seed7.json --no_plot --name v24_core_no_expert_state_update_mixed_rate0.4_updates_seed7 --train_npz /home/students/HuangMingYu/code/py/my_idea/my_idea/data/BikeNYC/bikenyc_train.npz --val_npz /home/students/HuangMingYu/code/py/my_idea/my_idea/data/BikeNYC/bikenyc_val.npz --test_npz /home/students/HuangMingYu/code/py/my_idea/my_idea/data/BikeNYC/bikenyc_test.npz --result-file /home/students/HuangMingYu/code/py/my_idea/my_idea/outputs/v24-COE/experiments/core/08fc9d8d37df089e/results/v24_core_no_expert_state_update_mixed_rate0.4_updates_seed7.attempt1.json
  git_commit: 1f348d420b22878eff7be96a61567a5be410fd0e
  git_branch: v24-COE
  git_dirty: True
  config_sha256: 36c671572cc3e50c63649f97957f0cf365f8a808d0335e9a2658610335eb10a8
  python: 3.9.25
  torch: 2.6.0+cu124
  cuda_runtime: 12.4
  train_npz: /home/students/HuangMingYu/code/py/my_idea/my_idea/data/BikeNYC/bikenyc_train.npz
  val_npz: /home/students/HuangMingYu/code/py/my_idea/my_idea/data/BikeNYC/bikenyc_val.npz
  test_npz: /home/students/HuangMingYu/code/py/my_idea/my_idea/data/BikeNYC/bikenyc_test.npz
  dataset: BikeNYC
  experiment_type: custom
  variant: v24_core_no_expert_state_update_mixed_rate0.4_updates_seed7
  train_samples: 511
  val_samples: 73
  train_steps_per_epoch: 32
  val_steps_per_epoch: 5
  test_samples: 147
  test_steps: 10
  batch_size: 16
  mask_pattern: random
  mask_rate_config: 0.4
  train_mask: shape=(511, 1, 12, 24, 12), observed_rate=0.6004, missing_rate=0.3996
  val_mask: shape=(73, 1, 12, 24, 12), observed_rate=0.6004, missing_rate=0.3996
  data_shape: (511, 2, 12, 24, 12)
  device: cuda
  device_name: NVIDIA GeForce RTX 3090
  total_params: 91,571
  trainable_params: 91,571
Config
{
  "seed": 7,
  "output_dir": "/home/students/HuangMingYu/code/py/my_idea/my_idea/outputs/v24-COE/experiments/core/08fc9d8d37df089e/runs/v24_core_no_expert_state_update_mixed_rate0.4_updates_seed7",
  "device": "auto",
  "data": {
    "dataset_name": "BikeNYC",
    "batch_size": 16,
    "num_workers": 0,
    "pin_memory": true,
    "drop_last": false,
    "mask": {
      "pattern": "random",
      "missing_rate": 0.4,
      "train_csv": "/home/students/HuangMingYu/code/py/my_idea/my_idea/outputs/v24-COE/section13/bikenyc_masks_seed2026/mixed/0.4/train.csv",
      "val_csv": "/home/students/HuangMingYu/code/py/my_idea/my_idea/outputs/v24-COE/section13/bikenyc_masks_seed2026/mixed/0.4/val.csv",
      "test_csv": "/home/students/HuangMingYu/code/py/my_idea/my_idea/outputs/v24-COE/section13/bikenyc_masks_seed2026/mixed/0.4/test.csv"
    },
    "synthetic": {
      "num_train": 128,
      "num_val": 32,
      "t": 12,
      "h": 24,
      "w": 12
    },
    "multiscale": false
  },
  "model": {
    "architecture": "v24_ts_coe",
    "c_in": 2,
    "main": {
      "dim": 64,
      "max_t": 12,
      "h": 24,
      "w": 12,
      "scale_mode": "fine",
      "use_multiscale": false
    },
    "coe": {
      "num_steps": 2,
      "routing_mode": "hard",
      "fixed_path": null,
      "router_state": "dynamic",
      "use_shared": true,
      "use_routed": true,
      "temperature": 1.0,
      "temporal_kernel": 3,
      "spatial_kernel": 3,
      "residual_init": 0.1,
      "expert_pool": [
        "T",
        "S"
      ],
      "expert_state": "initial"
    },
    "aux": {
      "enabled": false,
      "alpha_init": 0.0
    }
  },
  "loss": {
    "type": "l1",
    "lambda_coe_mid": 0,
    "lambda_coe_balance": 0
  },
  "train": {
    "epochs": 80,
    "val_epoch": 2,
    "lr_main": 0.001,
    "weight_decay": 0.0001,
    "grad_clip_norm": 1.0,
    "amp": true,
    "save_every": 10,
    "scheduler": {
      "type": "cosine",
      "eta_min": 1e-06
    },
    "early_stopping": {
      "enabled": false,
      "monitor": "val_mae",
      "patience": 15,
      "mode": "min"
    },
    "save_best_checkpoint": false
  },
  "experiment_plan": {
    "stage": "core",
    "variant": "no_expert_state_update",
    "protocol": "mixed_rate0.4",
    "protocol_kind": "structured_csv",
    "budget_regime": "updates",
    "mask_metadata": "/home/students/HuangMingYu/code/py/my_idea/my_idea/outputs/v24-COE/section13/bikenyc_masks_seed2026/mixed/0.4/metadata.json"
  },
  "experiment_suite_fingerprint": "08fc9d8d37df089e074c1f54d84eabb0c7699555c5d348e61134aa3b4ddc48c2"
}
------------------------------------------------------------------------------------------------
-----------------------------------------------------------------------------------------------------------------
 epoch         loss         mae         rmse     val_mae          lr   train_s    val_s   epoch_s   mem_gb   best
-----------------------------------------------------------------------------------------------------------------
     1     10.36567     10.3607      30.9712           -    1.00e-03       1.5      0.0       1.6     0.81       
     2      9.79666      9.7984      30.0516     11.2225    1.00e-03       1.2      0.1       1.3     0.81      *
Best model at epoch 2 (val_mae=11.2225)
     3      9.24454      9.2450      28.8994           -    9.98e-04       1.2      0.0       1.2     0.81       
     4      8.90311      8.8969      27.9533     10.4170    9.97e-04       1.2      0.1       1.2     0.81      *
Best model at epoch 4 (val_mae=10.4170)
     5      8.61465      8.6161      27.0745           -    9.94e-04       1.2      0.0       1.2     0.81       
     6      8.31347      8.3158      26.1883     10.0159    9.90e-04       1.2      0.1       1.2     0.81      *
Best model at epoch 6 (val_mae=10.0159)
     7      8.09548      8.0978      25.4893           -    9.86e-04       1.2      0.0       1.2     0.81       
     8      7.80049      7.8011      24.6171      9.3262    9.81e-04       1.2      0.1       1.2     0.81      *
Best model at epoch 8 (val_mae=9.3262)
     9      7.65224      7.6541      24.0369           -    9.76e-04       1.2      0.0       1.2     0.81       
    10      7.38965      7.3894      23.2524      8.9198    9.69e-04       1.2      0.1       1.2     0.81      *
Best model at epoch 10 (val_mae=8.9198)
    11      7.31169      7.3103      22.7221           -    9.62e-04       1.2      0.0       1.2     0.81       
    12      7.21812      7.2204      22.4371      8.7148    9.54e-04       1.2      0.1       1.2     0.81      *
Best model at epoch 12 (val_mae=8.7148)
    13      7.07832      7.0763      21.9726           -    9.46e-04       1.2      0.0       1.2     0.81       
    14      7.18492      7.1877      21.9054      8.4566    9.36e-04       1.2      0.1       1.2     0.81      *
Best model at epoch 14 (val_mae=8.4566)
    15      7.00190      7.0039      21.9410           -    9.26e-04       1.2      0.0       1.2     0.81       
    16      6.92324      6.9207      21.3774      8.4631    9.16e-04       1.2      0.1       1.2     0.81       
    17      6.84079      6.8425      21.1559           -    9.05e-04       1.2      0.0       1.2     0.81       
    18      6.72537      6.7249      20.6912      8.1840    8.93e-04       1.2      0.1       1.2     0.81      *
Best model at epoch 18 (val_mae=8.1840)
    19      6.67798      6.6791      20.7336           -    8.80e-04       1.2      0.0       1.2     0.81       
    20      6.75524      6.7588      20.6633      8.0882    8.67e-04       1.2      0.1       1.2     0.81      *
Best model at epoch 20 (val_mae=8.0882)
    21      6.65570      6.6548      20.2416           -    8.54e-04       1.2      0.0       1.2     0.81       
    22      6.78314      6.7812      20.3786      7.9596    8.40e-04       1.2      0.1       1.2     0.81      *
Best model at epoch 22 (val_mae=7.9596)
    23      6.49281      6.4913      19.9746           -    8.25e-04       1.2      0.0       1.2     0.81       
    24      6.51323      6.5135      20.0418      8.0079    8.10e-04       1.2      0.1       1.2     0.81       
    25      6.60794      6.6048      20.0314           -    7.94e-04       1.2      0.0       1.2     0.81       
    26      6.46885      6.4698      19.7927      8.0657    7.78e-04       1.2      0.1       1.2     0.81       
    27      6.50423      6.5043      20.1569           -    7.61e-04       1.2      0.0       1.2     0.81       
    28      6.41127      6.4092      19.6019      7.8077    7.45e-04       1.2      0.1       1.2     0.81      *
Best model at epoch 28 (val_mae=7.8077)
    29      6.34209      6.3393      19.4041           -    7.27e-04       1.2      0.0       1.2     0.81       
    30      6.36267      6.3625      19.3233      7.6705    7.10e-04       1.2      0.1       1.2     0.81      *
Best model at epoch 30 (val_mae=7.6705)
    31      6.29188      6.2907      19.2563           -    6.92e-04       1.2      0.0       1.2     0.81       
    32      6.33783      6.3341      19.0704      7.6011    6.73e-04       1.2      0.1       1.2     0.81      *
Best model at epoch 32 (val_mae=7.6011)
    33      6.26448      6.2655      19.2910           -    6.55e-04       1.2      0.0       1.2     0.81       
    34      6.25952      6.2619      19.0007      7.5847    6.36e-04       1.2      0.1       1.2     0.81      *
Best model at epoch 34 (val_mae=7.5847)
    35      6.17501      6.1758      19.0499           -    6.17e-04       1.2      0.0       1.2     0.81       
    36      6.17336      6.1750      18.9249      7.7713    5.98e-04       1.2      0.1       1.2     0.81       
    37      6.22066      6.2206      18.8808           -    5.79e-04       1.2      0.0       1.2     0.81       
    38      6.15628      6.1584      18.8131      7.5373    5.59e-04       1.2      0.1       1.2     0.81      *
Best model at epoch 38 (val_mae=7.5373)
    39      6.14911      6.1486      18.8604           -    5.40e-04       1.2      0.0       1.2     0.81       
    40      6.13991      6.1408      18.6243      7.5022    5.20e-04       1.2      0.1       1.2     0.81      *
Best model at epoch 40 (val_mae=7.5022)
    41      6.10061      6.1000      18.7329           -    5.01e-04       1.2      0.0       1.2     0.81       
    42      6.08357      6.0873      18.6702      7.4285    4.81e-04       1.2      0.1       1.2     0.81      *
Best model at epoch 42 (val_mae=7.4285)
    43      6.03244      6.0325      18.5078           -    4.61e-04       1.2      0.0       1.2     0.81       
    44      6.02884      6.0286      18.4310      7.4476    4.42e-04       1.2      0.1       1.2     0.81       
    45      5.99003      5.9901      18.4730           -    4.22e-04       1.2      0.0       1.2     0.81       
    46      6.03132      6.0334      18.3407      7.4203    4.03e-04       1.2      0.1       1.2     0.81      *
Best model at epoch 46 (val_mae=7.4203)
    47      6.04319      6.0437      18.5712           -    3.84e-04       1.2      0.0       1.2     0.81       
    48      6.06254      6.0612      18.3912      7.4474    3.65e-04       1.2      0.1       1.2     0.81       
    49      5.98728      5.9851      18.3753           -    3.46e-04       1.2      0.0       1.2     0.81       
    50      6.01859      6.0190      18.3420      7.4034    3.28e-04       1.2      0.1       1.2     0.81      *
Best model at epoch 50 (val_mae=7.4034)
    51      5.97790      5.9754      18.3082           -    3.09e-04       1.2      0.0       1.2     0.81       
    52      6.01049      6.0094      18.1591      7.4831    2.91e-04       1.2      0.1       1.2     0.81       
    53      6.01996      6.0206      18.5300           -    2.74e-04       1.2      0.0       1.2     0.81       
    54      5.98239      5.9797      18.4194      7.3538    2.56e-04       1.2      0.1       1.2     0.81      *
Best model at epoch 54 (val_mae=7.3538)
    55      5.93165      5.9255      18.0611           -    2.40e-04       1.2      0.0       1.2     0.81       
    56      5.94450      5.9461      18.3236      7.3277    2.23e-04       1.2      0.1       1.2     0.81      *
Best model at epoch 56 (val_mae=7.3277)
    57      5.94913      5.9525      18.3125           -    2.07e-04       1.2      0.0       1.2     0.81       
    58      5.94186      5.9397      18.4191      7.2935    1.91e-04       1.2      0.1       1.2     0.81      *
Best model at epoch 58 (val_mae=7.2935)
    59      5.89783      5.9001      18.0158           -    1.76e-04       1.2      0.0       1.2     0.81       
    60      5.89692      5.8942      18.0109      7.2948    1.61e-04       1.2      0.1       1.2     0.81       
    61      5.87941      5.8777      18.1115           -    1.47e-04       1.2      0.0       1.2     0.81       
    62      5.89109      5.8886      17.8881      7.2432    1.34e-04       1.2      0.1       1.2     0.81      *
Best model at epoch 62 (val_mae=7.2432)
    63      5.88624      5.8856      18.0929           -    1.21e-04       1.2      0.0       1.2     0.81       
    64      5.86208      5.8638      18.1693      7.3097    1.08e-04       1.2      0.1       1.2     0.81       
    65      5.86710      5.8668      18.2296           -    9.64e-05       1.2      0.0       1.2     0.81       
    66      5.86002      5.8606      17.9123      7.2510    8.52e-05       1.2      0.1       1.2     0.81       
    67      5.84668      5.8468      17.9344           -    7.46e-05       1.2      0.0       1.2     0.81       
    68      5.84087      5.8420      18.0059      7.2544    6.47e-05       1.2      0.1       1.2     0.81       
    69      5.84027      5.8403      18.0740           -    5.54e-05       1.2      0.0       1.2     0.81       
    70      5.83238      5.8356      18.0083      7.2382    4.69e-05       1.2      0.1       1.2     0.81      *
Best model at epoch 70 (val_mae=7.2382)
    71      5.82522      5.8246      17.9966           -    3.90e-05       1.2      0.0       1.2     0.81       
    72      5.83642      5.8366      17.8096      7.2234    3.19e-05       1.2      0.1       1.2     0.81      *
Best model at epoch 72 (val_mae=7.2234)
    73      5.82448      5.8289      17.9372           -    2.54e-05       1.2      0.0       1.2     0.81       
    74      5.82445      5.8274      17.9688      7.2319    1.98e-05       1.2      0.1       1.2     0.81       
    75      5.82915      5.8266      18.0327           -    1.48e-05       1.2      0.0       1.2     0.81       
    76      5.82787      5.8287      17.9719      7.2287    1.06e-05       1.2      0.1       1.2     0.81       
    77      5.82275      5.8214      17.9437           -    7.15e-06       1.2      0.0       1.2     0.81       
    78      5.82191      5.8216      17.9768      7.2339    4.46e-06       1.2      0.1       1.2     0.81       
    79      5.81832      5.8203      17.9483           -    2.54e-06       1.2      0.0       1.2     0.81       
    80      5.81828      5.8202      17.9411      7.2305    1.39e-06       1.2      0.1       1.2     0.81       

------------------------------------------------------------------------------------------------
Training finished normally: 2026-09-17 16:50:28
Summary
  completed_epochs: 80
  best_epoch: 72
  best_val_mae: 7.223425
  val_epoch: 2
  validation_count: 40
  final_train_loss: 5.818281
  final_train_mae: 5.820187
  final_val_loss: 7.235503
  final_val_mae: 7.230478
  total_time: 1m 37s
  avg_epoch_time_sec: 1.22
  avg_train_sec_per_step: 0.0370
  avg_val_sec_per_step: 0.0062
  peak_memory_gb: 0.81
  test_loss: 6.647727
  test_mae: 6.880099
  test_rmse: 21.969422
  test_mape: 247117.389817
  test_time_sec: 0.13
  best_checkpoint: n/a
  best_state_source: cpu_memory
  metrics_jsonl: /home/students/HuangMingYu/code/py/my_idea/my_idea/outputs/v24-COE/experiments/core/08fc9d8d37df089e/runs/v24_core_no_expert_state_update_mixed_rate0.4_updates_seed7/BikeNYC/custom/v24_core_no_expert_state_update_mixed_rate0.4_updates_seed7/random/rate0.4/20260917_164850_seed7_bs16/logs/metrics.jsonl
------------------------------------------------------------------------------------------------
