Training started: 2026-09-17 19:18:52
------------------------------------------------------------------------------------------------
Run
  run_dir: /home/students/HuangMingYu/code/py/my_idea/my_idea/outputs/v24-COE/experiments/chain4/bc439e96b7ee0231/runs/v24_chain4_chain4_balance_random_point_rate0.4_updates_seed7/BikeNYC/custom/v24_chain4_chain4_balance_random_point_rate0.4_updates_seed7/random/rate0.4/20260917_191851_seed7_bs16
  command: /home/students/HuangMingYu/code/py/my_idea/my_idea/scripts/train.py -c /home/students/HuangMingYu/code/py/my_idea/my_idea/outputs/v24-COE/experiments/chain4/bc439e96b7ee0231/configs/v24_chain4_chain4_balance_random_point_rate0.4_updates_seed7.json --no_plot --name v24_chain4_chain4_balance_random_point_rate0.4_updates_seed7 --train_npz /home/students/HuangMingYu/code/py/my_idea/my_idea/data/BikeNYC/bikenyc_train.npz --val_npz /home/students/HuangMingYu/code/py/my_idea/my_idea/data/BikeNYC/bikenyc_val.npz --test_npz /home/students/HuangMingYu/code/py/my_idea/my_idea/data/BikeNYC/bikenyc_test.npz --result-file /home/students/HuangMingYu/code/py/my_idea/my_idea/outputs/v24-COE/experiments/chain4/bc439e96b7ee0231/results/v24_chain4_chain4_balance_random_point_rate0.4_updates_seed7.attempt1.json
  git_commit: 1f348d420b22878eff7be96a61567a5be410fd0e
  git_branch: v24-COE
  git_dirty: True
  config_sha256: b9871b63848167495f0b9e5067ad481195279d150d502d621ddcc8df39ec1f27
  python: 3.9.25
  torch: 2.6.0+cu124
  cuda_runtime: 12.4
  train_npz: /home/students/HuangMingYu/code/py/my_idea/my_idea/data/BikeNYC/bikenyc_train.npz
  val_npz: /home/students/HuangMingYu/code/py/my_idea/my_idea/data/BikeNYC/bikenyc_val.npz
  test_npz: /home/students/HuangMingYu/code/py/my_idea/my_idea/data/BikeNYC/bikenyc_test.npz
  dataset: BikeNYC
  experiment_type: custom
  variant: v24_chain4_chain4_balance_random_point_rate0.4_updates_seed7
  train_samples: 511
  val_samples: 73
  train_steps_per_epoch: 32
  val_steps_per_epoch: 5
  test_samples: 147
  test_steps: 10
  batch_size: 16
  mask_pattern: random
  mask_rate_config: 0.4
  train_mask: shape=(511, 1, 12, 24, 12), observed_rate=0.6001, missing_rate=0.3999
  val_mask: shape=(73, 1, 12, 24, 12), observed_rate=0.6001, missing_rate=0.3999
  data_shape: (511, 2, 12, 24, 12)
  device: cuda
  device_name: NVIDIA GeForce RTX 3090
  total_params: 211,507
  trainable_params: 211,507
Config
{
  "seed": 7,
  "output_dir": "/home/students/HuangMingYu/code/py/my_idea/my_idea/outputs/v24-COE/experiments/chain4/bc439e96b7ee0231/runs/v24_chain4_chain4_balance_random_point_rate0.4_updates_seed7",
  "device": "auto",
  "data": {
    "dataset_name": "BikeNYC",
    "batch_size": 16,
    "num_workers": 0,
    "pin_memory": true,
    "drop_last": false,
    "mask": {
      "pattern": "random",
      "missing_rate": 0.4,
      "train_csv": "/home/students/HuangMingYu/code/py/my_idea/my_idea/outputs/v24-COE/section13/bikenyc_masks_seed2026/random_point/0.4/train.csv",
      "val_csv": "/home/students/HuangMingYu/code/py/my_idea/my_idea/outputs/v24-COE/section13/bikenyc_masks_seed2026/random_point/0.4/val.csv",
      "test_csv": "/home/students/HuangMingYu/code/py/my_idea/my_idea/outputs/v24-COE/section13/bikenyc_masks_seed2026/random_point/0.4/test.csv"
    },
    "synthetic": {
      "num_train": 128,
      "num_val": 32,
      "t": 12,
      "h": 24,
      "w": 12
    },
    "multiscale": false
  },
  "model": {
    "architecture": "v24_ts_coe",
    "c_in": 2,
    "main": {
      "dim": 64,
      "max_t": 12,
      "h": 24,
      "w": 12,
      "scale_mode": "fine",
      "use_multiscale": false
    },
    "coe": {
      "num_steps": 4,
      "routing_mode": "hard",
      "fixed_path": null,
      "router_state": "dynamic",
      "use_shared": true,
      "use_routed": true,
      "temperature": 1.0,
      "temporal_kernel": 3,
      "spatial_kernel": 3,
      "residual_init": 0.1,
      "expert_pool": [
        "T",
        "S",
        "TD",
        "SD",
        "TA",
        "ST"
      ],
      "expert_state": "dynamic",
      "temporal_dilation": 2,
      "spatial_dilation": 2,
      "attention_heads": 4
    },
    "aux": {
      "enabled": false,
      "alpha_init": 0.0
    }
  },
  "loss": {
    "type": "l1",
    "lambda_coe_mid": 0.0,
    "lambda_coe_balance": 0.01
  },
  "train": {
    "epochs": 80,
    "val_epoch": 2,
    "lr_main": 0.001,
    "weight_decay": 0.0001,
    "grad_clip_norm": 1.0,
    "amp": true,
    "save_every": 10,
    "scheduler": {
      "type": "cosine",
      "eta_min": 1e-06
    },
    "early_stopping": {
      "enabled": false,
      "monitor": "val_mae",
      "patience": 15,
      "mode": "min"
    },
    "save_best_checkpoint": false
  },
  "experiment_plan": {
    "stage": "chain4",
    "variant": "chain4_balance",
    "protocol": "random_point_rate0.4",
    "protocol_kind": "structured_csv",
    "budget_regime": "updates",
    "mask_metadata": "/home/students/HuangMingYu/code/py/my_idea/my_idea/outputs/v24-COE/section13/bikenyc_masks_seed2026/random_point/0.4/metadata.json"
  },
  "experiment_suite_fingerprint": "bc439e96b7ee023127ef9d7feed69f2967f4be5ec2c82d55eedb731831453660"
}
------------------------------------------------------------------------------------------------
-----------------------------------------------------------------------------------------------------------------
 epoch         loss         mae         rmse     val_mae          lr   train_s    val_s   epoch_s   mem_gb   best
-----------------------------------------------------------------------------------------------------------------
     1      8.85001      8.8311      28.6052           -    1.00e-03       5.3      0.0       5.3     3.32       
     2      8.18689      8.1580      27.7454      8.9138    1.00e-03       5.0      0.1       5.1     3.32      *
Best model at epoch 2 (val_mae=8.9138)
     3      7.25764      7.2248      26.3254           -    9.98e-04       5.0      0.0       5.0     3.32       
     4      6.25720      6.2167      24.3874      6.7927    9.97e-04       5.0      0.1       5.1     3.32      *
Best model at epoch 4 (val_mae=6.7927)
     5      5.34907      5.3052      22.2206           -    9.94e-04       5.0      0.0       5.0     3.32       
     6      4.73293      4.6856      20.4398      5.3244    9.90e-04       5.0      0.1       5.1     3.32      *
Best model at epoch 6 (val_mae=5.3244)
     7      4.24965      4.1993      18.8872           -    9.86e-04       5.0      0.0       5.0     3.32       
     8      3.83189      3.7800      17.3214      4.4145    9.81e-04       5.0      0.1       5.1     3.32      *
Best model at epoch 8 (val_mae=4.4145)
     9      3.57678      3.5247      16.2613           -    9.76e-04       5.0      0.0       5.0     3.32       
    10      3.36186      3.3103      15.3555      3.8732    9.69e-04       5.0      0.1       5.1     3.32      *
Best model at epoch 10 (val_mae=3.8732)
    11      3.15141      3.0985      14.3049           -    9.62e-04       5.0      0.0       5.0     3.32       
    12      2.99582      2.9430      13.5276      3.5025    9.54e-04       5.0      0.1       5.1     3.32      *
Best model at epoch 12 (val_mae=3.5025)
    13      2.93668      2.8824      13.0069           -    9.46e-04       5.0      0.0       5.0     3.32       
    14      2.82013      2.7665      12.5819      3.2960    9.36e-04       5.0      0.1       5.1     3.32      *
Best model at epoch 14 (val_mae=3.2960)
    15      2.73390      2.6782      12.0592           -    9.26e-04       5.0      0.0       5.0     3.32       
    16      2.69762      2.6409      11.6188      3.1950    9.16e-04       5.0      0.1       5.1     3.32      *
Best model at epoch 16 (val_mae=3.1950)
    17      2.65238      2.5962      11.3826           -    9.05e-04       5.0      0.0       5.0     3.32       
    18      2.60619      2.5485      11.1668      3.0272    8.93e-04       5.3      0.1       5.5     3.32      *
Best model at epoch 18 (val_mae=3.0272)
    19      2.55915      2.5017      10.8885           -    8.80e-04       6.3      0.0       6.3     3.32       
    20      2.51638      2.4595      10.6131      2.9094    8.67e-04       5.0      0.1       5.1     3.32      *
Best model at epoch 20 (val_mae=2.9094)
    21      2.47666      2.4197      10.3789           -    8.54e-04       5.0      0.0       5.0     3.32       
    22      2.44420      2.3859      10.1589      2.8207    8.40e-04       5.0      0.1       5.1     3.32      *
Best model at epoch 22 (val_mae=2.8207)
    23      2.40235      2.3440       9.9456           -    8.25e-04       5.0      0.0       5.0     3.32       
    24      2.38793      2.3312       9.7816      2.7591    8.10e-04       5.0      0.1       5.1     3.32      *
Best model at epoch 24 (val_mae=2.7591)
    25      2.35548      2.2994       9.6192           -    7.94e-04       5.0      0.0       5.0     3.32       
    26      2.35187      2.2958       9.4972      2.7395    7.78e-04       5.0      0.1       5.1     3.32      *
Best model at epoch 26 (val_mae=2.7395)
    27      2.31841      2.2621       9.3378           -    7.61e-04       5.0      0.0       5.0     3.32       
    28      2.29428      2.2370       9.2190      2.6497    7.45e-04       5.0      0.1       5.1     3.32      *
Best model at epoch 28 (val_mae=2.6497)
    29      2.27770      2.2209       9.0970           -    7.27e-04       5.0      0.0       5.0     3.32       
    30      2.24922      2.1923       8.9778      2.6138    7.10e-04       5.0      0.1       5.1     3.32      *
Best model at epoch 30 (val_mae=2.6138)
    31      2.25170      2.1961       8.8808           -    6.92e-04       5.0      0.0       5.0     3.32       
    32      2.22103      2.1636       8.7600      2.5747    6.73e-04       5.0      0.1       5.1     3.32      *
Best model at epoch 32 (val_mae=2.5747)
    33      2.21571      2.1589       8.6972           -    6.55e-04       5.0      0.0       5.0     3.32       
    34      2.18648      2.1296       8.5711      2.4978    6.36e-04       5.0      0.1       5.1     3.32      *
Best model at epoch 34 (val_mae=2.4978)
    35      2.17292      2.1147       8.4790           -    6.17e-04       5.0      0.0       5.0     3.32       
    36      2.15853      2.1008       8.4084      2.4776    5.98e-04       5.0      0.1       5.1     3.32      *
Best model at epoch 36 (val_mae=2.4776)
    37      2.13681      2.0781       8.2778           -    5.79e-04       5.0      0.0       5.0     3.32       
    38      2.13860      2.0796       8.2203      2.4508    5.59e-04       5.0      0.1       5.1     3.32      *
Best model at epoch 38 (val_mae=2.4508)
    39      2.11249      2.0555       8.1384           -    5.40e-04       5.0      0.0       5.0     3.32       
    40      2.10678      2.0488       8.0744      2.4421    5.20e-04       5.0      0.1       5.1     3.32      *
Best model at epoch 40 (val_mae=2.4421)
    41      2.09770      2.0397       8.0098           -    5.01e-04       5.0      0.0       5.0     3.32       
    42      2.08398      2.0257       7.9270      2.4035    4.81e-04       5.0      0.1       5.1     3.32      *
Best model at epoch 42 (val_mae=2.4035)
    43      2.07280      2.0141       7.8629           -    4.61e-04       5.0      0.0       5.0     3.32       
    44      2.06482      2.0058       7.7966      2.3722    4.42e-04       5.0      0.1       5.2     3.32      *
Best model at epoch 44 (val_mae=2.3722)
    45      2.05637      1.9974       7.7484           -    4.22e-04       5.0      0.0       5.0     3.32       
    46      2.04829      1.9888       7.6774      2.3473    4.03e-04       5.0      0.1       5.2     3.32      *
Best model at epoch 46 (val_mae=2.3473)
    47      2.03796      1.9782       7.6128           -    3.84e-04       5.0      0.0       5.0     3.32       
    48      2.03344      1.9746       7.5768      2.3357    3.65e-04       5.0      0.1       5.2     3.32      *
Best model at epoch 48 (val_mae=2.3357)
    49      2.02714      1.9685       7.5178           -    3.46e-04       5.0      0.0       5.0     3.32       
    50      2.01991      1.9617       7.4908      2.3190    3.28e-04       5.1      0.1       5.2     3.32      *
Best model at epoch 50 (val_mae=2.3190)
    51      2.01206      1.9539       7.4278           -    3.09e-04       5.0      0.0       5.0     3.32       
    52      2.00996      1.9504       7.4081      2.3099    2.91e-04       5.1      0.1       5.2     3.32      *
Best model at epoch 52 (val_mae=2.3099)
    53      2.00325      1.9443       7.3650           -    2.74e-04       5.0      0.0       5.0     3.32       
    54      1.99596      1.9366       7.3188      2.2937    2.56e-04       5.0      0.1       5.2     3.32      *
Best model at epoch 54 (val_mae=2.2937)
    55      1.98891      1.9305       7.2882           -    2.40e-04       5.0      0.0       5.0     3.32       
    56      1.98405      1.9250       7.2488      2.2905    2.23e-04       5.0      0.1       5.2     3.32      *
Best model at epoch 56 (val_mae=2.2905)
    57      1.98386      1.9240       7.2328           -    2.07e-04       5.1      0.0       5.1     3.32       
    58      1.97653      1.9173       7.1931      2.2774    1.91e-04       5.0      0.1       5.2     3.32      *
Best model at epoch 58 (val_mae=2.2774)
    59      1.97182      1.9127       7.1615           -    1.76e-04       5.0      0.0       5.0     3.32       
    60      1.97085      1.9115       7.1442      2.2684    1.61e-04       5.0      0.1       5.2     3.32      *
Best model at epoch 60 (val_mae=2.2684)
    61      1.96763      1.9080       7.1346           -    1.47e-04       5.0      0.0       5.0     3.32       
    62      1.96150      1.9023       7.0939      2.2597    1.34e-04       5.0      0.1       5.2     3.32      *
Best model at epoch 62 (val_mae=2.2597)
    63      1.95890      1.8999       7.0755           -    1.21e-04       5.0      0.0       5.0     3.32       
