Training started: 2026-09-18 14:09:44
------------------------------------------------------------------------------------------------
Run
  run_dir: /home/students/HuangMingYu/code/py/my_idea/my_idea/outputs/v24-COE/experiments/route20_next/followup_next/0cda79a337bc894a/runs/v24_route20_next_route20_next_noise_mixed9_rate0.4_updates_seed7/TaxiBJ/custom/v24_route20_next_route20_next_noise_mixed9_rate0.4_updates_seed7/random/rate0.4/20260918_140943_seed7_bs16
  command: /home/students/HuangMingYu/code/py/my_idea/my_idea/scripts/train.py -c /home/students/HuangMingYu/code/py/my_idea/my_idea/outputs/v24-COE/experiments/route20_next/followup_next/0cda79a337bc894a/configs/v24_route20_next_route20_next_noise_mixed9_rate0.4_updates_seed7.json --no_plot --name v24_route20_next_route20_next_noise_mixed9_rate0.4_updates_seed7 --train_npz /home/students/HuangMingYu/code/py/my_idea/my_idea/data/TaxiBJ/v24_clean_abc_20260917/taxibj_train.npz --val_npz /home/students/HuangMingYu/code/py/my_idea/my_idea/data/TaxiBJ/v24_clean_abc_20260917/taxibj_val.npz --test_npz /home/students/HuangMingYu/code/py/my_idea/my_idea/data/TaxiBJ/v24_clean_abc_20260917/taxibj_test.npz --result-file /home/students/HuangMingYu/code/py/my_idea/my_idea/outputs/v24-COE/experiments/route20_next/followup_next/0cda79a337bc894a/results/v24_route20_next_route20_next_noise_mixed9_rate0.4_updates_seed7.attempt1.json
  git_commit: 24e57ee114ceb9e41660b396db0a7dd42a833e3a
  git_branch: v24-COE
  git_dirty: True
  config_sha256: ebe30f241ba134aaddd05aab744737efc7d4b41b3a1ca11ad8353fdaa5fc3c3f
  python: 3.9.25
  torch: 2.6.0+cu124
  cuda_runtime: 12.4
  train_npz: /home/students/HuangMingYu/code/py/my_idea/my_idea/data/TaxiBJ/v24_clean_abc_20260917/taxibj_train.npz
  val_npz: /home/students/HuangMingYu/code/py/my_idea/my_idea/data/TaxiBJ/v24_clean_abc_20260917/taxibj_val.npz
  test_npz: /home/students/HuangMingYu/code/py/my_idea/my_idea/data/TaxiBJ/v24_clean_abc_20260917/taxibj_test.npz
  dataset: TaxiBJ
  experiment_type: custom
  variant: v24_route20_next_route20_next_noise_mixed9_rate0.4_updates_seed7
  train_samples: 2452
  val_samples: 342
  train_steps_per_epoch: 154
  val_steps_per_epoch: 22
  test_samples: 707
  test_steps: 45
  batch_size: 16
  mask_pattern: random
  mask_rate_config: 0.4
  train_mask: unknown
  val_mask: unknown
  data_shape: (2452, 2, 12, 32, 32)
  device: cuda
  device_name: NVIDIA GeForce RTX 3090
  total_params: 211,507
  trainable_params: 211,507
Config
{
  "seed": 7,
  "output_dir": "/home/students/HuangMingYu/code/py/my_idea/my_idea/outputs/v24-COE/experiments/route20_next/followup_next/0cda79a337bc894a/runs/v24_route20_next_route20_next_noise_mixed9_rate0.4_updates_seed7",
  "device": "cuda",
  "data": {
    "dataset_name": "TaxiBJ",
    "batch_size": 16,
    "num_workers": 0,
    "pin_memory": true,
    "drop_last": false,
    "mask": {
      "pattern": "random",
      "missing_rate": 0.4
    },
    "synthetic": {
      "num_train": 128,
      "num_val": 32,
      "t": 12,
      "h": 32,
      "w": 32
    },
    "multiscale": false,
    "loader_seed": 7,
    "train_mask_diversity": {
      "families": [
        "random_point",
        "node_outage",
        "temporal_gap",
        "spatial_region",
        "spatiotemporal_block",
        "stripe",
        "moving_region",
        "multi_block",
        "composite"
      ],
      "rates": [
        0.4
      ],
      "seed": 20260917,
      "resample_each_epoch": true
    },
    "eval_mask_diversity": {
      "families": [
        "random_point",
        "node_outage",
        "temporal_gap",
        "spatial_region",
        "spatiotemporal_block",
        "stripe",
        "moving_region",
        "multi_block",
        "composite"
      ],
      "rates": [
        0.4
      ],
      "seed": 20260917,
      "resample_each_epoch": false
    }
  },
  "model": {
    "architecture": "v24_ts_coe",
    "c_in": 2,
    "main": {
      "dim": 64,
      "max_t": 12,
      "h": 32,
      "w": 32,
      "scale_mode": "fine",
      "use_multiscale": false
    },
    "coe": {
      "num_steps": 4,
      "expert_pool": [
        "T",
        "S",
        "TD",
        "SD",
        "TA",
        "ST"
      ],
      "routing_mode": "hard",
      "fixed_path": null,
      "fixed_expert_steps": [
        null,
        null,
        null,
        null
      ],
      "router_state": "dynamic",
      "expert_state": "dynamic",
      "use_shared": true,
      "use_routed": true,
      "temperature": 1.0,
      "temporal_kernel": 3,
      "spatial_kernel": 3,
      "temporal_dilation": 2,
      "spatial_dilation": 2,
      "attention_heads": 4,
      "residual_init": 0.1,
      "router_input_noise_std": 0.1,
      "router_input_noise_steps": 2
    },
    "aux": {
      "enabled": false,
      "alpha_init": 0.0
    }
  },
  "loss": {
    "type": "l1",
    "lambda_coe_mid": 0,
    "lambda_coe_balance": 0.01
  },
  "train": {
    "epochs": 20,
    "val_epoch": 2,
    "lr_main": 0.001,
    "weight_decay": 0.0001,
    "grad_clip_norm": 1.0,
    "amp": true,
    "save_every": 10,
    "scheduler": {
      "type": "cosine",
      "eta_min": 1e-06,
      "total_epochs": 20
    },
    "early_stopping": {
      "enabled": false,
      "monitor": "val_mae",
      "patience": 40,
      "mode": "min"
    },
    "save_best_checkpoint": false,
    "router_grad_diagnostic_every": 50
  },
  "experiment_plan": {
    "stage": "route20_next",
    "variant": "route20_next_noise",
    "protocol": "mixed9_rate0.4",
    "protocol_kind": "generated_diverse",
    "budget_regime": "updates",
    "mask_metadata": null,
    "training_mask_source": "dynamic_diverse",
    "evaluation_mask_source": "diverse_fixed_per_split"
  },
  "experiment_suite_fingerprint": "0cda79a337bc894a443125f6a2e3411eaf5412062d45d7128b9dfaec0410e26b"
}
------------------------------------------------------------------------------------------------
-----------------------------------------------------------------------------------------------------------------
 epoch         loss         mae         rmse     val_mae          lr   train_s    val_s   epoch_s   mem_gb   best
-----------------------------------------------------------------------------------------------------------------
     1    107.18548    107.3285     174.1155           -    1.00e-03      93.9      0.0      93.9    12.08       
     2     80.74595     80.7941     141.6591     66.2152    9.94e-04      93.9      2.0      96.0    12.08      *
Best model at epoch 2 (val_mae=66.2152)
     3     70.52951     70.3908     126.4183           -    9.76e-04      94.1      0.0      94.1    12.08       
     4     64.90153     64.7628     117.7579     53.9010    9.46e-04      94.1      2.0      96.1    12.08      *
Best model at epoch 4 (val_mae=53.9010)
     5     58.77170     58.7321     109.3681           -    9.05e-04      94.1      0.0      94.1    12.08       
     6     56.00862     55.9576     104.1881     50.1326    8.54e-04      94.1      2.0      96.1    12.08      *
Best model at epoch 6 (val_mae=50.1326)
     7     53.96457     53.8182     100.5634           -    7.94e-04      94.2      0.0      94.2    12.08       
     8     52.05356     51.9385      97.1747     45.3778    7.27e-04      94.2      2.0      96.2    12.08      *
Best model at epoch 8 (val_mae=45.3778)
     9     50.60368     50.6071      94.9154           -    6.55e-04      94.1      0.0      94.1    12.08       
    10     49.30154     49.2176      92.5538     44.3049    5.79e-04      94.2      2.0      96.2    12.08      *
Best model at epoch 10 (val_mae=44.3049)
    11     48.41260     48.3345      91.0581           -    5.01e-04      94.2      0.0      94.2    12.08       
    12     47.62048     47.6494      89.6002     41.7343    4.22e-04      94.2      2.0      96.2    12.08      *
Best model at epoch 12 (val_mae=41.7343)
    13     47.06573     47.0101      88.5150           -    3.46e-04      94.2      0.0      94.2    12.08       
    14     46.00867     45.9050      86.7721     41.1238    2.74e-04      94.2      2.0      96.3    12.08      *
Best model at epoch 14 (val_mae=41.1238)
    15     45.43558     45.4299      85.8510           -    2.07e-04      94.2      0.0      94.2    12.08       
    16     45.21985     45.1664      84.9137     40.4287    1.47e-04      94.2      2.0      96.2    12.08      *
Best model at epoch 16 (val_mae=40.4287)
    17     44.97904     45.0076      84.8164           -    9.64e-05      94.2      0.0      94.2    12.08       
    18     44.68564     44.6578      84.3523     39.9612    5.54e-05      94.2      2.0      96.2    12.08      *
Best model at epoch 18 (val_mae=39.9612)
    19     44.27535     44.2637      83.9158           -    2.54e-05      94.1      0.0      94.1    12.08       
    20     43.94904     43.8961      82.9124     39.7983    7.15e-06      94.2      2.0      96.1    12.08      *
Best model at epoch 20 (val_mae=39.7983)

------------------------------------------------------------------------------------------------
Training finished normally: 2026-09-18 14:41:31
Summary
  completed_epochs: 20
  best_epoch: 20
  best_val_mae: 39.798322
  val_epoch: 2
  validation_count: 10
  final_train_loss: 43.949042
  final_train_mae: 43.896120
  final_val_loss: 40.086414
  final_val_mae: 39.798322
  total_time: 31m 47s
  avg_epoch_time_sec: 95.15
  avg_train_sec_per_step: 0.6114
  avg_val_sec_per_step: 0.0456
  peak_memory_gb: 12.08
  test_loss: 37.163260
  test_mae: 37.420417
  test_rmse: 69.107309
  test_mape: 535153.345828
  test_time_sec: 4.11
  best_checkpoint: n/a
  best_state_source: cpu_memory
  metrics_jsonl: /home/students/HuangMingYu/code/py/my_idea/my_idea/outputs/v24-COE/experiments/route20_next/followup_next/0cda79a337bc894a/runs/v24_route20_next_route20_next_noise_mixed9_rate0.4_updates_seed7/TaxiBJ/custom/v24_route20_next_route20_next_noise_mixed9_rate0.4_updates_seed7/random/rate0.4/20260918_140943_seed7_bs16/logs/metrics.jsonl
------------------------------------------------------------------------------------------------
