Training started: 2026-09-27 21:44:50
------------------------------------------------------------------------------------------------
Run
  run_dir: /home/students/HuangMingYu/code/py/my_idea/my_idea/outputs/v24-COE/BikeNYC/custom/v24_coe_focus_focus_moe_mixed9_rate0.4_updates_seed7/random/rate0.4/20260927_214449_seed7_bs16
  command: /home/students/HuangMingYu/code/py/my_idea/my_idea/scripts/train.py -c /home/students/HuangMingYu/code/py/my_idea/my_idea/outputs/v24-COE/experiments/coe_focus_bikenyc/coe_focus_bikenyc/8f8c5e43d72bfa23/configs/v24_coe_focus_focus_moe_mixed9_rate0.4_updates_seed7.json --no_plot --name v24_coe_focus_focus_moe_mixed9_rate0.4_updates_seed7 --train_npz /home/students/HuangMingYu/code/py/my_idea/my_idea/data/BikeNYC/bikenyc_train.npz --val_npz /home/students/HuangMingYu/code/py/my_idea/my_idea/data/BikeNYC/bikenyc_val.npz --test_npz /home/students/HuangMingYu/code/py/my_idea/my_idea/data/BikeNYC/bikenyc_test.npz --result-file /home/students/HuangMingYu/code/py/my_idea/my_idea/outputs/v24-COE/experiments/coe_focus_bikenyc/coe_focus_bikenyc/8f8c5e43d72bfa23/results/v24_coe_focus_focus_moe_mixed9_rate0.4_updates_seed7.attempt1.json
  git_commit: 6d65c6f5bae7f835e65dd5e9fee0acf3f5c29108
  git_branch: v24-COE
  git_dirty: True
  config_sha256: 29cfddcf6a02fded1ce9610c5a91700b85f4f35a9e7f96c391c96299af49cf78
  python: 3.9.25
  torch: 2.6.0+cu124
  cuda_runtime: 12.4
  train_npz: /home/students/HuangMingYu/code/py/my_idea/my_idea/data/BikeNYC/bikenyc_train.npz
  val_npz: /home/students/HuangMingYu/code/py/my_idea/my_idea/data/BikeNYC/bikenyc_val.npz
  test_npz: /home/students/HuangMingYu/code/py/my_idea/my_idea/data/BikeNYC/bikenyc_test.npz
  dataset: BikeNYC
  experiment_type: custom
  variant: v24_coe_focus_focus_moe_mixed9_rate0.4_updates_seed7
  train_samples: 511
  val_samples: 73
  train_steps_per_epoch: 32
  val_steps_per_epoch: 5
  test_samples: 147
  test_steps: 10
  batch_size: 16
  world_size: 2
  per_device_batch_size: 8
  mask_pattern: random
  mask_rate_config: 0.4
  train_mask: unknown
  val_mask: unknown
  data_shape: (511, 2, 12, 24, 12)
  device: cuda:0
  device_name: NVIDIA GeForce RTX 3090
  total_params: 447,543
  trainable_params: 447,543
Config
{
  "seed": 7,
  "output_dir": "/home/students/HuangMingYu/code/py/my_idea/my_idea/outputs/v24-COE",
  "device": "cuda",
  "data": {
    "dataset_name": "BikeNYC",
    "batch_size": 16,
    "num_workers": 0,
    "pin_memory": true,
    "drop_last": false,
    "mask": {
      "pattern": "random",
      "missing_rate": 0.4
    },
    "synthetic": {
      "num_train": 128,
      "num_val": 32,
      "t": 12,
      "h": 24,
      "w": 12
    },
    "multiscale": false,
    "loader_seed": 7,
    "train_mask_diversity": {
      "families": [
        "random_point",
        "node_outage",
        "temporal_gap",
        "spatial_region",
        "spatiotemporal_block",
        "stripe",
        "moving_region",
        "multi_block",
        "composite"
      ],
      "rates": [
        0.4
      ],
      "seed": 20260917,
      "resample_each_epoch": true
    },
    "eval_mask_diversity": {
      "families": [
        "random_point",
        "node_outage",
        "temporal_gap",
        "spatial_region",
        "spatiotemporal_block",
        "stripe",
        "moving_region",
        "multi_block",
        "composite"
      ],
      "rates": [
        0.4
      ],
      "seed": 20260917,
      "resample_each_epoch": false
    }
  },
  "model": {
    "architecture": "v24_ts_coe",
    "c_in": 2,
    "main": {
      "dim": 64,
      "max_t": 12,
      "h": 24,
      "w": 12,
      "scale_mode": "fine",
      "use_multiscale": false
    },
    "coe": {
      "num_steps": 3,
      "expert_pool": [
        "T",
        "S",
        "TD",
        "SD",
        "TA",
        "ST"
      ],
      "routing_mode": "hard",
      "fixed_path": null,
      "fixed_expert_steps": [
        null,
        null,
        null
      ],
      "router_state": "dynamic",
      "expert_state": "dynamic",
      "use_shared": true,
      "use_routed": true,
      "temperature": 1.0,
      "temporal_kernel": 3,
      "spatial_kernel": 3,
      "temporal_dilation": 2,
      "spatial_dilation": 2,
      "attention_heads": 4,
      "residual_init": 0.1,
      "routing_warmup_epochs": 3,
      "routing_transition_epochs": 3,
      "uniform_mix_start": 0.5,
      "sampling_temperature_start": 2.0,
      "top_k": 2,
      "router_hidden_dim": 64,
      "pair_mode": "native",
      "acceptance": "none",
      "expert_sharing": "per_step",
      "previous_expert_context": false,
      "global_route_weights": false,
      "router_input_noise_std": 0.0,
      "router_input_noise_steps": 0,
      "completion_feedback": false
    },
    "aux": {
      "enabled": false,
      "alpha_init": 0.0
    }
  },
  "loss": {
    "type": "l1",
    "lambda_coe_mid": 0.0,
    "lambda_coe_balance": 0.01,
    "lambda_coe_z": 0.0
  },
  "train": {
    "epochs": 80,
    "val_epoch": 2,
    "lr_main": 0.001,
    "weight_decay": 0.0001,
    "grad_clip_norm": 1.0,
    "amp": true,
    "save_every": 10,
    "scheduler": {
      "type": "cosine",
      "total_epochs": 80,
      "eta_min": 1e-06
    },
    "early_stopping": {
      "enabled": false
    },
    "save_best_checkpoint": false,
    "router_grad_diagnostic_every": 0
  },
  "experiment_plan": {
    "stage": "coe_focus",
    "variant": "focus_moe",
    "protocol": "mixed9_rate0.4",
    "protocol_kind": "generated_diverse",
    "budget_regime": "updates",
    "mask_metadata": null,
    "training_mask_source": "dynamic_diverse",
    "evaluation_mask_source": "diverse_fixed_per_split"
  },
  "experiment_suite_fingerprint": "8f8c5e43d72bfa233bedf1b9680dd7357cfd5a3c90656179cf85f3ef7767fe09"
}
------------------------------------------------------------------------------------------------
-----------------------------------------------------------------------------------------------------------------
 epoch         loss         mae         rmse     val_mae          lr   train_s    val_s   epoch_s   mem_gb   best
-----------------------------------------------------------------------------------------------------------------
     1     10.74742     10.7458      31.6673           -    1.00e-03       2.1      0.0       2.1     0.75       
     2     10.21636     10.2044      30.9598     11.0747    1.00e-03       1.6      0.2       1.8     0.75      *
Best model at epoch 2 (val_mae=11.0747)
     3      9.29753      9.2896      29.1953           -    9.98e-04       1.6      0.0       1.6     0.75       
     4      8.96256      8.9487      28.4460     10.1421    9.97e-04       1.5      0.1       1.7     0.75      *
Best model at epoch 4 (val_mae=10.1421)
     5      8.35873      8.3361      26.7858           -    9.94e-04       1.5      0.0       1.5     0.71       
     6      8.36352      8.3338      26.7633      9.5695    9.90e-04       1.6      0.1       1.7     0.69      *
Best model at epoch 6 (val_mae=9.5695)
     7      8.16742      8.1512      26.2016           -    9.86e-04       1.5      0.0       1.5     0.66       
     8      8.01156      7.9870      25.8315      8.8277    9.81e-04       1.5      0.1       1.7     0.73      *
Best model at epoch 8 (val_mae=8.8277)
     9      7.70683      7.6823      24.8012           -    9.76e-04       1.5      0.0       1.5     0.72       
    10      7.21067      7.1829      23.7533      8.2184    9.69e-04       1.5      0.1       1.7     0.72      *
Best model at epoch 10 (val_mae=8.2184)
    11      6.68985      6.6693      22.3327           -    9.62e-04       1.5      0.0       1.5     0.72       
    12      6.40201      6.3798      21.7133      7.6191    9.54e-04       1.5      0.1       1.6     0.72      *
Best model at epoch 12 (val_mae=7.6191)
    13      6.50526      6.4886      21.5089           -    9.46e-04       1.5      0.0       1.5     0.72       
    14      6.27368      6.2533      20.7483      7.0767    9.36e-04       1.5      0.1       1.7     0.70      *
Best model at epoch 14 (val_mae=7.0767)
    15      6.05756      6.0366      19.9033           -    9.26e-04       1.5      0.0       1.5     0.73       
    16      6.03801      6.0197      19.7423      7.0323    9.16e-04       1.5      0.1       1.7     0.70      *
Best model at epoch 16 (val_mae=7.0323)
    17      5.93204      5.9123      19.4945           -    9.05e-04       1.5      0.0       1.5     0.68       
    18      5.81242      5.7874      19.1184      7.5883    8.93e-04       1.5      0.1       1.7     0.73       
    19      5.86767      5.8502      18.8985           -    8.80e-04       1.5      0.0       1.5     0.66       
    20      5.74744      5.7251      18.7263      6.3432    8.67e-04       1.5      0.1       1.7     0.70      *
Best model at epoch 20 (val_mae=6.3432)
    21      5.26669      5.2461      17.4940           -    8.54e-04       1.6      0.0       1.6     0.67       
    22      5.19794      5.1825      17.2038      6.0266    8.40e-04       1.6      0.1       1.7     0.67      *
Best model at epoch 22 (val_mae=6.0266)
    23      5.21436      5.1962      17.1935           -    8.25e-04       1.6      0.0       1.6     0.68       
    24      5.06436      5.0505      16.7713      5.8857    8.10e-04       1.6      0.1       1.7     0.66      *
Best model at epoch 24 (val_mae=5.8857)
    25      5.07336      5.0555      16.7588           -    7.94e-04       1.5      0.0       1.5     0.66       
    26      5.03816      5.0230      16.4538      5.5869    7.78e-04       1.5      0.1       1.7     0.66      *
Best model at epoch 26 (val_mae=5.5869)
    27      4.98193      4.9689      16.3946           -    7.61e-04       1.6      0.0       1.6     0.66       
    28      4.86073      4.8458      15.9585      5.4275    7.45e-04       1.5      0.1       1.7     0.66      *
Best model at epoch 28 (val_mae=5.4275)
    29      4.69512      4.6764      15.7862           -    7.27e-04       1.5      0.0       1.5     0.66       
    30      4.64808      4.6331      15.5820      5.3071    7.10e-04       1.6      0.1       1.7     0.66      *
Best model at epoch 30 (val_mae=5.3071)
    31      4.59773      4.5822      15.4161           -    6.92e-04       1.5      0.0       1.5     0.67       
    32      4.56643      4.5512      15.2540      5.0736    6.73e-04       1.5      0.1       1.6     0.66      *
Best model at epoch 32 (val_mae=5.0736)
    33      4.48139      4.4666      15.0744           -    6.55e-04       1.5      0.0       1.5     0.66       
    34      4.43312      4.4185      14.9360      4.9738    6.36e-04       1.5      0.1       1.6     0.66      *
Best model at epoch 34 (val_mae=4.9738)
    35      4.24465      4.2246      14.4364           -    6.17e-04       1.5      0.0       1.5     0.66       
    36      4.32515      4.3127      14.3693      4.9850    5.98e-04       1.5      0.1       1.7     0.66       
    37      4.54399      4.5284      15.1482           -    5.79e-04       1.5      0.0       1.5     0.66       
    38      4.37093      4.3586      14.5130      4.9329    5.59e-04       1.5      0.1       1.6     0.66      *
Best model at epoch 38 (val_mae=4.9329)
    39      4.20005      4.1828      14.2237           -    5.40e-04       1.5      0.0       1.5     0.66       
    40      4.29695      4.2807      14.3428      4.7635    5.20e-04       1.5      0.1       1.7     0.66      *
Best model at epoch 40 (val_mae=4.7635)
    41      4.20340      4.1854      14.1619           -    5.01e-04       1.5      0.0       1.5     0.66       
    42      4.31377      4.2995      14.5699      4.7964    4.81e-04       1.5      0.1       1.7     0.66       
    43      4.21973      4.2070      14.1782           -    4.61e-04       1.5      0.0       1.5     0.66       
    44      4.16728      4.1535      13.9617      4.6813    4.42e-04       1.5      0.1       1.7     0.66      *
Best model at epoch 44 (val_mae=4.6813)
    45      4.10167      4.0878      13.9018           -    4.22e-04       1.5      0.0       1.5     0.66       
    46      4.26713      4.2511      14.2335      4.6105    4.03e-04       1.5      0.1       1.7     0.66      *
Best model at epoch 46 (val_mae=4.6105)
    47      3.96449      3.9509      13.5615           -    3.84e-04       1.5      0.0       1.5     0.66       
    48      4.03734      4.0227      13.5306      4.5789    3.65e-04       1.5      0.1       1.6     0.66      *
Best model at epoch 48 (val_mae=4.5789)
    49      3.97067      3.9537      13.4570           -    3.46e-04       1.5      0.0       1.5     0.66       
    50      4.08611      4.0733      13.7925      4.5726    3.28e-04       1.5      0.1       1.6     0.66      *
Best model at epoch 50 (val_mae=4.5726)
    51      4.06750      4.0515      13.6676           -    3.09e-04       1.5      0.0       1.5     0.66       
    52      4.11965      4.1058      13.7841      4.5427    2.91e-04       1.5      0.1       1.6     0.66      *
Best model at epoch 52 (val_mae=4.5427)
    53      4.04779      4.0327      13.3972           -    2.74e-04       1.5      0.0       1.5     0.66       
    54      4.02818      4.0125      13.4547      4.4457    2.56e-04       1.5      0.1       1.7     0.66      *
Best model at epoch 54 (val_mae=4.4457)
    55      4.10412      4.0897      13.8957           -    2.40e-04       1.5      0.0       1.5     0.66       
    56      4.04311      4.0305      13.4426      4.5243    2.23e-04       1.5      0.1       1.7     0.66       
    57      4.07823      4.0659      13.8493           -    2.07e-04       1.5      0.0       1.5     0.66       
    58      3.92517      3.9139      13.1618      4.4190    1.91e-04       1.5      0.2       1.7     0.66      *
Best model at epoch 58 (val_mae=4.4190)
    59      4.02534      4.0064      13.5078           -    1.76e-04       1.5      0.0       1.5     0.66       
    60      3.87024      3.8559      13.0827      4.3544    1.61e-04       1.6      0.1       1.7     0.66      *
Best model at epoch 60 (val_mae=4.3544)
    61      3.99480      3.9797      13.3801           -    1.47e-04       1.5      0.0       1.5     0.66       
    62      3.91616      3.9035      13.1027      4.4463    1.34e-04       1.5      0.1       1.7     0.66       
    63      3.79005      3.7748      12.7193           -    1.21e-04       1.6      0.0       1.6     0.66       
    64      3.85678      3.8422      12.8362      4.3502    1.08e-04       1.5      0.1       1.6     0.66      *
Best model at epoch 64 (val_mae=4.3502)
    65      3.89213      3.8782      13.2661           -    9.64e-05       1.5      0.0       1.5     0.66       
    66      3.91127      3.8970      13.1863      4.3537    8.52e-05       1.5      0.1       1.7     0.66       
    67      3.71512      3.6999      12.7527           -    7.46e-05       1.5      0.0       1.5     0.66       
    68      3.85520      3.8409      13.0709      4.3449    6.47e-05       1.5      0.1       1.7     0.66      *
Best model at epoch 68 (val_mae=4.3449)
    69      3.82580      3.8126      12.9423           -    5.54e-05       1.5      0.0       1.5     0.66       
    70      3.78660      3.7723      12.6667      4.3076    4.69e-05       1.5      0.1       1.6     0.66      *
Best model at epoch 70 (val_mae=4.3076)
    71      3.95732      3.9431      13.3613           -    3.90e-05       1.5      0.0       1.5     0.66       
    72      3.81527      3.8028      12.9251      4.2860    3.19e-05       1.5      0.1       1.7     0.66      *
Best model at epoch 72 (val_mae=4.2860)
    73      3.77241      3.7586      12.9161           -    2.54e-05       1.5      0.0       1.5     0.66       
    74      3.83317      3.8190      13.0371      4.2930    1.98e-05       1.5      0.1       1.7     0.66       
    75      3.82711      3.8127      12.9283           -    1.48e-05       1.5      0.0       1.5     0.66       
    76      3.72591      3.7096      12.6930      4.2927    1.06e-05       1.5      0.1       1.7     0.66       
    77      3.88306      3.8679      13.0635           -    7.15e-06       1.5      0.0       1.5     0.66       
    78      3.84490      3.8312      13.2257      4.2821    4.46e-06       1.5      0.1       1.7     0.66      *
Best model at epoch 78 (val_mae=4.2821)
    79      3.81929      3.8065      12.8537           -    2.54e-06       1.5      0.0       1.5     0.66       
    80      3.81084      3.7971      13.1621      4.2667    1.39e-06       1.5      0.1       1.7     0.66      *
Best model at epoch 80 (val_mae=4.2667)

------------------------------------------------------------------------------------------------
Training finished normally: 2026-09-27 21:46:59
Summary
  completed_epochs: 80
  best_epoch: 80
  best_val_mae: 4.266688
  val_epoch: 2
  validation_count: 40
  final_train_loss: 3.810837
  final_train_mae: 3.797100
  final_val_loss: 4.282766
  final_val_mae: 4.266688
  total_time: 2m 9s
  avg_epoch_time_sec: 1.61
  avg_train_sec_per_step: 0.0482
  avg_val_sec_per_step: 0.0125
  peak_memory_gb: 0.75
  test_loss: 4.539012
  test_mae: 4.517947
  test_rmse: 15.547021
  test_mape: 108078.082873
  test_time_sec: 0.24
  best_checkpoint: n/a
  best_state_source: cpu_memory
  metrics_jsonl: /home/students/HuangMingYu/code/py/my_idea/my_idea/outputs/v24-COE/BikeNYC/custom/v24_coe_focus_focus_moe_mixed9_rate0.4_updates_seed7/random/rate0.4/20260927_214449_seed7_bs16/logs/metrics.jsonl
------------------------------------------------------------------------------------------------
