Training started: 2026-09-18 21:46:16
------------------------------------------------------------------------------------------------
Run
  run_dir: /home/students/HuangMingYu/code/py/my_idea/my_idea/outputs/v24-COE/experiments/coe_dual_mask/coe_dual_mask/fbea2a35caf9bf06/runs/v24_coe_dual_mask_coe_fixed_tata_original_random_rate0.4_updates_seed7/TaxiBJ/custom/v24_coe_dual_mask_coe_fixed_tata_original_random_rate0.4_updates_seed7/random/rate0.4/20260918_214614_seed7_bs16
  command: /home/students/HuangMingYu/code/py/my_idea/my_idea/scripts/train.py -c /home/students/HuangMingYu/code/py/my_idea/my_idea/outputs/v24-COE/experiments/coe_dual_mask/coe_dual_mask/fbea2a35caf9bf06/configs/v24_coe_dual_mask_coe_fixed_tata_original_random_rate0.4_updates_seed7.json --no_plot --name v24_coe_dual_mask_coe_fixed_tata_original_random_rate0.4_updates_seed7 --train_npz /home/students/HuangMingYu/code/py/my_idea/my_idea/data/TaxiBJ/v24_clean_abc_20260917/taxibj_train.npz --val_npz /home/students/HuangMingYu/code/py/my_idea/my_idea/data/TaxiBJ/v24_clean_abc_20260917/taxibj_val.npz --test_npz /home/students/HuangMingYu/code/py/my_idea/my_idea/data/TaxiBJ/v24_clean_abc_20260917/taxibj_test.npz --result-file /home/students/HuangMingYu/code/py/my_idea/my_idea/outputs/v24-COE/experiments/coe_dual_mask/coe_dual_mask/fbea2a35caf9bf06/results/v24_coe_dual_mask_coe_fixed_tata_original_random_rate0.4_updates_seed7.attempt1.json
  git_commit: 24e57ee114ceb9e41660b396db0a7dd42a833e3a
  git_branch: v24-COE
  git_dirty: True
  config_sha256: ba530141cef009a304cae9efa53195a3901e58d7537a33d0658f6c5760c5dd83
  python: 3.9.25
  torch: 2.6.0+cu124
  cuda_runtime: 12.4
  train_npz: /home/students/HuangMingYu/code/py/my_idea/my_idea/data/TaxiBJ/v24_clean_abc_20260917/taxibj_train.npz
  val_npz: /home/students/HuangMingYu/code/py/my_idea/my_idea/data/TaxiBJ/v24_clean_abc_20260917/taxibj_val.npz
  test_npz: /home/students/HuangMingYu/code/py/my_idea/my_idea/data/TaxiBJ/v24_clean_abc_20260917/taxibj_test.npz
  dataset: TaxiBJ
  experiment_type: custom
  variant: v24_coe_dual_mask_coe_fixed_tata_original_random_rate0.4_updates_seed7
  train_samples: 2452
  val_samples: 342
  train_steps_per_epoch: 154
  val_steps_per_epoch: 22
  test_samples: 707
  test_steps: 45
  batch_size: 16
  mask_pattern: random
  mask_rate_config: 0.4
  train_mask: shape=(2452, 1, 12, 32, 32), observed_rate=0.6000, missing_rate=0.4000
  val_mask: shape=(342, 1, 12, 32, 32), observed_rate=0.6000, missing_rate=0.4000
  data_shape: (2452, 2, 12, 32, 32)
  device: cuda
  device_name: NVIDIA GeForce RTX 3090
  total_params: 211,507
  trainable_params: 211,507
Config
{
  "seed": 7,
  "output_dir": "/home/students/HuangMingYu/code/py/my_idea/my_idea/outputs/v24-COE/experiments/coe_dual_mask/coe_dual_mask/fbea2a35caf9bf06/runs/v24_coe_dual_mask_coe_fixed_tata_original_random_rate0.4_updates_seed7",
  "device": "cuda",
  "data": {
    "dataset_name": "TaxiBJ",
    "batch_size": 16,
    "num_workers": 0,
    "pin_memory": true,
    "drop_last": false,
    "mask": {
      "pattern": "random",
      "missing_rate": 0.4,
      "train_csv": "/home/students/HuangMingYu/code/py/my_idea/my_idea/data/TaxiBJ/v24_clean_abc_20260917/masks/random_point/0.4/train.csv",
      "val_csv": "/home/students/HuangMingYu/code/py/my_idea/my_idea/data/TaxiBJ/v24_clean_abc_20260917/masks/random_point/0.4/val.csv",
      "test_csv": "/home/students/HuangMingYu/code/py/my_idea/my_idea/data/TaxiBJ/v24_clean_abc_20260917/masks/random_point/0.4/test.csv"
    },
    "synthetic": {
      "num_train": 128,
      "num_val": 32,
      "t": 12,
      "h": 32,
      "w": 32
    },
    "multiscale": false,
    "loader_seed": 7,
    "train_mask_diversity": null,
    "eval_mask_diversity": null
  },
  "model": {
    "architecture": "v24_ts_coe",
    "c_in": 2,
    "main": {
      "dim": 64,
      "max_t": 12,
      "h": 32,
      "w": 32,
      "scale_mode": "fine",
      "use_multiscale": false
    },
    "coe": {
      "num_steps": 4,
      "expert_pool": [
        "T",
        "S",
        "TD",
        "SD",
        "TA",
        "ST"
      ],
      "routing_mode": "fixed",
      "fixed_path": [
        "TA",
        "TA",
        "TA",
        "TA"
      ],
      "fixed_expert_steps": [
        null,
        null,
        null,
        null
      ],
      "router_state": "dynamic",
      "expert_state": "dynamic",
      "use_shared": true,
      "use_routed": true,
      "temperature": 1.0,
      "temporal_kernel": 3,
      "spatial_kernel": 3,
      "temporal_dilation": 2,
      "spatial_dilation": 2,
      "attention_heads": 4,
      "residual_init": 0.1,
      "routing_warmup_epochs": 0,
      "routing_transition_epochs": 0,
      "uniform_mix_start": 0.5,
      "sampling_temperature_start": 2.0
    },
    "aux": {
      "enabled": false,
      "alpha_init": 0.0
    }
  },
  "loss": {
    "type": "l1",
    "lambda_coe_mid": 0.0,
    "lambda_coe_balance": 0.0
  },
  "train": {
    "epochs": 20,
    "val_epoch": 2,
    "lr_main": 0.001,
    "weight_decay": 0.0001,
    "grad_clip_norm": 1.0,
    "amp": true,
    "save_every": 10,
    "scheduler": {
      "type": "cosine",
      "eta_min": 1e-06,
      "total_epochs": 20
    },
    "early_stopping": {
      "enabled": false,
      "monitor": "val_mae",
      "patience": 40,
      "mode": "min"
    },
    "save_best_checkpoint": false,
    "router_grad_diagnostic_every": 50
  },
  "experiment_plan": {
    "stage": "coe_dual_mask",
    "variant": "coe_fixed_tata",
    "protocol": "original_random_rate0.4",
    "protocol_kind": "legacy_csv",
    "budget_regime": "updates",
    "mask_metadata": null,
    "training_mask_source": "protocol",
    "evaluation_mask_source": "protocol"
  },
  "experiment_suite_fingerprint": "fbea2a35caf9bf06b509d160bcfa81080b2e1014484bcde47629e4a4ab0f0596"
}
------------------------------------------------------------------------------------------------
-----------------------------------------------------------------------------------------------------------------
 epoch         loss         mae         rmse     val_mae          lr   train_s    val_s   epoch_s   mem_gb   best
-----------------------------------------------------------------------------------------------------------------
     1     97.17515     97.3617     164.6135           -    1.00e-03      22.6      0.0      22.6     4.21       
     2     59.25643     59.3808     126.5192     37.3618    9.94e-04      22.3      1.6      23.8     4.21      *
Best model at epoch 2 (val_mae=37.3618)
     3     35.76238     35.7383      90.8362           -    9.76e-04      22.3      0.0      22.3     4.21       
     4     25.40750     25.4067      67.8666     19.0438    9.46e-04      22.3      1.5      23.8     4.21      *
Best model at epoch 4 (val_mae=19.0438)
     5     19.85116     19.8741      51.5816           -    9.05e-04      22.3      0.0      22.3     4.21       
     6     16.90970     16.9255      41.4210     14.7329    8.54e-04      22.3      1.5      23.8     4.21      *
Best model at epoch 6 (val_mae=14.7329)
     7     15.29305     15.2721      34.7985           -    7.94e-04      22.3      0.0      22.3     4.21       
     8     14.37132     14.3672      30.7602     13.6522    7.27e-04      22.3      1.5      23.8     4.21      *
Best model at epoch 8 (val_mae=13.6522)
     9     13.84735     13.8525      28.2527           -    6.55e-04      22.3      0.0      22.3     4.21       
    10     13.55187     13.5435      26.7795     13.3335    5.79e-04      22.3      1.5      23.8     4.21      *
Best model at epoch 10 (val_mae=13.3335)
    11     13.35923     13.3494      25.7904           -    5.01e-04      22.3      0.0      22.3     4.21       
    12     13.16037     13.1742      24.9910     12.9813    4.22e-04      22.3      1.5      23.8     4.21      *
Best model at epoch 12 (val_mae=12.9813)
    13     13.03440     13.0381      24.4040           -    3.46e-04      22.3      0.0      22.3     4.21       
    14     12.97339     12.9670      24.0395     12.8086    2.74e-04      22.3      1.5      23.8     4.21      *
Best model at epoch 14 (val_mae=12.8086)
    15     12.89064     12.8906      23.7263           -    2.07e-04      22.3      0.0      22.3     4.21       
    16     12.83427     12.8431      23.5167     12.7549    1.47e-04      22.3      1.5      23.8     4.21      *
Best model at epoch 16 (val_mae=12.7549)
    17     12.79179     12.8025      23.3673           -    9.64e-05      22.3      0.0      22.3     4.21       
    18     12.78611     12.7783      23.2703     12.6933    5.54e-05      22.3      1.5      23.8     4.21      *
Best model at epoch 18 (val_mae=12.6933)
    19     12.75475     12.7577      23.2017           -    2.54e-05      22.3      0.0      22.3     4.21       
    20     12.73755     12.7475      23.1636     12.6862    7.15e-06      22.3      1.5      23.8     4.21      *
Best model at epoch 20 (val_mae=12.6862)

------------------------------------------------------------------------------------------------
Training finished normally: 2026-09-18 21:54:01
Summary
  completed_epochs: 20
  best_epoch: 20
  best_val_mae: 12.686220
  val_epoch: 2
  validation_count: 10
  final_train_loss: 12.737551
  final_train_mae: 12.747457
  final_val_loss: 12.744303
  final_val_mae: 12.686220
  total_time: 7m 45s
  avg_epoch_time_sec: 23.08
  avg_train_sec_per_step: 0.1449
  avg_val_sec_per_step: 0.0349
  peak_memory_gb: 4.21
  test_loss: 11.654248
  test_mae: 11.708820
  test_rmse: 21.562458
  test_mape: 65297.710748
  test_time_sec: 3.17
  best_checkpoint: n/a
  best_state_source: cpu_memory
  metrics_jsonl: /home/students/HuangMingYu/code/py/my_idea/my_idea/outputs/v24-COE/experiments/coe_dual_mask/coe_dual_mask/fbea2a35caf9bf06/runs/v24_coe_dual_mask_coe_fixed_tata_original_random_rate0.4_updates_seed7/TaxiBJ/custom/v24_coe_dual_mask_coe_fixed_tata_original_random_rate0.4_updates_seed7/random/rate0.4/20260918_214614_seed7_bs16/logs/metrics.jsonl
------------------------------------------------------------------------------------------------
