Training started: 2026-09-17 16:21:32
------------------------------------------------------------------------------------------------
Run
  run_dir: /home/students/HuangMingYu/code/py/my_idea/my_idea/outputs/v24-COE/experiments/core/08fc9d8d37df089e/runs/v24_core_parallel_spatial_region_rate0.4_updates_seed7/BikeNYC/custom/v24_core_parallel_spatial_region_rate0.4_updates_seed7/random/rate0.4/20260917_162132_seed7_bs16
  command: /home/students/HuangMingYu/code/py/my_idea/my_idea/scripts/train.py -c /home/students/HuangMingYu/code/py/my_idea/my_idea/outputs/v24-COE/experiments/core/08fc9d8d37df089e/configs/v24_core_parallel_spatial_region_rate0.4_updates_seed7.json --no_plot --name v24_core_parallel_spatial_region_rate0.4_updates_seed7 --train_npz /home/students/HuangMingYu/code/py/my_idea/my_idea/data/BikeNYC/bikenyc_train.npz --val_npz /home/students/HuangMingYu/code/py/my_idea/my_idea/data/BikeNYC/bikenyc_val.npz --test_npz /home/students/HuangMingYu/code/py/my_idea/my_idea/data/BikeNYC/bikenyc_test.npz --result-file /home/students/HuangMingYu/code/py/my_idea/my_idea/outputs/v24-COE/experiments/core/08fc9d8d37df089e/results/v24_core_parallel_spatial_region_rate0.4_updates_seed7.attempt1.json
  git_commit: 1f348d420b22878eff7be96a61567a5be410fd0e
  git_branch: v24-COE
  git_dirty: True
  config_sha256: a6394baf56a047aa0ce6da53dc59bb23366ed3608f7a62cedc76cf0631071f57
  python: 3.9.25
  torch: 2.6.0+cu124
  cuda_runtime: 12.4
  train_npz: /home/students/HuangMingYu/code/py/my_idea/my_idea/data/BikeNYC/bikenyc_train.npz
  val_npz: /home/students/HuangMingYu/code/py/my_idea/my_idea/data/BikeNYC/bikenyc_val.npz
  test_npz: /home/students/HuangMingYu/code/py/my_idea/my_idea/data/BikeNYC/bikenyc_test.npz
  dataset: BikeNYC
  experiment_type: custom
  variant: v24_core_parallel_spatial_region_rate0.4_updates_seed7
  train_samples: 511
  val_samples: 73
  train_steps_per_epoch: 32
  val_steps_per_epoch: 5
  test_samples: 147
  test_steps: 10
  batch_size: 16
  mask_pattern: random
  mask_rate_config: 0.4
  train_mask: shape=(511, 1, 12, 24, 12), observed_rate=0.6007, missing_rate=0.3993
  val_mask: shape=(73, 1, 12, 24, 12), observed_rate=0.6007, missing_rate=0.3993
  data_shape: (511, 2, 12, 24, 12)
  device: cuda
  device_name: NVIDIA GeForce RTX 3090
  total_params: 76,987
  trainable_params: 76,987
Config
{
  "seed": 7,
  "output_dir": "/home/students/HuangMingYu/code/py/my_idea/my_idea/outputs/v24-COE/experiments/core/08fc9d8d37df089e/runs/v24_core_parallel_spatial_region_rate0.4_updates_seed7",
  "device": "auto",
  "data": {
    "dataset_name": "BikeNYC",
    "batch_size": 16,
    "num_workers": 0,
    "pin_memory": true,
    "drop_last": false,
    "mask": {
      "pattern": "random",
      "missing_rate": 0.4,
      "train_csv": "/home/students/HuangMingYu/code/py/my_idea/my_idea/outputs/v24-COE/section13/bikenyc_masks_seed2026/spatial_region/0.4/train.csv",
      "val_csv": "/home/students/HuangMingYu/code/py/my_idea/my_idea/outputs/v24-COE/section13/bikenyc_masks_seed2026/spatial_region/0.4/val.csv",
      "test_csv": "/home/students/HuangMingYu/code/py/my_idea/my_idea/outputs/v24-COE/section13/bikenyc_masks_seed2026/spatial_region/0.4/test.csv"
    },
    "synthetic": {
      "num_train": 128,
      "num_val": 32,
      "t": 12,
      "h": 24,
      "w": 12
    },
    "multiscale": false
  },
  "model": {
    "architecture": "v24_ts_coe",
    "c_in": 2,
    "main": {
      "dim": 64,
      "max_t": 12,
      "h": 24,
      "w": 12,
      "scale_mode": "fine",
      "use_multiscale": false
    },
    "coe": {
      "num_steps": 1,
      "routing_mode": "parallel",
      "fixed_path": null,
      "router_state": "initial",
      "use_shared": true,
      "use_routed": true,
      "temperature": 1.0,
      "temporal_kernel": 3,
      "spatial_kernel": 3,
      "residual_init": 0.1,
      "expert_pool": [
        "T",
        "S"
      ],
      "expert_state": "initial"
    },
    "aux": {
      "enabled": false,
      "alpha_init": 0.0
    }
  },
  "loss": {
    "type": "l1",
    "lambda_coe_mid": 0,
    "lambda_coe_balance": 0
  },
  "train": {
    "epochs": 80,
    "val_epoch": 2,
    "lr_main": 0.001,
    "weight_decay": 0.0001,
    "grad_clip_norm": 1.0,
    "amp": true,
    "save_every": 10,
    "scheduler": {
      "type": "cosine",
      "eta_min": 1e-06
    },
    "early_stopping": {
      "enabled": false,
      "monitor": "val_mae",
      "patience": 15,
      "mode": "min"
    },
    "save_best_checkpoint": false
  },
  "experiment_plan": {
    "stage": "core",
    "variant": "parallel",
    "protocol": "spatial_region_rate0.4",
    "protocol_kind": "structured_csv",
    "budget_regime": "updates",
    "mask_metadata": "/home/students/HuangMingYu/code/py/my_idea/my_idea/outputs/v24-COE/section13/bikenyc_masks_seed2026/spatial_region/0.4/metadata.json"
  },
  "experiment_suite_fingerprint": "08fc9d8d37df089e074c1f54d84eabb0c7699555c5d348e61134aa3b4ddc48c2"
}
------------------------------------------------------------------------------------------------
-----------------------------------------------------------------------------------------------------------------
 epoch         loss         mae         rmse     val_mae          lr   train_s    val_s   epoch_s   mem_gb   best
-----------------------------------------------------------------------------------------------------------------
     1     11.45465     11.4572      32.3838           -    1.00e-03       1.1      0.0       1.1     0.48       
     2     10.85433     10.8571      31.4032     11.9390    1.00e-03       0.7      0.1       0.8     0.48      *
Best model at epoch 2 (val_mae=11.9390)
     3     10.51231     10.5148      30.5439           -    9.98e-04       0.7      0.0       0.7     0.48       
     4     10.30670     10.3038      29.9136     11.4098    9.97e-04       0.7      0.0       0.7     0.48      *
Best model at epoch 4 (val_mae=11.4098)
     5     10.09571     10.0913      29.2708           -    9.94e-04       0.7      0.0       0.7     0.48       
     6      9.84986      9.8468      28.6349     10.9092    9.90e-04       0.7      0.0       0.7     0.48      *
Best model at epoch 6 (val_mae=10.9092)
     7      9.63087      9.6286      27.9309           -    9.86e-04       0.7      0.0       0.7     0.48       
     8      9.45534      9.4513      27.3914     10.5854    9.81e-04       0.7      0.0       0.7     0.48      *
Best model at epoch 8 (val_mae=10.5854)
     9      9.32071      9.3162      26.9021           -    9.76e-04       0.7      0.0       0.7     0.48       
    10      9.22326      9.2221      26.3345     10.3527    9.69e-04       0.7      0.0       0.7     0.48      *
Best model at epoch 10 (val_mae=10.3527)
    11      8.93898      8.9382      25.8261           -    9.62e-04       0.7      0.0       0.7     0.48       
    12      8.81234      8.8133      25.2871      9.8086    9.54e-04       0.7      0.0       0.7     0.48      *
Best model at epoch 12 (val_mae=9.8086)
    13      8.78288      8.7832      24.9230           -    9.46e-04       0.7      0.0       0.7     0.48       
    14      8.66632      8.6658      24.5504      9.5989    9.36e-04       0.7      0.0       0.7     0.48      *
Best model at epoch 14 (val_mae=9.5989)
    15      8.65885      8.6583      24.3977           -    9.26e-04       0.7      0.0       0.7     0.48       
    16      8.56540      8.5651      24.1390      9.4591    9.16e-04       0.7      0.0       0.7     0.48      *
Best model at epoch 16 (val_mae=9.4591)
    17      8.48999      8.4894      23.6913           -    9.05e-04       0.7      0.0       0.7     0.48       
    18      8.37917      8.3799      23.5107      9.2116    8.93e-04       0.7      0.0       0.7     0.48      *
Best model at epoch 18 (val_mae=9.2116)
    19      8.43585      8.4311      23.5943           -    8.80e-04       0.7      0.0       0.7     0.48       
    20      8.41301      8.4169      23.2331      9.2538    8.67e-04       0.7      0.0       0.7     0.48       
    21      8.26620      8.2675      23.1326           -    8.54e-04       0.7      0.0       0.7     0.48       
    22      8.27181      8.2742      22.7283      9.1652    8.40e-04       0.7      0.0       0.7     0.48      *
Best model at epoch 22 (val_mae=9.1652)
    23      8.17635      8.1747      22.6375           -    8.25e-04       0.7      0.0       0.7     0.48       
    24      8.16616      8.1670      22.4853      8.9221    8.10e-04       0.7      0.0       0.7     0.48      *
Best model at epoch 24 (val_mae=8.9221)
    25      8.08768      8.0865      22.3791           -    7.94e-04       0.7      0.0       0.7     0.48       
    26      8.07743      8.0741      22.2683      8.9621    7.78e-04       0.7      0.0       0.7     0.48       
    27      8.03616      8.0401      22.4083           -    7.61e-04       0.7      0.0       0.7     0.48       
    28      7.99772      7.9958      21.9749      8.8241    7.45e-04       0.7      0.0       0.7     0.48      *
Best model at epoch 28 (val_mae=8.8241)
    29      7.98344      7.9862      22.1205           -    7.27e-04       0.7      0.0       0.7     0.48       
    30      7.96615      7.9669      21.7436      9.0914    7.10e-04       0.7      0.0       0.7     0.48       
    31      7.97027      7.9689      22.1267           -    6.92e-04       0.7      0.0       0.7     0.48       
    32      7.91496      7.9148      21.7307      8.6555    6.73e-04       0.7      0.0       0.7     0.48      *
Best model at epoch 32 (val_mae=8.6555)
    33      8.00165      8.0074      21.9537           -    6.55e-04       0.7      0.0       0.7     0.48       
    34      7.86488      7.8619      21.7879      8.5922    6.36e-04       0.7      0.0       0.7     0.48      *
Best model at epoch 34 (val_mae=8.5922)
    35      7.85633      7.8589      21.6795           -    6.17e-04       0.7      0.0       0.7     0.48       
    36      7.81933      7.8188      21.5063      8.6437    5.98e-04       0.7      0.0       0.7     0.48       
    37      7.79562      7.7938      21.3616           -    5.79e-04       0.7      0.0       0.7     0.48       
    38      7.78665      7.7904      21.5200      8.6593    5.59e-04       0.7      0.0       0.7     0.48       
    39      7.53280      7.5324      21.4807           -    5.40e-04       0.7      0.0       0.7     0.48       
    40      7.45870      7.4588      21.2452      8.0281    5.20e-04       0.7      0.0       0.7     0.48      *
Best model at epoch 40 (val_mae=8.0281)
    41      7.27781      7.2750      21.0366           -    5.01e-04       0.7      0.0       0.7     0.48       
    42      7.31657      7.3162      20.4607      8.0453    4.81e-04       0.7      0.0       0.7     0.48       
    43      7.22507      7.2253      20.8833           -    4.61e-04       0.7      0.0       0.7     0.48       
    44      7.04548      7.0478      20.5430      7.7728    4.42e-04       0.7      0.0       0.7     0.48      *
Best model at epoch 44 (val_mae=7.7728)
    45      6.92072      6.9205      20.3185           -    4.22e-04       0.7      0.0       0.7     0.48       
    46      6.87454      6.8740      20.3183      7.6338    4.03e-04       0.7      0.0       0.7     0.48      *
Best model at epoch 46 (val_mae=7.6338)
    47      6.89709      6.8976      19.9937           -    3.84e-04       0.7      0.0       0.7     0.48       
    48      6.87806      6.8805      20.3151      7.5515    3.65e-04       0.7      0.0       0.7     0.48      *
Best model at epoch 48 (val_mae=7.5515)
    49      6.75273      6.7520      20.0261           -    3.46e-04       0.7      0.0       0.7     0.48       
    50      6.75093      6.7493      19.8751      7.5293    3.28e-04       0.7      0.0       0.7     0.48      *
Best model at epoch 50 (val_mae=7.5293)
    51      6.75663      6.7582      19.9012           -    3.09e-04       0.7      0.0       0.7     0.48       
    52      6.72029      6.7210      19.9678      7.5435    2.91e-04       0.7      0.0       0.7     0.48       
    53      6.71475      6.7150      19.7217           -    2.74e-04       0.7      0.0       0.7     0.48       
    54      6.71079      6.7104      20.0313      7.6718    2.56e-04       0.7      0.0       0.7     0.48       
    55      6.71523      6.7177      20.2045           -    2.40e-04       0.7      0.0       0.7     0.48       
    56      6.63879      6.6364      19.7398      7.3978    2.23e-04       0.7      0.0       0.7     0.48      *
Best model at epoch 56 (val_mae=7.3978)
    57      6.65042      6.6507      19.6737           -    2.07e-04       0.7      0.0       0.7     0.48       
    58      6.63786      6.6346      19.8587      7.4764    1.91e-04       0.7      0.0       0.7     0.48       
    59      6.66449      6.6620      19.8274           -    1.76e-04       0.7      0.0       0.7     0.48       
    60      6.62391      6.6274      19.9048      7.3581    1.61e-04       0.7      0.0       0.7     0.48      *
Best model at epoch 60 (val_mae=7.3581)
    61      6.58469      6.5827      19.5760           -    1.47e-04       0.7      0.0       0.7     0.48       
    62      6.56216      6.5616      19.6480      7.3362    1.34e-04       0.7      0.0       0.7     0.48      *
Best model at epoch 62 (val_mae=7.3362)
    63      6.61292      6.6109      19.7593           -    1.21e-04       0.7      0.0       0.7     0.48       
    64      6.58368      6.5810      19.5536      7.3341    1.08e-04       0.7      0.0       0.7     0.48      *
Best model at epoch 64 (val_mae=7.3341)
    65      6.55490      6.5538      19.6600           -    9.64e-05       0.7      0.0       0.7     0.48       
    66      6.58463      6.5856      19.8491      7.3374    8.52e-05       0.7      0.0       0.7     0.48       
    67      6.54535      6.5450      19.5950           -    7.46e-05       0.7      0.0       0.7     0.48       
    68      6.53020      6.5274      19.5971      7.3742    6.47e-05       0.7      0.0       0.7     0.48       
    69      6.53829      6.5373      19.6785           -    5.54e-05       0.7      0.0       0.7     0.48       
    70      6.51852      6.5190      19.5443      7.3069    4.69e-05       0.7      0.0       0.7     0.48      *
Best model at epoch 70 (val_mae=7.3069)
    71      6.52337      6.5229      19.6315           -    3.90e-05       0.7      0.0       0.7     0.48       
    72      6.51414      6.5146      19.5236      7.2984    3.19e-05       0.7      0.0       0.7     0.48      *
Best model at epoch 72 (val_mae=7.2984)
    73      6.51074      6.5116      19.5126           -    2.54e-05       0.7      0.0       0.7     0.48       
    74      6.51021      6.5109      19.5610      7.2914    1.98e-05       0.7      0.0       0.7     0.48      *
Best model at epoch 74 (val_mae=7.2914)
    75      6.50351      6.5038      19.6238           -    1.48e-05       0.7      0.0       0.7     0.48       
    76      6.49703      6.4974      19.5020      7.2754    1.06e-05       0.7      0.0       0.7     0.48      *
Best model at epoch 76 (val_mae=7.2754)
    77      6.50679      6.5029      19.3852           -    7.15e-06       0.7      0.0       0.7     0.48       
    78      6.49578      6.4966      19.4903      7.2912    4.46e-06       0.7      0.0       0.7     0.48       
    79      6.49619      6.4960      19.5572           -    2.54e-06       0.7      0.0       0.7     0.48       
    80      6.50032      6.4940      19.4956      7.2845    1.39e-06       0.7      0.0       0.7     0.48       

------------------------------------------------------------------------------------------------
Training finished normally: 2026-09-17 16:22:30
Summary
  completed_epochs: 80
  best_epoch: 76
  best_val_mae: 7.275372
  val_epoch: 2
  validation_count: 40
  final_train_loss: 6.500319
  final_train_mae: 6.493994
  final_val_loss: 7.300790
  final_val_mae: 7.284481
  total_time: 57.9s
  avg_epoch_time_sec: 0.72
  avg_train_sec_per_step: 0.0218
  avg_val_sec_per_step: 0.0050
  peak_memory_gb: 0.48
  test_loss: 7.460271
  test_mae: 7.594196
  test_rmse: 22.484476
  test_mape: 257422.622262
  test_time_sec: 0.10
  best_checkpoint: n/a
  best_state_source: cpu_memory
  metrics_jsonl: /home/students/HuangMingYu/code/py/my_idea/my_idea/outputs/v24-COE/experiments/core/08fc9d8d37df089e/runs/v24_core_parallel_spatial_region_rate0.4_updates_seed7/BikeNYC/custom/v24_core_parallel_spatial_region_rate0.4_updates_seed7/random/rate0.4/20260917_162132_seed7_bs16/logs/metrics.jsonl
------------------------------------------------------------------------------------------------
