Training started: 2026-09-17 15:45:45
------------------------------------------------------------------------------------------------
Run
  run_dir: /home/students/HuangMingYu/code/py/my_idea/my_idea/outputs/v24-COE/experiments/core/08fc9d8d37df089e/runs/v24_core_fixed_st_random_point_rate0.4_updates_seed7/BikeNYC/custom/v24_core_fixed_st_random_point_rate0.4_updates_seed7/random/rate0.4/20260917_154544_seed7_bs16
  command: /home/students/HuangMingYu/code/py/my_idea/my_idea/scripts/train.py -c /home/students/HuangMingYu/code/py/my_idea/my_idea/outputs/v24-COE/experiments/core/08fc9d8d37df089e/configs/v24_core_fixed_st_random_point_rate0.4_updates_seed7.json --no_plot --name v24_core_fixed_st_random_point_rate0.4_updates_seed7 --train_npz /home/students/HuangMingYu/code/py/my_idea/my_idea/data/BikeNYC/bikenyc_train.npz --val_npz /home/students/HuangMingYu/code/py/my_idea/my_idea/data/BikeNYC/bikenyc_val.npz --test_npz /home/students/HuangMingYu/code/py/my_idea/my_idea/data/BikeNYC/bikenyc_test.npz --result-file /home/students/HuangMingYu/code/py/my_idea/my_idea/outputs/v24-COE/experiments/core/08fc9d8d37df089e/results/v24_core_fixed_st_random_point_rate0.4_updates_seed7.attempt1.json
  git_commit: 1f348d420b22878eff7be96a61567a5be410fd0e
  git_branch: v24-COE
  git_dirty: True
  config_sha256: 4275af3e4b8297b392f4bf0a1976436e9bdf3a05c9b1416c3f4ea5905bb79c5e
  python: 3.9.25
  torch: 2.6.0+cu124
  cuda_runtime: 12.4
  train_npz: /home/students/HuangMingYu/code/py/my_idea/my_idea/data/BikeNYC/bikenyc_train.npz
  val_npz: /home/students/HuangMingYu/code/py/my_idea/my_idea/data/BikeNYC/bikenyc_val.npz
  test_npz: /home/students/HuangMingYu/code/py/my_idea/my_idea/data/BikeNYC/bikenyc_test.npz
  dataset: BikeNYC
  experiment_type: custom
  variant: v24_core_fixed_st_random_point_rate0.4_updates_seed7
  train_samples: 511
  val_samples: 73
  train_steps_per_epoch: 32
  val_steps_per_epoch: 5
  test_samples: 147
  test_steps: 10
  batch_size: 16
  mask_pattern: random
  mask_rate_config: 0.4
  train_mask: shape=(511, 1, 12, 24, 12), observed_rate=0.6001, missing_rate=0.3999
  val_mask: shape=(73, 1, 12, 24, 12), observed_rate=0.6001, missing_rate=0.3999
  data_shape: (511, 2, 12, 24, 12)
  device: cuda
  device_name: NVIDIA GeForce RTX 3090
  total_params: 91,571
  trainable_params: 91,571
Config
{
  "seed": 7,
  "output_dir": "/home/students/HuangMingYu/code/py/my_idea/my_idea/outputs/v24-COE/experiments/core/08fc9d8d37df089e/runs/v24_core_fixed_st_random_point_rate0.4_updates_seed7",
  "device": "auto",
  "data": {
    "dataset_name": "BikeNYC",
    "batch_size": 16,
    "num_workers": 0,
    "pin_memory": true,
    "drop_last": false,
    "mask": {
      "pattern": "random",
      "missing_rate": 0.4,
      "train_csv": "/home/students/HuangMingYu/code/py/my_idea/my_idea/outputs/v24-COE/section13/bikenyc_masks_seed2026/random_point/0.4/train.csv",
      "val_csv": "/home/students/HuangMingYu/code/py/my_idea/my_idea/outputs/v24-COE/section13/bikenyc_masks_seed2026/random_point/0.4/val.csv",
      "test_csv": "/home/students/HuangMingYu/code/py/my_idea/my_idea/outputs/v24-COE/section13/bikenyc_masks_seed2026/random_point/0.4/test.csv"
    },
    "synthetic": {
      "num_train": 128,
      "num_val": 32,
      "t": 12,
      "h": 24,
      "w": 12
    },
    "multiscale": false
  },
  "model": {
    "architecture": "v24_ts_coe",
    "c_in": 2,
    "main": {
      "dim": 64,
      "max_t": 12,
      "h": 24,
      "w": 12,
      "scale_mode": "fine",
      "use_multiscale": false
    },
    "coe": {
      "num_steps": 2,
      "routing_mode": "fixed",
      "fixed_path": [
        "S",
        "T"
      ],
      "router_state": "dynamic",
      "use_shared": true,
      "use_routed": true,
      "temperature": 1.0,
      "temporal_kernel": 3,
      "spatial_kernel": 3,
      "residual_init": 0.1,
      "expert_pool": [
        "T",
        "S"
      ],
      "expert_state": "dynamic"
    },
    "aux": {
      "enabled": false,
      "alpha_init": 0.0
    }
  },
  "loss": {
    "type": "l1",
    "lambda_coe_mid": 0,
    "lambda_coe_balance": 0
  },
  "train": {
    "epochs": 80,
    "val_epoch": 2,
    "lr_main": 0.001,
    "weight_decay": 0.0001,
    "grad_clip_norm": 1.0,
    "amp": true,
    "save_every": 10,
    "scheduler": {
      "type": "cosine",
      "eta_min": 1e-06
    },
    "early_stopping": {
      "enabled": false,
      "monitor": "val_mae",
      "patience": 15,
      "mode": "min"
    },
    "save_best_checkpoint": false
  },
  "experiment_plan": {
    "stage": "core",
    "variant": "fixed_st",
    "protocol": "random_point_rate0.4",
    "protocol_kind": "structured_csv",
    "budget_regime": "updates",
    "mask_metadata": "/home/students/HuangMingYu/code/py/my_idea/my_idea/outputs/v24-COE/section13/bikenyc_masks_seed2026/random_point/0.4/metadata.json"
  },
  "experiment_suite_fingerprint": "08fc9d8d37df089e074c1f54d84eabb0c7699555c5d348e61134aa3b4ddc48c2"
}
------------------------------------------------------------------------------------------------
-----------------------------------------------------------------------------------------------------------------
 epoch         loss         mae         rmse     val_mae          lr   train_s    val_s   epoch_s   mem_gb   best
-----------------------------------------------------------------------------------------------------------------
     1      8.86894      8.8661      28.6243           -    1.00e-03       1.2      0.0       1.2     0.61       
     2      8.05400      8.0551      27.5594      8.7063    1.00e-03       0.8      0.1       0.9     0.61      *
Best model at epoch 2 (val_mae=8.7063)
     3      6.97951      6.9804      25.7671           -    9.98e-04       0.8      0.0       0.8     0.61       
     4      6.06589      6.0630      23.7972      6.6551    9.97e-04       0.8      0.1       0.9     0.61      *
Best model at epoch 4 (val_mae=6.6551)
     5      5.25362      5.2551      21.6668           -    9.94e-04       0.8      0.0       0.8     0.61       
     6      4.73872      4.7395      20.0122      5.4472    9.90e-04       0.8      0.1       0.9     0.61      *
Best model at epoch 6 (val_mae=5.4472)
     7      4.35155      4.3515      18.6511           -    9.86e-04       0.8      0.0       0.8     0.61       
     8      4.04078      4.0413      17.5073      4.7066    9.81e-04       0.8      0.1       0.9     0.61      *
Best model at epoch 8 (val_mae=4.7066)
     9      3.79454      3.7948      16.4276           -    9.76e-04       0.8      0.0       0.8     0.61       
    10      3.60507      3.6044      15.5095      4.2246    9.69e-04       0.8      0.1       0.9     0.61      *
Best model at epoch 10 (val_mae=4.2246)
    11      3.43458      3.4340      14.7474           -    9.62e-04       0.8      0.0       0.8     0.61       
    12      3.34091      3.3409      14.2260      3.9576    9.54e-04       0.8      0.1       0.9     0.61      *
Best model at epoch 12 (val_mae=3.9576)
    13      3.30657      3.3061      13.9108           -    9.46e-04       0.8      0.0       0.8     0.61       
    14      3.23580      3.2358      13.7031      3.8139    9.36e-04       0.8      0.1       0.9     0.61      *
Best model at epoch 14 (val_mae=3.8139)
    15      3.15193      3.1531      13.2770           -    9.26e-04       0.8      0.0       0.8     0.61       
    16      3.09902      3.0982      12.9451      3.6657    9.16e-04       0.8      0.1       0.9     0.61      *
Best model at epoch 16 (val_mae=3.6657)
    17      3.08172      3.0817      12.7485           -    9.05e-04       0.8      0.0       0.8     0.61       
    18      2.99533      2.9949      12.3799      3.5602    8.93e-04       0.8      0.1       0.9     0.61      *
Best model at epoch 18 (val_mae=3.5602)
    19      2.93100      2.9305      12.0653           -    8.80e-04       0.8      0.0       0.8     0.61       
    20      2.91909      2.9191      11.8579      3.4339    8.67e-04       0.8      0.1       0.9     0.61      *
Best model at epoch 20 (val_mae=3.4339)
    21      2.87944      2.8789      11.6819           -    8.54e-04       0.8      0.0       0.8     0.61       
    22      2.85271      2.8514      11.5003      3.3564    8.40e-04       0.8      0.1       0.9     0.61      *
Best model at epoch 22 (val_mae=3.3564)
    23      2.81200      2.8112      11.3097           -    8.25e-04       0.8      0.0       0.8     0.61       
    24      2.77902      2.7793      11.1253      3.2854    8.10e-04       0.8      0.1       0.9     0.61      *
Best model at epoch 24 (val_mae=3.2854)
    25      2.75960      2.7586      10.9673           -    7.94e-04       0.8      0.0       0.8     0.61       
    26      2.78416      2.7846      10.9678      3.2394    7.78e-04       0.8      0.1       0.9     0.61      *
Best model at epoch 26 (val_mae=3.2394)
    27      2.73713      2.7369      10.7853           -    7.61e-04       0.8      0.0       0.8     0.61       
    28      2.74215      2.7411      10.7563      3.2038    7.45e-04       0.8      0.1       0.9     0.61      *
Best model at epoch 28 (val_mae=3.2038)
    29      2.70141      2.7011      10.6087           -    7.27e-04       0.8      0.0       0.8     0.61       
    30      2.70076      2.7012      10.5406      3.1651    7.10e-04       0.8      0.1       0.9     0.61      *
Best model at epoch 30 (val_mae=3.1651)
    31      2.70074      2.7004      10.4594           -    6.92e-04       0.8      0.0       0.8     0.61       
    32      2.77597      2.7754      10.6273      3.1498    6.73e-04       0.8      0.1       0.9     0.61      *
Best model at epoch 32 (val_mae=3.1498)
    33      2.72720      2.7280      10.5011           -    6.55e-04       0.8      0.0       0.8     0.61       
    34      2.67609      2.6765      10.3697      3.2275    6.36e-04       0.8      0.1       0.9     0.61       
    35      2.72629      2.7262      10.4046           -    6.17e-04       0.8      0.0       0.8     0.61       
    36      2.74420      2.7433      10.4296      3.1714    5.98e-04       0.8      0.1       0.9     0.61       
    37      2.73507      2.7360      10.3557           -    5.79e-04       0.8      0.0       0.8     0.61       
    38      2.71110      2.7111      10.4093      3.3112    5.59e-04       0.8      0.1       0.9     0.61       
    39      2.70858      2.7090      10.3036           -    5.40e-04       0.8      0.0       0.8     0.61       
    40      2.71655      2.7163      10.2557      3.1103    5.20e-04       0.8      0.1       0.9     0.61      *
Best model at epoch 40 (val_mae=3.1103)
    41      2.65131      2.6516      10.1575           -    5.01e-04       0.8      0.0       0.8     0.61       
    42      2.60403      2.6041      10.0296      3.0613    4.81e-04       0.8      0.1       0.9     0.61      *
Best model at epoch 42 (val_mae=3.0613)
    43      2.58730      2.5872       9.9265           -    4.61e-04       0.8      0.0       0.8     0.61       
    44      2.58013      2.5799       9.8588      3.0225    4.42e-04       0.8      0.1       0.9     0.61      *
Best model at epoch 44 (val_mae=3.0225)
    45      2.57381      2.5737       9.8253           -    4.22e-04       0.8      0.0       0.8     0.61       
    46      2.55703      2.5579       9.7410      3.0209    4.03e-04       0.8      0.1       0.9     0.61      *
Best model at epoch 46 (val_mae=3.0209)
    47      2.56427      2.5637       9.7450           -    3.84e-04       0.8      0.0       0.8     0.61       
    48      2.54578      2.5458       9.6506      2.9907    3.65e-04       0.8      0.1       0.9     0.61      *
Best model at epoch 48 (val_mae=2.9907)
    49      2.53487      2.5349       9.6188           -    3.46e-04       0.8      0.0       0.8     0.61       
    50      2.52844      2.5288       9.5607      2.9693    3.28e-04       0.8      0.1       0.9     0.61      *
Best model at epoch 50 (val_mae=2.9693)
    51      2.51551      2.5158       9.5113           -    3.09e-04       0.8      0.0       0.8     0.61       
    52      2.51713      2.5169       9.4811      2.9861    2.91e-04       0.8      0.1       0.9     0.61       
    53      2.51344      2.5139       9.4765           -    2.74e-04       0.8      0.0       0.8     0.61       
    54      2.50117      2.5004       9.4167      2.9375    2.56e-04       0.8      0.1       0.9     0.61      *
Best model at epoch 54 (val_mae=2.9375)
    55      2.49286      2.4923       9.3682           -    2.40e-04       0.8      0.0       0.8     0.61       
    56      2.48454      2.4852       9.3451      2.9240    2.23e-04       0.8      0.1       0.9     0.61      *
Best model at epoch 56 (val_mae=2.9240)
    57      2.48071      2.4810       9.3276           -    2.07e-04       0.8      0.0       0.8     0.61       
    58      2.47874      2.4782       9.3234      2.9195    1.91e-04       0.8      0.1       0.9     0.61      *
Best model at epoch 58 (val_mae=2.9195)
    59      2.47777      2.4778       9.2774           -    1.76e-04       0.8      0.0       0.8     0.61       
    60      2.46769      2.4667       9.2581      2.9070    1.61e-04       0.8      0.1       0.9     0.61      *
Best model at epoch 60 (val_mae=2.9070)
    61      2.46630      2.4663       9.2646           -    1.47e-04       0.8      0.0       0.8     0.61       
    62      2.45860      2.4592       9.2258      2.8965    1.34e-04       0.8      0.1       0.9     0.61      *
Best model at epoch 62 (val_mae=2.8965)
    63      2.45630      2.4559       9.1900           -    1.21e-04       0.8      0.0       0.8     0.61       
    64      2.45202      2.4521       9.1983      2.8857    1.08e-04       0.8      0.1       0.9     0.61      *
Best model at epoch 64 (val_mae=2.8857)
    65      2.44984      2.4492       9.1662           -    9.64e-05       0.8      0.0       0.8     0.61       
    66      2.44968      2.4493       9.1864      2.8783    8.52e-05       0.8      0.1       0.9     0.61      *
Best model at epoch 66 (val_mae=2.8783)
    67      2.44275      2.4426       9.1370           -    7.46e-05       0.8      0.0       0.8     0.61       
    68      2.43906      2.4392       9.1262      2.8762    6.47e-05       0.8      0.1       0.9     0.61      *
Best model at epoch 68 (val_mae=2.8762)
    69      2.43728      2.4369       9.1180           -    5.54e-05       0.8      0.0       0.8     0.61       
    70      2.43418      2.4346       9.1088      2.8666    4.69e-05       0.8      0.1       0.9     0.61      *
Best model at epoch 70 (val_mae=2.8666)
    71      2.43336      2.4327       9.1094           -    3.90e-05       0.8      0.0       0.8     0.61       
    72      2.43114      2.4318       9.0974      2.8677    3.19e-05       0.8      0.1       0.9     0.61       
    73      2.42881      2.4298       9.0868           -    2.54e-05       0.8      0.0       0.8     0.61       
    74      2.42736      2.4283       9.0787      2.8626    1.98e-05       0.8      0.1       0.9     0.61      *
Best model at epoch 74 (val_mae=2.8626)
    75      2.42871      2.4280       9.0835           -    1.48e-05       0.8      0.0       0.8     0.61       
    76      2.42662      2.4265       9.0807      2.8618    1.06e-05       0.8      0.1       0.9     0.61      *
Best model at epoch 76 (val_mae=2.8618)
    77      2.42602      2.4261       9.0772           -    7.15e-06       0.8      0.0       0.8     0.61       
    78      2.42539      2.4254       9.0663      2.8593    4.46e-06       0.8      0.1       0.9     0.61      *
Best model at epoch 78 (val_mae=2.8593)
    79      2.42474      2.4255       9.0770           -    2.54e-06       0.8      0.0       0.8     0.61       
    80      2.42493      2.4249       9.0704      2.8598    1.39e-06       0.8      0.1       0.9     0.61       

------------------------------------------------------------------------------------------------
Training finished normally: 2026-09-17 15:46:55
Summary
  completed_epochs: 80
  best_epoch: 78
  best_val_mae: 2.859346
  val_epoch: 2
  validation_count: 40
  final_train_loss: 2.424930
  final_train_mae: 2.424949
  final_val_loss: 2.887968
  final_val_mae: 2.859847
  total_time: 1m 10s
  avg_epoch_time_sec: 0.87
  avg_train_sec_per_step: 0.0263
  avg_val_sec_per_step: 0.0058
  peak_memory_gb: 0.61
  test_loss: 2.759305
  test_mae: 2.829465
  test_rmse: 10.994192
  test_mape: 62681.528299
  test_time_sec: 0.12
  best_checkpoint: n/a
  best_state_source: cpu_memory
  metrics_jsonl: /home/students/HuangMingYu/code/py/my_idea/my_idea/outputs/v24-COE/experiments/core/08fc9d8d37df089e/runs/v24_core_fixed_st_random_point_rate0.4_updates_seed7/BikeNYC/custom/v24_core_fixed_st_random_point_rate0.4_updates_seed7/random/rate0.4/20260917_154544_seed7_bs16/logs/metrics.jsonl
------------------------------------------------------------------------------------------------
