Training started: 2026-09-28 22:04:35
------------------------------------------------------------------------------------------------
Run
  run_dir: /home/students/HuangMingYu/code/py/my_idea/my_idea/outputs/v24-COE/TaxiBJ/custom/20260928_220434_direct_baselines_direct_shared_s4_top2_seed7/random/rate0.4/20260928_220434_seed7_bs32
  command: /home/students/HuangMingYu/code/py/my_idea/my_idea/scripts/train.py -c /home/students/HuangMingYu/code/py/my_idea/my_idea/outputs/v24-COE/experiments/coe_direct_baselines/coe_direct_baselines_taxibj/ea13479a96198a41/configs/v24_coe_direct_baselines_direct_shared_s4_top2_mixed9_rate0.4_updates_seed7.json --no_plot --name v24_coe_direct_baselines_direct_shared_s4_top2_mixed9_rate0.4_updates_seed7 --train_npz /home/students/HuangMingYu/code/py/my_idea/my_idea/data/TaxiBJ/v24_clean_abc_20260917/taxibj_train.npz --val_npz /home/students/HuangMingYu/code/py/my_idea/my_idea/data/TaxiBJ/v24_clean_abc_20260917/taxibj_val.npz --test_npz /home/students/HuangMingYu/code/py/my_idea/my_idea/data/TaxiBJ/v24_clean_abc_20260917/taxibj_test.npz --result-file /home/students/HuangMingYu/code/py/my_idea/my_idea/outputs/v24-COE/experiments/coe_direct_baselines/coe_direct_baselines_taxibj/ea13479a96198a41/results/v24_coe_direct_baselines_direct_shared_s4_top2_mixed9_rate0.4_updates_seed7.attempt1.json
  git_commit: d7a6b5541b1d3a87f86ded4c5ce748a0f3b951b9
  git_branch: v24-COE
  git_dirty: True
  config_sha256: 729b5a9f76f9cdbc70e33f89c308131293d607a411b4aec46c62774995992654
  python: 3.9.25
  torch: 2.6.0+cu124
  cuda_runtime: 12.4
  train_npz: /home/students/HuangMingYu/code/py/my_idea/my_idea/data/TaxiBJ/v24_clean_abc_20260917/taxibj_train.npz
  val_npz: /home/students/HuangMingYu/code/py/my_idea/my_idea/data/TaxiBJ/v24_clean_abc_20260917/taxibj_val.npz
  test_npz: /home/students/HuangMingYu/code/py/my_idea/my_idea/data/TaxiBJ/v24_clean_abc_20260917/taxibj_test.npz
  dataset: TaxiBJ
  experiment_type: custom
  variant: v24_coe_direct_baselines_direct_shared_s4_top2_mixed9_rate0.4_updates_seed7
  train_samples: 2452
  val_samples: 342
  train_steps_per_epoch: 77
  val_steps_per_epoch: 11
  test_samples: 707
  test_steps: 23
  batch_size: 32
  world_size: 2
  per_device_batch_size: 16
  mask_pattern: random
  mask_rate_config: 0.4
  train_mask: unknown
  val_mask: unknown
  data_shape: (2452, 2, 12, 32, 32)
  device: cuda:0
  device_name: NVIDIA GeForce RTX 3090
  total_params: 250,043
  trainable_params: 250,043
Config
{
  "seed": 7,
  "output_dir": "/home/students/HuangMingYu/code/py/my_idea/my_idea/outputs/v24-COE",
  "device": "cuda",
  "data": {
    "dataset_name": "TaxiBJ",
    "batch_size": 32,
    "num_workers": 0,
    "pin_memory": true,
    "drop_last": false,
    "mask": {
      "pattern": "random",
      "missing_rate": 0.4
    },
    "synthetic": {
      "num_train": 128,
      "num_val": 32,
      "t": 12,
      "h": 32,
      "w": 32
    },
    "multiscale": false,
    "loader_seed": 7,
    "train_mask_diversity": {
      "families": [
        "random_point",
        "node_outage",
        "temporal_gap",
        "spatial_region",
        "spatiotemporal_block",
        "stripe",
        "moving_region",
        "multi_block",
        "composite"
      ],
      "rates": [
        0.4
      ],
      "seed": 20260917,
      "resample_each_epoch": true
    },
    "eval_mask_diversity": {
      "families": [
        "random_point",
        "node_outage",
        "temporal_gap",
        "spatial_region",
        "spatiotemporal_block",
        "stripe",
        "moving_region",
        "multi_block",
        "composite"
      ],
      "rates": [
        0.4
      ],
      "seed": 20260917,
      "resample_each_epoch": false
    }
  },
  "model": {
    "architecture": "v24_ts_coe",
    "c_in": 2,
    "main": {
      "dim": 64,
      "max_t": 12,
      "h": 32,
      "w": 32,
      "scale_mode": "fine",
      "use_multiscale": false
    },
    "coe": {
      "num_steps": 4,
      "expert_pool": [
        "T",
        "S",
        "TD",
        "SD",
        "TA",
        "ST",
        "TL",
        "SL"
      ],
      "routing_mode": "hard",
      "fixed_path": null,
      "fixed_expert_steps": [
        null,
        null,
        null,
        null
      ],
      "router_state": "dynamic",
      "expert_state": "dynamic",
      "use_shared": false,
      "use_routed": true,
      "temperature": 1.0,
      "temporal_kernel": 3,
      "spatial_kernel": 3,
      "temporal_dilation": 2,
      "spatial_dilation": 2,
      "attention_heads": 4,
      "residual_init": 0.1,
      "routing_warmup_epochs": 3,
      "routing_transition_epochs": 3,
      "uniform_mix_start": 0.5,
      "sampling_temperature_start": 2.0,
      "top_k": 2,
      "router_hidden_dim": 64,
      "pair_mode": "native",
      "acceptance": "none",
      "expert_sharing": "shared",
      "previous_expert_context": false,
      "global_route_weights": false,
      "router_input_noise_std": 0.0,
      "router_input_noise_steps": 0,
      "completion_feedback": false,
      "state_update_mode": "direct",
      "fusion_mode": "original"
    },
    "aux": {
      "enabled": false,
      "alpha_init": 0.0
    }
  },
  "loss": {
    "type": "l1",
    "lambda_coe_mid": 0.0,
    "lambda_coe_balance": 0.01,
    "lambda_coe_z": 0.0,
    "balance_importance": "candidate"
  },
  "train": {
    "epochs": 100,
    "val_epoch": 5,
    "lr_main": 0.001,
    "weight_decay": 0.0001,
    "grad_clip_norm": 1.0,
    "amp": true,
    "save_every": 10,
    "scheduler": {
      "type": "cosine",
      "total_epochs": 100,
      "eta_min": 1e-06
    },
    "early_stopping": {
      "enabled": false
    },
    "save_best_checkpoint": true,
    "router_grad_diagnostic_every": 0,
    "full_checkpoint": true,
    "measure_forward_latency": true,
    "oracle_last_step_samples": 0,
    "best_checkpoint_name": "best.pth"
  },
  "experiment_plan": {
    "stage": "coe_direct_baselines",
    "variant": "direct_shared_s4_top2",
    "protocol": "mixed9_rate0.4",
    "protocol_kind": "generated_diverse",
    "budget_regime": "updates",
    "mask_metadata": null,
    "training_mask_source": "dynamic_diverse",
    "evaluation_mask_source": "diverse_fixed_per_split"
  },
  "experiment_suite_fingerprint": "ea13479a96198a418b9abfb002d176899fc0059130a8761ac4eef224025b6abe"
}
------------------------------------------------------------------------------------------------
-----------------------------------------------------------------------------------------------------------------
 epoch         loss         mae         rmse     val_mae          lr   train_s    val_s   epoch_s   mem_gb   best
-----------------------------------------------------------------------------------------------------------------
     1    113.02424    113.0406     179.5969           -    1.00e-03      21.7      0.0      21.7     5.78       
     2     99.86587     99.8886     165.9288           -    1.00e-03      23.8      0.0      23.8     5.23       
     3     84.04901     84.0237     147.4587           -    9.99e-04      26.7      0.0      26.7     5.23       
     4     72.97088     72.9801     133.2838           -    9.98e-04      26.5      0.0      26.5     5.23       
     5     65.92515     65.9292     123.8431     56.2060    9.96e-04      26.5      1.5      28.0     5.23      *
Best model at epoch 5 (val_mae=56.2060)
     6     63.83209     63.7683     119.2959           -    9.94e-04      26.6      0.0      26.6     5.23       
     7     59.66177     59.6043     114.1373           -    9.91e-04      26.9      0.0      26.9     5.23       
     8     55.79467     55.7718     108.1321           -    9.88e-04      27.2      0.0      27.2     5.23       
     9     53.27005     53.2578     103.5753           -    9.84e-04      27.2      0.0      27.2     5.23       
    10     50.63464     50.5843      98.9070     43.0427    9.80e-04      27.2      1.5      28.7     5.23      *
Best model at epoch 10 (val_mae=43.0427)
    11     47.88912     47.8561      94.8384           -    9.76e-04      27.2      0.0      27.2     5.23       
    12     45.97322     45.9702      91.1767           -    9.70e-04      27.2      0.0      27.2     5.23       
    13     43.81705     43.8385      87.4315           -    9.65e-04      27.1      0.0      27.1     5.23       
    14     42.33307     42.2835      84.1718           -    9.59e-04      27.2      0.0      27.2     5.23       
    15     40.91147     40.8899      81.4959     37.0216    9.52e-04      27.2      1.5      28.7     5.23      *
Best model at epoch 15 (val_mae=37.0216)
    16     39.18979     39.1517      77.9309           -    9.46e-04      27.2      0.0      27.2     5.23       
    17     37.75401     37.7225      75.1910           -    9.38e-04      27.1      0.0      27.1     5.23       
    18     37.73214     37.7166      73.5304           -    9.30e-04      27.2      0.0      27.2     5.23       
    19     35.44855     35.4078      69.9916           -    9.22e-04      27.2      0.0      27.2     5.23       
    20     35.54038     35.5016      68.9851     30.8580    9.14e-04      27.2      1.5      28.8     5.23      *
Best model at epoch 20 (val_mae=30.8580)
    21     35.37489     35.3679      67.4870           -    9.05e-04      27.3      0.0      27.3     5.23       
    22     33.04959     33.0173      64.0701           -    8.95e-04      27.3      0.0      27.3     5.23       
    23     31.34063     31.3234      60.8748           -    8.85e-04      27.3      0.0      27.3     5.23       
    24     30.41920     30.3631      59.1302           -    8.75e-04      27.2      0.0      27.2     5.23       
    25     31.06721     31.0798      59.2479     30.0271    8.65e-04      27.2      1.5      28.8     5.23      *
Best model at epoch 25 (val_mae=30.0271)
    26     29.72272     29.6961      56.9465           -    8.54e-04      27.2      0.0      27.2     5.23       
    27     29.23616     29.1803      55.3114           -    8.42e-04      27.3      0.0      27.3     5.23       
    28     29.98469     29.9756      56.3663           -    8.31e-04      27.3      0.0      27.3     5.23       
    29     27.68310     27.6676      52.2713           -    8.19e-04      27.4      0.0      27.4     5.23       
    30     28.32081     28.2890      52.3143     28.4976    8.07e-04      27.3      1.5      28.8     5.23      *
Best model at epoch 30 (val_mae=28.4976)
    31     27.72712     27.7312      51.4535           -    7.94e-04      27.3      0.0      27.3     5.23       
    32     27.60613     27.5858      50.9927           -    7.81e-04      27.4      0.0      27.4     5.23       
    33     26.49016     26.4581      49.1002           -    7.68e-04      27.4      0.0      27.4     5.23       
    34     25.82128     25.8043      47.7164           -    7.55e-04      27.4      0.0      27.4     5.23       
    35     26.63386     26.6118      48.4153     28.2977    7.41e-04      27.3      1.5      28.8     5.23      *
Best model at epoch 35 (val_mae=28.2977)
    36     25.64097     25.6250      46.8471           -    7.27e-04      27.4      0.0      27.4     5.23       
    37     25.39132     25.3723      45.8894           -    7.13e-04      27.3      0.0      27.3     5.23       
    38     25.57089     25.5354      46.0939           -    6.99e-04      27.4      0.0      27.4     5.23       
    39     25.10675     25.0707      45.3943           -    6.84e-04      27.3      0.0      27.3     5.23       
    40     24.10557     24.0826      43.6169     22.7887    6.70e-04      27.3      1.5      28.8     5.23      *
Best model at epoch 40 (val_mae=22.7887)
    41     24.57074     24.5531      43.8446           -    6.55e-04      27.2      0.0      27.2     5.23       
    42     24.15833     24.1088      43.4045           -    6.40e-04      27.3      0.0      27.3     5.23       
    43     23.38335     23.3678      41.9154           -    6.25e-04      27.3      0.0      27.3     5.23       
    44     23.99656     23.9723      42.6379           -    6.09e-04      27.4      0.0      27.4     5.23       
    45     23.26658     23.2580      41.3810     21.8112    5.94e-04      27.3      1.5      28.8     5.23      *
Best model at epoch 45 (val_mae=21.8112)
    46     22.93575     22.9055      40.7887           -    5.79e-04      27.3      0.0      27.3     5.23       
    47     23.32154     23.2993      41.3649           -    5.63e-04      27.3      0.0      27.3     5.23       
    48     22.58852     22.5547      39.8463           -    5.48e-04      27.3      0.0      27.3     5.23       
    49     23.90024     23.8856      41.7592           -    5.32e-04      27.3      0.0      27.3     5.23       
    50     22.47871     22.4546      39.7087     21.3274    5.16e-04      27.4      1.5      28.9     5.23      *
Best model at epoch 50 (val_mae=21.3274)
    51     22.50430     22.4867      39.6886           -    5.01e-04      27.3      0.0      27.3     5.23       
    52     22.51318     22.4941      39.5999           -    4.85e-04      27.4      0.0      27.4     5.23       
    53     22.07144     22.0293      38.7418           -    4.69e-04      27.3      0.0      27.3     5.23       
    54     23.27890     23.2658      40.3219           -    4.53e-04      27.3      0.0      27.3     5.23       
    55     22.70397     22.6967      39.6152     21.6700    4.38e-04      27.3      1.5      28.8     5.23       
    56     22.14722     22.1222      38.8586           -    4.22e-04      27.4      0.0      27.4     5.23       
    57     22.52480     22.5167      39.3364           -    4.07e-04      27.3      0.0      27.3     5.23       
    58     22.48280     22.4492      39.4014           -    3.92e-04      27.3      0.0      27.3     5.23       
    59     21.39717     21.3659      37.3750           -    3.76e-04      27.3      0.0      27.3     5.23       
    60     21.10638     21.0846      37.0104     20.8594    3.61e-04      27.3      1.5      28.8     5.23      *
Best model at epoch 60 (val_mae=20.8594)
    61     21.33977     21.3090      37.2586           -    3.46e-04      27.4      0.0      27.4     5.23       
    62     21.34944     21.3276      37.1600           -    3.31e-04      27.3      0.0      27.3     5.23       
    63     20.95283     20.9469      36.6801           -    3.17e-04      27.3      0.0      27.3     5.23       
    64     23.13704     23.1308      39.5516           -    3.02e-04      27.4      0.0      27.4     5.23       
    65     21.19776     21.1678      37.0409     20.8851    2.88e-04      27.3      1.5      28.8     5.23       
    66     21.05223     21.0317      36.7361           -    2.74e-04      27.3      0.0      27.3     5.23       
    67     21.45351     21.4318      37.2438           -    2.60e-04      27.3      0.0      27.3     5.23       
    68     20.60392     20.5769      35.7929           -    2.46e-04      27.3      0.0      27.3     5.23       
    69     20.61611     20.5914      35.8364           -    2.33e-04      27.3      0.0      27.3     5.23       
    70     20.87013     20.8556      36.2282     20.4634    2.20e-04      27.3      1.5      28.8     5.23      *
Best model at epoch 70 (val_mae=20.4634)
    71     20.79404     20.7668      36.2094           -    2.07e-04      27.3      0.0      27.3     5.23       
    72     22.59891     22.5663      39.1436           -    1.94e-04      27.1      0.0      27.1     5.23       
    73     20.96893     20.9433      36.2327           -    1.82e-04      27.3      0.0      27.3     5.23       
    74     20.48420     20.4453      35.4794           -    1.70e-04      27.3      0.0      27.3     5.23       
    75     20.47286     20.4450      35.5291     19.9957    1.59e-04      27.3      1.5      28.8     5.23      *
Best model at epoch 75 (val_mae=19.9957)
    76     20.32173     20.3086      35.2415           -    1.47e-04      27.3      0.0      27.3     5.23       
    77     20.07315     20.0492      34.8640           -    1.36e-04      27.4      0.0      27.4     5.23       
    78     20.03114     19.9938      34.7949           -    1.26e-04      27.4      0.0      27.4     5.23       
    79     19.84325     19.8073      34.5049           -    1.16e-04      27.4      0.0      27.4     5.23       
    80     19.97458     19.9499      34.4673     19.4281    1.06e-04      27.3      1.5      28.8     5.23      *
Best model at epoch 80 (val_mae=19.4281)
    81     19.83155     19.8068      34.3649           -    9.64e-05      27.3      0.0      27.3     5.23       
    82     19.98575     19.9677      34.6583           -    8.74e-05      27.4      0.0      27.4     5.23       
    83     19.75776     19.7207      34.1281           -    7.88e-05      27.4      0.0      27.4     5.23       
    84     19.88082     19.8716      34.5440           -    7.06e-05      27.3      0.0      27.3     5.23       
    85     19.64258     19.6273      33.9571     19.4798    6.28e-05      27.2      1.5      28.7     5.23       
    86     19.58466     19.5615      33.8931           -    5.54e-05      27.2      0.0      27.2     5.23       
    87     20.60392     20.5829      35.3617           -    4.85e-05      26.5      0.0      26.5     5.23       
    88     20.32699     20.3087      34.8497           -    4.21e-05      26.2      0.0      26.2     5.22       
    89     20.32632     20.3046      34.9881           -    3.61e-05      26.3      0.0      26.3     5.22       
    90     20.20533     20.1749      34.6784     19.8876    3.05e-05      26.3      1.5      27.8     5.23       
    91     20.17821     20.1427      34.5135           -    2.54e-05      26.1      0.0      26.1     5.23       
    92     20.09551     20.0602      34.4678           -    2.08e-05      26.1      0.0      26.1     5.22       
    93     19.98923     19.9744      34.2978           -    1.67e-05      26.1      0.0      26.1     5.22       
    94     20.13803     20.1196      34.6511           -    1.30e-05      26.0      0.0      26.0     5.23       
    95     20.04901     20.0298      34.4102     19.8129    9.85e-06      26.1      1.5      27.6     5.22       
    96     19.89729     19.8826      34.1666           -    7.15e-06      26.2      0.0      26.2     5.23       
    97     19.84283     19.8234      33.9509           -    4.94e-06      26.1      0.0      26.1     5.22       
    98     19.88186     19.8484      34.1736           -    3.22e-06      26.1      0.0      26.1     5.22       
    99     19.77391     19.7502      33.9511           -    1.99e-06      26.2      0.0      26.2     5.22       
   100     19.89596     19.8779      34.1290     19.6636    1.25e-06      26.3      1.5      27.8     5.22       

------------------------------------------------------------------------------------------------
Training finished normally: 2026-09-28 22:50:10
Summary
  completed_epochs: 100
  best_epoch: 80
  best_val_mae: 19.428126
  val_epoch: 5
  validation_count: 20
  final_train_loss: 19.895963
  final_train_mae: 19.877891
  final_val_loss: 19.775562
  final_val_mae: 19.663588
  total_time: 45m 35s
  avg_epoch_time_sec: 27.31
  avg_train_sec_per_step: 0.3508
  avg_val_sec_per_step: 0.0273
  peak_memory_gb: 5.78
  test_loss: 18.276436
  test_mae: 18.459080
  test_rmse: 31.957128
  test_mape: 144555.330198
  test_time_sec: 3.06
  best_checkpoint: /home/students/HuangMingYu/code/py/my_idea/my_idea/outputs/v24-COE/TaxiBJ/custom/20260928_220434_direct_baselines_direct_shared_s4_top2_seed7/random/rate0.4/20260928_220434_seed7_bs32/checkpoints/best.pth
  best_state_source: checkpoint
  metrics_jsonl: /home/students/HuangMingYu/code/py/my_idea/my_idea/outputs/v24-COE/TaxiBJ/custom/20260928_220434_direct_baselines_direct_shared_s4_top2_seed7/random/rate0.4/20260928_220434_seed7_bs32/logs/metrics.jsonl
------------------------------------------------------------------------------------------------
