Training started: 2026-09-21 12:57:04
------------------------------------------------------------------------------------------------
Run
  run_dir: /home/students/HuangMingYu/code/py/my_idea/my_idea/outputs/v24-COE/TaxiBJ/custom/v24_hetero_s1_top8_random_rate0.4_e30_seed7/random/rate0.4/20260921_125703_seed7_bs16
  command: /home/students/HuangMingYu/code/py/my_idea/my_idea/scripts/train.py -c /home/students/HuangMingYu/code/py/my_idea/my_idea/outputs/v24-COE/experiments/coe_depth_pool/configs/v24_hetero_s1_top8_random_rate0.4_e30_seed7.json --train_npz /home/students/HuangMingYu/code/py/my_idea/my_idea/data/TaxiBJ/taxibj_train.npz --val_npz /home/students/HuangMingYu/code/py/my_idea/my_idea/data/TaxiBJ/taxibj_val.npz --test_npz /home/students/HuangMingYu/code/py/my_idea/my_idea/data/TaxiBJ/taxibj_test.npz --no_plot -n v24_hetero_s1_top8_random_rate0.4_e30_seed7 --result-file /home/students/HuangMingYu/code/py/my_idea/my_idea/outputs/v24-COE/experiments/coe_depth_pool/results/v24_hetero_s1_top8_random_rate0.4_e30_seed7.json
  git_commit: 880e5987b1ba4bdeb30fe5b334b80ad2925ee395
  git_branch: v24-COE
  git_dirty: True
  config_sha256: 8cd66698ec3e4168bbbe11dfdb4efd3ff2a2da9ce99a67c675c98a57a7acdfda
  python: 3.9.25
  torch: 2.6.0+cu124
  cuda_runtime: 12.4
  train_npz: /home/students/HuangMingYu/code/py/my_idea/my_idea/data/TaxiBJ/taxibj_train.npz
  val_npz: /home/students/HuangMingYu/code/py/my_idea/my_idea/data/TaxiBJ/taxibj_val.npz
  test_npz: /home/students/HuangMingYu/code/py/my_idea/my_idea/data/TaxiBJ/taxibj_test.npz
  dataset: TaxiBJ
  experiment_type: custom
  variant: v24_hetero_s1_top8_random_rate0.4_e30_seed7
  train_samples: 2491
  val_samples: 356
  train_steps_per_epoch: 156
  val_steps_per_epoch: 23
  test_samples: 712
  test_steps: 45
  batch_size: 16
  mask_pattern: random
  mask_rate_config: 0.4
  train_mask: shape=(2491, 1, 12, 32, 32), observed_rate=0.6006, missing_rate=0.3994
  val_mask: shape=(356, 1, 12, 32, 32), observed_rate=0.6006, missing_rate=0.3994
  data_shape: (2491, 2, 12, 32, 32)
  device: cuda
  device_name: NVIDIA GeForce RTX 3090
  total_params: 205,121
  trainable_params: 205,121
Config
{
  "seed": 7,
  "output_dir": "outputs/v24-COE",
  "device": "cuda",
  "data": {
    "dataset_name": "TaxiBJ",
    "batch_size": 16,
    "num_workers": 0,
    "pin_memory": true,
    "drop_last": false,
    "mask": {
      "pattern": "random",
      "missing_rate": 0.4,
      "train_csv": "/home/students/HuangMingYu/code/py/my_idea/my_idea/data/TaxiBJ/random_mask/0.4/train.csv",
      "val_csv": "/home/students/HuangMingYu/code/py/my_idea/my_idea/data/TaxiBJ/random_mask/0.4/val.csv",
      "test_csv": "/home/students/HuangMingYu/code/py/my_idea/my_idea/data/TaxiBJ/random_mask/0.4/test.csv"
    },
    "synthetic": {
      "num_train": 128,
      "num_val": 32,
      "t": 12,
      "h": 32,
      "w": 32
    },
    "multiscale": false,
    "loader_seed": 7,
    "train_mask_diversity": null,
    "eval_mask_diversity": null
  },
  "model": {
    "architecture": "v24_ts_coe",
    "c_in": 2,
    "main": {
      "dim": 64,
      "max_t": 12,
      "h": 32,
      "w": 32,
      "scale_mode": "fine",
      "use_multiscale": false
    },
    "coe": {
      "num_steps": 1,
      "expert_pool": [
        "T",
        "S",
        "TD",
        "SD",
        "TA",
        "ST",
        "TL",
        "SL"
      ],
      "routing_mode": "hard",
      "fixed_path": null,
      "fixed_expert_steps": [
        null
      ],
      "router_state": "dynamic",
      "expert_state": "dynamic",
      "use_shared": true,
      "use_routed": true,
      "temperature": 1.0,
      "temporal_kernel": 3,
      "spatial_kernel": 3,
      "temporal_dilation": 2,
      "spatial_dilation": 2,
      "attention_heads": 4,
      "residual_init": 0.1,
      "routing_warmup_epochs": 0,
      "routing_transition_epochs": 0,
      "uniform_mix_start": 0.5,
      "sampling_temperature_start": 2.0,
      "top_k": 8
    },
    "aux": {
      "enabled": false,
      "alpha_init": 0.0
    }
  },
  "loss": {
    "type": "l1",
    "lambda_coe_mid": 0.0,
    "lambda_coe_balance": 0.01
  },
  "train": {
    "epochs": 30,
    "val_epoch": 2,
    "lr_main": 0.001,
    "weight_decay": 0.0001,
    "grad_clip_norm": 1.0,
    "amp": true,
    "save_every": 10,
    "scheduler": {
      "type": "cosine",
      "eta_min": 1e-06,
      "total_epochs": 30
    },
    "early_stopping": {
      "enabled": false,
      "monitor": "val_mae",
      "patience": 40,
      "mode": "min"
    },
    "save_best_checkpoint": false
  },
  "experiment_plan": {
    "stage": "coe_depth_pool",
    "variant": "hetero_s1_top8",
    "protocol": "random_rate0.4",
    "protocol_kind": "legacy_csv"
  }
}
------------------------------------------------------------------------------------------------
-----------------------------------------------------------------------------------------------------------------
 epoch         loss         mae         rmse     val_mae          lr   train_s    val_s   epoch_s   mem_gb   best
-----------------------------------------------------------------------------------------------------------------
     1     97.91554     97.9010     163.0971           -    1.00e-03      33.9      0.0      33.9     3.86       
     2     70.05168     70.0047     130.5143     53.5356    9.97e-04      33.8      2.0      35.8     3.86      *
Best model at epoch 2 (val_mae=53.5356)
     3     54.90563     54.8552     107.5457           -    9.89e-04      33.9      0.0      33.9     3.86       
     4     47.14261     47.1266      93.0541     41.0972    9.76e-04      33.9      2.0      35.9     3.86      *
Best model at epoch 4 (val_mae=41.0972)
     5     42.94884     42.9115      83.9283           -    9.57e-04      33.9      0.0      33.9     3.86       
     6     39.81219     39.7950      77.0528     34.0875    9.33e-04      34.1      2.0      36.0     3.86      *
Best model at epoch 6 (val_mae=34.0875)
     7     37.17427     37.1531      71.0412           -    9.05e-04      34.1      0.0      34.1     3.86       
     8     35.24321     35.2208      66.4879     31.2570    8.72e-04      34.1      2.0      36.0     3.86      *
Best model at epoch 8 (val_mae=31.2570)
     9     33.72726     33.7125      62.8375           -    8.35e-04      34.1      0.0      34.1     3.86       
    10     32.66341     32.6402      60.1728     29.2004    7.94e-04      34.1      2.0      36.1     3.86      *
Best model at epoch 10 (val_mae=29.2004)
    11     31.55893     31.5334      57.6489           -    7.50e-04      34.1      0.0      34.1     3.86       
    12     30.78669     30.7531      55.7974     28.2027    7.04e-04      34.1      2.0      36.1     3.86      *
Best model at epoch 12 (val_mae=28.2027)
    13     30.14300     30.1157      54.2498           -    6.55e-04      34.1      0.0      34.1     3.86       
    14     29.65473     29.6281      53.0596     27.0479    6.04e-04      34.1      2.0      36.0     3.86      *
Best model at epoch 14 (val_mae=27.0479)
    15     29.06274     29.0347      51.7956           -    5.53e-04      34.1      0.0      34.1     3.86       
    16     28.57603     28.5538      50.7356     26.6751    5.01e-04      34.1      2.0      36.1     3.86      *
Best model at epoch 16 (val_mae=26.6751)
    17     28.09870     28.0723      49.7220           -    4.48e-04      34.1      0.0      34.1     3.86       
    18     27.72673     27.7013      48.9123     25.8518    3.97e-04      34.1      2.0      36.1     3.86      *
Best model at epoch 18 (val_mae=25.8518)
    19     27.53332     27.5137      48.4276           -    3.46e-04      34.1      0.0      34.1     3.86       
    20     27.19935     27.1796      47.7902     25.4367    2.97e-04      34.1      2.0      36.1     3.86      *
Best model at epoch 20 (val_mae=25.4367)
    21     26.90509     26.8853      47.2057           -    2.51e-04      34.1      0.0      34.1     3.86       
    22     26.71023     26.6790      46.7744     25.0959    2.07e-04      34.1      2.0      36.1     3.86      *
Best model at epoch 22 (val_mae=25.0959)
    23     26.49570     26.4671      46.3276           -    1.66e-04      34.1      0.0      34.1     3.86       
    24     26.35230     26.3343      46.0293     24.8206    1.29e-04      34.1      2.0      36.1     3.86      *
Best model at epoch 24 (val_mae=24.8206)
    25     26.21485     26.1921      45.7545           -    9.64e-05      34.1      0.0      34.1     3.86       
    26     26.08887     26.0762      45.5026     24.6344    6.79e-05      34.1      2.0      36.1     3.86      *
Best model at epoch 26 (val_mae=24.6344)
    27     26.01363     25.9920      45.3608           -    4.42e-05      34.1      0.0      34.1     3.86       
    28     25.94703     25.9257      45.2240     24.5081    2.54e-05      34.1      2.0      36.1     3.86      *
Best model at epoch 28 (val_mae=24.5081)
    29     25.90648     25.8771      45.1332           -    1.19e-05      34.1      0.0      34.1     3.86       
    30     25.87481     25.8530      45.0872     24.4735    3.74e-06      34.1      2.0      36.1     3.86      *
Best model at epoch 30 (val_mae=24.4735)

------------------------------------------------------------------------------------------------
Training finished normally: 2026-09-21 13:14:39
Summary
  completed_epochs: 30
  best_epoch: 30
  best_val_mae: 24.473458
  val_epoch: 2
  validation_count: 15
  final_train_loss: 25.874806
  final_train_mae: 25.853006
  final_val_loss: 24.754512
  final_val_mae: 24.473458
  total_time: 17m 35s
  avg_epoch_time_sec: 35.04
  avg_train_sec_per_step: 0.2183
  avg_val_sec_per_step: 0.0432
  peak_memory_gb: 3.86
  test_loss: 23.268294
  test_mae: 23.297477
  test_rmse: 39.693186
  test_mape: 311230.835490
  test_time_sec: 3.97
  best_checkpoint: n/a
  best_state_source: cpu_memory
  metrics_jsonl: /home/students/HuangMingYu/code/py/my_idea/my_idea/outputs/v24-COE/TaxiBJ/custom/v24_hetero_s1_top8_random_rate0.4_e30_seed7/random/rate0.4/20260921_125703_seed7_bs16/logs/metrics.jsonl
------------------------------------------------------------------------------------------------
