Training started: 2026-09-21 02:35:02
------------------------------------------------------------------------------------------------
Run
  run_dir: /home/students/HuangMingYu/code/py/my_idea/my_idea/outputs/v24-COE/experiments/coe_rate_compare/TaxiBJ/custom/v24_coe_rate_compare_A2_random_rate0.2_seed7/random/rate0.2/20260921_023500_seed7_bs16
  command: /home/students/HuangMingYu/code/py/my_idea/my_idea/scripts/train.py -c /home/students/HuangMingYu/code/py/my_idea/my_idea/outputs/v24-COE/experiments/coe_rate_compare/configs/v24_coe_rate_compare_A2_random_rate0.2_seed7.json --train_npz /home/students/HuangMingYu/code/py/my_idea/my_idea/data/TaxiBJ/taxibj_train.npz --val_npz /home/students/HuangMingYu/code/py/my_idea/my_idea/data/TaxiBJ/taxibj_val.npz --test_npz /home/students/HuangMingYu/code/py/my_idea/my_idea/data/TaxiBJ/taxibj_test.npz --no_plot -n v24_coe_rate_compare_A2_random_rate0.2_seed7 --result-file /home/students/HuangMingYu/code/py/my_idea/my_idea/outputs/v24-COE/experiments/coe_rate_compare/results/v24_coe_rate_compare_A2_random_rate0.2_seed7.json
  git_commit: 60eea820838eaddb1e1c77590945db0897f79169
  git_branch: v24-COE
  git_dirty: True
  config_sha256: 1a39f0bf7d6f4286ee7dac5278e52f1643ede0b4f6b228db7626719576d4e3b4
  python: 3.9.25
  torch: 2.6.0+cu124
  cuda_runtime: 12.4
  train_npz: /home/students/HuangMingYu/code/py/my_idea/my_idea/data/TaxiBJ/taxibj_train.npz
  val_npz: /home/students/HuangMingYu/code/py/my_idea/my_idea/data/TaxiBJ/taxibj_val.npz
  test_npz: /home/students/HuangMingYu/code/py/my_idea/my_idea/data/TaxiBJ/taxibj_test.npz
  dataset: TaxiBJ
  experiment_type: custom
  variant: v24_coe_rate_compare_A2_random_rate0.2_seed7
  train_samples: 2491
  val_samples: 356
  train_steps_per_epoch: 156
  val_steps_per_epoch: 23
  test_samples: 712
  test_steps: 45
  batch_size: 16
  mask_pattern: random
  mask_rate_config: 0.2
  train_mask: shape=(2491, 1, 12, 32, 32), observed_rate=0.8008, missing_rate=0.1992
  val_mask: shape=(356, 1, 12, 32, 32), observed_rate=0.8008, missing_rate=0.1992
  data_shape: (2491, 2, 12, 32, 32)
  device: cuda
  device_name: NVIDIA GeForce RTX 3090
  total_params: 211,507
  trainable_params: 211,507
Config
{
  "seed": 7,
  "output_dir": "outputs/v24-COE/experiments/coe_rate_compare",
  "device": "cuda",
  "data": {
    "dataset_name": "TaxiBJ",
    "batch_size": 16,
    "num_workers": 0,
    "pin_memory": true,
    "drop_last": false,
    "mask": {
      "pattern": "random",
      "missing_rate": 0.2,
      "train_csv": "/home/students/HuangMingYu/code/py/my_idea/my_idea/data/TaxiBJ/random_mask/0.2/train.csv",
      "val_csv": "/home/students/HuangMingYu/code/py/my_idea/my_idea/data/TaxiBJ/random_mask/0.2/val.csv",
      "test_csv": "/home/students/HuangMingYu/code/py/my_idea/my_idea/data/TaxiBJ/random_mask/0.2/test.csv"
    },
    "synthetic": {
      "num_train": 128,
      "num_val": 32,
      "t": 12,
      "h": 32,
      "w": 32
    },
    "multiscale": false,
    "loader_seed": 7,
    "train_mask_diversity": null,
    "eval_mask_diversity": null
  },
  "model": {
    "architecture": "v24_ts_coe",
    "c_in": 2,
    "main": {
      "dim": 64,
      "max_t": 12,
      "h": 32,
      "w": 32,
      "scale_mode": "fine",
      "use_multiscale": false
    },
    "coe": {
      "num_steps": 4,
      "expert_pool": [
        "T",
        "S",
        "TD",
        "SD",
        "TA",
        "ST"
      ],
      "routing_mode": "soft",
      "fixed_path": null,
      "fixed_expert_steps": [
        null,
        null,
        null,
        null
      ],
      "router_state": "dynamic",
      "expert_state": "dynamic",
      "use_shared": true,
      "use_routed": true,
      "temperature": 1.0,
      "temporal_kernel": 3,
      "spatial_kernel": 3,
      "temporal_dilation": 2,
      "spatial_dilation": 2,
      "attention_heads": 4,
      "residual_init": 0.1,
      "routing_warmup_epochs": 0,
      "routing_transition_epochs": 0,
      "uniform_mix_start": 0.5,
      "sampling_temperature_start": 2.0,
      "global_route_weights": false
    },
    "aux": {
      "enabled": false,
      "alpha_init": 0.0
    }
  },
  "loss": {
    "type": "l1",
    "lambda_coe_mid": 0.0,
    "lambda_coe_balance": 0.01
  },
  "train": {
    "epochs": 100,
    "val_epoch": 5,
    "lr_main": 0.001,
    "weight_decay": 0.0001,
    "grad_clip_norm": 1.0,
    "amp": true,
    "save_every": 10,
    "scheduler": {
      "type": "cosine",
      "eta_min": 1e-06,
      "total_epochs": 100
    },
    "early_stopping": {
      "enabled": false,
      "monitor": "val_mae",
      "patience": 40,
      "mode": "min"
    },
    "save_best_checkpoint": true
  },
  "experiment_plan": {
    "stage": "coe_rate_compare",
    "variant": "A2",
    "protocol": "random_rate0.2",
    "protocol_kind": "legacy_csv",
    "training_mask_source": "csv",
    "evaluation_mask_source": "fixed_csv_per_split"
  }
}
------------------------------------------------------------------------------------------------
-----------------------------------------------------------------------------------------------------------------
 epoch         loss         mae         rmse     val_mae          lr   train_s    val_s   epoch_s   mem_gb   best
-----------------------------------------------------------------------------------------------------------------
     1     97.98454     97.9751     163.8959           -    1.00e-03      90.8      0.0      90.8    11.42       
     2     68.38005     68.3303     131.8025           -    1.00e-03      90.6      0.0      90.6    11.42       
     3     50.60519     50.5192     105.6945           -    9.99e-04      90.7      0.0      90.7    11.42       
     4     42.60955     42.5627      91.2073           -    9.98e-04      90.7      0.0      90.7    11.42       
     5     37.25292     37.1830      80.7394     30.3873    9.96e-04      90.7      5.6      96.3    11.42      *
Best model at epoch 5 (val_mae=30.3873)
     6     33.55486     33.5058      73.1694           -    9.94e-04      90.7      0.0      90.7    11.42       
     7     30.52296     30.4676      66.5884           -    9.91e-04      90.7      0.0      90.7    11.42       
     8     28.07579     28.0210      61.1754           -    9.88e-04      90.7      0.0      90.7    11.42       
     9     25.91097     25.8639      56.0464           -    9.84e-04      90.7      0.0      90.7    11.42       
    10     24.18122     24.1242      51.6643     20.8682    9.80e-04      90.7      5.6      96.3    11.42      *
Best model at epoch 10 (val_mae=20.8682)
    11     22.86379     22.8079      48.2814           -    9.76e-04      90.7      0.0      90.7    11.42       
    12     21.76549     21.6982      45.4893           -    9.70e-04      90.7      0.0      90.7    11.42       
    13     20.88312     20.8244      43.0234           -    9.65e-04      90.7      0.0      90.7    11.42       
    14     19.96334     19.9011      40.6177           -    9.59e-04      90.7      0.0      90.7    11.42       
    15     19.12535     19.0640      38.4336     17.1064    9.52e-04      90.7      5.6      96.3    11.42      *
Best model at epoch 15 (val_mae=17.1064)
    16     18.33296     18.2722      36.3174           -    9.46e-04      90.7      0.0      90.7    11.42       
    17     17.65363     17.5911      34.5186           -    9.38e-04      90.7      0.0      90.7    11.42       
    18     17.17947     17.1174      33.1596           -    9.30e-04      90.7      0.0      90.7    11.42       
    19     16.77801     16.7203      31.9662           -    9.22e-04      90.7      0.0      90.7    11.42       
    20     16.16867     16.1110      30.3769     14.9417    9.14e-04      90.7      5.6      96.3    11.42      *
Best model at epoch 20 (val_mae=14.9417)
    21     15.74926     15.6932      29.2228           -    9.05e-04      90.7      0.0      90.7    11.42       
    22     15.27216     15.2067      28.0185           -    8.95e-04      90.7      0.0      90.7    11.42       
    23     14.91010     14.8456      26.9803           -    8.85e-04      90.7      0.0      90.7    11.42       
    24     14.63933     14.5830      26.2363           -    8.75e-04      90.7      0.0      90.7    11.42       
    25     14.37433     14.3158      25.5396     13.4716    8.65e-04      90.7      5.6      96.3    11.42      *
Best model at epoch 25 (val_mae=13.4716)
    26     14.01174     13.9574      24.5584           -    8.54e-04      90.7      0.0      90.7    11.42       
    27     13.80879     13.7506      24.0343           -    8.42e-04      90.7      0.0      90.7    11.42       
    28     13.49646     13.4374      23.2819           -    8.31e-04      90.7      0.0      90.7    11.42       
    29     13.39208     13.3327      22.9335           -    8.19e-04      90.7      0.0      90.7    11.42       
    30     13.11482     13.0553      22.3093     12.2929    8.07e-04      90.7      5.6      96.3    11.42      *
Best model at epoch 30 (val_mae=12.2929)
    31     12.89801     12.8353      21.7944           -    7.94e-04      90.7      0.0      90.7    11.42       
    32     12.77426     12.7174      21.4696           -    7.81e-04      90.7      0.0      90.7    11.42       
    33     12.54331     12.4830      20.9430           -    7.68e-04      90.7      0.0      90.7    11.42       
    34     12.48254     12.4206      20.7825           -    7.55e-04      90.7      0.0      90.7    11.42       
    35     12.34249     12.2819      20.4154     12.0271    7.41e-04      90.7      5.6      96.3    11.42      *
Best model at epoch 35 (val_mae=12.0271)
    36     12.16637     12.1030      20.0388           -    7.27e-04      90.7      0.0      90.7    11.42       
    37     12.03826     11.9781      19.7584           -    7.13e-04      90.7      0.0      90.7    11.42       
    38     11.92707     11.8638      19.5391           -    6.99e-04      90.7      0.0      90.7    11.42       
    39     11.89606     11.8369      19.4505           -    6.84e-04      90.7      0.0      90.7    11.42       
    40     11.73677     11.6770      19.1169     11.1884    6.70e-04      90.6      5.6      96.3    11.42      *
Best model at epoch 40 (val_mae=11.1884)
    41     11.66580     11.6059      19.0015           -    6.55e-04      90.6      0.0      90.6    11.42       
    42     11.52691     11.4693      18.6999           -    6.40e-04      90.6      0.0      90.6    11.42       
    43     11.52433     11.4647      18.6852           -    6.25e-04      90.7      0.0      90.7    11.42       
    44     11.48506     11.4263      18.6371           -    6.09e-04      90.7      0.0      90.7    11.42       
    45     11.33486     11.2775      18.3144     11.1806    5.94e-04      90.7      5.6      96.3    11.42      *
Best model at epoch 45 (val_mae=11.1806)
    46     11.24874     11.1860      18.1336           -    5.79e-04      90.7      0.0      90.7    11.42       
    47     11.17436     11.1153      17.9787           -    5.63e-04      90.7      0.0      90.7    11.42       
    48     11.09598     11.0352      17.8446           -    5.48e-04      90.7      0.0      90.7    11.42       
    49     11.04076     10.9787      17.7343           -    5.32e-04      90.7      0.0      90.7    11.42       
    50     11.00309     10.9459      17.6578     10.6893    5.16e-04      90.7      5.6      96.3    11.42      *
Best model at epoch 50 (val_mae=10.6893)
    51     10.90016     10.8417      17.4883           -    5.01e-04      90.8      0.0      90.8    11.42       
    52     10.70002     10.6473      17.1225           -    4.85e-04      90.8      0.0      90.8    11.42       
    53     10.48619     10.4373      16.7712           -    4.69e-04      90.8      0.0      90.8    11.42       
    54     10.33406     10.2854      16.4814           -    4.53e-04      90.9      0.0      90.9    11.42       
    55     10.11343     10.0695      16.0857      9.9010    4.38e-04      90.9      5.6      96.6    11.42      *
Best model at epoch 55 (val_mae=9.9010)
    56      9.92635      9.8836      15.7640           -    4.22e-04      91.0      0.0      91.0    11.42       
    57      9.76540      9.7262      15.4828           -    4.07e-04      91.0      0.0      91.0    11.42       
    58      9.63175      9.5949      15.2505           -    3.92e-04      91.0      0.0      91.0    11.42       
    59      9.55989      9.5232      15.1162           -    3.76e-04      91.0      0.0      91.0    11.42       
    60      9.44015      9.4070      14.9184      9.2066    3.61e-04      91.0      5.6      96.6    11.42      *
Best model at epoch 60 (val_mae=9.2066)
    61      9.35879      9.3242      14.7550           -    3.46e-04      91.0      0.0      91.0    11.42       
    62      9.25587      9.2228      14.5884           -    3.31e-04      91.0      0.0      91.0    11.42       
    63      9.18423      9.1516      14.4636           -    3.17e-04      91.0      0.0      91.0    11.42       
    64      9.13296      9.1018      14.3833           -    3.02e-04      91.0      0.0      91.0    11.42       
    65      9.06605      9.0350      14.2540      8.9369    2.88e-04      91.0      5.6      96.6    11.42      *
Best model at epoch 65 (val_mae=8.9369)
    66      9.01286      8.9807      14.1588           -    2.74e-04      91.0      0.0      91.0    11.42       
    67      8.96156      8.9298      14.0699           -    2.60e-04      91.0      0.0      91.0    11.42       
    68      8.91476      8.8841      13.9904           -    2.46e-04      91.0      0.0      91.0    11.42       
    69      8.88013      8.8484      13.9294           -    2.33e-04      91.0      0.0      91.0    11.42       
    70      8.83491      8.8081      13.8441      8.7588    2.20e-04      91.0      5.6      96.6    11.42      *
Best model at epoch 70 (val_mae=8.7588)
    71      8.80550      8.7768      13.8064           -    2.07e-04      91.0      0.0      91.0    11.42       
    72      8.75415      8.7250      13.7155           -    1.94e-04      91.0      0.0      91.0    11.42       
    73      8.72719      8.6971      13.6579           -    1.82e-04      91.0      0.0      91.0    11.42       
    74      8.68884      8.6625      13.6153           -    1.70e-04      91.1      0.0      91.1    11.42       
    75      8.65720      8.6283      13.5391      8.6361    1.59e-04      91.0      5.6      96.7    11.42      *
Best model at epoch 75 (val_mae=8.6361)
    76      8.62747      8.6003      13.4971           -    1.47e-04      91.1      0.0      91.1    11.42       
    77      8.59848      8.5717      13.4474           -    1.36e-04      91.0      0.0      91.0    11.42       
    78      8.57730      8.5521      13.4188           -    1.26e-04      91.1      0.0      91.1    11.42       
    79      8.55571      8.5287      13.3820           -    1.16e-04      91.1      0.0      91.1    11.42       
    80      8.53461      8.5060      13.3343      8.5276    1.06e-04      91.1      5.6      96.7    11.42      *
Best model at epoch 80 (val_mae=8.5276)
    81      8.51223      8.4849      13.2995           -    9.64e-05      91.1      0.0      91.1    11.42       
    82      8.49406      8.4673      13.2717           -    8.74e-05      91.1      0.0      91.1    11.42       
    83      8.47605      8.4493      13.2351           -    7.88e-05      91.1      0.0      91.1    11.42       
    84      8.45908      8.4347      13.2138           -    7.06e-05      91.1      0.0      91.1    11.42       
    85      8.43967      8.4150      13.1746      8.4363    6.28e-05      91.1      5.6      96.7    11.42      *
Best model at epoch 85 (val_mae=8.4363)
    86      8.42731      8.4032      13.1581           -    5.54e-05      91.1      0.0      91.1    11.42       
    87      8.41806      8.3912      13.1364           -    4.85e-05      91.1      0.0      91.1    11.42       
    88      8.40623      8.3816      13.1191           -    4.21e-05      91.1      0.0      91.1    11.42       
    89      8.39581      8.3702      13.1052           -    3.61e-05      91.1      0.0      91.1    11.42       
    90      8.38226      8.3583      13.0773      8.4216    3.05e-05      91.1      5.6      96.7    11.42      *
Best model at epoch 90 (val_mae=8.4216)
    91      8.37473      8.3504      13.0643           -    2.54e-05      91.1      0.0      91.1    11.42       
    92      8.36604      8.3445      13.0535           -    2.08e-05      91.1      0.0      91.1    11.42       
    93      8.36438      8.3383      13.0432           -    1.67e-05      91.1      0.0      91.1    11.42       
    94      8.35536      8.3314      13.0301           -    1.30e-05      91.1      0.0      91.1    11.42       
    95      8.35063      8.3264      13.0215      8.3851    9.85e-06      91.1      5.6      96.7    11.42      *
Best model at epoch 95 (val_mae=8.3851)
    96      8.34639      8.3222      13.0110           -    7.15e-06      91.1      0.0      91.1    11.42       
    97      8.34421      8.3192      13.0092           -    4.94e-06      91.1      0.0      91.1    11.42       
    98      8.33945      8.3164      13.0032           -    3.22e-06      91.1      0.0      91.1    11.42       
    99      8.33914      8.3145      13.0015           -    1.99e-06      91.1      0.0      91.1    11.42       
   100      8.33858      8.3130      12.9969      8.3779    1.25e-06      91.1      5.6      96.7    11.42      *
Best model at epoch 100 (val_mae=8.3779)

------------------------------------------------------------------------------------------------
Training finished normally: 2026-09-21 05:08:31
Summary
  completed_epochs: 100
  best_epoch: 100
  best_val_mae: 8.377861
  val_epoch: 5
  validation_count: 20
  final_train_loss: 8.338576
  final_train_mae: 8.312969
  final_val_loss: 8.477225
  final_val_mae: 8.377861
  total_time: 2h 33m 29s
  avg_epoch_time_sec: 91.98
  avg_train_sec_per_step: 0.5824
  avg_val_sec_per_step: 0.0489
  peak_memory_gb: 11.42
  test_loss: 8.045364
  test_mae: 8.034979
  test_rmse: 12.623920
  test_mape: 46027.123632
  test_time_sec: 11.23
  best_checkpoint: /home/students/HuangMingYu/code/py/my_idea/my_idea/outputs/v24-COE/experiments/coe_rate_compare/TaxiBJ/custom/v24_coe_rate_compare_A2_random_rate0.2_seed7/random/rate0.2/20260921_023500_seed7_bs16/checkpoints/best.pt
  best_state_source: checkpoint
  metrics_jsonl: /home/students/HuangMingYu/code/py/my_idea/my_idea/outputs/v24-COE/experiments/coe_rate_compare/TaxiBJ/custom/v24_coe_rate_compare_A2_random_rate0.2_seed7/random/rate0.2/20260921_023500_seed7_bs16/logs/metrics.jsonl
------------------------------------------------------------------------------------------------
