Training started: 2026-09-27 21:47:02
------------------------------------------------------------------------------------------------
Run
  run_dir: /home/students/HuangMingYu/code/py/my_idea/my_idea/outputs/v24-COE/BikeNYC/custom/v24_coe_focus_focus_coe_independent_mixed9_rate0.4_updates_seed7/random/rate0.4/20260927_214702_seed7_bs16
  command: /home/students/HuangMingYu/code/py/my_idea/my_idea/scripts/train.py -c /home/students/HuangMingYu/code/py/my_idea/my_idea/outputs/v24-COE/experiments/coe_focus_bikenyc/coe_focus_bikenyc/8f8c5e43d72bfa23/configs/v24_coe_focus_focus_coe_independent_mixed9_rate0.4_updates_seed7.json --no_plot --name v24_coe_focus_focus_coe_independent_mixed9_rate0.4_updates_seed7 --train_npz /home/students/HuangMingYu/code/py/my_idea/my_idea/data/BikeNYC/bikenyc_train.npz --val_npz /home/students/HuangMingYu/code/py/my_idea/my_idea/data/BikeNYC/bikenyc_val.npz --test_npz /home/students/HuangMingYu/code/py/my_idea/my_idea/data/BikeNYC/bikenyc_test.npz --result-file /home/students/HuangMingYu/code/py/my_idea/my_idea/outputs/v24-COE/experiments/coe_focus_bikenyc/coe_focus_bikenyc/8f8c5e43d72bfa23/results/v24_coe_focus_focus_coe_independent_mixed9_rate0.4_updates_seed7.attempt1.json
  git_commit: 6d65c6f5bae7f835e65dd5e9fee0acf3f5c29108
  git_branch: v24-COE
  git_dirty: True
  config_sha256: 7ce097a180fdc88ae620b9d1d0b9d6fd9aa7e7317984f80589b822488cdc35de
  python: 3.9.25
  torch: 2.6.0+cu124
  cuda_runtime: 12.4
  train_npz: /home/students/HuangMingYu/code/py/my_idea/my_idea/data/BikeNYC/bikenyc_train.npz
  val_npz: /home/students/HuangMingYu/code/py/my_idea/my_idea/data/BikeNYC/bikenyc_val.npz
  test_npz: /home/students/HuangMingYu/code/py/my_idea/my_idea/data/BikeNYC/bikenyc_test.npz
  dataset: BikeNYC
  experiment_type: custom
  variant: v24_coe_focus_focus_coe_independent_mixed9_rate0.4_updates_seed7
  train_samples: 511
  val_samples: 73
  train_steps_per_epoch: 32
  val_steps_per_epoch: 5
  test_samples: 147
  test_steps: 10
  batch_size: 16
  world_size: 2
  per_device_batch_size: 8
  mask_pattern: random
  mask_rate_config: 0.4
  train_mask: unknown
  val_mask: unknown
  data_shape: (511, 2, 12, 24, 12)
  device: cuda:0
  device_name: NVIDIA GeForce RTX 3090
  total_params: 447,543
  trainable_params: 447,543
Config
{
  "seed": 7,
  "output_dir": "/home/students/HuangMingYu/code/py/my_idea/my_idea/outputs/v24-COE",
  "device": "cuda",
  "data": {
    "dataset_name": "BikeNYC",
    "batch_size": 16,
    "num_workers": 0,
    "pin_memory": true,
    "drop_last": false,
    "mask": {
      "pattern": "random",
      "missing_rate": 0.4
    },
    "synthetic": {
      "num_train": 128,
      "num_val": 32,
      "t": 12,
      "h": 24,
      "w": 12
    },
    "multiscale": false,
    "loader_seed": 7,
    "train_mask_diversity": {
      "families": [
        "random_point",
        "node_outage",
        "temporal_gap",
        "spatial_region",
        "spatiotemporal_block",
        "stripe",
        "moving_region",
        "multi_block",
        "composite"
      ],
      "rates": [
        0.4
      ],
      "seed": 20260917,
      "resample_each_epoch": true
    },
    "eval_mask_diversity": {
      "families": [
        "random_point",
        "node_outage",
        "temporal_gap",
        "spatial_region",
        "spatiotemporal_block",
        "stripe",
        "moving_region",
        "multi_block",
        "composite"
      ],
      "rates": [
        0.4
      ],
      "seed": 20260917,
      "resample_each_epoch": false
    }
  },
  "model": {
    "architecture": "v24_ts_coe",
    "c_in": 2,
    "main": {
      "dim": 64,
      "max_t": 12,
      "h": 24,
      "w": 12,
      "scale_mode": "fine",
      "use_multiscale": false
    },
    "coe": {
      "num_steps": 3,
      "expert_pool": [
        "T",
        "S",
        "TD",
        "SD",
        "TA",
        "ST"
      ],
      "routing_mode": "hard",
      "fixed_path": null,
      "fixed_expert_steps": [
        null,
        null,
        null
      ],
      "router_state": "dynamic",
      "expert_state": "dynamic",
      "use_shared": true,
      "use_routed": true,
      "temperature": 1.0,
      "temporal_kernel": 3,
      "spatial_kernel": 3,
      "temporal_dilation": 2,
      "spatial_dilation": 2,
      "attention_heads": 4,
      "residual_init": 0.1,
      "routing_warmup_epochs": 3,
      "routing_transition_epochs": 3,
      "uniform_mix_start": 0.5,
      "sampling_temperature_start": 2.0,
      "top_k": 2,
      "router_hidden_dim": 64,
      "pair_mode": "native",
      "acceptance": "none",
      "expert_sharing": "per_step",
      "previous_expert_context": false,
      "global_route_weights": false,
      "router_input_noise_std": 0.0,
      "router_input_noise_steps": 0,
      "completion_feedback": true
    },
    "aux": {
      "enabled": false,
      "alpha_init": 0.0
    }
  },
  "loss": {
    "type": "l1",
    "lambda_coe_mid": 0.0,
    "lambda_coe_balance": 0.01,
    "lambda_coe_z": 0.0
  },
  "train": {
    "epochs": 80,
    "val_epoch": 2,
    "lr_main": 0.001,
    "weight_decay": 0.0001,
    "grad_clip_norm": 1.0,
    "amp": true,
    "save_every": 10,
    "scheduler": {
      "type": "cosine",
      "total_epochs": 80,
      "eta_min": 1e-06
    },
    "early_stopping": {
      "enabled": false
    },
    "save_best_checkpoint": false,
    "router_grad_diagnostic_every": 0
  },
  "experiment_plan": {
    "stage": "coe_focus",
    "variant": "focus_coe_independent",
    "protocol": "mixed9_rate0.4",
    "protocol_kind": "generated_diverse",
    "budget_regime": "updates",
    "mask_metadata": null,
    "training_mask_source": "dynamic_diverse",
    "evaluation_mask_source": "diverse_fixed_per_split"
  },
  "experiment_suite_fingerprint": "8f8c5e43d72bfa233bedf1b9680dd7357cfd5a3c90656179cf85f3ef7767fe09"
}
------------------------------------------------------------------------------------------------
-----------------------------------------------------------------------------------------------------------------
 epoch         loss         mae         rmse     val_mae          lr   train_s    val_s   epoch_s   mem_gb   best
-----------------------------------------------------------------------------------------------------------------
     1     10.74792     10.7464      31.6677           -    1.00e-03       2.1      0.0       2.1     0.75       
     2     10.22136     10.2100      30.9710     11.1076    1.00e-03       1.6      0.2       1.8     0.74      *
Best model at epoch 2 (val_mae=11.1076)
     3      9.33691      9.3280      29.2884           -    9.98e-04       1.6      0.0       1.6     0.75       
     4      8.98180      8.9660      28.5242     10.2927    9.97e-04       1.5      0.1       1.6     0.75      *
Best model at epoch 4 (val_mae=10.2927)
     5      8.42337      8.4028      26.9430           -    9.94e-04       1.6      0.0       1.6     0.70       
     6      8.32409      8.2986      26.7710      9.4571    9.90e-04       1.6      0.1       1.7     0.70      *
Best model at epoch 6 (val_mae=9.4571)
     7      7.88964      7.8765      25.7890           -    9.86e-04       1.5      0.0       1.5     0.69       
     8      7.84568      7.8285      25.4162      8.6648    9.81e-04       1.6      0.1       1.7     0.71      *
Best model at epoch 8 (val_mae=8.6648)
     9      7.51761      7.5000      24.3002           -    9.76e-04       1.5      0.0       1.5     0.70       
    10      7.20494      7.1850      23.6011      8.2044    9.69e-04       1.5      0.1       1.7     0.70      *
Best model at epoch 10 (val_mae=8.2044)
    11      6.72456      6.7089      22.1995           -    9.62e-04       1.6      0.0       1.6     0.70       
    12      6.38880      6.3684      21.5619      7.7639    9.54e-04       1.5      0.1       1.7     0.70      *
Best model at epoch 12 (val_mae=7.7639)
    13      6.65339      6.6368      21.7135           -    9.46e-04       1.5      0.0       1.5     0.68       
    14      6.16236      6.1413      20.5393      7.1557    9.36e-04       1.5      0.1       1.7     0.68      *
Best model at epoch 14 (val_mae=7.1557)
    15      6.15524      6.1327      20.1568           -    9.26e-04       1.6      0.0       1.6     0.66       
    16      6.00658      5.9857      19.5268      6.8220    9.16e-04       1.5      0.1       1.6     0.66      *
Best model at epoch 16 (val_mae=6.8220)
    17      5.85121      5.8282      19.2699           -    9.05e-04       1.5      0.0       1.5     0.66       
    18      5.84558      5.8232      19.0824      6.5355    8.93e-04       1.5      0.1       1.7     0.68      *
Best model at epoch 18 (val_mae=6.5355)
    19      5.73377      5.7137      18.7595           -    8.80e-04       1.6      0.0       1.6     0.66       
    20      5.77803      5.7532      18.7412      6.2454    8.67e-04       1.5      0.1       1.7     0.66      *
Best model at epoch 20 (val_mae=6.2454)
    21      5.34492      5.3216      17.6859           -    8.54e-04       1.6      0.0       1.6     0.67       
    22      5.23768      5.2200      17.4156      6.1252    8.40e-04       1.5      0.1       1.7     0.67      *
Best model at epoch 22 (val_mae=6.1252)
    23      5.31273      5.2914      17.2902           -    8.25e-04       1.6      0.0       1.6     0.66       
    24      5.16505      5.1495      17.0197      5.9126    8.10e-04       1.6      0.1       1.7     0.66      *
Best model at epoch 24 (val_mae=5.9126)
    25      5.16967      5.1482      17.0058           -    7.94e-04       1.5      0.0       1.5     0.66       
    26      5.22677      5.2087      16.9009      5.8124    7.78e-04       1.6      0.1       1.7     0.66      *
Best model at epoch 26 (val_mae=5.8124)
    27      5.25626      5.2372      16.9833           -    7.61e-04       1.6      0.0       1.6     0.67       
    28      5.28636      5.2678      16.9819      5.7530    7.45e-04       1.6      0.1       1.7     0.66      *
Best model at epoch 28 (val_mae=5.7530)
    29      4.94845      4.9247      16.4551           -    7.27e-04       1.5      0.0       1.5     0.66       
    30      4.86325      4.8440      16.0611      5.5663    7.10e-04       1.5      0.1       1.7     0.68      *
Best model at epoch 30 (val_mae=5.5663)
    31      4.83201      4.8118      15.9630           -    6.92e-04       1.6      0.0       1.6     0.66       
    32      4.85572      4.8354      15.9532      5.4288    6.73e-04       1.5      0.1       1.7     0.66      *
Best model at epoch 32 (val_mae=5.4288)
    33      4.82479      4.8061      16.0291           -    6.55e-04       1.6      0.0       1.6     0.66       
    34      4.60080      4.5815      15.3756      5.3641    6.36e-04       1.5      0.1       1.7     0.66      *
Best model at epoch 34 (val_mae=5.3641)
    35      4.57858      4.5553      15.1854           -    6.17e-04       1.5      0.0       1.5     0.66       
    36      4.63776      4.6216      15.1707      5.2180    5.98e-04       1.6      0.1       1.7     0.68      *
Best model at epoch 36 (val_mae=5.2180)
    37      4.71312      4.6920      15.6328           -    5.79e-04       1.6      0.0       1.6     0.68       
    38      4.61041      4.5929      15.2095      5.2446    5.59e-04       1.6      0.1       1.7     0.66       
    39      4.51240      4.4904      15.0619           -    5.40e-04       1.6      0.0       1.6     0.66       
    40      4.47668      4.4565      14.9630      5.2342    5.20e-04       1.6      0.1       1.7     0.66       
    41      4.51774      4.4949      14.9113           -    5.01e-04       1.6      0.0       1.6     0.68       
    42      4.49043      4.4711      15.0941      4.9837    4.81e-04       1.6      0.1       1.7     0.66      *
Best model at epoch 42 (val_mae=4.9837)
    43      4.40262      4.3844      14.6637           -    4.61e-04       1.6      0.0       1.6     0.66       
    44      4.38429      4.3657      14.5084      4.9527    4.42e-04       1.6      0.1       1.7     0.66      *
Best model at epoch 44 (val_mae=4.9527)
    45      4.35718      4.3388      14.5400           -    4.22e-04       1.6      0.0       1.6     0.66       
    46      4.45019      4.4288      14.7940      5.0200    4.03e-04       1.6      0.1       1.7     0.66       
    47      4.17841      4.1598      14.0611           -    3.84e-04       1.6      0.0       1.6     0.67       
    48      4.16914      4.1501      13.8632      4.7926    3.65e-04       1.6      0.1       1.7     0.66      *
Best model at epoch 48 (val_mae=4.7926)
    49      4.21073      4.1899      14.0690           -    3.46e-04       1.6      0.0       1.6     0.66       
    50      4.33321      4.3167      14.4601      4.7528    3.28e-04       1.6      0.1       1.7     0.66      *
Best model at epoch 50 (val_mae=4.7528)
    51      4.25034      4.2303      14.1752           -    3.09e-04       1.6      0.0       1.6     0.66       
    52      4.38259      4.3638      14.5194      4.9542    2.91e-04       1.6      0.1       1.7     0.66       
    53      4.30261      4.2823      13.8886           -    2.74e-04       1.6      0.0       1.6     0.67       
    54      4.27339      4.2528      14.1113      4.7113    2.56e-04       1.6      0.1       1.7     0.66      *
Best model at epoch 54 (val_mae=4.7113)
    55      4.23249      4.2136      14.2748           -    2.40e-04       1.6      0.0       1.6     0.66       
    56      4.23628      4.2197      14.0246      4.7129    2.23e-04       1.6      0.1       1.7     0.66       
    57      4.29046      4.2737      14.4290           -    2.07e-04       1.6      0.0       1.6     0.66       
    58      4.06652      4.0512      13.5838      4.6112    1.91e-04       1.6      0.1       1.7     0.66      *
Best model at epoch 58 (val_mae=4.6112)
    59      4.23347      4.2105      14.0023           -    1.76e-04       1.6      0.0       1.6     0.66       
    60      4.05055      4.0322      13.5690      4.5809    1.61e-04       1.6      0.1       1.7     0.66      *
Best model at epoch 60 (val_mae=4.5809)
    61      4.15830      4.1399      13.7868           -    1.47e-04       1.6      0.0       1.6     0.66       
    62      4.12778      4.1113      13.5450      4.6480    1.34e-04       1.6      0.2       1.8     0.66       
    63      3.97199      3.9511      13.1906           -    1.21e-04       1.6      0.0       1.6     0.66       
    64      4.04032      4.0211      13.3688      4.5401    1.08e-04       1.6      0.1       1.7     0.66      *
Best model at epoch 64 (val_mae=4.5401)
    65      4.09361      4.0755      13.7804           -    9.64e-05       1.6      0.0       1.6     0.66       
    66      4.12170      4.1030      13.7031      4.5168    8.52e-05       1.6      0.1       1.7     0.66      *
Best model at epoch 66 (val_mae=4.5168)
    67      3.87727      3.8581      13.1799           -    7.46e-05       1.6      0.0       1.6     0.66       
    68      4.03174      4.0136      13.4833      4.5025    6.47e-05       1.6      0.1       1.7     0.68      *
Best model at epoch 68 (val_mae=4.5025)
    69      3.98944      3.9726      13.3819           -    5.54e-05       1.6      0.0       1.6     0.66       
    70      3.95393      3.9358      13.1033      4.4926    4.69e-05       1.6      0.1       1.7     0.66      *
Best model at epoch 70 (val_mae=4.4926)
    71      4.15734      4.1397      13.8869           -    3.90e-05       1.6      0.0       1.6     0.66       
    72      4.00154      3.9857      13.4492      4.4873    3.19e-05       1.6      0.1       1.7     0.66      *
Best model at epoch 72 (val_mae=4.4873)
    73      3.94922      3.9314      13.2699           -    2.54e-05       1.6      0.0       1.6     0.66       
    74      4.00638      3.9879      13.4515      4.4764    1.98e-05       1.6      0.1       1.7     0.66      *
Best model at epoch 74 (val_mae=4.4764)
    75      4.02625      4.0077      13.4423           -    1.48e-05       1.6      0.0       1.6     0.66       
    76      3.90878      3.8881      13.0907      4.4809    1.06e-05       1.6      0.1       1.7     0.66       
    77      4.08040      4.0604      13.5862           -    7.15e-06       1.6      0.0       1.6     0.66       
    78      4.01760      3.9999      13.5545      4.4680    4.46e-06       1.6      0.1       1.7     0.66      *
Best model at epoch 78 (val_mae=4.4680)
    79      3.99872      3.9822      13.2836           -    2.54e-06       1.6      0.0       1.6     0.66       
    80      3.99813      3.9801      13.6434      4.4685    1.39e-06       1.6      0.1       1.7     0.66       

------------------------------------------------------------------------------------------------
Training finished normally: 2026-09-27 21:49:14
Summary
  completed_epochs: 80
  best_epoch: 78
  best_val_mae: 4.468037
  val_epoch: 2
  validation_count: 40
  final_train_loss: 3.998128
  final_train_mae: 3.980100
  final_val_loss: 4.499675
  final_val_mae: 4.468470
  total_time: 2m 12s
  avg_epoch_time_sec: 1.64
  avg_train_sec_per_step: 0.0494
  avg_val_sec_per_step: 0.0126
  peak_memory_gb: 0.75
  test_loss: 4.774502
  test_mae: 4.740594
  test_rmse: 16.164160
  test_mape: 124518.798783
  test_time_sec: 0.25
  best_checkpoint: n/a
  best_state_source: cpu_memory
  metrics_jsonl: /home/students/HuangMingYu/code/py/my_idea/my_idea/outputs/v24-COE/BikeNYC/custom/v24_coe_focus_focus_coe_independent_mixed9_rate0.4_updates_seed7/random/rate0.4/20260927_214702_seed7_bs16/logs/metrics.jsonl
------------------------------------------------------------------------------------------------
