Training started: 2026-09-17 16:19:54
------------------------------------------------------------------------------------------------
Run
  run_dir: /home/students/HuangMingYu/code/py/my_idea/my_idea/outputs/v24-COE/experiments/core/08fc9d8d37df089e/runs/v24_core_no_expert_state_update_spatial_region_rate0.4_updates_seed7/BikeNYC/custom/v24_core_no_expert_state_update_spatial_region_rate0.4_updates_seed7/random/rate0.4/20260917_161953_seed7_bs16
  command: /home/students/HuangMingYu/code/py/my_idea/my_idea/scripts/train.py -c /home/students/HuangMingYu/code/py/my_idea/my_idea/outputs/v24-COE/experiments/core/08fc9d8d37df089e/configs/v24_core_no_expert_state_update_spatial_region_rate0.4_updates_seed7.json --no_plot --name v24_core_no_expert_state_update_spatial_region_rate0.4_updates_seed7 --train_npz /home/students/HuangMingYu/code/py/my_idea/my_idea/data/BikeNYC/bikenyc_train.npz --val_npz /home/students/HuangMingYu/code/py/my_idea/my_idea/data/BikeNYC/bikenyc_val.npz --test_npz /home/students/HuangMingYu/code/py/my_idea/my_idea/data/BikeNYC/bikenyc_test.npz --result-file /home/students/HuangMingYu/code/py/my_idea/my_idea/outputs/v24-COE/experiments/core/08fc9d8d37df089e/results/v24_core_no_expert_state_update_spatial_region_rate0.4_updates_seed7.attempt1.json
  git_commit: 1f348d420b22878eff7be96a61567a5be410fd0e
  git_branch: v24-COE
  git_dirty: True
  config_sha256: 85f9d5fa354f59874bbe1ddb1bf59e03738e2458ab183093e878393a886f1025
  python: 3.9.25
  torch: 2.6.0+cu124
  cuda_runtime: 12.4
  train_npz: /home/students/HuangMingYu/code/py/my_idea/my_idea/data/BikeNYC/bikenyc_train.npz
  val_npz: /home/students/HuangMingYu/code/py/my_idea/my_idea/data/BikeNYC/bikenyc_val.npz
  test_npz: /home/students/HuangMingYu/code/py/my_idea/my_idea/data/BikeNYC/bikenyc_test.npz
  dataset: BikeNYC
  experiment_type: custom
  variant: v24_core_no_expert_state_update_spatial_region_rate0.4_updates_seed7
  train_samples: 511
  val_samples: 73
  train_steps_per_epoch: 32
  val_steps_per_epoch: 5
  test_samples: 147
  test_steps: 10
  batch_size: 16
  mask_pattern: random
  mask_rate_config: 0.4
  train_mask: shape=(511, 1, 12, 24, 12), observed_rate=0.6007, missing_rate=0.3993
  val_mask: shape=(73, 1, 12, 24, 12), observed_rate=0.6007, missing_rate=0.3993
  data_shape: (511, 2, 12, 24, 12)
  device: cuda
  device_name: NVIDIA GeForce RTX 3090
  total_params: 91,571
  trainable_params: 91,571
Config
{
  "seed": 7,
  "output_dir": "/home/students/HuangMingYu/code/py/my_idea/my_idea/outputs/v24-COE/experiments/core/08fc9d8d37df089e/runs/v24_core_no_expert_state_update_spatial_region_rate0.4_updates_seed7",
  "device": "auto",
  "data": {
    "dataset_name": "BikeNYC",
    "batch_size": 16,
    "num_workers": 0,
    "pin_memory": true,
    "drop_last": false,
    "mask": {
      "pattern": "random",
      "missing_rate": 0.4,
      "train_csv": "/home/students/HuangMingYu/code/py/my_idea/my_idea/outputs/v24-COE/section13/bikenyc_masks_seed2026/spatial_region/0.4/train.csv",
      "val_csv": "/home/students/HuangMingYu/code/py/my_idea/my_idea/outputs/v24-COE/section13/bikenyc_masks_seed2026/spatial_region/0.4/val.csv",
      "test_csv": "/home/students/HuangMingYu/code/py/my_idea/my_idea/outputs/v24-COE/section13/bikenyc_masks_seed2026/spatial_region/0.4/test.csv"
    },
    "synthetic": {
      "num_train": 128,
      "num_val": 32,
      "t": 12,
      "h": 24,
      "w": 12
    },
    "multiscale": false
  },
  "model": {
    "architecture": "v24_ts_coe",
    "c_in": 2,
    "main": {
      "dim": 64,
      "max_t": 12,
      "h": 24,
      "w": 12,
      "scale_mode": "fine",
      "use_multiscale": false
    },
    "coe": {
      "num_steps": 2,
      "routing_mode": "hard",
      "fixed_path": null,
      "router_state": "dynamic",
      "use_shared": true,
      "use_routed": true,
      "temperature": 1.0,
      "temporal_kernel": 3,
      "spatial_kernel": 3,
      "residual_init": 0.1,
      "expert_pool": [
        "T",
        "S"
      ],
      "expert_state": "initial"
    },
    "aux": {
      "enabled": false,
      "alpha_init": 0.0
    }
  },
  "loss": {
    "type": "l1",
    "lambda_coe_mid": 0,
    "lambda_coe_balance": 0
  },
  "train": {
    "epochs": 80,
    "val_epoch": 2,
    "lr_main": 0.001,
    "weight_decay": 0.0001,
    "grad_clip_norm": 1.0,
    "amp": true,
    "save_every": 10,
    "scheduler": {
      "type": "cosine",
      "eta_min": 1e-06
    },
    "early_stopping": {
      "enabled": false,
      "monitor": "val_mae",
      "patience": 15,
      "mode": "min"
    },
    "save_best_checkpoint": false
  },
  "experiment_plan": {
    "stage": "core",
    "variant": "no_expert_state_update",
    "protocol": "spatial_region_rate0.4",
    "protocol_kind": "structured_csv",
    "budget_regime": "updates",
    "mask_metadata": "/home/students/HuangMingYu/code/py/my_idea/my_idea/outputs/v24-COE/section13/bikenyc_masks_seed2026/spatial_region/0.4/metadata.json"
  },
  "experiment_suite_fingerprint": "08fc9d8d37df089e074c1f54d84eabb0c7699555c5d348e61134aa3b4ddc48c2"
}
------------------------------------------------------------------------------------------------
-----------------------------------------------------------------------------------------------------------------
 epoch         loss         mae         rmse     val_mae          lr   train_s    val_s   epoch_s   mem_gb   best
-----------------------------------------------------------------------------------------------------------------
     1     11.45413     11.4525      32.3951           -    1.00e-03       1.6      0.0       1.6     0.81       
     2     10.88412     10.8865      31.4831     11.9318    1.00e-03       1.2      0.1       1.3     0.81      *
Best model at epoch 2 (val_mae=11.9318)
     3     10.52981     10.5238      30.6072           -    9.98e-04       1.2      0.0       1.2     0.81       
     4     10.24476     10.2405      29.8258     11.4160    9.97e-04       1.2      0.1       1.2     0.81      *
Best model at epoch 4 (val_mae=11.4160)
     5     10.02302     10.0279      29.1476           -    9.94e-04       1.2      0.0       1.2     0.81       
     6      9.79864      9.7965      28.4919     10.8729    9.90e-04       1.2      0.1       1.2     0.81      *
Best model at epoch 6 (val_mae=10.8729)
     7      9.55209      9.5533      27.7939           -    9.86e-04       1.2      0.0       1.2     0.81       
     8      9.30875      9.3084      27.0394     10.2813    9.81e-04       1.2      0.1       1.2     0.81      *
Best model at epoch 8 (val_mae=10.2813)
     9      9.20242      9.1992      26.5066           -    9.76e-04       1.2      0.0       1.2     0.81       
    10      8.94110      8.9408      25.8092      9.8524    9.69e-04       1.2      0.1       1.2     0.81      *
Best model at epoch 10 (val_mae=9.8524)
    11      8.80111      8.7991      25.2722           -    9.62e-04       1.2      0.0       1.2     0.81       
    12      8.63147      8.6322      24.6722      9.5790    9.54e-04       1.2      0.1       1.2     0.81      *
Best model at epoch 12 (val_mae=9.5790)
    13      8.65288      8.6521      24.4527           -    9.46e-04       1.2      0.0       1.2     0.81       
    14      8.52635      8.5295      24.1375      9.3633    9.36e-04       1.2      0.1       1.2     0.81      *
Best model at epoch 14 (val_mae=9.3633)
    15      8.46963      8.4716      23.9605           -    9.26e-04       1.2      0.0       1.2     0.81       
    16      8.34518      8.3388      23.5875      9.1631    9.16e-04       1.2      0.1       1.2     0.81      *
Best model at epoch 16 (val_mae=9.1631)
    17      8.29808      8.2997      23.3138           -    9.05e-04       1.2      0.0       1.2     0.81       
    18      8.30348      8.3023      23.2495      9.1262    8.93e-04       1.2      0.1       1.2     0.81      *
Best model at epoch 18 (val_mae=9.1262)
    19      8.25615      8.2544      22.9475           -    8.80e-04       1.2      0.0       1.2     0.81       
    20      8.18998      8.1920      22.9371      9.0150    8.67e-04       1.2      0.1       1.2     0.81      *
Best model at epoch 20 (val_mae=9.0150)
    21      8.19033      8.1846      22.7395           -    8.54e-04       1.2      0.0       1.2     0.81       
    22      8.09764      8.0932      22.5986      9.0039    8.40e-04       1.2      0.1       1.2     0.81      *
Best model at epoch 22 (val_mae=9.0039)
    23      7.97938      7.9775      22.3947           -    8.25e-04       1.2      0.0       1.2     0.81       
    24      7.96767      7.9690      22.1253      8.8545    8.10e-04       1.2      0.1       1.2     0.81      *
Best model at epoch 24 (val_mae=8.8545)
    25      7.97230      7.9717      22.2544           -    7.94e-04       1.2      0.0       1.2     0.81       
    26      7.92457      7.9232      21.9225      8.7968    7.78e-04       1.2      0.1       1.2     0.81      *
Best model at epoch 26 (val_mae=8.7968)
    27      7.92104      7.9236      22.0023           -    7.61e-04       1.2      0.0       1.2     0.81       
    28      7.96061      7.9593      21.9708      8.7359    7.45e-04       1.2      0.1       1.2     0.81      *
Best model at epoch 28 (val_mae=8.7359)
    29      7.84952      7.8499      21.8177           -    7.27e-04       1.2      0.0       1.2     0.81       
    30      7.91689      7.9177      21.8623      8.5408    7.10e-04       1.2      0.1       1.2     0.81      *
Best model at epoch 30 (val_mae=8.5408)
    31      7.84574      7.8430      21.7967           -    6.92e-04       1.2      0.0       1.2     0.81       
    32      7.79919      7.7961      21.6952      8.5326    6.73e-04       1.2      0.1       1.2     0.81      *
Best model at epoch 32 (val_mae=8.5326)
    33      7.72588      7.7253      21.3708           -    6.55e-04       1.2      0.0       1.2     0.81       
    34      7.83456      7.8322      21.7427      8.6556    6.36e-04       1.2      0.1       1.2     0.81       
    35      7.78435      7.7843      21.6159           -    6.17e-04       1.2      0.0       1.2     0.81       
    36      7.88209      7.8812      21.9435      8.4780    5.98e-04       1.2      0.1       1.2     0.81      *
Best model at epoch 36 (val_mae=8.4780)
    37      7.76766      7.7668      21.4796           -    5.79e-04       1.2      0.0       1.2     0.81       
    38      7.78793      7.7895      21.7112      8.6854    5.59e-04       1.2      0.1       1.2     0.81       
    39      7.73930      7.7404      21.4818           -    5.40e-04       1.2      0.0       1.2     0.81       
    40      7.67756      7.6762      21.2457      8.4908    5.20e-04       1.2      0.1       1.2     0.81       
    41      7.70946      7.7094      21.2560           -    5.01e-04       1.2      0.0       1.2     0.81       
    42      7.67954      7.6810      21.4838      8.5329    4.81e-04       1.2      0.1       1.2     0.81       
    43      7.70105      7.7045      21.4021           -    4.61e-04       1.2      0.0       1.2     0.81       
    44      7.63170      7.6284      21.0503      8.4375    4.42e-04       1.2      0.1       1.2     0.81      *
Best model at epoch 44 (val_mae=8.4375)
    45      7.62829      7.6298      21.2915           -    4.22e-04       1.2      0.0       1.2     0.81       
    46      7.64127      7.6454      21.1093      8.3767    4.03e-04       1.2      0.1       1.2     0.81      *
Best model at epoch 46 (val_mae=8.3767)
    47      7.63781      7.6368      21.1046           -    3.84e-04       1.2      0.0       1.2     0.81       
    48      7.60258      7.6029      20.9824      8.5417    3.65e-04       1.2      0.1       1.2     0.81       
    49      7.63200      7.6326      21.2359           -    3.46e-04       1.2      0.0       1.2     0.81       
    50      7.60176      7.6011      20.9428      8.3081    3.28e-04       1.2      0.1       1.2     0.81      *
Best model at epoch 50 (val_mae=8.3081)
    51      7.59093      7.5932      20.9253           -    3.09e-04       1.2      0.0       1.2     0.81       
    52      7.56617      7.5668      21.0473      8.3624    2.91e-04       1.2      0.1       1.2     0.81       
    53      7.59697      7.5955      20.9176           -    2.74e-04       1.2      0.0       1.2     0.81       
    54      7.59073      7.5886      20.9080      8.3560    2.56e-04       1.2      0.1       1.2     0.81       
    55      7.57438      7.5711      20.8617           -    2.40e-04       1.2      0.0       1.2     0.81       
    56      7.57383      7.5755      20.9582      8.4234    2.23e-04       1.2      0.1       1.2     0.81       
    57      7.56339      7.5625      21.0333           -    2.07e-04       1.2      0.0       1.2     0.81       
    58      7.53777      7.5362      20.8495      8.2808    1.91e-04       1.2      0.1       1.2     0.81      *
Best model at epoch 58 (val_mae=8.2808)
    59      7.52863      7.5280      20.8566           -    1.76e-04       1.2      0.0       1.2     0.81       
    60      7.51417      7.5153      20.9073      8.3511    1.61e-04       1.2      0.1       1.2     0.81       
    61      7.52924      7.5327      21.0111           -    1.47e-04       1.2      0.0       1.2     0.81       
    62      7.51959      7.5205      20.7850      8.2247    1.34e-04       1.2      0.1       1.2     0.81      *
Best model at epoch 62 (val_mae=8.2247)
    63      7.53070      7.5281      20.6123           -    1.21e-04       1.2      0.0       1.2     0.81       
    64      7.50077      7.5036      20.9400      8.2588    1.08e-04       1.2      0.1       1.2     0.81       
    65      7.49440      7.4935      20.7519           -    9.64e-05       1.2      0.0       1.2     0.81       
    66      7.49648      7.4984      20.6380      8.2615    8.52e-05       1.2      0.1       1.2     0.81       
    67      7.49157      7.4947      20.8351           -    7.46e-05       1.2      0.0       1.2     0.81       
    68      7.48422      7.4871      20.8718      8.2236    6.47e-05       1.2      0.1       1.2     0.81      *
Best model at epoch 68 (val_mae=8.2236)
    69      7.51033      7.5085      20.8394           -    5.54e-05       1.2      0.0       1.2     0.81       
    70      7.47585      7.4774      20.7968      8.2950    4.69e-05       1.2      0.1       1.2     0.81       
    71      7.47176      7.4754      20.8704           -    3.90e-05       1.2      0.0       1.2     0.81       
    72      7.47905      7.4830      20.6203      8.2359    3.19e-05       1.2      0.1       1.2     0.81       
    73      7.46971      7.4760      20.6517           -    2.54e-05       1.2      0.0       1.2     0.81       
    74      7.47033      7.4729      20.6217      8.2186    1.98e-05       1.2      0.1       1.2     0.81      *
Best model at epoch 74 (val_mae=8.2186)
    75      7.47462      7.4703      20.7011           -    1.48e-05       1.2      0.0       1.2     0.81       
    76      7.46652      7.4707      20.6913      8.2275    1.06e-05       1.2      0.1       1.2     0.81       
    77      7.47064      7.4679      20.6884           -    7.15e-06       1.2      0.0       1.2     0.81       
    78      7.46747      7.4662      20.6938      8.2343    4.46e-06       1.2      0.1       1.2     0.81       
    79      7.46352      7.4656      20.6924           -    2.54e-06       1.2      0.0       1.2     0.81       
    80      7.46497      7.4655      20.6890      8.2348    1.39e-06       1.2      0.1       1.2     0.81       

------------------------------------------------------------------------------------------------
Training finished normally: 2026-09-17 16:21:31
Summary
  completed_epochs: 80
  best_epoch: 74
  best_val_mae: 8.218634
  val_epoch: 2
  validation_count: 40
  final_train_loss: 7.464966
  final_train_mae: 7.465463
  final_val_loss: 8.230051
  final_val_mae: 8.234791
  total_time: 1m 37s
  avg_epoch_time_sec: 1.21
  avg_train_sec_per_step: 0.0370
  avg_val_sec_per_step: 0.0061
  peak_memory_gb: 0.81
  test_loss: 8.492590
  test_mae: 8.635301
  test_rmse: 24.317778
  test_mape: 378606.865819
  test_time_sec: 0.13
  best_checkpoint: n/a
  best_state_source: cpu_memory
  metrics_jsonl: /home/students/HuangMingYu/code/py/my_idea/my_idea/outputs/v24-COE/experiments/core/08fc9d8d37df089e/runs/v24_core_no_expert_state_update_spatial_region_rate0.4_updates_seed7/BikeNYC/custom/v24_core_no_expert_state_update_spatial_region_rate0.4_updates_seed7/random/rate0.4/20260917_161953_seed7_bs16/logs/metrics.jsonl
------------------------------------------------------------------------------------------------
