Training started: 2026-09-17 15:55:47
------------------------------------------------------------------------------------------------
Run
  run_dir: /home/students/HuangMingYu/code/py/my_idea/my_idea/outputs/v24-COE/experiments/core/08fc9d8d37df089e/runs/v24_core_soft_random_point_rate0.4_updates_seed7/BikeNYC/custom/v24_core_soft_random_point_rate0.4_updates_seed7/random/rate0.4/20260917_155546_seed7_bs16
  command: /home/students/HuangMingYu/code/py/my_idea/my_idea/scripts/train.py -c /home/students/HuangMingYu/code/py/my_idea/my_idea/outputs/v24-COE/experiments/core/08fc9d8d37df089e/configs/v24_core_soft_random_point_rate0.4_updates_seed7.json --no_plot --name v24_core_soft_random_point_rate0.4_updates_seed7 --train_npz /home/students/HuangMingYu/code/py/my_idea/my_idea/data/BikeNYC/bikenyc_train.npz --val_npz /home/students/HuangMingYu/code/py/my_idea/my_idea/data/BikeNYC/bikenyc_val.npz --test_npz /home/students/HuangMingYu/code/py/my_idea/my_idea/data/BikeNYC/bikenyc_test.npz --result-file /home/students/HuangMingYu/code/py/my_idea/my_idea/outputs/v24-COE/experiments/core/08fc9d8d37df089e/results/v24_core_soft_random_point_rate0.4_updates_seed7.attempt1.json
  git_commit: 1f348d420b22878eff7be96a61567a5be410fd0e
  git_branch: v24-COE
  git_dirty: True
  config_sha256: 71a8150e63fd31aa0b000079fb24825e40167f5064f0f95841865e3d20391575
  python: 3.9.25
  torch: 2.6.0+cu124
  cuda_runtime: 12.4
  train_npz: /home/students/HuangMingYu/code/py/my_idea/my_idea/data/BikeNYC/bikenyc_train.npz
  val_npz: /home/students/HuangMingYu/code/py/my_idea/my_idea/data/BikeNYC/bikenyc_val.npz
  test_npz: /home/students/HuangMingYu/code/py/my_idea/my_idea/data/BikeNYC/bikenyc_test.npz
  dataset: BikeNYC
  experiment_type: custom
  variant: v24_core_soft_random_point_rate0.4_updates_seed7
  train_samples: 511
  val_samples: 73
  train_steps_per_epoch: 32
  val_steps_per_epoch: 5
  test_samples: 147
  test_steps: 10
  batch_size: 16
  mask_pattern: random
  mask_rate_config: 0.4
  train_mask: shape=(511, 1, 12, 24, 12), observed_rate=0.6001, missing_rate=0.3999
  val_mask: shape=(73, 1, 12, 24, 12), observed_rate=0.6001, missing_rate=0.3999
  data_shape: (511, 2, 12, 24, 12)
  device: cuda
  device_name: NVIDIA GeForce RTX 3090
  total_params: 91,571
  trainable_params: 91,571
Config
{
  "seed": 7,
  "output_dir": "/home/students/HuangMingYu/code/py/my_idea/my_idea/outputs/v24-COE/experiments/core/08fc9d8d37df089e/runs/v24_core_soft_random_point_rate0.4_updates_seed7",
  "device": "auto",
  "data": {
    "dataset_name": "BikeNYC",
    "batch_size": 16,
    "num_workers": 0,
    "pin_memory": true,
    "drop_last": false,
    "mask": {
      "pattern": "random",
      "missing_rate": 0.4,
      "train_csv": "/home/students/HuangMingYu/code/py/my_idea/my_idea/outputs/v24-COE/section13/bikenyc_masks_seed2026/random_point/0.4/train.csv",
      "val_csv": "/home/students/HuangMingYu/code/py/my_idea/my_idea/outputs/v24-COE/section13/bikenyc_masks_seed2026/random_point/0.4/val.csv",
      "test_csv": "/home/students/HuangMingYu/code/py/my_idea/my_idea/outputs/v24-COE/section13/bikenyc_masks_seed2026/random_point/0.4/test.csv"
    },
    "synthetic": {
      "num_train": 128,
      "num_val": 32,
      "t": 12,
      "h": 24,
      "w": 12
    },
    "multiscale": false
  },
  "model": {
    "architecture": "v24_ts_coe",
    "c_in": 2,
    "main": {
      "dim": 64,
      "max_t": 12,
      "h": 24,
      "w": 12,
      "scale_mode": "fine",
      "use_multiscale": false
    },
    "coe": {
      "num_steps": 2,
      "routing_mode": "soft",
      "fixed_path": null,
      "router_state": "dynamic",
      "use_shared": true,
      "use_routed": true,
      "temperature": 1.0,
      "temporal_kernel": 3,
      "spatial_kernel": 3,
      "residual_init": 0.1,
      "expert_pool": [
        "T",
        "S"
      ],
      "expert_state": "dynamic"
    },
    "aux": {
      "enabled": false,
      "alpha_init": 0.0
    }
  },
  "loss": {
    "type": "l1",
    "lambda_coe_mid": 0,
    "lambda_coe_balance": 0
  },
  "train": {
    "epochs": 80,
    "val_epoch": 2,
    "lr_main": 0.001,
    "weight_decay": 0.0001,
    "grad_clip_norm": 1.0,
    "amp": true,
    "save_every": 10,
    "scheduler": {
      "type": "cosine",
      "eta_min": 1e-06
    },
    "early_stopping": {
      "enabled": false,
      "monitor": "val_mae",
      "patience": 15,
      "mode": "min"
    },
    "save_best_checkpoint": false
  },
  "experiment_plan": {
    "stage": "core",
    "variant": "soft",
    "protocol": "random_point_rate0.4",
    "protocol_kind": "structured_csv",
    "budget_regime": "updates",
    "mask_metadata": "/home/students/HuangMingYu/code/py/my_idea/my_idea/outputs/v24-COE/section13/bikenyc_masks_seed2026/random_point/0.4/metadata.json"
  },
  "experiment_suite_fingerprint": "08fc9d8d37df089e074c1f54d84eabb0c7699555c5d348e61134aa3b4ddc48c2"
}
------------------------------------------------------------------------------------------------
-----------------------------------------------------------------------------------------------------------------
 epoch         loss         mae         rmse     val_mae          lr   train_s    val_s   epoch_s   mem_gb   best
-----------------------------------------------------------------------------------------------------------------
     1      8.85450      8.8517      28.6189           -    1.00e-03       1.6      0.0       1.6     0.81       
     2      8.04236      8.0434      27.5634      8.7513    1.00e-03       1.2      0.1       1.3     0.81      *
Best model at epoch 2 (val_mae=8.7513)
     3      7.14411      7.1448      26.0549           -    9.98e-04       1.2      0.0       1.2     0.81       
     4      6.39111      6.3880      24.4526      7.0694    9.97e-04       1.2      0.1       1.3     0.81      *
Best model at epoch 4 (val_mae=7.0694)
     5      5.57295      5.5747      22.5001           -    9.94e-04       1.2      0.0       1.2     0.81       
     6      4.77218      4.7731      20.2610      5.3819    9.90e-04       1.2      0.1       1.3     0.81      *
Best model at epoch 6 (val_mae=5.3819)
     7      4.27408      4.2740      18.5132           -    9.86e-04       1.2      0.0       1.2     0.81       
     8      3.95632      3.9570      17.3095      4.5997    9.81e-04       1.2      0.1       1.3     0.81      *
Best model at epoch 8 (val_mae=4.5997)
     9      3.70136      3.7016      16.2728           -    9.76e-04       1.2      0.0       1.2     0.81       
    10      3.53198      3.5313      15.4123      4.1601    9.69e-04       1.2      0.1       1.3     0.81      *
Best model at epoch 10 (val_mae=4.1601)
    11      3.36564      3.3651      14.7290           -    9.62e-04       1.2      0.0       1.2     0.81       
    12      3.25372      3.2535      14.1385      3.8564    9.54e-04       1.2      0.1       1.3     0.81      *
Best model at epoch 12 (val_mae=3.8564)
    13      3.21234      3.2119      13.7830           -    9.46e-04       1.2      0.0       1.2     0.81       
    14      3.12084      3.1209      13.3728      3.7026    9.36e-04       1.2      0.1       1.3     0.81      *
Best model at epoch 14 (val_mae=3.7026)
    15      3.06690      3.0680      13.0748           -    9.26e-04       1.2      0.0       1.2     0.81       
    16      3.04182      3.0410      12.7975      3.6232    9.16e-04       1.2      0.1       1.3     0.81      *
Best model at epoch 16 (val_mae=3.6232)
    17      2.97095      2.9708      12.5687           -    9.05e-04       1.2      0.0       1.2     0.81       
    18      3.05907      3.0587      12.5556      3.6280    8.93e-04       1.2      0.1       1.3     0.81       
    19      2.96225      2.9618      12.3121           -    8.80e-04       1.2      0.0       1.2     0.81       
    20      2.86027      2.8602      11.9734      3.4115    8.67e-04       1.2      0.1       1.3     0.81      *
Best model at epoch 20 (val_mae=3.4115)
    21      2.82071      2.8203      11.7237           -    8.54e-04       1.2      0.0       1.2     0.81       
    22      2.81768      2.8164      11.6213      3.3280    8.40e-04       1.2      0.1       1.3     0.81      *
Best model at epoch 22 (val_mae=3.3280)
    23      2.82739      2.8267      11.5274           -    8.25e-04       1.2      0.0       1.2     0.81       
    24      2.73946      2.7398      11.2557      3.2680    8.10e-04       1.2      0.1       1.3     0.81      *
Best model at epoch 24 (val_mae=3.2680)
    25      2.74770      2.7467      11.2163           -    7.94e-04       1.2      0.0       1.2     0.81       
    26      2.74652      2.7469      11.0931      3.2110    7.78e-04       1.2      0.1       1.3     0.81      *
Best model at epoch 26 (val_mae=3.2110)
    27      2.79001      2.7898      11.1477           -    7.61e-04       1.2      0.0       1.2     0.81       
    28      2.70297      2.7020      10.9418      3.1642    7.45e-04       1.2      0.1       1.3     0.81      *
Best model at epoch 28 (val_mae=3.1642)
    29      2.65820      2.6579      10.7257           -    7.27e-04       1.2      0.0       1.2     0.81       
    30      2.62977      2.6302      10.5960      3.0988    7.10e-04       1.2      0.1       1.3     0.81      *
Best model at epoch 30 (val_mae=3.0988)
    31      2.62897      2.6288      10.4988           -    6.92e-04       1.2      0.0       1.2     0.81       
    32      2.59688      2.5961      10.3731      3.0676    6.73e-04       1.2      0.1       1.3     0.81      *
Best model at epoch 32 (val_mae=3.0676)
    33      2.60931      2.6100      10.3329           -    6.55e-04       1.2      0.0       1.2     0.81       
    34      2.59074      2.5912      10.2438      3.0335    6.36e-04       1.2      0.1       1.3     0.81      *
Best model at epoch 34 (val_mae=3.0335)
    35      2.56404      2.5639      10.1530           -    6.17e-04       1.2      0.0       1.2     0.81       
    36      2.60090      2.6001      10.1489      3.1394    5.98e-04       1.2      0.1       1.3     0.81       
    37      2.61739      2.6182      10.1722           -    5.79e-04       1.2      0.0       1.2     0.81       
    38      2.59441      2.5945      10.0931      2.9943    5.59e-04       1.2      0.1       1.3     0.81      *
Best model at epoch 38 (val_mae=2.9943)
    39      2.53424      2.5347       9.9232           -    5.40e-04       1.2      0.0       1.2     0.81       
    40      2.52943      2.5292       9.8973      2.9984    5.20e-04       1.2      0.1       1.3     0.81       
    41      2.51702      2.5172       9.8112           -    5.01e-04       1.2      0.0       1.2     0.81       
    42      2.50992      2.5100       9.7730      2.9486    4.81e-04       1.2      0.1       1.3     0.81      *
Best model at epoch 42 (val_mae=2.9486)
    43      2.49872      2.4986       9.7090           -    4.61e-04       1.2      0.0       1.2     0.81       
    44      2.50025      2.5000       9.6671      2.9170    4.42e-04       1.2      0.1       1.3     0.81      *
Best model at epoch 44 (val_mae=2.9170)
    45      2.47923      2.4792       9.5785           -    4.22e-04       1.2      0.0       1.2     0.81       
    46      2.46784      2.4688       9.5493      2.9110    4.03e-04       1.2      0.1       1.3     0.81      *
Best model at epoch 46 (val_mae=2.9110)
    47      2.45915      2.4585       9.4930           -    3.84e-04       1.2      0.0       1.2     0.81       
    48      2.46022      2.4603       9.4652      2.8920    3.65e-04       1.2      0.1       1.3     0.81      *
Best model at epoch 48 (val_mae=2.8920)
    49      2.44324      2.4433       9.3757           -    3.46e-04       1.2      0.0       1.2     0.81       
    50      2.46156      2.4619       9.4422      2.8912    3.28e-04       1.2      0.1       1.3     0.81      *
Best model at epoch 50 (val_mae=2.8912)
    51      2.48364      2.4840       9.5233           -    3.09e-04       1.2      0.0       1.2     0.81       
    52      2.45693      2.4569       9.3545      2.8697    2.91e-04       1.2      0.1       1.3     0.81      *
Best model at epoch 52 (val_mae=2.8697)
    53      2.45784      2.4582       9.3608           -    2.74e-04       1.2      0.0       1.2     0.81       
    54      2.45488      2.4541       9.3667      2.8608    2.56e-04       1.2      0.1       1.3     0.81      *
Best model at epoch 54 (val_mae=2.8608)
    55      2.42611      2.4256       9.2742           -    2.40e-04       1.2      0.0       1.2     0.81       
    56      2.44028      2.4410       9.2879      2.8518    2.23e-04       1.2      0.1       1.3     0.81      *
Best model at epoch 56 (val_mae=2.8518)
    57      2.41250      2.4128       9.2019           -    2.07e-04       1.2      0.0       1.2     0.81       
    58      2.41386      2.4134       9.2174      2.8439    1.91e-04       1.2      0.1       1.3     0.81      *
Best model at epoch 58 (val_mae=2.8439)
    59      2.40539      2.4055       9.1484           -    1.76e-04       1.2      0.0       1.2     0.81       
    60      2.40018      2.3993       9.1346      2.8266    1.61e-04       1.2      0.1       1.3     0.81      *
Best model at epoch 60 (val_mae=2.8266)
    61      2.40297      2.4030       9.1561           -    1.47e-04       1.2      0.0       1.2     0.81       
    62      2.40958      2.4102       9.1192      2.8167    1.34e-04       1.2      0.1       1.3     0.81      *
Best model at epoch 62 (val_mae=2.8167)
    63      2.39037      2.3899       9.0660           -    1.21e-04       1.2      0.0       1.2     0.81       
    64      2.38715      2.3872       9.0550      2.8097    1.08e-04       1.2      0.1       1.3     0.81      *
Best model at epoch 64 (val_mae=2.8097)
    65      2.38601      2.3853       9.0703           -    9.64e-05       1.2      0.0       1.2     0.81       
    66      2.38136      2.3810       9.0521      2.7972    8.52e-05       1.2      0.1       1.3     0.81      *
Best model at epoch 66 (val_mae=2.7972)
    67      2.37773      2.3776       9.0191           -    7.46e-05       1.2      0.0       1.2     0.81       
    68      2.37860      2.3788       9.0258      2.7933    6.47e-05       1.2      0.1       1.3     0.81      *
Best model at epoch 68 (val_mae=2.7933)
    69      2.37459      2.3742       9.0071           -    5.54e-05       1.2      0.0       1.2     0.81       
    70      2.37017      2.3705       8.9973      2.7877    4.69e-05       1.2      0.1       1.3     0.81      *
Best model at epoch 70 (val_mae=2.7877)
    71      2.36876      2.3681       8.9768           -    3.90e-05       1.2      0.0       1.2     0.81       
    72      2.36597      2.3666       8.9717      2.7869    3.19e-05       1.2      0.1       1.3     0.81      *
Best model at epoch 72 (val_mae=2.7869)
    73      2.36423      2.3652       8.9657           -    2.54e-05       1.2      0.0       1.2     0.81       
    74      2.36323      2.3641       8.9476      2.7798    1.98e-05       1.2      0.1       1.3     0.81      *
Best model at epoch 74 (val_mae=2.7798)
    75      2.36350      2.3628       8.9569           -    1.48e-05       1.2      0.0       1.2     0.81       
    76      2.36235      2.3622       8.9488      2.7807    1.06e-05       1.2      0.1       1.3     0.81       
    77      2.36176      2.3619       8.9462           -    7.15e-06       1.2      0.0       1.2     0.81       
    78      2.36111      2.3611       8.9429      2.7794    4.46e-06       1.2      0.1       1.3     0.81      *
Best model at epoch 78 (val_mae=2.7794)
    79      2.36054      2.3613       8.9489           -    2.54e-06       1.2      0.0       1.2     0.81       
    80      2.36081      2.3608       8.9408      2.7795    1.39e-06       1.2      0.1       1.3     0.81       

------------------------------------------------------------------------------------------------
Training finished normally: 2026-09-17 15:57:25
Summary
  completed_epochs: 80
  best_epoch: 78
  best_val_mae: 2.779425
  val_epoch: 2
  validation_count: 40
  final_train_loss: 2.360811
  final_train_mae: 2.360842
  final_val_loss: 2.810645
  final_val_mae: 2.779526
  total_time: 1m 38s
  avg_epoch_time_sec: 1.23
  avg_train_sec_per_step: 0.0370
  avg_val_sec_per_step: 0.0083
  peak_memory_gb: 0.81
  test_loss: 2.681456
  test_mae: 2.748806
  test_rmse: 10.847520
  test_mape: 52760.986050
  test_time_sec: 0.17
  best_checkpoint: n/a
  best_state_source: cpu_memory
  metrics_jsonl: /home/students/HuangMingYu/code/py/my_idea/my_idea/outputs/v24-COE/experiments/core/08fc9d8d37df089e/runs/v24_core_soft_random_point_rate0.4_updates_seed7/BikeNYC/custom/v24_core_soft_random_point_rate0.4_updates_seed7/random/rate0.4/20260917_155546_seed7_bs16/logs/metrics.jsonl
------------------------------------------------------------------------------------------------
