Training started: 2026-09-21 10:49:48
------------------------------------------------------------------------------------------------
Run
  run_dir: /home/students/HuangMingYu/code/py/my_idea/my_idea/outputs/v24-COE/TaxiBJ/custom/v24_coe_depth_s3_top2_random_rate0.4_seed7/random/rate0.4/20260921_104947_seed7_bs16
  command: /home/students/HuangMingYu/code/py/my_idea/my_idea/scripts/train.py -c /home/students/HuangMingYu/code/py/my_idea/my_idea/outputs/v24-COE/experiments/coe_depth_pool/configs/v24_coe_depth_s3_top2_random_rate0.4_seed7.json --train_npz /home/students/HuangMingYu/code/py/my_idea/my_idea/data/TaxiBJ/taxibj_train.npz --val_npz /home/students/HuangMingYu/code/py/my_idea/my_idea/data/TaxiBJ/taxibj_val.npz --test_npz /home/students/HuangMingYu/code/py/my_idea/my_idea/data/TaxiBJ/taxibj_test.npz --no_plot -n v24_coe_depth_s3_top2_random_rate0.4_seed7 --result-file /home/students/HuangMingYu/code/py/my_idea/my_idea/outputs/v24-COE/experiments/coe_depth_pool/results/v24_coe_depth_s3_top2_random_rate0.4_seed7.json
  git_commit: 880e5987b1ba4bdeb30fe5b334b80ad2925ee395
  git_branch: v24-COE
  git_dirty: True
  config_sha256: 71251fe330c7699f285cbfb0145b5ba3ef752d4e5214884d84bd44f26afc72a8
  python: 3.9.25
  torch: 2.6.0+cu124
  cuda_runtime: 12.4
  train_npz: /home/students/HuangMingYu/code/py/my_idea/my_idea/data/TaxiBJ/taxibj_train.npz
  val_npz: /home/students/HuangMingYu/code/py/my_idea/my_idea/data/TaxiBJ/taxibj_val.npz
  test_npz: /home/students/HuangMingYu/code/py/my_idea/my_idea/data/TaxiBJ/taxibj_test.npz
  dataset: TaxiBJ
  experiment_type: custom
  variant: v24_coe_depth_s3_top2_random_rate0.4_seed7
  train_samples: 2491
  val_samples: 356
  train_steps_per_epoch: 156
  val_steps_per_epoch: 23
  test_samples: 712
  test_steps: 45
  batch_size: 16
  mask_pattern: random
  mask_rate_config: 0.4
  train_mask: shape=(2491, 1, 12, 32, 32), observed_rate=0.6006, missing_rate=0.3994
  val_mask: shape=(356, 1, 12, 32, 32), observed_rate=0.6006, missing_rate=0.3994
  data_shape: (2491, 2, 12, 32, 32)
  device: cuda
  device_name: NVIDIA GeForce RTX 3090
  total_params: 196,663
  trainable_params: 196,663
Config
{
  "seed": 7,
  "output_dir": "outputs/v24-COE",
  "device": "cuda",
  "data": {
    "dataset_name": "TaxiBJ",
    "batch_size": 16,
    "num_workers": 0,
    "pin_memory": true,
    "drop_last": false,
    "mask": {
      "pattern": "random",
      "missing_rate": 0.4,
      "train_csv": "/home/students/HuangMingYu/code/py/my_idea/my_idea/data/TaxiBJ/random_mask/0.4/train.csv",
      "val_csv": "/home/students/HuangMingYu/code/py/my_idea/my_idea/data/TaxiBJ/random_mask/0.4/val.csv",
      "test_csv": "/home/students/HuangMingYu/code/py/my_idea/my_idea/data/TaxiBJ/random_mask/0.4/test.csv"
    },
    "synthetic": {
      "num_train": 128,
      "num_val": 32,
      "t": 12,
      "h": 32,
      "w": 32
    },
    "multiscale": false,
    "loader_seed": 7,
    "train_mask_diversity": null,
    "eval_mask_diversity": null
  },
  "model": {
    "architecture": "v24_ts_coe",
    "c_in": 2,
    "main": {
      "dim": 64,
      "max_t": 12,
      "h": 32,
      "w": 32,
      "scale_mode": "fine",
      "use_multiscale": false
    },
    "coe": {
      "num_steps": 3,
      "expert_pool": [
        "T",
        "S",
        "TD",
        "SD",
        "TA",
        "ST"
      ],
      "routing_mode": "hard",
      "fixed_path": null,
      "fixed_expert_steps": [
        null,
        null,
        null
      ],
      "router_state": "dynamic",
      "expert_state": "dynamic",
      "use_shared": true,
      "use_routed": true,
      "temperature": 1.0,
      "temporal_kernel": 3,
      "spatial_kernel": 3,
      "temporal_dilation": 2,
      "spatial_dilation": 2,
      "attention_heads": 4,
      "residual_init": 0.1,
      "routing_warmup_epochs": 0,
      "routing_transition_epochs": 0,
      "uniform_mix_start": 0.5,
      "sampling_temperature_start": 2.0,
      "top_k": 2
    },
    "aux": {
      "enabled": false,
      "alpha_init": 0.0
    }
  },
  "loss": {
    "type": "l1",
    "lambda_coe_mid": 0.0,
    "lambda_coe_balance": 0.01
  },
  "train": {
    "epochs": 20,
    "val_epoch": 2,
    "lr_main": 0.001,
    "weight_decay": 0.0001,
    "grad_clip_norm": 1.0,
    "amp": true,
    "save_every": 10,
    "scheduler": {
      "type": "cosine",
      "eta_min": 1e-06,
      "total_epochs": 20
    },
    "early_stopping": {
      "enabled": false,
      "monitor": "val_mae",
      "patience": 40,
      "mode": "min"
    },
    "save_best_checkpoint": true
  },
  "experiment_plan": {
    "stage": "coe_depth_pool",
    "variant": "coe_depth_s3_top2",
    "protocol": "random_rate0.4",
    "protocol_kind": "legacy_csv"
  }
}
------------------------------------------------------------------------------------------------
-----------------------------------------------------------------------------------------------------------------
 epoch         loss         mae         rmse     val_mae          lr   train_s    val_s   epoch_s   mem_gb   best
-----------------------------------------------------------------------------------------------------------------
     1     98.32750     98.3145     163.9598           -    1.00e-03      69.1      0.0      69.1     8.80       
     2     70.02055     70.0066     132.3460     54.2655    9.94e-04      68.8      4.3      73.1     8.80      *
Best model at epoch 2 (val_mae=54.2655)
     3     56.87073     56.8296     112.2084           -    9.76e-04      68.8      0.0      68.8     8.80       
     4     50.28295     50.2790     100.4407     41.1650    9.46e-04      68.8      4.3      73.1     8.80      *
Best model at epoch 4 (val_mae=41.1650)
     5     44.63125     44.6002      89.7959           -    9.05e-04      68.8      0.0      68.8     8.80       
     6     40.91830     40.9105      82.5550     34.1718    8.54e-04      68.8      4.3      73.1     8.80      *
Best model at epoch 6 (val_mae=34.1718)
     7     37.56364     37.5518      75.2322           -    7.94e-04      68.8      0.0      68.8     8.80       
     8     35.52042     35.5075      70.6194     30.0921    7.27e-04      68.8      4.3      73.1     8.80      *
Best model at epoch 8 (val_mae=30.0921)
     9     34.39353     34.3894      67.6972           -    6.55e-04      68.8      0.0      68.8     8.80       
    10     31.77772     31.7608      63.0091     28.5355    5.79e-04      68.8      4.3      73.1     8.80      *
Best model at epoch 10 (val_mae=28.5355)
    11     30.48455     30.4677      59.8845           -    5.01e-04      68.9      0.0      68.9     8.80       
    12     29.05919     29.0334      56.9812     25.7288    4.22e-04      68.8      4.3      73.1     8.80      *
Best model at epoch 12 (val_mae=25.7288)
    13     28.85659     28.8343      55.8694           -    3.46e-04      68.8      0.0      68.8     8.80       
    14     28.47025     28.4495      54.6876     25.3609    2.74e-04      68.9      4.3      73.1     8.80      *
Best model at epoch 14 (val_mae=25.3609)
    15     27.66994     27.6474      53.0553           -    2.07e-04      68.9      0.0      68.9     8.80       
    16     27.23850     27.2214      52.0593     24.7413    1.47e-04      68.8      4.3      73.1     8.80      *
Best model at epoch 16 (val_mae=24.7413)
    17     26.75789     26.7349      51.0370           -    9.64e-05      68.8      0.0      68.8     8.80       
    18     26.40715     26.3858      50.3178     24.1609    5.54e-05      68.8      4.3      73.1     8.80      *
Best model at epoch 18 (val_mae=24.1609)
    19     26.21878     26.2029      49.9192           -    2.54e-05      68.8      0.0      68.8     8.80       
    20     26.11275     26.0979      49.6946     24.0104    7.15e-06      68.8      4.3      73.1     8.80      *
Best model at epoch 20 (val_mae=24.0104)

------------------------------------------------------------------------------------------------
Training finished normally: 2026-09-21 11:13:36
Summary
  completed_epochs: 20
  best_epoch: 20
  best_val_mae: 24.010378
  val_epoch: 2
  validation_count: 10
  final_train_loss: 26.112751
  final_train_mae: 26.097852
  final_val_loss: 24.355823
  final_val_mae: 24.010378
  total_time: 23m 48s
  avg_epoch_time_sec: 70.98
  avg_train_sec_per_step: 0.4413
  avg_val_sec_per_step: 0.0929
  peak_memory_gb: 8.80
  test_loss: 22.564500
  test_mae: 22.602391
  test_rmse: 40.391748
  test_mape: 288019.311411
  test_time_sec: 8.53
  best_checkpoint: /home/students/HuangMingYu/code/py/my_idea/my_idea/outputs/v24-COE/TaxiBJ/custom/v24_coe_depth_s3_top2_random_rate0.4_seed7/random/rate0.4/20260921_104947_seed7_bs16/checkpoints/best.pt
  best_state_source: checkpoint
  metrics_jsonl: /home/students/HuangMingYu/code/py/my_idea/my_idea/outputs/v24-COE/TaxiBJ/custom/v24_coe_depth_s3_top2_random_rate0.4_seed7/random/rate0.4/20260921_104947_seed7_bs16/logs/metrics.jsonl
------------------------------------------------------------------------------------------------
