Training started: 2026-09-18 11:33:02
------------------------------------------------------------------------------------------------
Run
  run_dir: /home/students/HuangMingYu/code/py/my_idea/my_idea/outputs/v24-COE/experiments/route20/followup/470ee3e49baa66bb/runs/v24_route20_route20_warmup_mixed9_rate0.4_updates_seed7/TaxiBJ/custom/v24_route20_route20_warmup_mixed9_rate0.4_updates_seed7/random/rate0.4/20260918_113301_seed7_bs16
  command: /home/students/HuangMingYu/code/py/my_idea/my_idea/scripts/train.py -c /home/students/HuangMingYu/code/py/my_idea/my_idea/outputs/v24-COE/experiments/route20/followup/470ee3e49baa66bb/configs/v24_route20_route20_warmup_mixed9_rate0.4_updates_seed7.json --no_plot --name v24_route20_route20_warmup_mixed9_rate0.4_updates_seed7 --train_npz /home/students/HuangMingYu/code/py/my_idea/my_idea/data/TaxiBJ/v24_clean_abc_20260917/taxibj_train.npz --val_npz /home/students/HuangMingYu/code/py/my_idea/my_idea/data/TaxiBJ/v24_clean_abc_20260917/taxibj_val.npz --test_npz /home/students/HuangMingYu/code/py/my_idea/my_idea/data/TaxiBJ/v24_clean_abc_20260917/taxibj_test.npz --result-file /home/students/HuangMingYu/code/py/my_idea/my_idea/outputs/v24-COE/experiments/route20/followup/470ee3e49baa66bb/results/v24_route20_route20_warmup_mixed9_rate0.4_updates_seed7.attempt1.json
  git_commit: 24e57ee114ceb9e41660b396db0a7dd42a833e3a
  git_branch: v24-COE
  git_dirty: True
  config_sha256: 9541746dbd0f9d119e5d627f15f390c3875de5a01955d9b8da04537b2c23270f
  python: 3.9.25
  torch: 2.6.0+cu124
  cuda_runtime: 12.4
  train_npz: /home/students/HuangMingYu/code/py/my_idea/my_idea/data/TaxiBJ/v24_clean_abc_20260917/taxibj_train.npz
  val_npz: /home/students/HuangMingYu/code/py/my_idea/my_idea/data/TaxiBJ/v24_clean_abc_20260917/taxibj_val.npz
  test_npz: /home/students/HuangMingYu/code/py/my_idea/my_idea/data/TaxiBJ/v24_clean_abc_20260917/taxibj_test.npz
  dataset: TaxiBJ
  experiment_type: custom
  variant: v24_route20_route20_warmup_mixed9_rate0.4_updates_seed7
  train_samples: 2452
  val_samples: 342
  train_steps_per_epoch: 154
  val_steps_per_epoch: 22
  test_samples: 707
  test_steps: 45
  batch_size: 16
  mask_pattern: random
  mask_rate_config: 0.4
  train_mask: unknown
  val_mask: unknown
  data_shape: (2452, 2, 12, 32, 32)
  device: cuda
  device_name: NVIDIA GeForce RTX 3090
  total_params: 211,507
  trainable_params: 211,507
Config
{
  "seed": 7,
  "output_dir": "/home/students/HuangMingYu/code/py/my_idea/my_idea/outputs/v24-COE/experiments/route20/followup/470ee3e49baa66bb/runs/v24_route20_route20_warmup_mixed9_rate0.4_updates_seed7",
  "device": "cuda",
  "data": {
    "dataset_name": "TaxiBJ",
    "batch_size": 16,
    "num_workers": 0,
    "pin_memory": true,
    "drop_last": false,
    "mask": {
      "pattern": "random",
      "missing_rate": 0.4
    },
    "synthetic": {
      "num_train": 128,
      "num_val": 32,
      "t": 12,
      "h": 32,
      "w": 32
    },
    "multiscale": false,
    "loader_seed": 7,
    "train_mask_diversity": {
      "families": [
        "random_point",
        "node_outage",
        "temporal_gap",
        "spatial_region",
        "spatiotemporal_block",
        "stripe",
        "moving_region",
        "multi_block",
        "composite"
      ],
      "rates": [
        0.4
      ],
      "seed": 20260917,
      "resample_each_epoch": true
    },
    "eval_mask_diversity": {
      "families": [
        "random_point",
        "node_outage",
        "temporal_gap",
        "spatial_region",
        "spatiotemporal_block",
        "stripe",
        "moving_region",
        "multi_block",
        "composite"
      ],
      "rates": [
        0.4
      ],
      "seed": 20260917,
      "resample_each_epoch": false
    }
  },
  "model": {
    "architecture": "v24_ts_coe",
    "c_in": 2,
    "main": {
      "dim": 64,
      "max_t": 12,
      "h": 32,
      "w": 32,
      "scale_mode": "fine",
      "use_multiscale": false
    },
    "coe": {
      "num_steps": 4,
      "routing_mode": "hard",
      "fixed_path": null,
      "router_state": "dynamic",
      "use_shared": true,
      "use_routed": true,
      "temperature": 1.0,
      "temporal_kernel": 3,
      "spatial_kernel": 3,
      "residual_init": 0.1,
      "expert_pool": [
        "T",
        "S",
        "TD",
        "SD",
        "TA",
        "ST"
      ],
      "expert_state": "dynamic",
      "temporal_dilation": 2,
      "spatial_dilation": 2,
      "attention_heads": 4,
      "routing_warmup_epochs": 3,
      "routing_transition_epochs": 3,
      "uniform_mix_start": 0.5,
      "sampling_temperature_start": 2.0
    },
    "aux": {
      "enabled": false,
      "alpha_init": 0.0
    }
  },
  "loss": {
    "type": "l1",
    "lambda_coe_mid": 0.0,
    "lambda_coe_balance": 0.01
  },
  "train": {
    "epochs": 20,
    "val_epoch": 2,
    "lr_main": 0.001,
    "weight_decay": 0.0001,
    "grad_clip_norm": 1.0,
    "amp": true,
    "save_every": 10,
    "scheduler": {
      "type": "cosine",
      "eta_min": 1e-06,
      "total_epochs": 20
    },
    "early_stopping": {
      "enabled": false,
      "monitor": "val_mae",
      "patience": 40,
      "mode": "min"
    },
    "save_best_checkpoint": true,
    "router_grad_diagnostic_every": 50
  },
  "experiment_plan": {
    "stage": "route20",
    "variant": "route20_warmup",
    "protocol": "mixed9_rate0.4",
    "protocol_kind": "generated_diverse",
    "budget_regime": "updates",
    "mask_metadata": null,
    "training_mask_source": "dynamic_diverse",
    "evaluation_mask_source": "diverse_fixed_per_split"
  },
  "experiment_suite_fingerprint": "470ee3e49baa66bb0dc4c4e57b5551125db3927fbcc12d02465b0dc25ade4fb9"
}
------------------------------------------------------------------------------------------------
-----------------------------------------------------------------------------------------------------------------
 epoch         loss         mae         rmse     val_mae          lr   train_s    val_s   epoch_s   mem_gb   best
-----------------------------------------------------------------------------------------------------------------
     1    107.15233    107.2996     174.1288           -    1.00e-03      94.0      0.0      94.0    12.08       
     2     79.19020     79.2909     141.1143     74.3280    9.94e-04      93.8      2.1      95.9    12.08      *
Best model at epoch 2 (val_mae=74.3280)
     3     63.89093     63.7986     120.9928           -    9.76e-04      93.9      0.0      93.9    12.08       
     4     58.37219     58.2680     110.1494     51.6143    9.46e-04      93.9      2.0      95.9    12.08      *
Best model at epoch 4 (val_mae=51.6143)
     5     54.28758     54.2779     102.4315           -    9.05e-04      93.9      0.0      93.9    12.08       
     6     52.76589     52.7286      98.2535     45.1984    8.54e-04      93.6      2.0      95.6    12.08      *
Best model at epoch 6 (val_mae=45.1984)
     7     50.43397     50.3016      94.0186           -    7.94e-04      93.6      0.0      93.6    12.08       
     8     48.80366     48.7342      91.0094     41.4561    7.27e-04      93.6      2.0      95.6    12.08      *
Best model at epoch 8 (val_mae=41.4561)
     9     46.68741     46.7404      87.4753           -    6.55e-04      93.6      0.0      93.6    12.08       
    10     45.33113     45.2783      84.8352     40.1044    5.79e-04      93.6      2.0      95.6    12.08      *
Best model at epoch 10 (val_mae=40.1044)
    11     44.53128     44.4604      83.5492           -    5.01e-04      93.6      0.0      93.6    12.08       
    12     43.81846     43.8577      82.4496     38.9580    4.22e-04      93.6      2.0      95.6    12.08      *
Best model at epoch 12 (val_mae=38.9580)
    13     43.76693     43.7166      82.2529           -    3.46e-04      93.6      0.0      93.6    12.08       
    14     42.61753     42.5414      80.2913     37.8680    2.74e-04      93.7      2.0      95.7    12.08      *
Best model at epoch 14 (val_mae=37.8680)
    15     41.64864     41.6376      78.6198           -    2.07e-04      93.6      0.0      93.6    12.08       
    16     41.52257     41.4657      77.8243     37.3778    1.47e-04      93.6      2.0      95.6    12.08      *
Best model at epoch 16 (val_mae=37.3778)
    17     41.33522     41.3701      77.9108           -    9.64e-05      93.6      0.0      93.6    12.08       
    18     41.13222     41.1118      77.7228     36.6552    5.54e-05      93.7      2.0      95.7    12.08      *
Best model at epoch 18 (val_mae=36.6552)
    19     40.49315     40.5113      76.6561           -    2.54e-05      93.6      0.0      93.6    12.08       
    20     40.56063     40.5095      76.2673     36.6125    7.15e-06      93.7      2.0      95.7    12.08      *
Best model at epoch 20 (val_mae=36.6125)

------------------------------------------------------------------------------------------------
Training finished normally: 2026-09-18 12:04:40
Summary
  completed_epochs: 20
  best_epoch: 20
  best_val_mae: 36.612501
  val_epoch: 2
  validation_count: 10
  final_train_loss: 40.560626
  final_train_mae: 40.509485
  final_val_loss: 36.900082
  final_val_mae: 36.612501
  total_time: 31m 38s
  avg_epoch_time_sec: 94.69
  avg_train_sec_per_step: 0.6083
  avg_val_sec_per_step: 0.0460
  peak_memory_gb: 12.08
  test_loss: 34.542158
  test_mae: 34.716352
  test_rmse: 64.691227
  test_mape: 466751.946570
  test_time_sec: 4.19
  best_checkpoint: /home/students/HuangMingYu/code/py/my_idea/my_idea/outputs/v24-COE/experiments/route20/followup/470ee3e49baa66bb/runs/v24_route20_route20_warmup_mixed9_rate0.4_updates_seed7/TaxiBJ/custom/v24_route20_route20_warmup_mixed9_rate0.4_updates_seed7/random/rate0.4/20260918_113301_seed7_bs16/checkpoints/best.pt
  best_state_source: checkpoint
  metrics_jsonl: /home/students/HuangMingYu/code/py/my_idea/my_idea/outputs/v24-COE/experiments/route20/followup/470ee3e49baa66bb/runs/v24_route20_route20_warmup_mixed9_rate0.4_updates_seed7/TaxiBJ/custom/v24_route20_route20_warmup_mixed9_rate0.4_updates_seed7/random/rate0.4/20260918_113301_seed7_bs16/logs/metrics.jsonl
------------------------------------------------------------------------------------------------
