Training started: 2026-09-27 21:49:17
------------------------------------------------------------------------------------------------
Run
  run_dir: /home/students/HuangMingYu/code/py/my_idea/my_idea/outputs/v24-COE/BikeNYC/custom/v24_coe_focus_focus_coe_shared_mixed9_rate0.4_updates_seed7/random/rate0.4/20260927_214917_seed7_bs16
  command: /home/students/HuangMingYu/code/py/my_idea/my_idea/scripts/train.py -c /home/students/HuangMingYu/code/py/my_idea/my_idea/outputs/v24-COE/experiments/coe_focus_bikenyc/coe_focus_bikenyc/8f8c5e43d72bfa23/configs/v24_coe_focus_focus_coe_shared_mixed9_rate0.4_updates_seed7.json --no_plot --name v24_coe_focus_focus_coe_shared_mixed9_rate0.4_updates_seed7 --train_npz /home/students/HuangMingYu/code/py/my_idea/my_idea/data/BikeNYC/bikenyc_train.npz --val_npz /home/students/HuangMingYu/code/py/my_idea/my_idea/data/BikeNYC/bikenyc_val.npz --test_npz /home/students/HuangMingYu/code/py/my_idea/my_idea/data/BikeNYC/bikenyc_test.npz --result-file /home/students/HuangMingYu/code/py/my_idea/my_idea/outputs/v24-COE/experiments/coe_focus_bikenyc/coe_focus_bikenyc/8f8c5e43d72bfa23/results/v24_coe_focus_focus_coe_shared_mixed9_rate0.4_updates_seed7.attempt1.json
  git_commit: 6d65c6f5bae7f835e65dd5e9fee0acf3f5c29108
  git_branch: v24-COE
  git_dirty: True
  config_sha256: b8ee85a9aec557ba41ba3da359d71c47e55d769cc4d6910b021fe69fb1c1ac31
  python: 3.9.25
  torch: 2.6.0+cu124
  cuda_runtime: 12.4
  train_npz: /home/students/HuangMingYu/code/py/my_idea/my_idea/data/BikeNYC/bikenyc_train.npz
  val_npz: /home/students/HuangMingYu/code/py/my_idea/my_idea/data/BikeNYC/bikenyc_val.npz
  test_npz: /home/students/HuangMingYu/code/py/my_idea/my_idea/data/BikeNYC/bikenyc_test.npz
  dataset: BikeNYC
  experiment_type: custom
  variant: v24_coe_focus_focus_coe_shared_mixed9_rate0.4_updates_seed7
  train_samples: 511
  val_samples: 73
  train_steps_per_epoch: 32
  val_steps_per_epoch: 5
  test_samples: 147
  test_steps: 10
  batch_size: 16
  world_size: 2
  per_device_batch_size: 8
  mask_pattern: random
  mask_rate_config: 0.4
  train_mask: unknown
  val_mask: unknown
  data_shape: (511, 2, 12, 24, 12)
  device: cuda:0
  device_name: NVIDIA GeForce RTX 3090
  total_params: 196,663
  trainable_params: 196,663
Config
{
  "seed": 7,
  "output_dir": "/home/students/HuangMingYu/code/py/my_idea/my_idea/outputs/v24-COE",
  "device": "cuda",
  "data": {
    "dataset_name": "BikeNYC",
    "batch_size": 16,
    "num_workers": 0,
    "pin_memory": true,
    "drop_last": false,
    "mask": {
      "pattern": "random",
      "missing_rate": 0.4
    },
    "synthetic": {
      "num_train": 128,
      "num_val": 32,
      "t": 12,
      "h": 24,
      "w": 12
    },
    "multiscale": false,
    "loader_seed": 7,
    "train_mask_diversity": {
      "families": [
        "random_point",
        "node_outage",
        "temporal_gap",
        "spatial_region",
        "spatiotemporal_block",
        "stripe",
        "moving_region",
        "multi_block",
        "composite"
      ],
      "rates": [
        0.4
      ],
      "seed": 20260917,
      "resample_each_epoch": true
    },
    "eval_mask_diversity": {
      "families": [
        "random_point",
        "node_outage",
        "temporal_gap",
        "spatial_region",
        "spatiotemporal_block",
        "stripe",
        "moving_region",
        "multi_block",
        "composite"
      ],
      "rates": [
        0.4
      ],
      "seed": 20260917,
      "resample_each_epoch": false
    }
  },
  "model": {
    "architecture": "v24_ts_coe",
    "c_in": 2,
    "main": {
      "dim": 64,
      "max_t": 12,
      "h": 24,
      "w": 12,
      "scale_mode": "fine",
      "use_multiscale": false
    },
    "coe": {
      "num_steps": 3,
      "expert_pool": [
        "T",
        "S",
        "TD",
        "SD",
        "TA",
        "ST"
      ],
      "routing_mode": "hard",
      "fixed_path": null,
      "fixed_expert_steps": [
        null,
        null,
        null
      ],
      "router_state": "dynamic",
      "expert_state": "dynamic",
      "use_shared": true,
      "use_routed": true,
      "temperature": 1.0,
      "temporal_kernel": 3,
      "spatial_kernel": 3,
      "temporal_dilation": 2,
      "spatial_dilation": 2,
      "attention_heads": 4,
      "residual_init": 0.1,
      "routing_warmup_epochs": 3,
      "routing_transition_epochs": 3,
      "uniform_mix_start": 0.5,
      "sampling_temperature_start": 2.0,
      "top_k": 2,
      "router_hidden_dim": 64,
      "pair_mode": "native",
      "acceptance": "none",
      "expert_sharing": "shared",
      "previous_expert_context": false,
      "global_route_weights": false,
      "router_input_noise_std": 0.0,
      "router_input_noise_steps": 0,
      "completion_feedback": true
    },
    "aux": {
      "enabled": false,
      "alpha_init": 0.0
    }
  },
  "loss": {
    "type": "l1",
    "lambda_coe_mid": 0.0,
    "lambda_coe_balance": 0.01,
    "lambda_coe_z": 0.0
  },
  "train": {
    "epochs": 80,
    "val_epoch": 2,
    "lr_main": 0.001,
    "weight_decay": 0.0001,
    "grad_clip_norm": 1.0,
    "amp": true,
    "save_every": 10,
    "scheduler": {
      "type": "cosine",
      "total_epochs": 80,
      "eta_min": 1e-06
    },
    "early_stopping": {
      "enabled": false
    },
    "save_best_checkpoint": false,
    "router_grad_diagnostic_every": 0
  },
  "experiment_plan": {
    "stage": "coe_focus",
    "variant": "focus_coe_shared",
    "protocol": "mixed9_rate0.4",
    "protocol_kind": "generated_diverse",
    "budget_regime": "updates",
    "mask_metadata": null,
    "training_mask_source": "dynamic_diverse",
    "evaluation_mask_source": "diverse_fixed_per_split"
  },
  "experiment_suite_fingerprint": "8f8c5e43d72bfa233bedf1b9680dd7357cfd5a3c90656179cf85f3ef7767fe09"
}
------------------------------------------------------------------------------------------------
-----------------------------------------------------------------------------------------------------------------
 epoch         loss         mae         rmse     val_mae          lr   train_s    val_s   epoch_s   mem_gb   best
-----------------------------------------------------------------------------------------------------------------
     1     10.72083     10.7191      31.6347           -    1.00e-03       2.0      0.0       2.0     0.74       
     2     10.17275     10.1604      30.9217     11.1052    1.00e-03       1.6      0.2       1.7     0.74      *
Best model at epoch 2 (val_mae=11.1052)
     3      9.35910      9.3500      29.3157           -    9.98e-04       1.5      0.0       1.5     0.75       
     4      9.00744      8.9889      28.5496     10.4862    9.97e-04       1.5      0.1       1.6     0.75      *
Best model at epoch 4 (val_mae=10.4862)
     5      8.51129      8.4814      26.9374           -    9.94e-04       1.5      0.0       1.5     0.72       
     6      8.34246      8.3072      26.8635      9.5979    9.90e-04       1.5      0.1       1.7     0.74      *
Best model at epoch 6 (val_mae=9.5979)
     7      7.88140      7.8574      25.8166           -    9.86e-04       1.5      0.0       1.5     0.74       
     8      7.69841      7.6720      25.1580      8.5914    9.81e-04       1.5      0.1       1.6     0.71      *
Best model at epoch 8 (val_mae=8.5914)
     9      7.30281      7.2783      23.9221           -    9.76e-04       1.5      0.0       1.5     0.71       
    10      6.93019      6.9040      22.9876      8.1190    9.69e-04       1.5      0.1       1.6     0.69      *
Best model at epoch 10 (val_mae=8.1190)
    11      6.49957      6.4803      21.6082           -    9.62e-04       1.5      0.0       1.5     0.67       
    12      6.20904      6.1865      21.1868      7.3982    9.54e-04       1.5      0.1       1.7     0.69      *
Best model at epoch 12 (val_mae=7.3982)
    13      6.38529      6.3682      21.1325           -    9.46e-04       1.5      0.0       1.5     0.67       
    14      6.18159      6.1579      20.3326      7.0466    9.36e-04       1.6      0.1       1.7     0.67      *
Best model at epoch 14 (val_mae=7.0466)
    15      5.90169      5.8774      19.7150           -    9.26e-04       1.5      0.0       1.5     0.66       
    16      5.95887      5.9375      19.4902      7.1475    9.16e-04       1.5      0.1       1.6     0.67       
    17      5.83779      5.8146      19.1781           -    9.05e-04       1.5      0.0       1.5     0.67       
    18      5.88770      5.8640      19.1124      6.6629    8.93e-04       1.5      0.1       1.6     0.68      *
Best model at epoch 18 (val_mae=6.6629)
    19      5.68460      5.6650      18.6237           -    8.80e-04       1.5      0.0       1.5     0.65       
    20      5.80942      5.7840      18.7332      6.4043    8.67e-04       1.5      0.1       1.7     0.67      *
Best model at epoch 20 (val_mae=6.4043)
    21      5.38278      5.3591      17.8283           -    8.54e-04       1.5      0.0       1.5     0.67       
    22      5.38978      5.3716      17.8450      6.2987    8.40e-04       1.5      0.1       1.7     0.66      *
Best model at epoch 22 (val_mae=6.2987)
    23      5.33764      5.3162      17.5186           -    8.25e-04       1.5      0.0       1.5     0.67       
    24      5.17168      5.1567      17.0742      6.0040    8.10e-04       1.5      0.1       1.7     0.67      *
Best model at epoch 24 (val_mae=6.0040)
    25      5.25294      5.2323      17.2620           -    7.94e-04       1.5      0.0       1.5     0.66       
    26      5.23989      5.2237      17.0330      5.8680    7.78e-04       1.5      0.1       1.7     0.67      *
Best model at epoch 26 (val_mae=5.8680)
    27      5.35071      5.3340      17.1534           -    7.61e-04       1.5      0.0       1.5     0.67       
    28      5.44701      5.4296      17.2888      5.7616    7.45e-04       1.6      0.1       1.7     0.67      *
Best model at epoch 28 (val_mae=5.7616)
    29      4.97334      4.9519      16.5541           -    7.27e-04       1.6      0.0       1.6     0.67       
    30      4.93219      4.9151      16.3418      5.6194    7.10e-04       1.5      0.1       1.7     0.67      *
Best model at epoch 30 (val_mae=5.6194)
    31      4.97483      4.9561      16.4241           -    6.92e-04       1.5      0.0       1.5     0.66       
    32      4.97284      4.9555      16.3266      5.6027    6.73e-04       1.5      0.1       1.7     0.67      *
Best model at epoch 32 (val_mae=5.6027)
    33      4.95226      4.9366      16.2481           -    6.55e-04       1.5      0.0       1.5     0.68       
    34      4.74957      4.7327      15.8057      5.5672    6.36e-04       1.5      0.1       1.7     0.67      *
Best model at epoch 34 (val_mae=5.5672)
    35      4.63226      4.6089      15.3636           -    6.17e-04       1.5      0.0       1.5     0.67       
    36      4.75328      4.7375      15.5532      5.3364    5.98e-04       1.5      0.1       1.7     0.67      *
Best model at epoch 36 (val_mae=5.3364)
    37      4.90437      4.8850      16.1179           -    5.79e-04       1.5      0.0       1.5     0.68       
    38      4.74963      4.7352      15.4738      5.5166    5.59e-04       1.5      0.1       1.6     0.67       
    39      4.62639      4.6065      15.4384           -    5.40e-04       1.5      0.0       1.5     0.67       
    40      4.68747      4.6696      15.4523      5.3492    5.20e-04       1.5      0.1       1.7     0.67       
    41      4.59563      4.5746      15.2953           -    5.01e-04       1.5      0.0       1.5     0.66       
    42      4.68193      4.6642      15.6129      5.2899    4.81e-04       1.5      0.1       1.7     0.67      *
Best model at epoch 42 (val_mae=5.2899)
    43      4.55137      4.5361      15.0593           -    4.61e-04       1.5      0.0       1.5     0.66       
    44      4.66005      4.6435      15.2355      5.1941    4.42e-04       1.5      0.1       1.6     0.68      *
Best model at epoch 44 (val_mae=5.1941)
    45      4.47214      4.4560      14.9260           -    4.22e-04       1.5      0.0       1.5     0.66       
    46      4.63933      4.6209      15.2325      5.0408    4.03e-04       1.5      0.1       1.6     0.66      *
Best model at epoch 46 (val_mae=5.0408)
    47      4.29795      4.2821      14.4552           -    3.84e-04       1.5      0.0       1.5     0.67       
    48      4.35624      4.3405      14.3775      5.1653    3.65e-04       1.5      0.1       1.6     0.67       
    49      4.38606      4.3666      14.6447           -    3.46e-04       1.5      0.0       1.5     0.66       
    50      4.49484      4.4806      14.9147      5.0156    3.28e-04       1.5      0.1       1.6     0.66      *
Best model at epoch 50 (val_mae=5.0156)
    51      4.40445      4.3866      14.6242           -    3.09e-04       1.5      0.0       1.5     0.67       
    52      4.57878      4.5641      15.0995      5.2716    2.91e-04       1.5      0.1       1.7     0.66       
    53      4.50663      4.4898      14.4553           -    2.74e-04       1.6      0.0       1.6     0.68       
    54      4.40275      4.3858      14.4387      4.8991    2.56e-04       1.5      0.1       1.7     0.66      *
Best model at epoch 54 (val_mae=4.8991)
    55      4.45047      4.4341      14.7054           -    2.40e-04       1.6      0.0       1.6     0.68       
    56      4.40883      4.3946      14.5876      5.0123    2.23e-04       1.6      0.1       1.7     0.67       
    57      4.49488      4.4808      14.9589           -    2.07e-04       1.5      0.0       1.5     0.67       
    58      4.27629      4.2635      14.1784      4.8228    1.91e-04       1.5      0.1       1.7     0.66      *
Best model at epoch 58 (val_mae=4.8228)
    59      4.39558      4.3749      14.5909           -    1.76e-04       1.5      0.0       1.5     0.67       
    60      4.21565      4.1999      14.0345      4.8336    1.61e-04       1.5      0.1       1.7     0.67       
    61      4.33219      4.3163      14.3470           -    1.47e-04       1.5      0.0       1.5     0.67       
    62      4.29487      4.2812      14.0717      4.9244    1.34e-04       1.5      0.1       1.7     0.67       
    63      4.18126      4.1640      13.8177           -    1.21e-04       1.6      0.0       1.6     0.68       
    64      4.17544      4.1591      13.8203      4.7620    1.08e-04       1.5      0.1       1.7     0.67      *
Best model at epoch 64 (val_mae=4.7620)
    65      4.25619      4.2410      14.2396           -    9.64e-05       1.5      0.0       1.5     0.67       
    66      4.25596      4.2394      14.2204      4.7769    8.52e-05       1.5      0.1       1.7     0.66       
    67      4.06219      4.0460      13.6900           -    7.46e-05       1.5      0.0       1.5     0.67       
    68      4.21022      4.1947      14.0455      4.7910    6.47e-05       1.5      0.2       1.7     0.67       
    69      4.17393      4.1598      13.9098           -    5.54e-05       1.5      0.0       1.5     0.67       
    70      4.15682      4.1417      13.6910      4.8053    4.69e-05       1.5      0.1       1.7     0.67       
    71      4.31960      4.3051      14.4114           -    3.90e-05       1.5      0.0       1.5     0.67       
    72      4.16579      4.1528      13.9143      4.7447    3.19e-05       1.5      0.1       1.7     0.66      *
Best model at epoch 72 (val_mae=4.7447)
    73      4.11143      4.0966      13.8379           -    2.54e-05       1.5      0.0       1.5     0.65       
    74      4.17632      4.1609      13.9546      4.7390    1.98e-05       1.5      0.2       1.7     0.67      *
Best model at epoch 74 (val_mae=4.7390)
    75      4.15308      4.1373      13.8909           -    1.48e-05       1.5      0.0       1.5     0.66       
    76      4.06982      4.0526      13.6433      4.7431    1.06e-05       1.5      0.1       1.7     0.67       
    77      4.22639      4.2104      14.0216           -    7.15e-06       1.5      0.0       1.5     0.67       
    78      4.17332      4.1587      14.0787      4.7314    4.46e-06       1.5      0.1       1.7     0.68      *
Best model at epoch 78 (val_mae=4.7314)
    79      4.18570      4.1723      13.8432           -    2.54e-06       1.5      0.0       1.5     0.67       
    80      4.15546      4.1406      14.1092      4.7309    1.39e-06       1.5      0.1       1.7     0.67      *
Best model at epoch 80 (val_mae=4.7309)

------------------------------------------------------------------------------------------------
Training finished normally: 2026-09-27 21:51:26
Summary
  completed_epochs: 80
  best_epoch: 80
  best_val_mae: 4.730915
  val_epoch: 2
  validation_count: 40
  final_train_loss: 4.155464
  final_train_mae: 4.140553
  final_val_loss: 4.765101
  final_val_mae: 4.730915
  total_time: 2m 9s
  avg_epoch_time_sec: 1.60
  avg_train_sec_per_step: 0.0481
  avg_val_sec_per_step: 0.0128
  peak_memory_gb: 0.75
  test_loss: 5.028531
  test_mae: 4.987166
  test_rmse: 16.925014
  test_mape: 124588.510234
  test_time_sec: 0.25
  best_checkpoint: n/a
  best_state_source: cpu_memory
  metrics_jsonl: /home/students/HuangMingYu/code/py/my_idea/my_idea/outputs/v24-COE/BikeNYC/custom/v24_coe_focus_focus_coe_shared_mixed9_rate0.4_updates_seed7/random/rate0.4/20260927_214917_seed7_bs16/logs/metrics.jsonl
------------------------------------------------------------------------------------------------
