Training started: 2026-09-30 14:06:36
------------------------------------------------------------------------------------------------
Run
  run_dir: /home/students/HuangMingYu/code/py/my_idea/my_idea/outputs/v24-COE/TaxiBJ/custom/20260930_140635_scale_early_paths_seed7/random/rate0.4/20260930_140635_seed7_bs32
  command: /home/students/HuangMingYu/code/py/my_idea/my_idea/outputs/v24-COE/experiments/r_exploration/taxibj/b21d7928e67f4565/source_snapshot/scripts/train.py -c /home/students/HuangMingYu/code/py/my_idea/my_idea/outputs/v24-COE/experiments/r_exploration/taxibj/b21d7928e67f4565/configs/R5.json --name scale_early_paths --no_plot --result-file /home/students/HuangMingYu/code/py/my_idea/my_idea/outputs/v24-COE/experiments/r_exploration/taxibj/b21d7928e67f4565/results/R5.attempt1.json --train_npz /home/students/HuangMingYu/code/py/my_idea/my_idea/data/TaxiBJ/v24_clean_abc_20260917/taxibj_train.npz --val_npz /home/students/HuangMingYu/code/py/my_idea/my_idea/data/TaxiBJ/v24_clean_abc_20260917/taxibj_val.npz --test_npz /home/students/HuangMingYu/code/py/my_idea/my_idea/data/TaxiBJ/v24_clean_abc_20260917/taxibj_test.npz
  git_commit: 5fce115c0eeda8a7a294fc455811af98b816dbc1
  git_branch: v24-COE
  git_dirty: True
  config_sha256: 5e69c82c6c0e210428c8ad2cb8d399ea043ffa34842689bf70b2972b665cd34b
  python: 3.9.25
  torch: 2.6.0+cu124
  cuda_runtime: 12.4
  train_npz: /home/students/HuangMingYu/code/py/my_idea/my_idea/data/TaxiBJ/v24_clean_abc_20260917/taxibj_train.npz
  val_npz: /home/students/HuangMingYu/code/py/my_idea/my_idea/data/TaxiBJ/v24_clean_abc_20260917/taxibj_val.npz
  test_npz: /home/students/HuangMingYu/code/py/my_idea/my_idea/data/TaxiBJ/v24_clean_abc_20260917/taxibj_test.npz
  dataset: TaxiBJ
  experiment_type: custom
  variant: scale_early_paths
  train_samples: 2452
  val_samples: 342
  train_steps_per_epoch: 77
  val_steps_per_epoch: 11
  test_samples: 707
  test_steps: 23
  batch_size: 32
  world_size: 1
  per_device_batch_size: 32
  mask_pattern: random
  mask_rate_config: 0.4
  train_mask: unknown
  val_mask: unknown
  data_shape: (2452, 2, 12, 32, 32)
  device: cuda
  device_name: NVIDIA GeForce RTX 3090
  total_params: 308,899
  trainable_params: 250,043
Config
{
  "seed": 7,
  "output_dir": "/home/students/HuangMingYu/code/py/my_idea/my_idea/outputs/v24-COE",
  "device": "cuda",
  "data": {
    "dataset_name": "TaxiBJ",
    "batch_size": 32,
    "num_workers": 0,
    "pin_memory": true,
    "drop_last": false,
    "mask": {
      "pattern": "random",
      "missing_rate": 0.4
    },
    "synthetic": {
      "num_train": 128,
      "num_val": 32,
      "t": 12,
      "h": 32,
      "w": 32
    },
    "multiscale": false,
    "loader_seed": 7,
    "train_mask_diversity": {
      "families": [
        "random_point",
        "node_outage",
        "temporal_gap",
        "spatial_region"
      ],
      "rates": [
        0.4
      ],
      "seed": 20260917,
      "resample_each_epoch": true
    },
    "eval_mask_diversity": {
      "families": [
        "random_point",
        "node_outage",
        "temporal_gap",
        "spatial_region"
      ],
      "rates": [
        0.4
      ],
      "seed": 20260917,
      "resample_each_epoch": false
    }
  },
  "model": {
    "architecture": "v24_ts_coe",
    "c_in": 2,
    "main": {
      "dim": 64,
      "max_t": 12,
      "h": 32,
      "w": 32,
      "scale_mode": "fine",
      "use_multiscale": false
    },
    "coe": {
      "num_steps": 4,
      "expert_pool": [
        "T",
        "S",
        "TD",
        "SD",
        "TA",
        "ST",
        "TL",
        "SL"
      ],
      "routing_mode": "hard",
      "fixed_path": null,
      "fixed_expert_steps": [
        null,
        null,
        null,
        null
      ],
      "router_state": "dynamic",
      "expert_state": "dynamic",
      "use_shared": false,
      "use_routed": true,
      "temperature": 1.0,
      "temporal_kernel": 3,
      "spatial_kernel": 3,
      "temporal_dilation": 2,
      "spatial_dilation": 2,
      "attention_heads": 4,
      "residual_init": 0.1,
      "routing_warmup_epochs": 0,
      "routing_transition_epochs": 0,
      "uniform_mix_start": 0.5,
      "sampling_temperature_start": 2.0,
      "top_k": 2,
      "router_hidden_dim": 64,
      "pair_mode": "native",
      "acceptance": "none",
      "expert_sharing": "shared",
      "previous_expert_context": false,
      "global_route_weights": false,
      "router_input_noise_std": 0.0,
      "router_input_noise_steps": 0,
      "completion_feedback": false,
      "repair_acceptance": "none",
      "fusion_mode": "original",
      "partner_fusion": "individual",
      "partner_aux_head_only": false,
      "pair_dense_warmup_steps": 0,
      "state_update_mode": "direct",
      "router_features": "legacy",
      "local_routing": {
        "enabled": false
      },
      "spatial_scale": {
        "enabled": true,
        "mode": "perturb",
        "factor": 2,
        "coarse_rounds": 2,
        "fixed_scales": [
          "coarse",
          "coarse",
          "fine",
          "fine"
        ],
        "perturb_epochs": 8,
        "perturb_seed": 20260930
      }
    },
    "aux": {
      "enabled": false,
      "alpha_init": 0.0
    }
  },
  "loss": {
    "type": "l1",
    "lambda_coe_mid": 0.0,
    "lambda_coe_balance": 0.01,
    "lambda_coe_z": 0.0,
    "balance_importance": "candidate"
  },
  "train": {
    "epochs": 100,
    "val_epoch": 5,
    "lr_main": 0.001,
    "weight_decay": 0.0001,
    "grad_clip_norm": 1.0,
    "amp": true,
    "save_every": 10,
    "scheduler": {
      "type": "cosine",
      "total_epochs": 100,
      "eta_min": 0.0003,
      "reach_min_at_last_epoch": true
    },
    "early_stopping": {
      "enabled": false
    },
    "save_best_checkpoint": true,
    "router_grad_diagnostic_every": 0,
    "full_checkpoint": true,
    "measure_forward_latency": true,
    "oracle_last_step_samples": 0,
    "best_checkpoint_name": "best.pth",
    "save_last_checkpoint": true,
    "optimizer": "AdamW"
  },
  "experiment_plan": {
    "suite": "r_exploration",
    "variant": "R5",
    "base_variant": "N5",
    "protocol": {
      "train_families": [
        "random_point",
        "node_outage",
        "temporal_gap",
        "spatial_region"
      ],
      "rate": 0.4,
      "mask_seed": 20260917,
      "evaluations": {
        "in_distribution": {
          "families": [
            "random_point",
            "node_outage",
            "temporal_gap",
            "spatial_region"
          ],
          "seed": 20260917
        },
        "unseen_combinations": {
          "families": [
            "node_plus_space",
            "time_plus_space",
            "node_plus_time"
          ],
          "seed": 20260918
        },
        "unseen_geometry": {
          "families": [
            "moving_region",
            "multi_block"
          ],
          "seed": 20260919
        },
        "unseen_triple": {
          "families": [
            "node_plus_time_plus_space"
          ],
          "seed": 20260930
        },
        "unseen_combinations_repeat": {
          "families": [
            "node_plus_space",
            "time_plus_space",
            "node_plus_time"
          ],
          "seed": 20261001
        },
        "unseen_geometry_repeat": {
          "families": [
            "moving_region",
            "multi_block"
          ],
          "seed": 20261002
        }
      },
      "checkpoint_selection": "in_distribution_validation_only",
      "note": "Same test windows across sets; masks are fixed and identical across models. New family/combination names never reach the model."
    }
  }
}
------------------------------------------------------------------------------------------------
-----------------------------------------------------------------------------------------------------------------
 epoch         loss         mae         rmse     val_mae          lr   train_s    val_s   epoch_s   mem_gb   best
-----------------------------------------------------------------------------------------------------------------
     1    108.73550    108.7311     175.1775           -    1.00e-03      30.9      0.0      30.9     9.17       
     2     95.35619     95.4096     161.5021           -    1.00e-03      33.4      0.0      33.4     8.76       
     3     82.07524     82.0160     145.6673           -    9.99e-04      33.5      0.0      33.5     8.76       
     4     73.89045     73.8809     134.8043           -    9.98e-04      31.7      0.0      31.7     8.75       
     5     68.35586     68.3391     126.6431     58.3296    9.97e-04      31.6      2.3      33.8     8.75      *
Best model at epoch 5 (val_mae=58.3296)
     6     65.16354     65.1236     120.9418           -    9.96e-04      31.8      0.0      31.8     8.74       
     7     62.40309     62.3605     116.2757           -    9.94e-04      32.0      0.0      32.0     8.73       
     8     59.61368     59.5950     111.3951           -    9.91e-04      31.8      0.0      31.8     8.74       
     9     55.18042     55.2104     105.8200           -    9.89e-04      31.1      0.0      31.1     8.51       
    10     53.74752     53.7696     103.4686     46.9934    9.86e-04      31.0      2.2      33.3     8.51      *
Best model at epoch 10 (val_mae=46.9934)
    11     51.85001     51.8491     100.4730           -    9.83e-04      31.1      0.0      31.1     8.51       
    12     50.63411     50.5962      97.9333           -    9.79e-04      31.1      0.0      31.1     8.50       
    13     49.25085     49.2316      95.1432           -    9.75e-04      31.1      0.0      31.1     8.50       
    14     48.50259     48.4609      93.3792           -    9.71e-04      31.1      0.0      31.1     8.50       
    15     47.05553     47.0502      91.0527     40.7746    9.66e-04      31.0      2.2      33.3     8.51      *
Best model at epoch 15 (val_mae=40.7746)
    16     45.33082     45.3013      88.0136           -    9.61e-04      31.0      0.0      31.0     8.51       
    17     44.11536     44.1246      85.6472           -    9.56e-04      31.0      0.0      31.0     8.51       
    18     42.23088     42.2351      82.0766           -    9.50e-04      31.0      0.0      31.0     8.51       
    19     40.90092     40.8957      78.8606           -    9.44e-04      31.0      0.0      31.0     8.51       
    20     39.60421     39.5646      76.0356     34.6580    9.38e-04      31.0      2.2      33.2     8.51      *
Best model at epoch 20 (val_mae=34.6580)
    21     38.57300     38.5628      74.0292           -    9.32e-04      31.0      0.0      31.0     8.51       
    22     36.39869     36.3643      70.3417           -    9.25e-04      31.0      0.0      31.0     8.51       
    23     34.71652     34.6712      67.0415           -    9.18e-04      31.0      0.0      31.0     8.51       
    24     33.48866     33.4727      64.7399           -    9.11e-04      31.0      0.0      31.0     8.51       
    25     32.76495     32.7529      62.6223     32.1511    9.03e-04      31.1      2.2      33.3     8.51      *
Best model at epoch 25 (val_mae=32.1511)
    26     31.96046     31.9255      60.8308           -    8.96e-04      31.0      0.0      31.0     8.51       
    27     30.41031     30.3696      57.9808           -    8.87e-04      31.0      0.0      31.0     8.51       
    28     29.56738     29.5377      56.0199           -    8.79e-04      31.1      0.0      31.1     8.51       
    29     29.20902     29.1767      55.1104           -    8.71e-04      31.0      0.0      31.0     8.51       
    30     28.50188     28.4281      53.6942     28.7042    8.62e-04      31.0      2.2      33.2     8.51      *
Best model at epoch 30 (val_mae=28.7042)
    31     27.84342     27.8210      52.1030           -    8.53e-04      31.0      0.0      31.0     8.51       
    32     27.24672     27.2257      51.0276           -    8.44e-04      31.0      0.0      31.0     8.52       
    33     27.55802     27.5331      51.0415           -    8.35e-04      30.9      0.0      30.9     8.51       
    34     26.40422     26.3810      48.8694           -    8.25e-04      30.9      0.0      30.9     8.52       
    35     25.60605     25.5475      47.2291     23.5616    8.15e-04      31.0      2.2      33.3     8.51      *
Best model at epoch 35 (val_mae=23.5616)
    36     25.57606     25.5519      46.8594           -    8.05e-04      31.1      0.0      31.1     8.51       
    37     24.19489     24.1538      44.7772           -    7.95e-04      31.0      0.0      31.0     8.51       
    38     24.54725     24.5234      44.8053           -    7.85e-04      31.1      0.0      31.1     8.51       
    39     23.03562     22.9882      42.3644           -    7.75e-04      31.0      0.0      31.0     8.51       
    40     23.23978     23.1990      42.2481     20.7912    7.64e-04      31.0      2.2      33.3     8.51      *
Best model at epoch 40 (val_mae=20.7912)
    41     23.30373     23.2744      42.0577           -    7.54e-04      31.0      0.0      31.0     8.51       
    42     22.63575     22.6124      41.1887           -    7.43e-04      31.1      0.0      31.1     8.51       
    43     22.04869     22.0032      39.9060           -    7.33e-04      31.1      0.0      31.1     8.51       
    44     21.98859     21.9597      39.7798           -    7.22e-04      31.0      0.0      31.0     8.50       
    45     21.99883     21.9685      39.4702     19.3698    7.11e-04      31.0      2.2      33.3     8.50      *
Best model at epoch 45 (val_mae=19.3698)
    46     20.89857     20.8531      37.7069           -    7.00e-04      31.0      0.0      31.0     8.51       
    47     20.81704     20.7846      37.4653           -    6.89e-04      31.0      0.0      31.0     8.51       
    48     20.61732     20.5883      36.9989           -    6.78e-04      31.0      0.0      31.0     8.51       
    49     20.43582     20.3898      36.5738           -    6.67e-04      31.0      0.0      31.0     8.50       
    50     20.54737     20.5183      36.6032     18.9650    6.56e-04      31.1      2.2      33.3     8.50      *
Best model at epoch 50 (val_mae=18.9650)
    51     19.64472     19.6099      34.9537           -    6.44e-04      31.0      0.0      31.0     8.50       
    52     19.80611     19.7800      35.1405           -    6.33e-04      31.0      0.0      31.0     8.51       
    53     19.25862     19.2157      34.3143           -    6.22e-04      31.0      0.0      31.0     8.51       
    54     18.96512     18.9310      33.7332           -    6.11e-04      31.0      0.0      31.0     8.50       
    55     19.06774     19.0086      33.8643     17.7961    6.00e-04      31.0      2.2      33.3     8.50      *
Best model at epoch 55 (val_mae=17.7961)
    56     19.12332     19.0893      33.8340           -    5.89e-04      31.1      0.0      31.1     8.51       
    57     18.63468     18.5931      32.8932           -    5.78e-04      31.0      0.0      31.0     8.50       
    58     18.68321     18.6445      32.9860           -    5.67e-04      31.0      0.0      31.0     8.50       
    59     18.98797     18.9323      33.3285           -    5.57e-04      31.1      0.0      31.1     8.50       
    60     19.06023     19.0287      33.3129     17.9952    5.46e-04      31.1      2.2      33.3     8.51       
    61     18.27555     18.2413      32.0332           -    5.36e-04      31.1      0.0      31.1     8.51       
    62     18.59058     18.5639      32.5525           -    5.25e-04      31.0      0.0      31.0     8.51       
    63     17.83351     17.7885      31.2853           -    5.15e-04      31.1      0.0      31.1     8.51       
    64     18.69916     18.6510      32.6278           -    5.05e-04      31.0      0.0      31.0     8.51       
    65     17.60940     17.5598      30.7504     18.6825    4.95e-04      31.1      2.2      33.3     8.51       
    66     18.42212     18.3818      32.0533           -    4.85e-04      31.1      0.0      31.1     8.51       
    67     18.31895     18.2682      31.9301           -    4.75e-04      31.1      0.0      31.1     8.51       
    68     17.50186     17.4722      30.5938           -    4.65e-04      31.1      0.0      31.1     8.51       
    69     19.51021     19.4804      33.2533           -    4.56e-04      30.5      0.0      30.5     8.51       
    70     19.38059     19.3130      33.1952     18.2369    4.47e-04      29.1      2.2      31.3     8.51       
    71     18.45989     18.4272      31.7451           -    4.38e-04      29.0      0.0      29.0     8.51       
    72     18.41751     18.3677      31.7017           -    4.29e-04      29.0      0.0      29.0     8.51       
    73     17.86835     17.8192      30.8447           -    4.21e-04      29.0      0.0      29.0     8.51       
    74     17.43378     17.4002      30.1100           -    4.13e-04      28.9      0.0      28.9     8.51       
    75     18.04084     17.9999      31.2563     18.0012    4.04e-04      28.8      2.2      31.0     8.50       
    76     17.81176     17.7674      30.9300           -    3.97e-04      28.9      0.0      28.9     8.50       
    77     17.58612     17.5417      30.4307           -    3.89e-04      28.8      0.0      28.8     8.50       
    78     17.04551     17.0101      29.5945           -    3.82e-04      28.8      0.0      28.8     8.50       
    79     17.27235     17.2221      30.0216           -    3.75e-04      28.8      0.0      28.8     8.51       
    80     17.03487     17.0011      29.4288     16.2679    3.68e-04      28.8      2.2      30.9     8.50      *
Best model at epoch 80 (val_mae=16.2679)
    81     16.74846     16.7100      29.0778           -    3.62e-04      28.8      0.0      28.8     8.50       
    82     17.14346     17.0909      29.6614           -    3.56e-04      28.8      0.0      28.8     8.50       
    83     16.52023     16.4828      28.7281           -    3.50e-04      28.9      0.0      28.9     8.51       
    84     16.46734     16.4279      28.4833           -    3.44e-04      28.9      0.0      28.9     8.50       
    85     16.29151     16.2548      28.2847     16.2091    3.39e-04      28.9      2.2      31.0     8.50      *
Best model at epoch 85 (val_mae=16.2091)
    86     16.29056     16.2514      28.3015           -    3.34e-04      28.8      0.0      28.8     8.51       
    87     16.32224     16.2820      28.2877           -    3.29e-04      28.8      0.0      28.8     8.50       
    88     16.26586     16.2361      28.2012           -    3.25e-04      28.8      0.0      28.8     8.50       
    89     16.21995     16.1785      28.1207           -    3.21e-04      28.8      0.0      28.8     8.50       
    90     15.97505     15.9515      27.7841     15.7012    3.17e-04      28.8      2.2      31.0     8.50      *
Best model at epoch 90 (val_mae=15.7012)
    91     15.86628     15.8306      27.4652           -    3.14e-04      28.8      0.0      28.8     8.50       
    92     15.88859     15.8527      27.5673           -    3.11e-04      28.8      0.0      28.8     8.50       
    93     15.87476     15.8279      27.4593           -    3.09e-04      28.8      0.0      28.8     8.50       
    94     16.04922     16.0136      27.7681           -    3.06e-04      28.8      0.0      28.8     8.50       
    95     15.91465     15.8892      27.6554     15.1827    3.04e-04      28.8      2.2      31.0     8.50      *
Best model at epoch 95 (val_mae=15.1827)
    96     15.75640     15.7171      27.1826           -    3.03e-04      28.8      0.0      28.8     8.50       
    97     15.78667     15.7383      27.2596           -    3.02e-04      28.8      0.0      28.8     8.50       
    98     16.11989     16.0788      27.8262           -    3.01e-04      28.8      0.0      28.8     8.51       
    99     15.49709     15.4697      26.7699           -    3.00e-04      28.8      0.0      28.8     8.50       
   100     15.57741     15.5335      26.8675     15.0924    3.00e-04      28.9      2.2      31.0     8.50      *
Best model at epoch 100 (val_mae=15.0924)

------------------------------------------------------------------------------------------------
Training finished normally: 2026-09-30 14:58:08
Summary
  completed_epochs: 100
  best_epoch: 100
  best_val_mae: 15.092398
  val_epoch: 5
  validation_count: 20
  final_train_loss: 15.577412
  final_train_mae: 15.533458
  final_val_loss: 15.167636
  final_val_mae: 15.092398
  total_time: 51m 33s
  avg_epoch_time_sec: 30.88
  avg_train_sec_per_step: 0.3952
  avg_val_sec_per_step: 0.0402
  peak_memory_gb: 9.17
  test_loss: 14.241313
  test_mae: 14.324871
  test_rmse: 25.212925
  test_mape: 104005.013114
  test_time_sec: 4.47
  best_checkpoint: /home/students/HuangMingYu/code/py/my_idea/my_idea/outputs/v24-COE/TaxiBJ/custom/20260930_140635_scale_early_paths_seed7/random/rate0.4/20260930_140635_seed7_bs32/checkpoints/best.pth
  last_checkpoint: /home/students/HuangMingYu/code/py/my_idea/my_idea/outputs/v24-COE/TaxiBJ/custom/20260930_140635_scale_early_paths_seed7/random/rate0.4/20260930_140635_seed7_bs32/checkpoints/last.pth
  best_state_source: checkpoint
  metrics_jsonl: /home/students/HuangMingYu/code/py/my_idea/my_idea/outputs/v24-COE/TaxiBJ/custom/20260930_140635_scale_early_paths_seed7/random/rate0.4/20260930_140635_seed7_bs32/logs/metrics.jsonl
------------------------------------------------------------------------------------------------
