Training started: 2026-09-27 23:22:52
------------------------------------------------------------------------------------------------
Run
  run_dir: /home/students/HuangMingYu/code/py/my_idea/my_idea/outputs/v24-COE/TaxiBJ/custom/v24_coe_partner_focus_moe_mixed9_rate0.4_updates_seed7/random/rate0.4/20260927_232250_seed7_bs16
  command: /home/students/HuangMingYu/code/py/my_idea/my_idea/scripts/train.py -c /home/students/HuangMingYu/code/py/my_idea/my_idea/outputs/v24-COE/experiments/coe_partner_taxibj/coe_partner_taxibj/ba1faa1eba3ebc0c/configs/v24_coe_partner_focus_moe_mixed9_rate0.4_updates_seed7.json --no_plot --name v24_coe_partner_focus_moe_mixed9_rate0.4_updates_seed7 --train_npz /home/students/HuangMingYu/code/py/my_idea/my_idea/data/TaxiBJ/v24_clean_abc_20260917/taxibj_train.npz --val_npz /home/students/HuangMingYu/code/py/my_idea/my_idea/data/TaxiBJ/v24_clean_abc_20260917/taxibj_val.npz --test_npz /home/students/HuangMingYu/code/py/my_idea/my_idea/data/TaxiBJ/v24_clean_abc_20260917/taxibj_test.npz --result-file /home/students/HuangMingYu/code/py/my_idea/my_idea/outputs/v24-COE/experiments/coe_partner_taxibj/coe_partner_taxibj/ba1faa1eba3ebc0c/results/v24_coe_partner_focus_moe_mixed9_rate0.4_updates_seed7.attempt1.json
  git_commit: 2fb0ab1d85fbffece6e4815745758801abc7d976
  git_branch: v24-COE
  git_dirty: True
  config_sha256: 1c8fcca46d693084544e6bbeca55f28dc52c1e29cb94071f44bd14bd2aa8bb31
  python: 3.9.25
  torch: 2.6.0+cu124
  cuda_runtime: 12.4
  train_npz: /home/students/HuangMingYu/code/py/my_idea/my_idea/data/TaxiBJ/v24_clean_abc_20260917/taxibj_train.npz
  val_npz: /home/students/HuangMingYu/code/py/my_idea/my_idea/data/TaxiBJ/v24_clean_abc_20260917/taxibj_val.npz
  test_npz: /home/students/HuangMingYu/code/py/my_idea/my_idea/data/TaxiBJ/v24_clean_abc_20260917/taxibj_test.npz
  dataset: TaxiBJ
  experiment_type: custom
  variant: v24_coe_partner_focus_moe_mixed9_rate0.4_updates_seed7
  train_samples: 2452
  val_samples: 342
  train_steps_per_epoch: 154
  val_steps_per_epoch: 22
  test_samples: 707
  test_steps: 45
  batch_size: 16
  world_size: 1
  per_device_batch_size: 16
  mask_pattern: random
  mask_rate_config: 0.4
  train_mask: unknown
  val_mask: unknown
  data_shape: (2452, 2, 12, 32, 32)
  device: cuda
  device_name: NVIDIA GeForce RTX 3090
  total_params: 447,543
  trainable_params: 447,543
Config
{
  "seed": 7,
  "output_dir": "/home/students/HuangMingYu/code/py/my_idea/my_idea/outputs/v24-COE",
  "device": "cuda",
  "data": {
    "dataset_name": "TaxiBJ",
    "batch_size": 16,
    "num_workers": 0,
    "pin_memory": true,
    "drop_last": false,
    "mask": {
      "pattern": "random",
      "missing_rate": 0.4
    },
    "synthetic": {
      "num_train": 128,
      "num_val": 32,
      "t": 12,
      "h": 32,
      "w": 32
    },
    "multiscale": false,
    "loader_seed": 7,
    "train_mask_diversity": {
      "families": [
        "random_point",
        "node_outage",
        "temporal_gap",
        "spatial_region",
        "spatiotemporal_block",
        "stripe",
        "moving_region",
        "multi_block",
        "composite"
      ],
      "rates": [
        0.4
      ],
      "seed": 20260917,
      "resample_each_epoch": true
    },
    "eval_mask_diversity": {
      "families": [
        "random_point",
        "node_outage",
        "temporal_gap",
        "spatial_region",
        "spatiotemporal_block",
        "stripe",
        "moving_region",
        "multi_block",
        "composite"
      ],
      "rates": [
        0.4
      ],
      "seed": 20260917,
      "resample_each_epoch": false
    }
  },
  "model": {
    "architecture": "v24_ts_coe",
    "c_in": 2,
    "main": {
      "dim": 64,
      "max_t": 12,
      "h": 32,
      "w": 32,
      "scale_mode": "fine",
      "use_multiscale": false
    },
    "coe": {
      "num_steps": 3,
      "expert_pool": [
        "T",
        "S",
        "TD",
        "SD",
        "TA",
        "ST"
      ],
      "routing_mode": "hard",
      "fixed_path": null,
      "fixed_expert_steps": [
        null,
        null,
        null
      ],
      "router_state": "dynamic",
      "expert_state": "dynamic",
      "use_shared": true,
      "use_routed": true,
      "temperature": 1.0,
      "temporal_kernel": 3,
      "spatial_kernel": 3,
      "temporal_dilation": 2,
      "spatial_dilation": 2,
      "attention_heads": 4,
      "residual_init": 0.1,
      "routing_warmup_epochs": 3,
      "routing_transition_epochs": 3,
      "uniform_mix_start": 0.5,
      "sampling_temperature_start": 2.0,
      "top_k": 2,
      "router_hidden_dim": 64,
      "pair_mode": "native",
      "acceptance": "none",
      "expert_sharing": "per_step",
      "previous_expert_context": false,
      "global_route_weights": false,
      "router_input_noise_std": 0.0,
      "router_input_noise_steps": 0,
      "completion_feedback": false
    },
    "aux": {
      "enabled": false,
      "alpha_init": 0.0
    }
  },
  "loss": {
    "type": "l1",
    "lambda_coe_mid": 0.0,
    "lambda_coe_balance": 0.01,
    "lambda_coe_z": 0.0,
    "balance_importance": "candidate"
  },
  "train": {
    "epochs": 70,
    "val_epoch": 2,
    "lr_main": 0.001,
    "weight_decay": 0.0001,
    "grad_clip_norm": 1.0,
    "amp": true,
    "save_every": 10,
    "scheduler": {
      "type": "cosine",
      "total_epochs": 70,
      "eta_min": 1e-06
    },
    "early_stopping": {
      "enabled": false
    },
    "save_best_checkpoint": true,
    "router_grad_diagnostic_every": 0,
    "full_checkpoint": true,
    "measure_forward_latency": true,
    "oracle_last_step_samples": 48,
    "partner_probe": {
      "interval_batches": 16,
      "weight": 0.1,
      "min_scale": 0.5
    }
  },
  "experiment_plan": {
    "stage": "coe_partner",
    "variant": "focus_moe",
    "protocol": "mixed9_rate0.4",
    "protocol_kind": "generated_diverse",
    "budget_regime": "updates",
    "mask_metadata": null,
    "training_mask_source": "dynamic_diverse",
    "evaluation_mask_source": "diverse_fixed_per_split"
  },
  "experiment_suite_fingerprint": "ba1faa1eba3ebc0c0a26142b03bd409b52da7f6b80c69ea7a061ac0ed8b26444"
}
------------------------------------------------------------------------------------------------
-----------------------------------------------------------------------------------------------------------------
 epoch         loss         mae         rmse     val_mae          lr   train_s    val_s   epoch_s   mem_gb   best
-----------------------------------------------------------------------------------------------------------------
     1    107.32955    107.4828     174.1843           -    1.00e-03      34.2      0.0      34.2     5.10       
     2     79.11971     79.2288     140.1912     60.9834    9.99e-04      31.9      2.4      34.3     5.10      *
Best model at epoch 2 (val_mae=60.9834)
     3     63.58567     63.4877     118.7852           -    9.98e-04      30.7      0.0      30.7     5.16       
     4     56.03822     55.9303     106.1411     47.1483    9.95e-04      30.1      2.3      32.4     5.16      *
Best model at epoch 4 (val_mae=47.1483)
     5     51.24484     51.2097      97.4936           -    9.92e-04      30.6      0.0      30.6     5.16       
     6     49.31675     49.2885      92.7355     42.0763    9.87e-04      31.3      2.3      33.6     5.14      *
Best model at epoch 6 (val_mae=42.0763)
     7     46.84010     46.7199      87.6528           -    9.82e-04      30.8      0.0      30.8     5.14       
     8     44.78504     44.7184      84.1340     39.8724    9.76e-04      30.9      2.3      33.2     5.14      *
Best model at epoch 8 (val_mae=39.8724)
     9     43.02052     43.0662      80.5426           -    9.68e-04      31.0      0.0      31.0     5.14       
    10     41.44254     41.3982      77.0686     37.1338    9.60e-04      31.4      2.3      33.7     5.14      *
Best model at epoch 10 (val_mae=37.1338)
    11     40.66022     40.6171      75.4467           -    9.51e-04      31.3      0.0      31.3     5.14       
    12     39.40157     39.4068      72.9119     36.5592    9.40e-04      31.3      2.3      33.7     5.11      *
Best model at epoch 12 (val_mae=36.5592)
    13     39.09903     39.0680      72.0870           -    9.29e-04      31.6      0.0      31.6     5.11       
    14     38.30234     38.2464      70.2605     37.1079    9.17e-04      31.7      2.3      34.0     5.11       
    15     36.90914     36.8998      67.5041           -    9.05e-04      32.1      0.0      32.1     5.02       
    16     36.70099     36.6520      66.5114     33.6619    8.91e-04      32.4      2.3      34.7     5.02      *
Best model at epoch 16 (val_mae=33.6619)
    17     36.18035     36.2296      65.6239           -    8.77e-04      32.6      0.0      32.6     4.94       
    18     36.32601     36.3175      65.7069     32.6847    8.62e-04      33.0      2.3      35.3     4.88      *
Best model at epoch 18 (val_mae=32.6847)
    19     35.48987     35.5221      64.3302           -    8.46e-04      33.1      0.0      33.1     4.82       
    20     34.16158     34.1417      61.3325     31.6868    8.29e-04      33.1      2.3      35.4     4.90      *
Best model at epoch 20 (val_mae=31.6868)
    21     34.35893     34.3548      61.2157           -    8.12e-04      33.0      0.0      33.0     4.78       
    22     33.02360     33.0101      58.8596     30.8422    7.94e-04      33.1      2.3      35.4     4.65      *
Best model at epoch 22 (val_mae=30.8422)
    23     32.31650     32.3082      57.5223           -    7.76e-04      33.1      0.0      33.1     4.76       
    24     31.95604     31.9968      56.5398     29.9130    7.57e-04      33.2      2.3      35.5     4.65      *
Best model at epoch 24 (val_mae=29.9130)
    25     31.73080     31.7747      55.9828           -    7.37e-04      33.2      0.0      33.2     4.66       
    26     30.89159     30.8853      54.3850     30.1928    7.17e-04      33.4      2.3      35.7     4.66       
    27     30.85605     30.8278      54.0374           -    6.97e-04      34.0      0.0      34.0     4.66       
    28     30.45059     30.4811      53.2290     28.7636    6.76e-04      33.8      2.3      36.2     4.66      *
Best model at epoch 28 (val_mae=28.7636)
    29     30.11052     30.1063      52.6219           -    6.55e-04      33.6      0.0      33.6     4.66       
    30     29.41720     29.4239      51.1648     27.9470    6.33e-04      33.5      2.3      35.8     4.65      *
Best model at epoch 30 (val_mae=27.9470)
    31     29.11738     29.0558      50.5421           -    6.12e-04      33.8      0.0      33.8     4.66       
    32     28.86746     28.7992      49.9981     27.4107    5.90e-04      33.4      2.3      35.8     4.65      *
Best model at epoch 32 (val_mae=27.4107)
    33     28.33447     28.3669      49.0159           -    5.68e-04      34.0      0.0      34.0     4.65       
    34     28.02967     28.0674      48.1619     28.2113    5.45e-04      34.3      2.3      36.6     4.66       
    35     27.71969     27.6724      47.4205           -    5.23e-04      34.9      0.0      34.9     4.65       
    36     28.28507     28.2911      48.6815     27.0352    5.01e-04      37.0      2.4      39.4     4.65      *
Best model at epoch 36 (val_mae=27.0352)
    37     27.39240     27.3704      46.8044           -    4.78e-04      36.4      0.0      36.4     4.65       
    38     27.34601     27.2884      46.7103     27.0036    4.56e-04      36.6      2.4      39.0     4.65      *
Best model at epoch 38 (val_mae=27.0036)
    39     27.16837     27.1246      46.3454           -    4.33e-04      36.7      0.0      36.7     4.66       
    40     26.64321     26.6479      45.6378     26.4308    4.11e-04      37.1      2.4      39.4     4.66      *
Best model at epoch 40 (val_mae=26.4308)
    41     26.53957     26.5269      45.1657           -    3.89e-04      37.4      0.0      37.4     4.65       
    42     26.36813     26.3830      44.9940     26.2590    3.68e-04      37.5      2.4      39.9     4.66      *
Best model at epoch 42 (val_mae=26.2590)
    43     26.14555     26.0670      44.2406           -    3.46e-04      37.7      0.0      37.7     4.65       
    44     26.12295     26.1106      44.3007     25.5058    3.25e-04      37.7      2.4      40.0     4.65      *
Best model at epoch 44 (val_mae=25.5058)
    45     25.60018     25.6396      43.5104           -    3.04e-04      37.7      0.0      37.7     4.65       
    46     25.46516     25.4665      43.1579     24.8328    2.84e-04      37.8      2.4      40.2     4.65      *
Best model at epoch 46 (val_mae=24.8328)
    47     25.41227     25.3579      43.1757           -    2.64e-04      37.8      0.0      37.8     4.65       
    48     24.90576     24.9205      42.2986     24.7343    2.44e-04      37.8      2.4      40.2     4.65      *
Best model at epoch 48 (val_mae=24.7343)
    49     24.90315     24.8500      42.2931           -    2.25e-04      37.8      0.0      37.8     4.64       
    50     24.89552     24.8389      42.2640     24.5549    2.07e-04      37.8      2.4      40.2     4.64      *
Best model at epoch 50 (val_mae=24.5549)
    51     24.91639     24.9245      42.3295           -    1.89e-04      37.8      0.0      37.8     4.65       
    52     24.89991     24.8656      42.2225     24.3362    1.72e-04      37.7      2.4      40.1     4.64      *
Best model at epoch 52 (val_mae=24.3362)
    53     24.40874     24.3765      41.4438           -    1.55e-04      37.9      0.0      37.9     4.64       
    54     24.26697     24.2534      41.1717     24.0022    1.39e-04      37.9      2.4      40.3     4.64      *
Best model at epoch 54 (val_mae=24.0022)
    55     24.15123     24.1136      41.0394           -    1.24e-04      37.8      0.0      37.8     4.63       
    56     24.05148     24.0641      40.8789     23.8690    1.10e-04      37.8      2.4      40.2     4.64      *
Best model at epoch 56 (val_mae=23.8690)
    57     23.79919     23.7847      40.4756           -    9.64e-05      37.9      0.0      37.9     4.64       
    58     23.86837     23.8367      40.7110     23.8015    8.36e-05      37.9      2.4      40.2     4.64      *
Best model at epoch 58 (val_mae=23.8015)
    59     23.66140     23.6400      39.9593           -    7.17e-05      37.9      0.0      37.9     4.64       
    60     23.63582     23.6224      40.1461     23.8466    6.06e-05      37.8      2.4      40.2     4.64       
    61     23.56136     23.5248      39.9583           -    5.05e-05      38.0      0.0      38.0     4.64       
    62     23.38885     23.3877      39.7602     23.7237    4.12e-05      38.0      2.4      40.4     4.63      *
Best model at epoch 62 (val_mae=23.7237)
    63     23.37880     23.3470      39.7930           -    3.29e-05      38.0      0.0      38.0     4.64       
    64     23.43087     23.3838      39.7547     23.3958    2.54e-05      37.9      2.4      40.3     4.63      *
Best model at epoch 64 (val_mae=23.3958)
    65     23.38583     23.3665      39.7279           -    1.90e-05      37.9      0.0      37.9     4.64       
    66     23.28884     23.2570      39.5396     23.3156    1.35e-05      37.8      2.4      40.2     4.63      *
Best model at epoch 66 (val_mae=23.3156)
    67     23.30933     23.2676      39.6779           -    9.03e-06      37.9      0.0      37.9     4.64       
    68     23.17884     23.1567      39.2873     23.2864    5.52e-06      37.9      2.4      40.2     4.63      *
Best model at epoch 68 (val_mae=23.2864)
    69     23.22848     23.2038      39.4384           -    3.01e-06      38.0      0.0      38.0     4.64       
    70     23.51412     23.4872      40.0003     23.2970    1.50e-06      37.9      2.4      40.3     4.64       
Validation-only last-round Oracle: Top-2=22.889831, anchor-best=22.481364, all-best=21.923627

------------------------------------------------------------------------------------------------
Training finished normally: 2026-09-28 00:05:21
Summary
  completed_epochs: 70
  best_epoch: 68
  best_val_mae: 23.286390
  val_epoch: 2
  validation_count: 35
  final_train_loss: 23.514124
  final_train_mae: 23.487177
  final_val_loss: 23.490202
  final_val_mae: 23.297044
  total_time: 42m 29s
  avg_epoch_time_sec: 36.29
  avg_train_sec_per_step: 0.2280
  avg_val_sec_per_step: 0.0535
  peak_memory_gb: 5.16
  test_loss: 22.023717
  test_mae: 22.045354
  test_rmse: 37.935764
  test_mape: 236801.975011
  test_time_sec: 4.88
  best_checkpoint: /home/students/HuangMingYu/code/py/my_idea/my_idea/outputs/v24-COE/TaxiBJ/custom/v24_coe_partner_focus_moe_mixed9_rate0.4_updates_seed7/random/rate0.4/20260927_232250_seed7_bs16/checkpoints/best.pt
  best_state_source: checkpoint
  metrics_jsonl: /home/students/HuangMingYu/code/py/my_idea/my_idea/outputs/v24-COE/TaxiBJ/custom/v24_coe_partner_focus_moe_mixed9_rate0.4_updates_seed7/random/rate0.4/20260927_232250_seed7_bs16/logs/metrics.jsonl
------------------------------------------------------------------------------------------------
