Training started: 2026-09-18 19:59:25
------------------------------------------------------------------------------------------------
Run
  run_dir: /home/students/HuangMingYu/code/py/my_idea/my_idea/outputs/v24-COE/experiments/coe_dual_mask/coe_dual_mask/fbea2a35caf9bf06/runs/v24_coe_dual_mask_coe_fixed_stst_mixed9_rate0.4_updates_seed7/TaxiBJ/custom/v24_coe_dual_mask_coe_fixed_stst_mixed9_rate0.4_updates_seed7/random/rate0.4/20260918_195924_seed7_bs16
  command: /home/students/HuangMingYu/code/py/my_idea/my_idea/scripts/train.py -c /home/students/HuangMingYu/code/py/my_idea/my_idea/outputs/v24-COE/experiments/coe_dual_mask/coe_dual_mask/fbea2a35caf9bf06/configs/v24_coe_dual_mask_coe_fixed_stst_mixed9_rate0.4_updates_seed7.json --no_plot --name v24_coe_dual_mask_coe_fixed_stst_mixed9_rate0.4_updates_seed7 --train_npz /home/students/HuangMingYu/code/py/my_idea/my_idea/data/TaxiBJ/v24_clean_abc_20260917/taxibj_train.npz --val_npz /home/students/HuangMingYu/code/py/my_idea/my_idea/data/TaxiBJ/v24_clean_abc_20260917/taxibj_val.npz --test_npz /home/students/HuangMingYu/code/py/my_idea/my_idea/data/TaxiBJ/v24_clean_abc_20260917/taxibj_test.npz --result-file /home/students/HuangMingYu/code/py/my_idea/my_idea/outputs/v24-COE/experiments/coe_dual_mask/coe_dual_mask/fbea2a35caf9bf06/results/v24_coe_dual_mask_coe_fixed_stst_mixed9_rate0.4_updates_seed7.attempt1.json
  git_commit: 24e57ee114ceb9e41660b396db0a7dd42a833e3a
  git_branch: v24-COE
  git_dirty: True
  config_sha256: 155818851fc951ee0ae2a4ce5fb5d0a65d3be70836cab47b17e7d021bc96fa20
  python: 3.9.25
  torch: 2.6.0+cu124
  cuda_runtime: 12.4
  train_npz: /home/students/HuangMingYu/code/py/my_idea/my_idea/data/TaxiBJ/v24_clean_abc_20260917/taxibj_train.npz
  val_npz: /home/students/HuangMingYu/code/py/my_idea/my_idea/data/TaxiBJ/v24_clean_abc_20260917/taxibj_val.npz
  test_npz: /home/students/HuangMingYu/code/py/my_idea/my_idea/data/TaxiBJ/v24_clean_abc_20260917/taxibj_test.npz
  dataset: TaxiBJ
  experiment_type: custom
  variant: v24_coe_dual_mask_coe_fixed_stst_mixed9_rate0.4_updates_seed7
  train_samples: 2452
  val_samples: 342
  train_steps_per_epoch: 154
  val_steps_per_epoch: 22
  test_samples: 707
  test_steps: 45
  batch_size: 16
  mask_pattern: random
  mask_rate_config: 0.4
  train_mask: unknown
  val_mask: unknown
  data_shape: (2452, 2, 12, 32, 32)
  device: cuda
  device_name: NVIDIA GeForce RTX 3090
  total_params: 211,507
  trainable_params: 211,507
Config
{
  "seed": 7,
  "output_dir": "/home/students/HuangMingYu/code/py/my_idea/my_idea/outputs/v24-COE/experiments/coe_dual_mask/coe_dual_mask/fbea2a35caf9bf06/runs/v24_coe_dual_mask_coe_fixed_stst_mixed9_rate0.4_updates_seed7",
  "device": "cuda",
  "data": {
    "dataset_name": "TaxiBJ",
    "batch_size": 16,
    "num_workers": 0,
    "pin_memory": true,
    "drop_last": false,
    "mask": {
      "pattern": "random",
      "missing_rate": 0.4
    },
    "synthetic": {
      "num_train": 128,
      "num_val": 32,
      "t": 12,
      "h": 32,
      "w": 32
    },
    "multiscale": false,
    "loader_seed": 7,
    "train_mask_diversity": {
      "families": [
        "random_point",
        "node_outage",
        "temporal_gap",
        "spatial_region",
        "spatiotemporal_block",
        "stripe",
        "moving_region",
        "multi_block",
        "composite"
      ],
      "rates": [
        0.4
      ],
      "seed": 20260917,
      "resample_each_epoch": true
    },
    "eval_mask_diversity": {
      "families": [
        "random_point",
        "node_outage",
        "temporal_gap",
        "spatial_region",
        "spatiotemporal_block",
        "stripe",
        "moving_region",
        "multi_block",
        "composite"
      ],
      "rates": [
        0.4
      ],
      "seed": 20260917,
      "resample_each_epoch": false
    }
  },
  "model": {
    "architecture": "v24_ts_coe",
    "c_in": 2,
    "main": {
      "dim": 64,
      "max_t": 12,
      "h": 32,
      "w": 32,
      "scale_mode": "fine",
      "use_multiscale": false
    },
    "coe": {
      "num_steps": 4,
      "expert_pool": [
        "T",
        "S",
        "TD",
        "SD",
        "TA",
        "ST"
      ],
      "routing_mode": "fixed",
      "fixed_path": [
        "S",
        "T",
        "S",
        "T"
      ],
      "fixed_expert_steps": [
        null,
        null,
        null,
        null
      ],
      "router_state": "dynamic",
      "expert_state": "dynamic",
      "use_shared": true,
      "use_routed": true,
      "temperature": 1.0,
      "temporal_kernel": 3,
      "spatial_kernel": 3,
      "temporal_dilation": 2,
      "spatial_dilation": 2,
      "attention_heads": 4,
      "residual_init": 0.1,
      "routing_warmup_epochs": 0,
      "routing_transition_epochs": 0,
      "uniform_mix_start": 0.5,
      "sampling_temperature_start": 2.0
    },
    "aux": {
      "enabled": false,
      "alpha_init": 0.0
    }
  },
  "loss": {
    "type": "l1",
    "lambda_coe_mid": 0.0,
    "lambda_coe_balance": 0.0
  },
  "train": {
    "epochs": 20,
    "val_epoch": 2,
    "lr_main": 0.001,
    "weight_decay": 0.0001,
    "grad_clip_norm": 1.0,
    "amp": true,
    "save_every": 10,
    "scheduler": {
      "type": "cosine",
      "eta_min": 1e-06,
      "total_epochs": 20
    },
    "early_stopping": {
      "enabled": false,
      "monitor": "val_mae",
      "patience": 40,
      "mode": "min"
    },
    "save_best_checkpoint": false,
    "router_grad_diagnostic_every": 50
  },
  "experiment_plan": {
    "stage": "coe_dual_mask",
    "variant": "coe_fixed_stst",
    "protocol": "mixed9_rate0.4",
    "protocol_kind": "generated_diverse",
    "budget_regime": "updates",
    "mask_metadata": null,
    "training_mask_source": "dynamic_diverse",
    "evaluation_mask_source": "diverse_fixed_per_split"
  },
  "experiment_suite_fingerprint": "fbea2a35caf9bf06b509d160bcfa81080b2e1014484bcde47629e4a4ab0f0596"
}
------------------------------------------------------------------------------------------------
-----------------------------------------------------------------------------------------------------------------
 epoch         loss         mae         rmse     val_mae          lr   train_s    val_s   epoch_s   mem_gb   best
-----------------------------------------------------------------------------------------------------------------
     1    107.99571    108.1519     174.5981           -    1.00e-03      23.2      0.0      23.2     3.75       
     2     82.82531     82.9475     145.3884     68.4894    9.94e-04      22.8      1.8      24.6     3.75      *
Best model at epoch 2 (val_mae=68.4894)
     3     73.62028     73.5117     130.8643           -    9.76e-04      22.9      0.0      22.9     3.75       
     4     69.75846     69.6600     124.1464     62.3085    9.46e-04      22.9      1.8      24.7     3.75      *
Best model at epoch 4 (val_mae=62.3085)
     5     66.46401     66.4892     119.4893           -    9.05e-04      22.8      0.0      22.8     3.75       
     6     64.53357     64.5238     115.9648     58.8696    8.54e-04      22.8      1.8      24.6     3.75      *
Best model at epoch 6 (val_mae=58.8696)
     7     63.11048     62.9388     113.7155           -    7.94e-04      22.8      0.0      22.8     3.75       
     8     62.20203     62.1649     111.2288     58.4934    7.27e-04      22.8      1.8      24.6     3.75      *
Best model at epoch 8 (val_mae=58.4934)
     9     60.68932     60.7603     109.1240           -    6.55e-04      22.8      0.0      22.8     3.75       
    10     58.46407     58.4421     105.9429     53.0897    5.79e-04      22.8      1.8      24.6     3.75      *
Best model at epoch 10 (val_mae=53.0897)
    11     58.19323     58.1551     104.9010           -    5.01e-04      22.8      0.0      22.8     3.75       
    12     57.14525     57.1864     103.4422     51.8299    4.22e-04      22.8      1.8      24.6     3.75      *
Best model at epoch 12 (val_mae=51.8299)
    13     56.70111     56.6802     102.5896           -    3.46e-04      22.8      0.0      22.8     3.75       
    14     56.64076     56.5450     102.2083     50.8396    2.74e-04      22.8      1.8      24.6     3.75      *
Best model at epoch 14 (val_mae=50.8396)
    15     55.23140     55.2750     100.4855           -    2.07e-04      28.8      0.0      28.8     3.75       
    16     54.84381     54.8724      99.3628     50.0814    1.47e-04      49.8      4.3      54.2     3.75      *
Best model at epoch 16 (val_mae=50.0814)
    17     54.51040     54.5482      99.0066           -    9.64e-05      49.8      0.0      49.8     3.75       
    18     54.07429     54.0515      98.3013     49.5989    5.54e-05      49.8      4.3      54.1     3.75      *
Best model at epoch 18 (val_mae=49.5989)
    19     53.81380     53.7650      97.8192           -    2.54e-05      32.8      0.0      32.8     3.75       
    20     53.96901     53.9769      97.8171     49.4368    7.15e-06      22.9      1.8      24.7     3.75      *
Best model at epoch 20 (val_mae=49.4368)

------------------------------------------------------------------------------------------------
Training finished normally: 2026-09-18 20:09:06
Summary
  completed_epochs: 20
  best_epoch: 20
  best_val_mae: 49.436756
  val_epoch: 2
  validation_count: 10
  final_train_loss: 53.969010
  final_train_mae: 53.976937
  final_val_loss: 49.889881
  final_val_mae: 49.436756
  total_time: 9m 41s
  avg_epoch_time_sec: 28.84
  avg_train_sec_per_step: 0.1798
  avg_val_sec_per_step: 0.0524
  peak_memory_gb: 3.75
  test_loss: 46.396767
  test_mae: 46.664008
  test_rmse: 82.388566
  test_mape: 716181.048895
  test_time_sec: 3.72
  best_checkpoint: n/a
  best_state_source: cpu_memory
  metrics_jsonl: /home/students/HuangMingYu/code/py/my_idea/my_idea/outputs/v24-COE/experiments/coe_dual_mask/coe_dual_mask/fbea2a35caf9bf06/runs/v24_coe_dual_mask_coe_fixed_stst_mixed9_rate0.4_updates_seed7/TaxiBJ/custom/v24_coe_dual_mask_coe_fixed_stst_mixed9_rate0.4_updates_seed7/random/rate0.4/20260918_195924_seed7_bs16/logs/metrics.jsonl
------------------------------------------------------------------------------------------------
