Training started: 2026-09-27 20:48:20
------------------------------------------------------------------------------------------------
Run
  run_dir: /home/students/HuangMingYu/code/py/my_idea/my_idea/outputs/v24-COE/TaxiBJ/custom/v24_coe_team_accept_v4_team_e10_mixed9_rate0.4_updates_seed7/random/rate0.4/20260927_204819_seed7_bs16
  command: /home/students/HuangMingYu/code/py/my_idea/my_idea/scripts/train.py -c /home/students/HuangMingYu/code/py/my_idea/my_idea/outputs/v24-COE/experiments/coe_team_accept_v4/coe_team_accept_v4/20ac55e6dcf0b3c4/configs/v24_coe_team_accept_v4_team_e10_mixed9_rate0.4_updates_seed7.json --no_plot --name v24_coe_team_accept_v4_team_e10_mixed9_rate0.4_updates_seed7 --train_npz /home/students/HuangMingYu/code/py/my_idea/my_idea/data/TaxiBJ/v24_clean_abc_20260917/taxibj_train.npz --val_npz /home/students/HuangMingYu/code/py/my_idea/my_idea/data/TaxiBJ/v24_clean_abc_20260917/taxibj_val.npz --test_npz /home/students/HuangMingYu/code/py/my_idea/my_idea/data/TaxiBJ/v24_clean_abc_20260917/taxibj_test.npz --result-file /home/students/HuangMingYu/code/py/my_idea/my_idea/outputs/v24-COE/experiments/coe_team_accept_v4/coe_team_accept_v4/20ac55e6dcf0b3c4/results/v24_coe_team_accept_v4_team_e10_mixed9_rate0.4_updates_seed7.attempt1.json
  git_commit: 6d65c6f5bae7f835e65dd5e9fee0acf3f5c29108
  git_branch: v24-COE
  git_dirty: True
  config_sha256: 8c39ddfe48fc711eb0dee2513f2317bee05341b16e0d1d29f1405a85f4f4827f
  python: 3.9.25
  torch: 2.6.0+cu124
  cuda_runtime: 12.4
  train_npz: /home/students/HuangMingYu/code/py/my_idea/my_idea/data/TaxiBJ/v24_clean_abc_20260917/taxibj_train.npz
  val_npz: /home/students/HuangMingYu/code/py/my_idea/my_idea/data/TaxiBJ/v24_clean_abc_20260917/taxibj_val.npz
  test_npz: /home/students/HuangMingYu/code/py/my_idea/my_idea/data/TaxiBJ/v24_clean_abc_20260917/taxibj_test.npz
  dataset: TaxiBJ
  experiment_type: custom
  variant: v24_coe_team_accept_v4_team_e10_mixed9_rate0.4_updates_seed7
  train_samples: 2452
  val_samples: 342
  train_steps_per_epoch: 154
  val_steps_per_epoch: 22
  test_samples: 707
  test_steps: 45
  batch_size: 16
  mask_pattern: random
  mask_rate_config: 0.4
  train_mask: unknown
  val_mask: unknown
  data_shape: (2452, 2, 12, 32, 32)
  device: cuda
  device_name: NVIDIA GeForce RTX 3090
  total_params: 447,543
  trainable_params: 447,543
Config
{
  "seed": 7,
  "output_dir": "/home/students/HuangMingYu/code/py/my_idea/my_idea/outputs/v24-COE",
  "device": "cuda",
  "data": {
    "dataset_name": "TaxiBJ",
    "batch_size": 16,
    "num_workers": 0,
    "pin_memory": true,
    "drop_last": false,
    "mask": {
      "pattern": "random",
      "missing_rate": 0.4
    },
    "synthetic": {
      "num_train": 128,
      "num_val": 32,
      "t": 12,
      "h": 32,
      "w": 32
    },
    "multiscale": false,
    "loader_seed": 7,
    "train_mask_diversity": {
      "families": [
        "random_point",
        "node_outage",
        "temporal_gap",
        "spatial_region",
        "spatiotemporal_block",
        "stripe",
        "moving_region",
        "multi_block",
        "composite"
      ],
      "rates": [
        0.4
      ],
      "seed": 20260917,
      "resample_each_epoch": true
    },
    "eval_mask_diversity": {
      "families": [
        "random_point",
        "node_outage",
        "temporal_gap",
        "spatial_region",
        "spatiotemporal_block",
        "stripe",
        "moving_region",
        "multi_block",
        "composite"
      ],
      "rates": [
        0.4
      ],
      "seed": 20260917,
      "resample_each_epoch": false
    }
  },
  "model": {
    "architecture": "v24_ts_coe",
    "c_in": 2,
    "main": {
      "dim": 64,
      "max_t": 12,
      "h": 32,
      "w": 32,
      "scale_mode": "fine",
      "use_multiscale": false
    },
    "coe": {
      "num_steps": 3,
      "expert_pool": [
        "T",
        "S",
        "TD",
        "SD",
        "TA",
        "ST"
      ],
      "routing_mode": "hard",
      "fixed_path": null,
      "fixed_expert_steps": [
        null,
        null,
        null
      ],
      "router_state": "dynamic",
      "expert_state": "dynamic",
      "use_shared": true,
      "use_routed": true,
      "temperature": 1.0,
      "temporal_kernel": 3,
      "spatial_kernel": 3,
      "temporal_dilation": 2,
      "spatial_dilation": 2,
      "attention_heads": 4,
      "residual_init": 0.1,
      "routing_warmup_epochs": 3,
      "routing_transition_epochs": 3,
      "uniform_mix_start": 0.5,
      "sampling_temperature_start": 2.0,
      "top_k": 2,
      "router_hidden_dim": 64,
      "pair_mode": "additive",
      "acceptance": "none",
      "expert_sharing": "per_step",
      "previous_expert_context": false,
      "global_route_weights": false,
      "router_input_noise_std": 0.0,
      "router_input_noise_steps": 0
    },
    "aux": {
      "enabled": false,
      "alpha_init": 0.0
    }
  },
  "loss": {
    "type": "l1",
    "lambda_coe_mid": 0.0,
    "lambda_coe_balance": 0.01,
    "lambda_coe_z": 0.0
  },
  "train": {
    "epochs": 50,
    "val_epoch": 2,
    "lr_main": 0.001,
    "weight_decay": 0.0001,
    "grad_clip_norm": 1.0,
    "amp": true,
    "save_every": 10,
    "scheduler": {
      "type": "cosine",
      "total_epochs": 50,
      "eta_min": 1e-06
    },
    "early_stopping": {
      "enabled": false
    },
    "save_best_checkpoint": true,
    "router_grad_diagnostic_every": 50
  },
  "experiment_plan": {
    "stage": "coe_team_accept_v4",
    "variant": "team_e10",
    "protocol": "mixed9_rate0.4",
    "protocol_kind": "generated_diverse",
    "budget_regime": "updates",
    "mask_metadata": null,
    "training_mask_source": "dynamic_diverse",
    "evaluation_mask_source": "diverse_fixed_per_split"
  },
  "experiment_suite_fingerprint": "20ac55e6dcf0b3c4493b23f309a0c0b927aad5d32d3808e95d53db2184785b57"
}
------------------------------------------------------------------------------------------------
-----------------------------------------------------------------------------------------------------------------
 epoch         loss         mae         rmse     val_mae          lr   train_s    val_s   epoch_s   mem_gb   best
-----------------------------------------------------------------------------------------------------------------
     1    107.05941    107.2075     174.1633           -    1.00e-03      72.4      0.0      72.4     9.48       
     2     80.04974     80.1459     141.1657     67.4432    9.99e-04      72.0      4.7      76.7     9.48      *
Best model at epoch 2 (val_mae=67.4432)
     3     67.17623     67.0504     123.6531           -    9.96e-04      72.0      0.0      72.0     9.48       
     4     61.81806     61.6982     115.0716     53.1827    9.91e-04      72.0      4.7      76.7     9.48      *
Best model at epoch 4 (val_mae=53.1827)
     5     56.43171     56.3973     106.4271           -    9.84e-04      72.0      0.0      72.0     9.48       
     6     53.38655     53.3601     100.8373     46.3715    9.76e-04      72.0      4.7      76.7     9.48      *
Best model at epoch 6 (val_mae=46.3715)
     7     50.13202     49.9926      94.8735           -    9.65e-04      72.0      0.0      72.0     9.48       
     8     47.69983     47.6132      90.3801     43.2387    9.52e-04      72.1      4.7      76.7     9.48      *
Best model at epoch 8 (val_mae=43.2387)
     9     45.16485     45.2066      85.5718           -    9.38e-04      72.1      0.0      72.1     9.48       
    10     44.40945     44.3589      83.7389     39.1713    9.22e-04      72.1      4.7      76.8     9.48      *
Best model at epoch 10 (val_mae=39.1713)
    11     42.50881     42.4501      79.8385           -    9.05e-04      72.1      0.0      72.1     9.48       
    12     40.16664     40.1910      75.3372     36.0238    8.85e-04      72.1      4.7      76.8     9.48      *
Best model at epoch 12 (val_mae=36.0238)
    13     40.86413     40.8340      75.4646           -    8.65e-04      72.1      0.0      72.1     9.48       
