Training started: 2026-09-21 10:19:36
------------------------------------------------------------------------------------------------
Run
  run_dir: /home/students/HuangMingYu/code/py/my_idea/my_idea/outputs/v24-COE/TaxiBJ/custom/v24_coe_depth_s1_top6_random_rate0.4_seed7/random/rate0.4/20260921_101935_seed7_bs16
  command: /home/students/HuangMingYu/code/py/my_idea/my_idea/scripts/train.py -c /home/students/HuangMingYu/code/py/my_idea/my_idea/outputs/v24-COE/experiments/coe_depth_pool/configs/v24_coe_depth_s1_top6_random_rate0.4_seed7.json --train_npz /home/students/HuangMingYu/code/py/my_idea/my_idea/data/TaxiBJ/taxibj_train.npz --val_npz /home/students/HuangMingYu/code/py/my_idea/my_idea/data/TaxiBJ/taxibj_val.npz --test_npz /home/students/HuangMingYu/code/py/my_idea/my_idea/data/TaxiBJ/taxibj_test.npz --no_plot -n v24_coe_depth_s1_top6_random_rate0.4_seed7 --result-file /home/students/HuangMingYu/code/py/my_idea/my_idea/outputs/v24-COE/experiments/coe_depth_pool/results/v24_coe_depth_s1_top6_random_rate0.4_seed7.json --console-epoch
  git_commit: 880e5987b1ba4bdeb30fe5b334b80ad2925ee395
  git_branch: v24-COE
  git_dirty: True
  config_sha256: 7dc7df41fbb5ed93c1e0693ae164bf042bd4a6b04d19a4cba469386c56c2cb1b
  python: 3.9.25
  torch: 2.6.0+cu124
  cuda_runtime: 12.4
  train_npz: /home/students/HuangMingYu/code/py/my_idea/my_idea/data/TaxiBJ/taxibj_train.npz
  val_npz: /home/students/HuangMingYu/code/py/my_idea/my_idea/data/TaxiBJ/taxibj_val.npz
  test_npz: /home/students/HuangMingYu/code/py/my_idea/my_idea/data/TaxiBJ/taxibj_test.npz
  dataset: TaxiBJ
  experiment_type: custom
  variant: v24_coe_depth_s1_top6_random_rate0.4_seed7
  train_samples: 2491
  val_samples: 356
  train_steps_per_epoch: 156
  val_steps_per_epoch: 23
  test_samples: 712
  test_steps: 45
  batch_size: 16
  mask_pattern: random
  mask_rate_config: 0.4
  train_mask: shape=(2491, 1, 12, 32, 32), observed_rate=0.6006, missing_rate=0.3994
  val_mask: shape=(356, 1, 12, 32, 32), observed_rate=0.6006, missing_rate=0.3994
  data_shape: (2491, 2, 12, 32, 32)
  device: cuda
  device_name: NVIDIA GeForce RTX 3090
  total_params: 166,975
  trainable_params: 166,975
Config
{
  "seed": 7,
  "output_dir": "outputs/v24-COE",
  "device": "cuda",
  "data": {
    "dataset_name": "TaxiBJ",
    "batch_size": 16,
    "num_workers": 0,
    "pin_memory": true,
    "drop_last": false,
    "mask": {
      "pattern": "random",
      "missing_rate": 0.4,
      "train_csv": "/home/students/HuangMingYu/code/py/my_idea/my_idea/data/TaxiBJ/random_mask/0.4/train.csv",
      "val_csv": "/home/students/HuangMingYu/code/py/my_idea/my_idea/data/TaxiBJ/random_mask/0.4/val.csv",
      "test_csv": "/home/students/HuangMingYu/code/py/my_idea/my_idea/data/TaxiBJ/random_mask/0.4/test.csv"
    },
    "synthetic": {
      "num_train": 128,
      "num_val": 32,
      "t": 12,
      "h": 32,
      "w": 32
    },
    "multiscale": false,
    "loader_seed": 7,
    "train_mask_diversity": null,
    "eval_mask_diversity": null
  },
  "model": {
    "architecture": "v24_ts_coe",
    "c_in": 2,
    "main": {
      "dim": 64,
      "max_t": 12,
      "h": 32,
      "w": 32,
      "scale_mode": "fine",
      "use_multiscale": false
    },
    "coe": {
      "num_steps": 1,
      "expert_pool": [
        "T",
        "S",
        "TD",
        "SD",
        "TA",
        "ST"
      ],
      "routing_mode": "hard",
      "fixed_path": null,
      "fixed_expert_steps": [
        null
      ],
      "router_state": "dynamic",
      "expert_state": "dynamic",
      "use_shared": true,
      "use_routed": true,
      "temperature": 1.0,
      "temporal_kernel": 3,
      "spatial_kernel": 3,
      "temporal_dilation": 2,
      "spatial_dilation": 2,
      "attention_heads": 4,
      "residual_init": 0.1,
      "routing_warmup_epochs": 0,
      "routing_transition_epochs": 0,
      "uniform_mix_start": 0.5,
      "sampling_temperature_start": 2.0,
      "top_k": 6
    },
    "aux": {
      "enabled": false,
      "alpha_init": 0.0
    }
  },
  "loss": {
    "type": "l1",
    "lambda_coe_mid": 0.0,
    "lambda_coe_balance": 0.01
  },
  "train": {
    "epochs": 20,
    "val_epoch": 2,
    "lr_main": 0.001,
    "weight_decay": 0.0001,
    "grad_clip_norm": 1.0,
    "amp": true,
    "save_every": 10,
    "scheduler": {
      "type": "cosine",
      "eta_min": 1e-06,
      "total_epochs": 20
    },
    "early_stopping": {
      "enabled": false,
      "monitor": "val_mae",
      "patience": 40,
      "mode": "min"
    },
    "save_best_checkpoint": true
  },
  "experiment_plan": {
    "stage": "coe_depth_pool",
    "variant": "coe_depth_s1_top6",
    "protocol": "random_rate0.4",
    "protocol_kind": "legacy_csv"
  }
}
------------------------------------------------------------------------------------------------
-----------------------------------------------------------------------------------------------------------------
 epoch         loss         mae         rmse     val_mae          lr   train_s    val_s   epoch_s   mem_gb   best
-----------------------------------------------------------------------------------------------------------------
     1     99.09417     99.0782     164.4152           -    1.00e-03      24.9      0.0      24.9     3.56       
     2     72.28334     72.2349     133.4478     56.0387    9.94e-04      24.6      1.6      26.2     3.57      *
Best model at epoch 2 (val_mae=56.0387)
     3     57.68272     57.6022     109.1584           -    9.76e-04      24.7      0.0      24.7     3.57       

------------------------------------------------------------------------------------------------
Training interrupted: 2026-09-21 10:21:02
Summary
  completed_epochs: 3
  best_epoch: 2
  best_val_mae: 56.038688
  val_epoch: 2
  validation_count: 1
  final_train_loss: 57.682723
  final_train_mae: 57.602167
  final_val_loss: nan
  final_val_mae: nan
  total_time: 1m 25s
  avg_epoch_time_sec: 25.25
  avg_train_sec_per_step: 0.1585
  avg_val_sec_per_step: 0.0228
  peak_memory_gb: 3.57
  test_loss: n/a
  test_mae: n/a
  test_rmse: n/a
  test_mape: n/a
  test_time_sec: 0.00
  best_checkpoint: /home/students/HuangMingYu/code/py/my_idea/my_idea/outputs/v24-COE/TaxiBJ/custom/v24_coe_depth_s1_top6_random_rate0.4_seed7/random/rate0.4/20260921_101935_seed7_bs16/checkpoints/best.pt
  best_state_source: checkpoint
  metrics_jsonl: /home/students/HuangMingYu/code/py/my_idea/my_idea/outputs/v24-COE/TaxiBJ/custom/v24_coe_depth_s1_top6_random_rate0.4_seed7/random/rate0.4/20260921_101935_seed7_bs16/logs/metrics.jsonl
------------------------------------------------------------------------------------------------
