Training started: 2026-09-17 16:50:30
------------------------------------------------------------------------------------------------
Run
  run_dir: /home/students/HuangMingYu/code/py/my_idea/my_idea/outputs/v24-COE/experiments/core/08fc9d8d37df089e/runs/v24_core_parallel_mixed_rate0.4_updates_seed7/BikeNYC/custom/v24_core_parallel_mixed_rate0.4_updates_seed7/random/rate0.4/20260917_165029_seed7_bs16
  command: /home/students/HuangMingYu/code/py/my_idea/my_idea/scripts/train.py -c /home/students/HuangMingYu/code/py/my_idea/my_idea/outputs/v24-COE/experiments/core/08fc9d8d37df089e/configs/v24_core_parallel_mixed_rate0.4_updates_seed7.json --no_plot --name v24_core_parallel_mixed_rate0.4_updates_seed7 --train_npz /home/students/HuangMingYu/code/py/my_idea/my_idea/data/BikeNYC/bikenyc_train.npz --val_npz /home/students/HuangMingYu/code/py/my_idea/my_idea/data/BikeNYC/bikenyc_val.npz --test_npz /home/students/HuangMingYu/code/py/my_idea/my_idea/data/BikeNYC/bikenyc_test.npz --result-file /home/students/HuangMingYu/code/py/my_idea/my_idea/outputs/v24-COE/experiments/core/08fc9d8d37df089e/results/v24_core_parallel_mixed_rate0.4_updates_seed7.attempt1.json
  git_commit: 1f348d420b22878eff7be96a61567a5be410fd0e
  git_branch: v24-COE
  git_dirty: True
  config_sha256: 8932b35b8fc374fa531f0d297898674bc4368d19d31638279ec033e692fc8389
  python: 3.9.25
  torch: 2.6.0+cu124
  cuda_runtime: 12.4
  train_npz: /home/students/HuangMingYu/code/py/my_idea/my_idea/data/BikeNYC/bikenyc_train.npz
  val_npz: /home/students/HuangMingYu/code/py/my_idea/my_idea/data/BikeNYC/bikenyc_val.npz
  test_npz: /home/students/HuangMingYu/code/py/my_idea/my_idea/data/BikeNYC/bikenyc_test.npz
  dataset: BikeNYC
  experiment_type: custom
  variant: v24_core_parallel_mixed_rate0.4_updates_seed7
  train_samples: 511
  val_samples: 73
  train_steps_per_epoch: 32
  val_steps_per_epoch: 5
  test_samples: 147
  test_steps: 10
  batch_size: 16
  mask_pattern: random
  mask_rate_config: 0.4
  train_mask: shape=(511, 1, 12, 24, 12), observed_rate=0.6004, missing_rate=0.3996
  val_mask: shape=(73, 1, 12, 24, 12), observed_rate=0.6004, missing_rate=0.3996
  data_shape: (511, 2, 12, 24, 12)
  device: cuda
  device_name: NVIDIA GeForce RTX 3090
  total_params: 76,987
  trainable_params: 76,987
Config
{
  "seed": 7,
  "output_dir": "/home/students/HuangMingYu/code/py/my_idea/my_idea/outputs/v24-COE/experiments/core/08fc9d8d37df089e/runs/v24_core_parallel_mixed_rate0.4_updates_seed7",
  "device": "auto",
  "data": {
    "dataset_name": "BikeNYC",
    "batch_size": 16,
    "num_workers": 0,
    "pin_memory": true,
    "drop_last": false,
    "mask": {
      "pattern": "random",
      "missing_rate": 0.4,
      "train_csv": "/home/students/HuangMingYu/code/py/my_idea/my_idea/outputs/v24-COE/section13/bikenyc_masks_seed2026/mixed/0.4/train.csv",
      "val_csv": "/home/students/HuangMingYu/code/py/my_idea/my_idea/outputs/v24-COE/section13/bikenyc_masks_seed2026/mixed/0.4/val.csv",
      "test_csv": "/home/students/HuangMingYu/code/py/my_idea/my_idea/outputs/v24-COE/section13/bikenyc_masks_seed2026/mixed/0.4/test.csv"
    },
    "synthetic": {
      "num_train": 128,
      "num_val": 32,
      "t": 12,
      "h": 24,
      "w": 12
    },
    "multiscale": false
  },
  "model": {
    "architecture": "v24_ts_coe",
    "c_in": 2,
    "main": {
      "dim": 64,
      "max_t": 12,
      "h": 24,
      "w": 12,
      "scale_mode": "fine",
      "use_multiscale": false
    },
    "coe": {
      "num_steps": 1,
      "routing_mode": "parallel",
      "fixed_path": null,
      "router_state": "initial",
      "use_shared": true,
      "use_routed": true,
      "temperature": 1.0,
      "temporal_kernel": 3,
      "spatial_kernel": 3,
      "residual_init": 0.1,
      "expert_pool": [
        "T",
        "S"
      ],
      "expert_state": "initial"
    },
    "aux": {
      "enabled": false,
      "alpha_init": 0.0
    }
  },
  "loss": {
    "type": "l1",
    "lambda_coe_mid": 0,
    "lambda_coe_balance": 0
  },
  "train": {
    "epochs": 80,
    "val_epoch": 2,
    "lr_main": 0.001,
    "weight_decay": 0.0001,
    "grad_clip_norm": 1.0,
    "amp": true,
    "save_every": 10,
    "scheduler": {
      "type": "cosine",
      "eta_min": 1e-06
    },
    "early_stopping": {
      "enabled": false,
      "monitor": "val_mae",
      "patience": 15,
      "mode": "min"
    },
    "save_best_checkpoint": false
  },
  "experiment_plan": {
    "stage": "core",
    "variant": "parallel",
    "protocol": "mixed_rate0.4",
    "protocol_kind": "structured_csv",
    "budget_regime": "updates",
    "mask_metadata": "/home/students/HuangMingYu/code/py/my_idea/my_idea/outputs/v24-COE/section13/bikenyc_masks_seed2026/mixed/0.4/metadata.json"
  },
  "experiment_suite_fingerprint": "08fc9d8d37df089e074c1f54d84eabb0c7699555c5d348e61134aa3b4ddc48c2"
}
------------------------------------------------------------------------------------------------
-----------------------------------------------------------------------------------------------------------------
 epoch         loss         mae         rmse     val_mae          lr   train_s    val_s   epoch_s   mem_gb   best
-----------------------------------------------------------------------------------------------------------------
     1     10.37065     10.3758      30.9963           -    1.00e-03       1.1      0.0       1.1     0.48       
     2      9.80789      9.8098      30.0446     11.2160    1.00e-03       0.7      0.1       0.8     0.48      *
Best model at epoch 2 (val_mae=11.2160)
     3      9.28614      9.2883      28.9298           -    9.98e-04       0.7      0.0       0.7     0.48       
     4      8.94146      8.9462      27.9935     10.4416    9.97e-04       0.7      0.0       0.7     0.48      *
Best model at epoch 4 (val_mae=10.4416)
     5      8.60534      8.6062      27.1236           -    9.94e-04       0.7      0.0       0.7     0.48       
     6      8.28544      8.2858      26.0564      9.8294    9.90e-04       0.7      0.0       0.7     0.48      *
Best model at epoch 6 (val_mae=9.8294)
     7      7.98014      7.9832      25.1343           -    9.86e-04       0.7      0.0       0.7     0.48       
     8      7.87199      7.8697      24.7682      9.2960    9.81e-04       0.7      0.0       0.7     0.48      *
Best model at epoch 8 (val_mae=9.2960)
     9      7.61254      7.6113      23.9490           -    9.76e-04       0.7      0.0       0.7     0.48       
    10      7.60086      7.5987      23.5211      8.9426    9.69e-04       0.7      0.0       0.7     0.48      *
Best model at epoch 10 (val_mae=8.9426)
    11      7.36620      7.3640      22.9652           -    9.62e-04       0.7      0.0       0.7     0.48       
    12      7.26529      7.2660      22.6207      9.0634    9.54e-04       0.7      0.0       0.7     0.48       
    13      7.20691      7.2076      22.1890           -    9.46e-04       0.7      0.0       0.7     0.48       
    14      7.08537      7.0825      21.7314      8.5430    9.36e-04       0.7      0.0       0.7     0.48      *
Best model at epoch 14 (val_mae=8.5430)
    15      6.85031      6.8511      21.1714           -    9.26e-04       0.7      0.0       0.7     0.48       
    16      6.60786      6.6074      20.8374      7.8863    9.16e-04       0.7      0.0       0.7     0.48      *
Best model at epoch 16 (val_mae=7.8863)
    17      6.42145      6.4210      20.2529           -    9.05e-04       0.7      0.0       0.7     0.48       
    18      6.32176      6.3168      20.0708      7.7082    8.93e-04       0.7      0.0       0.7     0.48      *
Best model at epoch 18 (val_mae=7.7082)
    19      6.34767      6.3429      20.0117           -    8.80e-04       0.7      0.0       0.7     0.48       
    20      6.29951      6.2971      19.7968      7.6982    8.67e-04       0.7      0.0       0.7     0.48      *
Best model at epoch 20 (val_mae=7.6982)
    21      6.23198      6.2321      19.6274           -    8.54e-04       0.7      0.0       0.7     0.48       
    22      6.12965      6.1315      19.6393      7.4248    8.40e-04       0.7      0.0       0.7     0.48      *
Best model at epoch 22 (val_mae=7.4248)
    23      5.98775      5.9902      19.2171           -    8.25e-04       0.7      0.0       0.7     0.48       
    24      5.99019      5.9909      18.9307      7.7019    8.10e-04       0.7      0.0       0.7     0.48       
    25      5.97697      5.9774      18.9016           -    7.94e-04       0.7      0.0       0.7     0.48       
    26      5.83832      5.8401      18.6711      7.3482    7.78e-04       0.7      0.0       0.7     0.48      *
Best model at epoch 26 (val_mae=7.3482)
    27      5.86041      5.8607      18.6830           -    7.61e-04       0.7      0.0       0.7     0.48       
    28      5.89244      5.8928      18.6424      7.3233    7.45e-04       0.7      0.0       0.7     0.48      *
Best model at epoch 28 (val_mae=7.3233)
    29      6.16888      6.1702      18.9732           -    7.27e-04       0.7      0.0       0.7     0.48       
    30      5.91601      5.9149      18.6160      7.1243    7.10e-04       0.7      0.0       0.7     0.48      *
Best model at epoch 30 (val_mae=7.1243)
    31      5.70504      5.7026      18.2485           -    6.92e-04       0.7      0.0       0.7     0.48       
    32      5.67913      5.6754      17.9580      6.9338    6.73e-04       0.7      0.0       0.7     0.48      *
Best model at epoch 32 (val_mae=6.9338)
    33      5.69136      5.6920      18.1310           -    6.55e-04       0.7      0.0       0.7     0.48       
    34      5.64047      5.6398      17.8632      6.9427    6.36e-04       0.7      0.0       0.7     0.48       
    35      5.52975      5.5265      17.6385           -    6.17e-04       0.7      0.0       0.7     0.48       
    36      5.47498      5.4719      17.4834      7.0522    5.98e-04       0.7      0.0       0.7     0.48       
    37      5.56047      5.5612      18.0139           -    5.79e-04       0.7      0.0       0.7     0.48       
    38      5.48750      5.4900      17.6446      7.1930    5.59e-04       0.7      0.1       0.7     0.48       
    39      5.56474      5.5658      17.8064           -    5.40e-04       0.7      0.0       0.7     0.48       
    40      5.35818      5.3547      17.1385      6.6489    5.20e-04       0.7      0.0       0.7     0.48      *
Best model at epoch 40 (val_mae=6.6489)
    41      5.42512      5.4261      17.2382           -    5.01e-04       0.7      0.0       0.7     0.48       
    42      5.43182      5.4332      17.2880      6.6300    4.81e-04       0.7      0.0       0.7     0.48      *
Best model at epoch 42 (val_mae=6.6300)
    43      5.37318      5.3741      17.2272           -    4.61e-04       0.7      0.0       0.7     0.48       
    44      5.37373      5.3721      16.9874      6.7057    4.42e-04       0.7      0.0       0.7     0.48       
    45      5.31158      5.3109      16.9884           -    4.22e-04       0.7      0.0       0.7     0.48       
    46      5.32431      5.3179      16.9351      6.6000    4.03e-04       0.7      0.0       0.7     0.48      *
Best model at epoch 46 (val_mae=6.6000)
    47      5.23769      5.2356      16.7941           -    3.84e-04       0.7      0.0       0.7     0.48       
    48      5.28598      5.2848      17.0050      6.5816    3.65e-04       0.7      0.0       0.7     0.48      *
Best model at epoch 48 (val_mae=6.5816)
    49      5.18163      5.1834      16.7010           -    3.46e-04       0.7      0.0       0.7     0.48       
    50      5.21884      5.2172      16.8658      6.5166    3.28e-04       0.7      0.0       0.7     0.48      *
Best model at epoch 50 (val_mae=6.5166)
    51      5.18535      5.1859      16.6423           -    3.09e-04       0.7      0.0       0.7     0.48       
    52      5.12456      5.1236      16.5685      6.3886    2.91e-04       0.7      0.0       0.7     0.48      *
Best model at epoch 52 (val_mae=6.3886)
    53      5.08983      5.0901      16.5257           -    2.74e-04       0.7      0.0       0.7     0.48       
    54      5.11464      5.1150      16.5623      6.3613    2.56e-04       0.7      0.0       0.7     0.48      *
Best model at epoch 54 (val_mae=6.3613)
    55      5.07554      5.0774      16.5283           -    2.40e-04       0.7      0.0       0.7     0.48       
    56      5.05565      5.0551      16.4270      6.3176    2.23e-04       0.7      0.0       0.7     0.48      *
Best model at epoch 56 (val_mae=6.3176)
    57      5.04394      5.0419      16.3809           -    2.07e-04       0.7      0.0       0.7     0.48       
    58      5.02365      5.0259      16.3510      6.2987    1.91e-04       0.7      0.0       0.7     0.48      *
Best model at epoch 58 (val_mae=6.2987)
    59      5.01627      5.0158      16.2593           -    1.76e-04       0.7      0.0       0.7     0.48       
    60      5.01377      5.0137      16.2426      6.2857    1.61e-04       0.7      0.0       0.7     0.48      *
Best model at epoch 60 (val_mae=6.2857)
    61      5.00334      5.0030      16.1281           -    1.47e-04       0.7      0.0       0.7     0.48       
    62      4.98680      4.9878      16.1872      6.2498    1.34e-04       0.7      0.0       0.7     0.48      *
Best model at epoch 62 (val_mae=6.2498)
    63      4.98261      4.9812      16.1071           -    1.21e-04       0.7      0.0       0.7     0.48       
    64      4.97685      4.9768      16.1721      6.2463    1.08e-04       0.7      0.0       0.7     0.48      *
Best model at epoch 64 (val_mae=6.2463)
    65      4.95629      4.9582      16.0743           -    9.64e-05       0.7      0.0       0.7     0.48       
    66      4.95278      4.9546      16.0889      6.2194    8.52e-05       0.7      0.0       0.7     0.48      *
Best model at epoch 66 (val_mae=6.2194)
    67      4.94339      4.9430      16.0334           -    7.46e-05       0.7      0.0       0.7     0.48       
    68      4.93925      4.9394      15.9903      6.2524    6.47e-05       0.7      0.0       0.7     0.48       
    69      4.95403      4.9517      16.1820           -    5.54e-05       0.7      0.0       0.7     0.48       
    70      4.93538      4.9369      16.1374      6.2224    4.69e-05       0.7      0.0       0.7     0.48       
    71      4.92024      4.9203      15.9647           -    3.90e-05       0.7      0.0       0.7     0.48       
    72      4.91585      4.9136      15.9962      6.2234    3.19e-05       0.7      0.0       0.7     0.48       
    73      4.90608      4.9078      15.9311           -    2.54e-05       0.7      0.0       0.7     0.48       
    74      4.91467      4.9156      16.1371      6.2229    1.98e-05       0.7      0.0       0.7     0.48       
    75      4.90603      4.9061      15.9731           -    1.48e-05       0.7      0.0       0.7     0.48       
    76      4.90119      4.9004      15.9872      6.2083    1.06e-05       0.7      0.0       0.7     0.48      *
Best model at epoch 76 (val_mae=6.2083)
    77      4.90111      4.9022      15.9001           -    7.15e-06       0.7      0.0       0.7     0.48       
    78      4.89847      4.8990      15.9430      6.2036    4.46e-06       0.7      0.0       0.7     0.48      *
Best model at epoch 78 (val_mae=6.2036)
    79      4.89775      4.8980      15.9427           -    2.54e-06       0.7      0.0       0.7     0.48       
    80      4.89766      4.8974      15.9399      6.2070    1.39e-06       0.7      0.0       0.7     0.48       

------------------------------------------------------------------------------------------------
Training finished normally: 2026-09-17 16:51:28
Summary
  completed_epochs: 80
  best_epoch: 78
  best_val_mae: 6.203572
  val_epoch: 2
  validation_count: 40
  final_train_loss: 4.897658
  final_train_mae: 4.897379
  final_val_loss: 6.247819
  final_val_mae: 6.207036
  total_time: 58.1s
  avg_epoch_time_sec: 0.72
  avg_train_sec_per_step: 0.0218
  avg_val_sec_per_step: 0.0050
  peak_memory_gb: 0.48
  test_loss: 5.663565
  test_mae: 5.837955
  test_rmse: 19.800953
  test_mape: 174963.423392
  test_time_sec: 0.10
  best_checkpoint: n/a
  best_state_source: cpu_memory
  metrics_jsonl: /home/students/HuangMingYu/code/py/my_idea/my_idea/outputs/v24-COE/experiments/core/08fc9d8d37df089e/runs/v24_core_parallel_mixed_rate0.4_updates_seed7/BikeNYC/custom/v24_core_parallel_mixed_rate0.4_updates_seed7/random/rate0.4/20260917_165029_seed7_bs16/logs/metrics.jsonl
------------------------------------------------------------------------------------------------
