Training started: 2026-09-17 19:28:06
------------------------------------------------------------------------------------------------
Run
  run_dir: /home/students/HuangMingYu/code/py/my_idea/my_idea/outputs/v24-COE/experiments/chain4/2615a2f2c0c1f753/runs/v24_chain4_chain4_balance_random_point_rate0.4_updates_seed7/TaxiBJ/custom/v24_chain4_chain4_balance_random_point_rate0.4_updates_seed7/random/rate0.4/20260917_192803_seed7_bs16
  command: /home/students/HuangMingYu/code/py/my_idea/my_idea/scripts/train.py -c /home/students/HuangMingYu/code/py/my_idea/my_idea/outputs/v24-COE/experiments/chain4/2615a2f2c0c1f753/configs/v24_chain4_chain4_balance_random_point_rate0.4_updates_seed7.json --no_plot --name v24_chain4_chain4_balance_random_point_rate0.4_updates_seed7 --train_npz /home/students/HuangMingYu/code/py/my_idea/my_idea/data/TaxiBJ/taxibj_train.npz --val_npz /home/students/HuangMingYu/code/py/my_idea/my_idea/data/TaxiBJ/taxibj_val.npz --test_npz /home/students/HuangMingYu/code/py/my_idea/my_idea/data/TaxiBJ/taxibj_test.npz --result-file /home/students/HuangMingYu/code/py/my_idea/my_idea/outputs/v24-COE/experiments/chain4/2615a2f2c0c1f753/results/v24_chain4_chain4_balance_random_point_rate0.4_updates_seed7.attempt1.json
  git_commit: 1f348d420b22878eff7be96a61567a5be410fd0e
  git_branch: v24-COE
  git_dirty: True
  config_sha256: 9a1832d74f6174f72bb8e31710fa3b568e470911f53f0f04a659b01f5f9e35a2
  python: 3.9.25
  torch: 2.6.0+cu124
  cuda_runtime: 12.4
  train_npz: /home/students/HuangMingYu/code/py/my_idea/my_idea/data/TaxiBJ/taxibj_train.npz
  val_npz: /home/students/HuangMingYu/code/py/my_idea/my_idea/data/TaxiBJ/taxibj_val.npz
  test_npz: /home/students/HuangMingYu/code/py/my_idea/my_idea/data/TaxiBJ/taxibj_test.npz
  dataset: TaxiBJ
  experiment_type: custom
  variant: v24_chain4_chain4_balance_random_point_rate0.4_updates_seed7
  train_samples: 2491
  val_samples: 356
  train_steps_per_epoch: 156
  val_steps_per_epoch: 23
  test_samples: 712
  test_steps: 45
  batch_size: 16
  mask_pattern: random
  mask_rate_config: 0.4
  train_mask: shape=(2491, 1, 12, 32, 32), observed_rate=0.6000, missing_rate=0.4000
  val_mask: shape=(356, 1, 12, 32, 32), observed_rate=0.6000, missing_rate=0.4000
  data_shape: (2491, 2, 12, 32, 32)
  device: cuda
  device_name: NVIDIA GeForce RTX 3090
  total_params: 211,507
  trainable_params: 211,507
Config
{
  "seed": 7,
  "output_dir": "/home/students/HuangMingYu/code/py/my_idea/my_idea/outputs/v24-COE/experiments/chain4/2615a2f2c0c1f753/runs/v24_chain4_chain4_balance_random_point_rate0.4_updates_seed7",
  "device": "auto",
  "data": {
    "dataset_name": "TaxiBJ",
    "batch_size": 16,
    "num_workers": 0,
    "pin_memory": true,
    "drop_last": false,
    "mask": {
      "pattern": "random",
      "missing_rate": 0.4,
      "train_csv": "/home/students/HuangMingYu/code/py/my_idea/my_idea/outputs/v24-COE/section13/taxibj_masks_seed2026/random_point/0.4/train.csv",
      "val_csv": "/home/students/HuangMingYu/code/py/my_idea/my_idea/outputs/v24-COE/section13/taxibj_masks_seed2026/random_point/0.4/val.csv",
      "test_csv": "/home/students/HuangMingYu/code/py/my_idea/my_idea/outputs/v24-COE/section13/taxibj_masks_seed2026/random_point/0.4/test.csv"
    },
    "synthetic": {
      "num_train": 128,
      "num_val": 32,
      "t": 12,
      "h": 32,
      "w": 32
    },
    "multiscale": false
  },
  "model": {
    "architecture": "v24_ts_coe",
    "c_in": 2,
    "main": {
      "dim": 64,
      "max_t": 12,
      "h": 32,
      "w": 32,
      "scale_mode": "fine",
      "use_multiscale": false
    },
    "coe": {
      "num_steps": 4,
      "routing_mode": "hard",
      "fixed_path": null,
      "router_state": "dynamic",
      "use_shared": true,
      "use_routed": true,
      "temperature": 1.0,
      "temporal_kernel": 3,
      "spatial_kernel": 3,
      "residual_init": 0.1,
      "expert_pool": [
        "T",
        "S",
        "TD",
        "SD",
        "TA",
        "ST"
      ],
      "expert_state": "dynamic",
      "temporal_dilation": 2,
      "spatial_dilation": 2,
      "attention_heads": 4
    },
    "aux": {
      "enabled": false,
      "alpha_init": 0.0
    }
  },
  "loss": {
    "type": "l1",
    "lambda_coe_mid": 0.0,
    "lambda_coe_balance": 0.01
  },
  "train": {
    "epochs": 80,
    "val_epoch": 2,
    "lr_main": 0.001,
    "weight_decay": 0.0001,
    "grad_clip_norm": 1.0,
    "amp": true,
    "save_every": 10,
    "scheduler": {
      "type": "cosine",
      "eta_min": 1e-06
    },
    "early_stopping": {
      "enabled": false,
      "monitor": "val_mae",
      "patience": 40,
      "mode": "min"
    },
    "save_best_checkpoint": false
  },
  "experiment_plan": {
    "stage": "chain4",
    "variant": "chain4_balance",
    "protocol": "random_point_rate0.4",
    "protocol_kind": "structured_csv",
    "budget_regime": "updates",
    "mask_metadata": "/home/students/HuangMingYu/code/py/my_idea/my_idea/outputs/v24-COE/section13/taxibj_masks_seed2026/random_point/0.4/metadata.json"
  },
  "experiment_suite_fingerprint": "2615a2f2c0c1f753fc59dd8f71c8514e8c5c42ae26dafe6b6984b34835417ec8"
}
------------------------------------------------------------------------------------------------
-----------------------------------------------------------------------------------------------------------------
 epoch         loss         mae         rmse     val_mae          lr   train_s    val_s   epoch_s   mem_gb   best
-----------------------------------------------------------------------------------------------------------------
     1     96.62957     96.5772     163.6801           -    1.00e-03      90.2      0.0      90.2    11.42       
     2     57.36373     57.3383     123.9162     34.3402    1.00e-03      90.5      1.7      92.2    11.42      *
Best model at epoch 2 (val_mae=34.3402)
     3     33.21441     33.1608      88.1172           -    9.98e-04      90.6      0.0      90.6    11.42       
     4     23.03879     22.9926      66.8920     15.6215    9.97e-04      90.6      1.7      92.3    11.42      *
Best model at epoch 4 (val_mae=15.6215)
     5     16.91124     16.8561      49.9807           -    9.94e-04      90.6      0.0      90.6    11.42       
     6     13.77565     13.7152      39.4333     10.6954    9.90e-04      90.6      1.7      92.2    11.42      *
Best model at epoch 6 (val_mae=10.6954)
     7     11.91614     11.8576      32.1487           -    9.86e-04      90.6      0.0      90.6    11.42       
     8     10.97649     10.9195      27.5464     10.0778    9.81e-04      90.5      1.7      92.2    11.42      *
Best model at epoch 8 (val_mae=10.0778)
     9     10.32357     10.2681      24.2089           -    9.76e-04      90.5      0.0      90.5    11.42       
    10      9.87891      9.8151      21.7825      8.7886    9.69e-04      90.5      1.7      92.2    11.42      *
Best model at epoch 10 (val_mae=8.7886)
    11      9.48758      9.4270      19.7907           -    9.62e-04      90.6      0.0      90.6    11.42       
    12      9.27974      9.2163      18.3466      8.4426    9.54e-04      90.6      1.7      92.3    11.42      *
Best model at epoch 12 (val_mae=8.4426)
    13      9.10005      9.0403      17.2535           -    9.46e-04      90.6      0.0      90.6    11.42       
    14      8.98542      8.9245      16.3996      8.1982    9.36e-04      91.4      2.3      93.7    11.42      *
Best model at epoch 14 (val_mae=8.1982)
    15      8.88272      8.8246      15.7910           -    9.26e-04      90.6      0.0      90.6    11.42       
