Training started: 2026-09-17 15:54:15
------------------------------------------------------------------------------------------------
Run
  run_dir: /home/students/HuangMingYu/code/py/my_idea/my_idea/outputs/v24-COE/experiments/core/08fc9d8d37df089e/runs/v24_core_routed_only_random_point_rate0.4_updates_seed7/BikeNYC/custom/v24_core_routed_only_random_point_rate0.4_updates_seed7/random/rate0.4/20260917_155414_seed7_bs16
  command: /home/students/HuangMingYu/code/py/my_idea/my_idea/scripts/train.py -c /home/students/HuangMingYu/code/py/my_idea/my_idea/outputs/v24-COE/experiments/core/08fc9d8d37df089e/configs/v24_core_routed_only_random_point_rate0.4_updates_seed7.json --no_plot --name v24_core_routed_only_random_point_rate0.4_updates_seed7 --train_npz /home/students/HuangMingYu/code/py/my_idea/my_idea/data/BikeNYC/bikenyc_train.npz --val_npz /home/students/HuangMingYu/code/py/my_idea/my_idea/data/BikeNYC/bikenyc_val.npz --test_npz /home/students/HuangMingYu/code/py/my_idea/my_idea/data/BikeNYC/bikenyc_test.npz --result-file /home/students/HuangMingYu/code/py/my_idea/my_idea/outputs/v24-COE/experiments/core/08fc9d8d37df089e/results/v24_core_routed_only_random_point_rate0.4_updates_seed7.attempt1.json
  git_commit: 1f348d420b22878eff7be96a61567a5be410fd0e
  git_branch: v24-COE
  git_dirty: True
  config_sha256: fbb9053ea46ea9f2a7c3a2649a4483d4f325b9c98c0a310a55144e22e6ea9b86
  python: 3.9.25
  torch: 2.6.0+cu124
  cuda_runtime: 12.4
  train_npz: /home/students/HuangMingYu/code/py/my_idea/my_idea/data/BikeNYC/bikenyc_train.npz
  val_npz: /home/students/HuangMingYu/code/py/my_idea/my_idea/data/BikeNYC/bikenyc_val.npz
  test_npz: /home/students/HuangMingYu/code/py/my_idea/my_idea/data/BikeNYC/bikenyc_test.npz
  dataset: BikeNYC
  experiment_type: custom
  variant: v24_core_routed_only_random_point_rate0.4_updates_seed7
  train_samples: 511
  val_samples: 73
  train_steps_per_epoch: 32
  val_steps_per_epoch: 5
  test_samples: 147
  test_steps: 10
  batch_size: 16
  mask_pattern: random
  mask_rate_config: 0.4
  train_mask: shape=(511, 1, 12, 24, 12), observed_rate=0.6001, missing_rate=0.3999
  val_mask: shape=(73, 1, 12, 24, 12), observed_rate=0.6001, missing_rate=0.3999
  data_shape: (511, 2, 12, 24, 12)
  device: cuda
  device_name: NVIDIA GeForce RTX 3090
  total_params: 91,571
  trainable_params: 91,571
Config
{
  "seed": 7,
  "output_dir": "/home/students/HuangMingYu/code/py/my_idea/my_idea/outputs/v24-COE/experiments/core/08fc9d8d37df089e/runs/v24_core_routed_only_random_point_rate0.4_updates_seed7",
  "device": "auto",
  "data": {
    "dataset_name": "BikeNYC",
    "batch_size": 16,
    "num_workers": 0,
    "pin_memory": true,
    "drop_last": false,
    "mask": {
      "pattern": "random",
      "missing_rate": 0.4,
      "train_csv": "/home/students/HuangMingYu/code/py/my_idea/my_idea/outputs/v24-COE/section13/bikenyc_masks_seed2026/random_point/0.4/train.csv",
      "val_csv": "/home/students/HuangMingYu/code/py/my_idea/my_idea/outputs/v24-COE/section13/bikenyc_masks_seed2026/random_point/0.4/val.csv",
      "test_csv": "/home/students/HuangMingYu/code/py/my_idea/my_idea/outputs/v24-COE/section13/bikenyc_masks_seed2026/random_point/0.4/test.csv"
    },
    "synthetic": {
      "num_train": 128,
      "num_val": 32,
      "t": 12,
      "h": 24,
      "w": 12
    },
    "multiscale": false
  },
  "model": {
    "architecture": "v24_ts_coe",
    "c_in": 2,
    "main": {
      "dim": 64,
      "max_t": 12,
      "h": 24,
      "w": 12,
      "scale_mode": "fine",
      "use_multiscale": false
    },
    "coe": {
      "num_steps": 2,
      "routing_mode": "hard",
      "fixed_path": null,
      "router_state": "dynamic",
      "use_shared": false,
      "use_routed": true,
      "temperature": 1.0,
      "temporal_kernel": 3,
      "spatial_kernel": 3,
      "residual_init": 0.1,
      "expert_pool": [
        "T",
        "S"
      ],
      "expert_state": "dynamic"
    },
    "aux": {
      "enabled": false,
      "alpha_init": 0.0
    }
  },
  "loss": {
    "type": "l1",
    "lambda_coe_mid": 0,
    "lambda_coe_balance": 0
  },
  "train": {
    "epochs": 80,
    "val_epoch": 2,
    "lr_main": 0.001,
    "weight_decay": 0.0001,
    "grad_clip_norm": 1.0,
    "amp": true,
    "save_every": 10,
    "scheduler": {
      "type": "cosine",
      "eta_min": 1e-06
    },
    "early_stopping": {
      "enabled": false,
      "monitor": "val_mae",
      "patience": 15,
      "mode": "min"
    },
    "save_best_checkpoint": false
  },
  "experiment_plan": {
    "stage": "core",
    "variant": "routed_only",
    "protocol": "random_point_rate0.4",
    "protocol_kind": "structured_csv",
    "budget_regime": "updates",
    "mask_metadata": "/home/students/HuangMingYu/code/py/my_idea/my_idea/outputs/v24-COE/section13/bikenyc_masks_seed2026/random_point/0.4/metadata.json"
  },
  "experiment_suite_fingerprint": "08fc9d8d37df089e074c1f54d84eabb0c7699555c5d348e61134aa3b4ddc48c2"
}
------------------------------------------------------------------------------------------------
-----------------------------------------------------------------------------------------------------------------
 epoch         loss         mae         rmse     val_mae          lr   train_s    val_s   epoch_s   mem_gb   best
-----------------------------------------------------------------------------------------------------------------
     1      8.86224      8.8594      28.6294           -    1.00e-03       1.5      0.0       1.5     0.77       
     2      8.05864      8.0597      27.5853      8.7574    1.00e-03       1.1      0.1       1.2     0.77      *
Best model at epoch 2 (val_mae=8.7574)
     3      7.13591      7.1367      26.0448           -    9.98e-04       1.1      0.0       1.1     0.77       
     4      6.35910      6.3559      24.3779      7.0625    9.97e-04       1.1      0.1       1.1     0.77      *
Best model at epoch 4 (val_mae=7.0625)
     5      5.66719      5.6687      22.6449           -    9.94e-04       1.1      0.0       1.1     0.77       
     6      5.10955      5.1105      20.9085      5.7981    9.90e-04       1.1      0.1       1.1     0.77      *
Best model at epoch 6 (val_mae=5.7981)
     7      4.61605      4.6161      19.2616           -    9.86e-04       1.1      0.0       1.1     0.77       
     8      4.23503      4.2357      17.8675      4.8164    9.81e-04       1.1      0.1       1.2     0.77      *
Best model at epoch 8 (val_mae=4.8164)
     9      3.90283      3.9031      16.5707           -    9.76e-04       1.1      0.0       1.1     0.77       
    10      3.67902      3.6783      15.5427      4.3139    9.69e-04       1.1      0.1       1.1     0.77      *
Best model at epoch 10 (val_mae=4.3139)
    11      3.52528      3.5247      14.7397           -    9.62e-04       1.1      0.0       1.1     0.77       
    12      3.40481      3.4049      14.1084      4.0050    9.54e-04       1.1      0.1       1.1     0.77      *
Best model at epoch 12 (val_mae=4.0050)
    13      3.42328      3.4227      13.8308           -    9.46e-04       1.1      0.0       1.1     0.77       
    14      3.35354      3.3537      13.7201      3.8332    9.36e-04       1.1      0.1       1.1     0.77      *
Best model at epoch 14 (val_mae=3.8332)
    15      3.21938      3.2207      13.2407           -    9.26e-04       1.1      0.0       1.1     0.77       
    16      3.21924      3.2183      13.0811      3.7290    9.16e-04       1.1      0.1       1.2     0.77      *
Best model at epoch 16 (val_mae=3.7290)
    17      3.13496      3.1348      12.6610           -    9.05e-04       1.1      0.0       1.1     0.77       
    18      3.07692      3.0765      12.4190      3.6318    8.93e-04       1.1      0.1       1.1     0.77      *
Best model at epoch 18 (val_mae=3.6318)
    19      3.02524      3.0244      12.0231           -    8.80e-04       1.1      0.0       1.1     0.77       
    20      3.02768      3.0273      11.9727      3.5838    8.67e-04       1.1      0.1       1.1     0.77      *
Best model at epoch 20 (val_mae=3.5838)
    21      2.99718      2.9965      11.8889           -    8.54e-04       1.1      0.0       1.1     0.77       
    22      2.97230      2.9709      11.7041      3.5636    8.40e-04       1.1      0.1       1.1     0.77      *
Best model at epoch 22 (val_mae=3.5636)
    23      2.94194      2.9412      11.6873           -    8.25e-04       1.1      0.0       1.1     0.77       
    24      2.90003      2.9003      11.4831      3.3202    8.10e-04       1.1      0.1       1.1     0.77      *
Best model at epoch 24 (val_mae=3.3202)
    25      2.87187      2.8706      11.2803           -    7.94e-04       1.1      0.0       1.1     0.77       
    26      2.83974      2.8403      11.0453      3.2687    7.78e-04       1.1      0.1       1.2     0.77      *
Best model at epoch 26 (val_mae=3.2687)
    27      2.83312      2.8331      11.0088           -    7.61e-04       1.1      0.0       1.1     0.77       
    28      2.77906      2.7779      10.7224      3.2029    7.45e-04       1.1      0.1       1.1     0.77      *
Best model at epoch 28 (val_mae=3.2029)
    29      2.78981      2.7895      10.7679           -    7.27e-04       1.1      0.0       1.1     0.77       
    30      2.73313      2.7336      10.4783      3.2044    7.10e-04       1.1      0.1       1.1     0.77       
    31      2.78031      2.7802      10.5575           -    6.92e-04       1.1      0.0       1.1     0.77       
    32      2.77403      2.7733      10.5025      3.1507    6.73e-04       1.1      0.1       1.1     0.77      *
Best model at epoch 32 (val_mae=3.1507)
    33      2.82698      2.8279      10.5456           -    6.55e-04       1.1      0.0       1.1     0.77       
    34      2.76569      2.7664      10.5840      3.1243    6.36e-04       1.1      0.1       1.2     0.77      *
Best model at epoch 34 (val_mae=3.1243)
    35      2.71739      2.7173      10.3877           -    6.17e-04       1.1      0.0       1.1     0.77       
    36      2.74028      2.7394      10.4496      3.1187    5.98e-04       1.1      0.1       1.1     0.77      *
Best model at epoch 36 (val_mae=3.1187)
    37      2.70941      2.7102      10.1668           -    5.79e-04       1.1      0.0       1.1     0.77       
    38      2.71096      2.7108      10.2934      3.2193    5.59e-04       1.1      0.1       1.1     0.77       
    39      2.71810      2.7185      10.1975           -    5.40e-04       1.1      0.0       1.1     0.77       
    40      2.68336      2.6832      10.0684      3.0585    5.20e-04       1.1      0.1       1.1     0.77      *
Best model at epoch 40 (val_mae=3.0585)
    41      2.70740      2.7076      10.3021           -    5.01e-04       1.1      0.0       1.1     0.77       
    42      2.67098      2.6710      10.0920      3.0536    4.81e-04       1.1      0.1       1.2     0.77      *
Best model at epoch 42 (val_mae=3.0536)
    43      2.65228      2.6521       9.9856           -    4.61e-04       1.1      0.0       1.1     0.77       
    44      2.64056      2.6402       9.9299      3.1105    4.42e-04       1.1      0.1       1.1     0.77       
    45      2.63797      2.6379       9.8142           -    4.22e-04       1.1      0.0       1.1     0.77       
    46      2.63409      2.6352       9.8792      3.1752    4.03e-04       1.1      0.1       1.1     0.77       
    47      2.65220      2.6510       9.9723           -    3.84e-04       1.1      0.0       1.1     0.77       
    48      2.60996      2.6100       9.7499      2.9876    3.65e-04       1.1      0.1       1.1     0.77      *
Best model at epoch 48 (val_mae=2.9876)
    49      2.59875      2.5988       9.7579           -    3.46e-04       1.1      0.0       1.1     0.77       
    50      2.59295      2.5931       9.6981      2.9586    3.28e-04       1.1      0.1       1.1     0.77      *
Best model at epoch 50 (val_mae=2.9586)
    51      2.59572      2.5960       9.6823           -    3.09e-04       1.1      0.0       1.1     0.77       
    52      2.58727      2.5872       9.6315      2.9866    2.91e-04       1.1      0.1       1.1     0.77       
    53      2.60202      2.6024       9.6530           -    2.74e-04       1.1      0.0       1.1     0.77       
    54      2.58853      2.5877       9.6786      2.9664    2.56e-04       1.1      0.1       1.1     0.77       
    55      2.59630      2.5958       9.6847           -    2.40e-04       1.1      0.0       1.1     0.77       
    56      2.57340      2.5737       9.5774      2.9541    2.23e-04       1.1      0.1       1.2     0.77      *
Best model at epoch 56 (val_mae=2.9541)
    57      2.59080      2.5912       9.6438           -    2.07e-04       1.1      0.0       1.1     0.77       
    58      2.56572      2.5651       9.5113      2.9198    1.91e-04       1.1      0.1       1.2     0.77      *
Best model at epoch 58 (val_mae=2.9198)
    59      2.56957      2.5694       9.5845           -    1.76e-04       1.1      0.0       1.1     0.77       
    60      2.54423      2.5433       9.4322      2.9075    1.61e-04       1.1      0.1       1.1     0.77      *
Best model at epoch 60 (val_mae=2.9075)
    61      2.53904      2.5392       9.4141           -    1.47e-04       1.1      0.0       1.1     0.77       
    62      2.51987      2.5206       9.2794      2.9058    1.34e-04       1.1      0.1       1.2     0.77      *
Best model at epoch 62 (val_mae=2.9058)
    63      2.54935      2.5489       9.4714           -    1.21e-04       1.1      0.0       1.1     0.77       
    64      2.53298      2.5330       9.3917      2.8940    1.08e-04       1.1      0.1       1.2     0.77      *
Best model at epoch 64 (val_mae=2.8940)
    65      2.53668      2.5361       9.3613           -    9.64e-05       1.1      0.0       1.1     0.77       
    66      2.52758      2.5273       9.3430      2.8900    8.52e-05       1.1      0.1       1.2     0.77      *
Best model at epoch 66 (val_mae=2.8900)
    67      2.53462      2.5346       9.4059           -    7.46e-05       1.1      0.0       1.1     0.77       
    68      2.52502      2.5251       9.3568      2.8880    6.47e-05       1.1      0.1       1.1     0.77      *
Best model at epoch 68 (val_mae=2.8880)
    69      2.51034      2.5099       9.2832           -    5.54e-05       1.1      0.0       1.1     0.77       
    70      2.52232      2.5228       9.3491      2.8802    4.69e-05       1.1      0.1       1.2     0.77      *
Best model at epoch 70 (val_mae=2.8802)
    71      2.54852      2.5474       9.4762           -    3.90e-05       1.1      0.0       1.1     0.77       
    72      2.52981      2.5305       9.3588      2.8886    3.19e-05       1.1      0.1       1.2     0.77       
    73      2.54066      2.5419       9.4114           -    2.54e-05       1.1      0.0       1.1     0.77       
    74      2.50728      2.5082       9.2439      2.8773    1.98e-05       1.1      0.1       1.2     0.77      *
Best model at epoch 74 (val_mae=2.8773)
    75      2.51187      2.5112       9.2637           -    1.48e-05       1.1      0.0       1.1     0.77       
    76      2.51867      2.5184       9.3391      2.8775    1.06e-05       1.1      0.1       1.2     0.77       
    77      2.51869      2.5188       9.3072           -    7.15e-06       1.1      0.0       1.1     0.77       
    78      2.51370      2.5135       9.3100      2.8733    4.46e-06       1.1      0.1       1.2     0.77      *
Best model at epoch 78 (val_mae=2.8733)
    79      2.49466      2.4955       9.1923           -    2.54e-06       1.1      0.0       1.1     0.77       
    80      2.50342      2.5036       9.2647      2.8737    1.39e-06       1.1      0.1       1.1     0.77       

------------------------------------------------------------------------------------------------
Training finished normally: 2026-09-17 15:55:45
Summary
  completed_epochs: 80
  best_epoch: 78
  best_val_mae: 2.873332
  val_epoch: 2
  validation_count: 40
  final_train_loss: 2.503420
  final_train_mae: 2.503573
  final_val_loss: 2.902118
  final_val_mae: 2.873742
  total_time: 1m 30s
  avg_epoch_time_sec: 1.13
  avg_train_sec_per_step: 0.0343
  avg_val_sec_per_step: 0.0058
  peak_memory_gb: 0.77
  test_loss: 2.770131
  test_mae: 2.840602
  test_rmse: 10.706537
  test_mape: 62541.844394
  test_time_sec: 0.12
  best_checkpoint: n/a
  best_state_source: cpu_memory
  metrics_jsonl: /home/students/HuangMingYu/code/py/my_idea/my_idea/outputs/v24-COE/experiments/core/08fc9d8d37df089e/runs/v24_core_routed_only_random_point_rate0.4_updates_seed7/BikeNYC/custom/v24_core_routed_only_random_point_rate0.4_updates_seed7/random/rate0.4/20260917_155414_seed7_bs16/logs/metrics.jsonl
------------------------------------------------------------------------------------------------
