Training started: 2026-09-17 16:39:11
------------------------------------------------------------------------------------------------
Run
  run_dir: /home/students/HuangMingYu/code/py/my_idea/my_idea/outputs/v24-COE/experiments/core/08fc9d8d37df089e/runs/v24_core_soft_spatiotemporal_block_rate0.4_updates_seed7/BikeNYC/custom/v24_core_soft_spatiotemporal_block_rate0.4_updates_seed7/random/rate0.4/20260917_163911_seed7_bs16
  command: /home/students/HuangMingYu/code/py/my_idea/my_idea/scripts/train.py -c /home/students/HuangMingYu/code/py/my_idea/my_idea/outputs/v24-COE/experiments/core/08fc9d8d37df089e/configs/v24_core_soft_spatiotemporal_block_rate0.4_updates_seed7.json --no_plot --name v24_core_soft_spatiotemporal_block_rate0.4_updates_seed7 --train_npz /home/students/HuangMingYu/code/py/my_idea/my_idea/data/BikeNYC/bikenyc_train.npz --val_npz /home/students/HuangMingYu/code/py/my_idea/my_idea/data/BikeNYC/bikenyc_val.npz --test_npz /home/students/HuangMingYu/code/py/my_idea/my_idea/data/BikeNYC/bikenyc_test.npz --result-file /home/students/HuangMingYu/code/py/my_idea/my_idea/outputs/v24-COE/experiments/core/08fc9d8d37df089e/results/v24_core_soft_spatiotemporal_block_rate0.4_updates_seed7.attempt1.json
  git_commit: 1f348d420b22878eff7be96a61567a5be410fd0e
  git_branch: v24-COE
  git_dirty: True
  config_sha256: 32f8472befa4e3f4048ba184c1f85d7f1550476d67d206dab94cca1f20a6e1a2
  python: 3.9.25
  torch: 2.6.0+cu124
  cuda_runtime: 12.4
  train_npz: /home/students/HuangMingYu/code/py/my_idea/my_idea/data/BikeNYC/bikenyc_train.npz
  val_npz: /home/students/HuangMingYu/code/py/my_idea/my_idea/data/BikeNYC/bikenyc_val.npz
  test_npz: /home/students/HuangMingYu/code/py/my_idea/my_idea/data/BikeNYC/bikenyc_test.npz
  dataset: BikeNYC
  experiment_type: custom
  variant: v24_core_soft_spatiotemporal_block_rate0.4_updates_seed7
  train_samples: 511
  val_samples: 73
  train_steps_per_epoch: 32
  val_steps_per_epoch: 5
  test_samples: 147
  test_steps: 10
  batch_size: 16
  mask_pattern: random
  mask_rate_config: 0.4
  train_mask: shape=(511, 1, 12, 24, 12), observed_rate=0.6007, missing_rate=0.3993
  val_mask: shape=(73, 1, 12, 24, 12), observed_rate=0.6007, missing_rate=0.3993
  data_shape: (511, 2, 12, 24, 12)
  device: cuda
  device_name: NVIDIA GeForce RTX 3090
  total_params: 91,571
  trainable_params: 91,571
Config
{
  "seed": 7,
  "output_dir": "/home/students/HuangMingYu/code/py/my_idea/my_idea/outputs/v24-COE/experiments/core/08fc9d8d37df089e/runs/v24_core_soft_spatiotemporal_block_rate0.4_updates_seed7",
  "device": "auto",
  "data": {
    "dataset_name": "BikeNYC",
    "batch_size": 16,
    "num_workers": 0,
    "pin_memory": true,
    "drop_last": false,
    "mask": {
      "pattern": "random",
      "missing_rate": 0.4,
      "train_csv": "/home/students/HuangMingYu/code/py/my_idea/my_idea/outputs/v24-COE/section13/bikenyc_masks_seed2026/spatiotemporal_block/0.4/train.csv",
      "val_csv": "/home/students/HuangMingYu/code/py/my_idea/my_idea/outputs/v24-COE/section13/bikenyc_masks_seed2026/spatiotemporal_block/0.4/val.csv",
      "test_csv": "/home/students/HuangMingYu/code/py/my_idea/my_idea/outputs/v24-COE/section13/bikenyc_masks_seed2026/spatiotemporal_block/0.4/test.csv"
    },
    "synthetic": {
      "num_train": 128,
      "num_val": 32,
      "t": 12,
      "h": 24,
      "w": 12
    },
    "multiscale": false
  },
  "model": {
    "architecture": "v24_ts_coe",
    "c_in": 2,
    "main": {
      "dim": 64,
      "max_t": 12,
      "h": 24,
      "w": 12,
      "scale_mode": "fine",
      "use_multiscale": false
    },
    "coe": {
      "num_steps": 2,
      "routing_mode": "soft",
      "fixed_path": null,
      "router_state": "dynamic",
      "use_shared": true,
      "use_routed": true,
      "temperature": 1.0,
      "temporal_kernel": 3,
      "spatial_kernel": 3,
      "residual_init": 0.1,
      "expert_pool": [
        "T",
        "S"
      ],
      "expert_state": "dynamic"
    },
    "aux": {
      "enabled": false,
      "alpha_init": 0.0
    }
  },
  "loss": {
    "type": "l1",
    "lambda_coe_mid": 0,
    "lambda_coe_balance": 0
  },
  "train": {
    "epochs": 80,
    "val_epoch": 2,
    "lr_main": 0.001,
    "weight_decay": 0.0001,
    "grad_clip_norm": 1.0,
    "amp": true,
    "save_every": 10,
    "scheduler": {
      "type": "cosine",
      "eta_min": 1e-06
    },
    "early_stopping": {
      "enabled": false,
      "monitor": "val_mae",
      "patience": 15,
      "mode": "min"
    },
    "save_best_checkpoint": false
  },
  "experiment_plan": {
    "stage": "core",
    "variant": "soft",
    "protocol": "spatiotemporal_block_rate0.4",
    "protocol_kind": "structured_csv",
    "budget_regime": "updates",
    "mask_metadata": "/home/students/HuangMingYu/code/py/my_idea/my_idea/outputs/v24-COE/section13/bikenyc_masks_seed2026/spatiotemporal_block/0.4/metadata.json"
  },
  "experiment_suite_fingerprint": "08fc9d8d37df089e074c1f54d84eabb0c7699555c5d348e61134aa3b4ddc48c2"
}
------------------------------------------------------------------------------------------------
-----------------------------------------------------------------------------------------------------------------
 epoch         loss         mae         rmse     val_mae          lr   train_s    val_s   epoch_s   mem_gb   best
-----------------------------------------------------------------------------------------------------------------
     1     10.98633     10.9811      31.9131           -    1.00e-03       1.6      0.0       1.6     0.81       
     2     10.35091     10.3508      30.9433     12.0804    1.00e-03       1.2      0.1       1.3     0.81      *
Best model at epoch 2 (val_mae=12.0804)
     3      9.77930      9.7776      29.8597           -    9.98e-04       1.2      0.0       1.2     0.81       
     4      9.29694      9.2930      28.7775     10.9506    9.97e-04       1.2      0.1       1.3     0.81      *
Best model at epoch 4 (val_mae=10.9506)
     5      8.85425      8.8554      27.7087           -    9.94e-04       1.2      0.0       1.2     0.81       
     6      8.52710      8.5268      26.7522      9.8443    9.90e-04       1.2      0.1       1.3     0.81      *
Best model at epoch 6 (val_mae=9.8443)
     7      8.22871      8.2280      25.8109           -    9.86e-04       1.2      0.0       1.2     0.81       
     8      8.05337      8.0533      25.0879      9.1313    9.81e-04       1.2      0.1       1.3     0.81      *
Best model at epoch 8 (val_mae=9.1313)
     9      7.85566      7.8564      24.4021           -    9.76e-04       1.2      0.0       1.2     0.81       
    10      7.72721      7.7255      23.9970      8.7871    9.69e-04       1.2      0.1       1.3     0.81      *
Best model at epoch 10 (val_mae=8.7871)
    11      7.57156      7.5707      23.2860           -    9.62e-04       1.2      0.0       1.2     0.81       
    12      7.53249      7.5318      23.2072      8.5581    9.54e-04       1.2      0.1       1.3     0.81      *
Best model at epoch 12 (val_mae=8.5581)
    13      7.32848      7.3282      22.5087           -    9.46e-04       1.2      0.0       1.2     0.81       
    14      7.26068      7.2606      22.0658      8.1957    9.36e-04       1.2      0.1       1.3     0.81      *
Best model at epoch 14 (val_mae=8.1957)
    15      7.10409      7.1073      21.8215           -    9.26e-04       1.2      0.0       1.2     0.81       
    16      7.10217      7.1001      21.7212      7.9969    9.16e-04       1.2      0.1       1.3     0.81      *
Best model at epoch 16 (val_mae=7.9969)
    17      7.07780      7.0770      21.4389           -    9.05e-04       1.2      0.0       1.2     0.81       
    18      7.05768      7.0576      21.3575      7.7811    8.93e-04       1.2      0.1       1.3     0.81      *
Best model at epoch 18 (val_mae=7.7811)
    19      6.94584      6.9448      21.1744           -    8.80e-04       1.2      0.0       1.2     0.81       
    20      6.89451      6.8957      20.9189      7.7952    8.67e-04       1.2      0.1       1.3     0.81       
    21      6.90683      6.9047      20.8838           -    8.54e-04       1.2      0.0       1.2     0.81       
    22      6.84520      6.8401      20.7476      7.6935    8.40e-04       1.2      0.1       1.3     0.81      *
Best model at epoch 22 (val_mae=7.6935)
    23      6.89487      6.8946      20.6181           -    8.25e-04       1.2      0.0       1.2     0.81       
    24      6.77425      6.7724      20.4235      7.5523    8.10e-04       1.2      0.1       1.3     0.81      *
Best model at epoch 24 (val_mae=7.5523)
    25      6.82522      6.8221      20.4413           -    7.94e-04       1.2      0.0       1.2     0.81       
    26      6.71617      6.7180      20.2173      7.6626    7.78e-04       1.2      0.1       1.3     0.81       
    27      6.77176      6.7718      20.7100           -    7.61e-04       1.2      0.0       1.2     0.81       
    28      6.55437      6.5535      19.7870      7.6648    7.45e-04       1.2      0.1       1.3     0.81       
    29      6.30766      6.3084      19.3768           -    7.27e-04       1.2      0.0       1.2     0.81       
    30      6.15301      6.1538      18.9479      7.1987    7.10e-04       1.2      0.1       1.3     0.81      *
Best model at epoch 30 (val_mae=7.1987)
    31      6.21770      6.2167      19.1238           -    6.92e-04       1.2      0.0       1.2     0.81       
    32      6.02701      6.0260      18.5237      7.1142    6.73e-04       1.2      0.1       1.3     0.81      *
Best model at epoch 32 (val_mae=7.1142)
    33      5.78475      5.7838      18.4968           -    6.55e-04       1.2      0.0       1.2     0.81       
    34      5.72216      5.7222      18.5769      6.9970    6.36e-04       1.2      0.1       1.3     0.81      *
Best model at epoch 34 (val_mae=6.9970)
    35      5.71025      5.7062      17.9378           -    6.17e-04       1.2      0.0       1.2     0.81       
    36      5.73627      5.7370      17.7455      6.3054    5.98e-04       1.2      0.1       1.3     0.81      *
Best model at epoch 36 (val_mae=6.3054)
    37      5.83222      5.8311      18.1208           -    5.79e-04       1.2      0.0       1.2     0.81       
    38      5.69334      5.6933      18.0265      6.4687    5.59e-04       1.2      0.1       1.3     0.81       
    39      5.44231      5.4417      17.8176           -    5.40e-04       1.2      0.0       1.2     0.81       
    40      5.45038      5.4523      17.2733      6.3259    5.20e-04       1.2      0.1       1.3     0.81       
    41      5.29701      5.2979      17.2440           -    5.01e-04       1.2      0.0       1.2     0.81       
    42      5.26088      5.2615      17.2052      6.1357    4.81e-04       1.2      0.1       1.3     0.81      *
Best model at epoch 42 (val_mae=6.1357)
    43      5.23227      5.2340      17.2794           -    4.61e-04       1.2      0.0       1.2     0.81       
    44      5.31742      5.3178      17.2914      6.1362    4.42e-04       1.2      0.1       1.3     0.81       
    45      5.24808      5.2474      17.0806           -    4.22e-04       1.2      0.0       1.2     0.81       
    46      5.14146      5.1442      17.1388      6.1898    4.03e-04       1.2      0.1       1.3     0.81       
    47      5.05893      5.0578      16.8323           -    3.84e-04       1.2      0.0       1.2     0.81       
    48      5.11215      5.1116      16.7583      6.4235    3.65e-04       1.2      0.1       1.3     0.81       
    49      5.06597      5.0665      16.5167           -    3.46e-04       1.2      0.0       1.2     0.81       
    50      4.95405      4.9551      16.5715      6.1596    3.28e-04       1.2      0.1       1.3     0.81       
    51      5.14813      5.1478      16.4887           -    3.09e-04       1.2      0.0       1.2     0.81       
    52      4.95626      4.9560      16.5413      5.9199    2.91e-04       1.2      0.1       1.3     0.81      *
Best model at epoch 52 (val_mae=5.9199)
    53      4.90889      4.9096      16.3242           -    2.74e-04       1.2      0.0       1.2     0.81       
    54      4.90708      4.9066      16.3328      5.9069    2.56e-04       1.2      0.1       1.3     0.81      *
Best model at epoch 54 (val_mae=5.9069)
    55      4.86482      4.8630      16.2037           -    2.40e-04       1.2      0.0       1.2     0.81       
    56      4.83683      4.8371      16.1416      5.8949    2.23e-04       1.2      0.1       1.3     0.81      *
Best model at epoch 56 (val_mae=5.8949)
    57      4.82062      4.8228      16.2826           -    2.07e-04       1.2      0.0       1.2     0.81       
    58      4.81719      4.8160      16.2551      5.8473    1.91e-04       1.2      0.1       1.3     0.81      *
Best model at epoch 58 (val_mae=5.8473)
    59      4.81350      4.8121      16.1553           -    1.76e-04       1.2      0.0       1.2     0.81       
    60      4.77806      4.7759      16.0538      5.8999    1.61e-04       1.2      0.1       1.3     0.81       
    61      4.84393      4.8459      16.0350           -    1.47e-04       1.2      0.0       1.2     0.81       
    62      4.81961      4.8201      16.2134      5.7789    1.34e-04       1.2      0.1       1.3     0.81      *
Best model at epoch 62 (val_mae=5.7789)
    63      4.73389      4.7338      15.9507           -    1.21e-04       1.2      0.0       1.2     0.81       
    64      4.79351      4.7937      16.2483      5.7183    1.08e-04       1.2      0.1       1.3     0.81      *
Best model at epoch 64 (val_mae=5.7183)
    65      4.70626      4.7055      15.8923           -    9.64e-05       1.2      0.0       1.2     0.81       
    66      4.73877      4.7385      15.9198      5.7289    8.52e-05       1.2      0.1       1.3     0.81       
    67      4.70844      4.7099      16.0223           -    7.46e-05       1.2      0.0       1.2     0.81       
    68      4.71615      4.7166      15.9009      5.7397    6.47e-05       1.2      0.1       1.3     0.81       
    69      4.76999      4.7695      15.9289           -    5.54e-05       1.2      0.0       1.2     0.81       
    70      4.68156      4.6833      15.8900      5.7922    4.69e-05       1.2      0.1       1.3     0.81       
    71      4.68297      4.6822      15.8366           -    3.90e-05       1.2      0.0       1.2     0.81       
    72      4.66493      4.6674      15.8390      5.7901    3.19e-05       1.2      0.1       1.3     0.81       
    73      4.67630      4.6771      15.9705           -    2.54e-05       1.2      0.0       1.2     0.81       
    74      4.65589      4.6569      15.7899      5.7003    1.98e-05       1.2      0.1       1.3     0.81      *
Best model at epoch 74 (val_mae=5.7003)
    75      4.65223      4.6505      15.8229           -    1.48e-05       1.2      0.0       1.2     0.81       
    76      4.64654      4.6477      15.8193      5.6970    1.06e-05       1.2      0.1       1.3     0.81      *
Best model at epoch 76 (val_mae=5.6970)
    77      4.64656      4.6482      15.7857           -    7.15e-06       1.2      0.0       1.2     0.81       
    78      4.64399      4.6460      15.7855      5.6829    4.46e-06       1.2      0.1       1.3     0.81      *
Best model at epoch 78 (val_mae=5.6829)
    79      4.64420      4.6438      15.7836           -    2.54e-06       1.2      0.0       1.2     0.81       
    80      4.64322      4.6437      15.7653      5.6841    1.39e-06       1.2      0.1       1.3     0.81       

------------------------------------------------------------------------------------------------
Training finished normally: 2026-09-17 16:40:49
Summary
  completed_epochs: 80
  best_epoch: 78
  best_val_mae: 5.682895
  val_epoch: 2
  validation_count: 40
  final_train_loss: 4.643222
  final_train_mae: 4.643658
  final_val_loss: 5.730334
  final_val_mae: 5.684086
  total_time: 1m 38s
  avg_epoch_time_sec: 1.22
  avg_train_sec_per_step: 0.0368
  avg_val_sec_per_step: 0.0083
  peak_memory_gb: 0.81
  test_loss: 5.418508
  test_mae: 5.621764
  test_rmse: 19.204907
  test_mape: 91174.179000
  test_time_sec: 0.17
  best_checkpoint: n/a
  best_state_source: cpu_memory
  metrics_jsonl: /home/students/HuangMingYu/code/py/my_idea/my_idea/outputs/v24-COE/experiments/core/08fc9d8d37df089e/runs/v24_core_soft_spatiotemporal_block_rate0.4_updates_seed7/BikeNYC/custom/v24_core_soft_spatiotemporal_block_rate0.4_updates_seed7/random/rate0.4/20260917_163911_seed7_bs16/logs/metrics.jsonl
------------------------------------------------------------------------------------------------
