Training started: 2026-09-28 02:11:12
------------------------------------------------------------------------------------------------
Run
  run_dir: /home/students/HuangMingYu/code/py/my_idea/my_idea/outputs/v24-COE/TaxiBJ/custom/v24_coe_partner_focus_partner_mixed9_rate0.4_updates_seed7/random/rate0.4/20260928_021111_seed7_bs16
  command: /home/students/HuangMingYu/code/py/my_idea/my_idea/scripts/train.py -c /home/students/HuangMingYu/code/py/my_idea/my_idea/outputs/v24-COE/experiments/coe_partner_taxibj/coe_partner_taxibj/ba1faa1eba3ebc0c/configs/v24_coe_partner_focus_partner_mixed9_rate0.4_updates_seed7.json --no_plot --name v24_coe_partner_focus_partner_mixed9_rate0.4_updates_seed7 --train_npz /home/students/HuangMingYu/code/py/my_idea/my_idea/data/TaxiBJ/v24_clean_abc_20260917/taxibj_train.npz --val_npz /home/students/HuangMingYu/code/py/my_idea/my_idea/data/TaxiBJ/v24_clean_abc_20260917/taxibj_val.npz --test_npz /home/students/HuangMingYu/code/py/my_idea/my_idea/data/TaxiBJ/v24_clean_abc_20260917/taxibj_test.npz --result-file /home/students/HuangMingYu/code/py/my_idea/my_idea/outputs/v24-COE/experiments/coe_partner_taxibj/coe_partner_taxibj/ba1faa1eba3ebc0c/results/v24_coe_partner_focus_partner_mixed9_rate0.4_updates_seed7.attempt1.json
  git_commit: 2fb0ab1d85fbffece6e4815745758801abc7d976
  git_branch: v24-COE
  git_dirty: True
  config_sha256: 096b159233a2aec5bfca732c4ea2000cd3f3aea8724660dd05e75212ba7eb2e0
  python: 3.9.25
  torch: 2.6.0+cu124
  cuda_runtime: 12.4
  train_npz: /home/students/HuangMingYu/code/py/my_idea/my_idea/data/TaxiBJ/v24_clean_abc_20260917/taxibj_train.npz
  val_npz: /home/students/HuangMingYu/code/py/my_idea/my_idea/data/TaxiBJ/v24_clean_abc_20260917/taxibj_val.npz
  test_npz: /home/students/HuangMingYu/code/py/my_idea/my_idea/data/TaxiBJ/v24_clean_abc_20260917/taxibj_test.npz
  dataset: TaxiBJ
  experiment_type: custom
  variant: v24_coe_partner_focus_partner_mixed9_rate0.4_updates_seed7
  train_samples: 2452
  val_samples: 342
  train_steps_per_epoch: 154
  val_steps_per_epoch: 22
  test_samples: 707
  test_steps: 45
  batch_size: 16
  world_size: 1
  per_device_batch_size: 16
  mask_pattern: random
  mask_rate_config: 0.4
  train_mask: unknown
  val_mask: unknown
  data_shape: (2452, 2, 12, 32, 32)
  device: cuda
  device_name: NVIDIA GeForce RTX 3090
  total_params: 222,100
  trainable_params: 222,100
Config
{
  "seed": 7,
  "output_dir": "/home/students/HuangMingYu/code/py/my_idea/my_idea/outputs/v24-COE",
  "device": "cuda",
  "data": {
    "dataset_name": "TaxiBJ",
    "batch_size": 16,
    "num_workers": 0,
    "pin_memory": true,
    "drop_last": false,
    "mask": {
      "pattern": "random",
      "missing_rate": 0.4
    },
    "synthetic": {
      "num_train": 128,
      "num_val": 32,
      "t": 12,
      "h": 32,
      "w": 32
    },
    "multiscale": false,
    "loader_seed": 7,
    "train_mask_diversity": {
      "families": [
        "random_point",
        "node_outage",
        "temporal_gap",
        "spatial_region",
        "spatiotemporal_block",
        "stripe",
        "moving_region",
        "multi_block",
        "composite"
      ],
      "rates": [
        0.4
      ],
      "seed": 20260917,
      "resample_each_epoch": true
    },
    "eval_mask_diversity": {
      "families": [
        "random_point",
        "node_outage",
        "temporal_gap",
        "spatial_region",
        "spatiotemporal_block",
        "stripe",
        "moving_region",
        "multi_block",
        "composite"
      ],
      "rates": [
        0.4
      ],
      "seed": 20260917,
      "resample_each_epoch": false
    }
  },
  "model": {
    "architecture": "v24_ts_coe",
    "c_in": 2,
    "main": {
      "dim": 64,
      "max_t": 12,
      "h": 32,
      "w": 32,
      "scale_mode": "fine",
      "use_multiscale": false
    },
    "coe": {
      "num_steps": 3,
      "expert_pool": [
        "T",
        "S",
        "TD",
        "SD",
        "TA",
        "ST"
      ],
      "routing_mode": "hard",
      "fixed_path": null,
      "fixed_expert_steps": [
        null,
        null,
        null
      ],
      "router_state": "dynamic",
      "expert_state": "dynamic",
      "use_shared": true,
      "use_routed": true,
      "temperature": 1.0,
      "temporal_kernel": 3,
      "spatial_kernel": 3,
      "temporal_dilation": 2,
      "spatial_dilation": 2,
      "attention_heads": 4,
      "residual_init": 0.1,
      "routing_warmup_epochs": 3,
      "routing_transition_epochs": 3,
      "uniform_mix_start": 0.5,
      "sampling_temperature_start": 2.0,
      "top_k": 2,
      "router_hidden_dim": 64,
      "pair_mode": "partner",
      "acceptance": "none",
      "expert_sharing": "shared",
      "previous_expert_context": false,
      "global_route_weights": false,
      "router_input_noise_std": 0.0,
      "router_input_noise_steps": 0,
      "completion_feedback": true
    },
    "aux": {
      "enabled": false,
      "alpha_init": 0.0
    }
  },
  "loss": {
    "type": "l1",
    "lambda_coe_mid": 0.0,
    "lambda_coe_balance": 0.01,
    "lambda_coe_z": 0.0,
    "balance_importance": "candidate"
  },
  "train": {
    "epochs": 70,
    "val_epoch": 2,
    "lr_main": 0.001,
    "weight_decay": 0.0001,
    "grad_clip_norm": 1.0,
    "amp": true,
    "save_every": 10,
    "scheduler": {
      "type": "cosine",
      "total_epochs": 70,
      "eta_min": 1e-06
    },
    "early_stopping": {
      "enabled": false
    },
    "save_best_checkpoint": true,
    "router_grad_diagnostic_every": 0,
    "full_checkpoint": true,
    "measure_forward_latency": true,
    "oracle_last_step_samples": 48,
    "partner_probe": {
      "interval_batches": 16,
      "weight": 0.1,
      "min_scale": 0.5
    }
  },
  "experiment_plan": {
    "stage": "coe_partner",
    "variant": "focus_partner",
    "protocol": "mixed9_rate0.4",
    "protocol_kind": "generated_diverse",
    "budget_regime": "updates",
    "mask_metadata": null,
    "training_mask_source": "dynamic_diverse",
    "evaluation_mask_source": "diverse_fixed_per_split"
  },
  "experiment_suite_fingerprint": "ba1faa1eba3ebc0c0a26142b03bd409b52da7f6b80c69ea7a061ac0ed8b26444"
}
------------------------------------------------------------------------------------------------
-----------------------------------------------------------------------------------------------------------------
 epoch         loss         mae         rmse     val_mae          lr   train_s    val_s   epoch_s   mem_gb   best
-----------------------------------------------------------------------------------------------------------------
     1    107.50972    107.6466     174.1714           -    1.00e-03      38.6      0.0      38.6     5.50       
     2     80.90230     80.9707     142.4573     65.0651    9.99e-04      38.2      2.7      40.9     5.46      *
Best model at epoch 2 (val_mae=65.0651)
     3     68.73700     68.6101     125.5469           -    9.98e-04      44.0      0.0      44.0     5.47       
     4     62.15632     62.0216     115.0984     52.4658    9.95e-04      41.4      2.6      44.0     5.45      *
Best model at epoch 4 (val_mae=52.4658)
     5     56.08056     56.0371     105.5612           -    9.92e-04      40.9      0.0      40.9     5.41       
     6     52.95181     52.8958      99.3010     45.4494    9.87e-04      40.0      2.6      42.7     5.32      *
Best model at epoch 6 (val_mae=45.4494)
     7     50.23460     50.0650      93.1930           -    9.82e-04      41.2      0.0      41.2     5.33       
     8     48.10128     48.0155      89.4531     41.4457    9.76e-04      42.5      2.7      45.1     5.35      *
Best model at epoch 8 (val_mae=41.4457)
     9     45.45216     45.4818      85.1157           -    9.68e-04      42.4      0.0      42.4     5.32       
    10     44.45879     44.3967      82.4240     39.1241    9.60e-04      41.8      2.6      44.5     5.42      *
Best model at epoch 10 (val_mae=39.1241)
    11     43.14798     43.0705      80.2539           -    9.51e-04      42.1      0.0      42.1     5.33       
    12     41.89568     41.9208      78.2233     38.2456    9.40e-04      42.6      2.7      45.3     5.34      *
Best model at epoch 12 (val_mae=38.2456)
    13     41.76486     41.7042      77.9430           -    9.29e-04      42.7      0.0      42.7     5.32       
    14     40.22917     40.1412      75.1236     37.2294    9.17e-04      42.9      2.6      45.6     5.32      *
Best model at epoch 14 (val_mae=37.2294)
    15     39.98899     39.9733      74.5409           -    9.05e-04      43.0      0.0      43.0     5.33       
    16     39.42721     39.3741      72.9917     36.1934    8.91e-04      42.6      2.6      45.3     5.34      *
Best model at epoch 16 (val_mae=36.1934)
    17     39.43566     39.4702      73.0890           -    8.77e-04      41.8      0.0      41.8     5.33       
    18     38.64930     38.6238      72.1771     34.9272    8.62e-04      43.7      2.7      46.3     5.32      *
Best model at epoch 18 (val_mae=34.9272)
    19     38.00470     38.0148      70.6648           -    8.46e-04      44.4      0.0      44.4     5.36       
    20     37.50286     37.4637      69.4605     34.6579    8.29e-04      46.4      2.7      49.0     5.33      *
Best model at epoch 20 (val_mae=34.6579)
    21     37.51776     37.4769      69.3481           -    8.12e-04      44.9      0.0      44.9     5.32       
    22     36.55557     36.5356      67.5278     34.0094    7.94e-04      46.4      2.7      49.1     5.32      *
Best model at epoch 22 (val_mae=34.0094)
    23     36.19463     36.1885      67.2761           -    7.76e-04      45.6      0.0      45.6     5.32       
    24     37.02592     37.0387      68.0341     34.7526    7.57e-04      45.6      2.6      48.2     5.39       
    25     38.47540     38.5130      70.6762           -    7.37e-04      44.3      0.0      44.3     5.41       
    26     39.11884     39.1095      71.6638     36.5755    7.17e-04      43.7      2.6      46.2     5.43       
    27     39.02439     39.0030      70.9287           -    6.97e-04      43.4      0.0      43.4     5.43       
    28     37.56562     37.6256      68.8242     34.6117    6.76e-04      44.0      2.6      46.6     5.44       
    29     36.51644     36.5361      67.0631           -    6.55e-04      44.2      0.0      44.2     5.41       
    30     36.16838     36.1715      66.1559     35.6300    6.33e-04      43.3      2.6      45.9     5.44       
    31     36.69556     36.6267      66.6818           -    6.12e-04      43.9      0.0      43.9     5.45       
    32     36.43315     36.3077      65.9563     33.6258    5.90e-04      44.3      2.6      46.9     5.43      *
Best model at epoch 32 (val_mae=33.6258)
    33     35.12474     35.1544      64.0317           -    5.68e-04      44.8      0.0      44.8     5.43       
    34     35.12671     35.1410      63.8755     32.5346    5.45e-04      43.8      2.6      46.4     5.41      *
Best model at epoch 34 (val_mae=32.5346)
    35     35.08097     34.9658      63.5921           -    5.23e-04      43.9      0.0      43.9     5.40       
    36     34.40215     34.3945      62.5084     32.0360    5.01e-04      44.7      2.6      47.3     5.40      *
Best model at epoch 36 (val_mae=32.0360)
    37     33.76783     33.7530      61.0098           -    4.78e-04      44.2      0.0      44.2     5.40       
    38     33.58023     33.5007      60.4615     31.2413    4.56e-04      43.9      2.6      46.5     5.37      *
Best model at epoch 38 (val_mae=31.2413)
    39     33.26309     33.1736      59.8539           -    4.33e-04      44.4      0.0      44.4     5.39       
    40     32.20859     32.2264      58.0425     31.6769    4.11e-04      45.3      2.6      47.9     5.38       
    41     32.59429     32.5551      58.3143           -    3.89e-04      45.4      0.0      45.4     5.37       
    42     31.92535     31.9545      57.4546     30.2066    3.68e-04      45.3      2.6      48.0     5.37      *
Best model at epoch 42 (val_mae=30.2066)
    43     31.98530     31.8669      57.1404           -    3.46e-04      45.5      0.0      45.5     5.35       
    44     32.06278     32.0336      57.3583     30.1752    3.25e-04      44.4      2.6      47.0     5.39      *
Best model at epoch 44 (val_mae=30.1752)
    45     31.38339     31.3933      56.1544           -    3.04e-04      44.0      0.0      44.0     5.37       
    46     31.51871     31.5233      56.4589     30.3538    2.84e-04      44.1      2.6      46.7     5.38       
    47     31.36869     31.2467      56.2771           -    2.64e-04      44.2      0.0      44.2     5.36       
    48     31.16823     31.1769      55.9646     29.6839    2.44e-04      44.3      2.6      46.9     5.37      *
Best model at epoch 48 (val_mae=29.6839)
    49     30.97220     30.8997      55.5003           -    2.25e-04      44.6      0.0      44.6     5.38       
    50     31.05949     30.9968      55.7199     29.3327    2.07e-04      44.4      2.6      47.1     5.37      *
Best model at epoch 50 (val_mae=29.3327)
    51     30.83960     30.8331      55.2079           -    1.89e-04      44.4      0.0      44.4     5.38       
    52     30.65624     30.5964      54.6976     29.0138    1.72e-04      45.0      2.6      47.6     5.38      *
Best model at epoch 52 (val_mae=29.0138)
    53     30.34235     30.2822      54.2911           -    1.55e-04      45.0      0.0      45.0     5.38       
    54     30.18773     30.1592      53.9099     28.6707    1.39e-04      45.2      2.6      47.8     5.35      *
Best model at epoch 54 (val_mae=28.6707)
    55     30.10627     30.0205      53.8604           -    1.24e-04      44.9      0.0      44.9     5.40       
    56     29.96402     29.9717      53.7461     28.5804    1.10e-04      44.6      2.6      47.3     5.39      *
Best model at epoch 56 (val_mae=28.5804)
    57     29.85990     29.8086      53.7086           -    9.64e-05      44.7      0.0      44.7     5.39       
    58     29.84859     29.8078      53.6708     28.4609    8.36e-05      44.8      2.6      47.5     5.39      *
Best model at epoch 58 (val_mae=28.4609)
    59     29.55583     29.5062      52.6935           -    7.17e-05      45.1      0.0      45.1     5.34       
    60     29.60905     29.5703      53.0882     28.2586    6.06e-05      45.1      2.6      47.8     5.36      *
Best model at epoch 60 (val_mae=28.2586)
    61     29.74603     29.6466      53.1638           -    5.05e-05      45.1      0.0      45.1     5.34       
    62     29.47344     29.4586      52.8016     28.2624    4.12e-05      45.2      2.6      47.8     5.41       
    63     29.32241     29.2853      52.6651           -    3.29e-05      44.9      0.0      44.9     5.35       
    64     29.53365     29.4626      52.7484     28.1437    2.54e-05      45.1      2.6      47.7     5.39      *
Best model at epoch 64 (val_mae=28.1437)
    65     29.28375     29.2576      52.5283           -    1.90e-05      45.0      0.0      45.0     5.34       
    66     29.32138     29.2780      52.5690     28.0145    1.35e-05      44.9      2.6      47.5     5.34      *
Best model at epoch 66 (val_mae=28.0145)
    67     29.26804     29.2072      52.4592           -    9.03e-06      45.0      0.0      45.0     5.33       
    68     29.11907     29.0982      51.9483     27.9598    5.52e-06      44.9      2.6      47.5     5.40      *
Best model at epoch 68 (val_mae=27.9598)
    69     29.21722     29.1603      52.2912           -    3.01e-06      44.9      0.0      44.9     5.36       
    70     29.41538     29.3553      52.6651     27.9671    1.50e-06      44.9      2.6      47.5     5.36       
Validation-only last-round Oracle: Top-2=32.933874, anchor-best=25.935765, all-best=25.496196

------------------------------------------------------------------------------------------------
Training finished normally: 2026-09-28 03:04:11
Summary
  completed_epochs: 70
  best_epoch: 68
  best_val_mae: 27.959760
  val_epoch: 2
  validation_count: 35
  final_train_loss: 29.415384
  final_train_mae: 29.355311
  final_val_loss: 28.086256
  final_val_mae: 27.967064
  total_time: 52m 59s
  avg_epoch_time_sec: 45.27
  avg_train_sec_per_step: 0.2854
  avg_val_sec_per_step: 0.0598
  peak_memory_gb: 5.50
  test_loss: 26.729991
  test_mae: 26.794727
  test_rmse: 47.894679
  test_mape: 312190.208430
  test_time_sec: 5.41
  best_checkpoint: /home/students/HuangMingYu/code/py/my_idea/my_idea/outputs/v24-COE/TaxiBJ/custom/v24_coe_partner_focus_partner_mixed9_rate0.4_updates_seed7/random/rate0.4/20260928_021111_seed7_bs16/checkpoints/best.pt
  best_state_source: checkpoint
  metrics_jsonl: /home/students/HuangMingYu/code/py/my_idea/my_idea/outputs/v24-COE/TaxiBJ/custom/v24_coe_partner_focus_partner_mixed9_rate0.4_updates_seed7/random/rate0.4/20260928_021111_seed7_bs16/logs/metrics.jsonl
------------------------------------------------------------------------------------------------
