Training started: 2026-09-18 12:36:37
------------------------------------------------------------------------------------------------
Run
  run_dir: /home/students/HuangMingYu/code/py/my_idea/my_idea/outputs/v24-COE/experiments/route20/followup/470ee3e49baa66bb/runs/v24_route20_route20_previous_mixed9_rate0.4_updates_seed7/TaxiBJ/custom/v24_route20_route20_previous_mixed9_rate0.4_updates_seed7/random/rate0.4/20260918_123636_seed7_bs16
  command: /home/students/HuangMingYu/code/py/my_idea/my_idea/scripts/train.py -c /home/students/HuangMingYu/code/py/my_idea/my_idea/outputs/v24-COE/experiments/route20/followup/470ee3e49baa66bb/configs/v24_route20_route20_previous_mixed9_rate0.4_updates_seed7.json --no_plot --name v24_route20_route20_previous_mixed9_rate0.4_updates_seed7 --train_npz /home/students/HuangMingYu/code/py/my_idea/my_idea/data/TaxiBJ/v24_clean_abc_20260917/taxibj_train.npz --val_npz /home/students/HuangMingYu/code/py/my_idea/my_idea/data/TaxiBJ/v24_clean_abc_20260917/taxibj_val.npz --test_npz /home/students/HuangMingYu/code/py/my_idea/my_idea/data/TaxiBJ/v24_clean_abc_20260917/taxibj_test.npz --result-file /home/students/HuangMingYu/code/py/my_idea/my_idea/outputs/v24-COE/experiments/route20/followup/470ee3e49baa66bb/results/v24_route20_route20_previous_mixed9_rate0.4_updates_seed7.attempt1.json
  git_commit: 24e57ee114ceb9e41660b396db0a7dd42a833e3a
  git_branch: v24-COE
  git_dirty: True
  config_sha256: 24b90f83d4d074005fe789f89c4bcfc5e50a17fb793ae1de4f3d547036ee503d
  python: 3.9.25
  torch: 2.6.0+cu124
  cuda_runtime: 12.4
  train_npz: /home/students/HuangMingYu/code/py/my_idea/my_idea/data/TaxiBJ/v24_clean_abc_20260917/taxibj_train.npz
  val_npz: /home/students/HuangMingYu/code/py/my_idea/my_idea/data/TaxiBJ/v24_clean_abc_20260917/taxibj_val.npz
  test_npz: /home/students/HuangMingYu/code/py/my_idea/my_idea/data/TaxiBJ/v24_clean_abc_20260917/taxibj_test.npz
  dataset: TaxiBJ
  experiment_type: custom
  variant: v24_route20_route20_previous_mixed9_rate0.4_updates_seed7
  train_samples: 2452
  val_samples: 342
  train_steps_per_epoch: 154
  val_steps_per_epoch: 22
  test_samples: 707
  test_steps: 45
  batch_size: 16
  mask_pattern: random
  mask_rate_config: 0.4
  train_mask: unknown
  val_mask: unknown
  data_shape: (2452, 2, 12, 32, 32)
  device: cuda
  device_name: NVIDIA GeForce RTX 3090
  total_params: 212,659
  trainable_params: 212,659
Config
{
  "seed": 7,
  "output_dir": "/home/students/HuangMingYu/code/py/my_idea/my_idea/outputs/v24-COE/experiments/route20/followup/470ee3e49baa66bb/runs/v24_route20_route20_previous_mixed9_rate0.4_updates_seed7",
  "device": "cuda",
  "data": {
    "dataset_name": "TaxiBJ",
    "batch_size": 16,
    "num_workers": 0,
    "pin_memory": true,
    "drop_last": false,
    "mask": {
      "pattern": "random",
      "missing_rate": 0.4
    },
    "synthetic": {
      "num_train": 128,
      "num_val": 32,
      "t": 12,
      "h": 32,
      "w": 32
    },
    "multiscale": false,
    "loader_seed": 7,
    "train_mask_diversity": {
      "families": [
        "random_point",
        "node_outage",
        "temporal_gap",
        "spatial_region",
        "spatiotemporal_block",
        "stripe",
        "moving_region",
        "multi_block",
        "composite"
      ],
      "rates": [
        0.4
      ],
      "seed": 20260917,
      "resample_each_epoch": true
    },
    "eval_mask_diversity": {
      "families": [
        "random_point",
        "node_outage",
        "temporal_gap",
        "spatial_region",
        "spatiotemporal_block",
        "stripe",
        "moving_region",
        "multi_block",
        "composite"
      ],
      "rates": [
        0.4
      ],
      "seed": 20260917,
      "resample_each_epoch": false
    }
  },
  "model": {
    "architecture": "v24_ts_coe",
    "c_in": 2,
    "main": {
      "dim": 64,
      "max_t": 12,
      "h": 32,
      "w": 32,
      "scale_mode": "fine",
      "use_multiscale": false
    },
    "coe": {
      "num_steps": 4,
      "routing_mode": "hard",
      "fixed_path": null,
      "router_state": "dynamic",
      "use_shared": true,
      "use_routed": true,
      "temperature": 1.0,
      "temporal_kernel": 3,
      "spatial_kernel": 3,
      "residual_init": 0.1,
      "expert_pool": [
        "T",
        "S",
        "TD",
        "SD",
        "TA",
        "ST"
      ],
      "expert_state": "dynamic",
      "temporal_dilation": 2,
      "spatial_dilation": 2,
      "attention_heads": 4,
      "previous_expert_context": true
    },
    "aux": {
      "enabled": false,
      "alpha_init": 0.0
    }
  },
  "loss": {
    "type": "l1",
    "lambda_coe_mid": 0.0,
    "lambda_coe_balance": 0.01
  },
  "train": {
    "epochs": 20,
    "val_epoch": 2,
    "lr_main": 0.001,
    "weight_decay": 0.0001,
    "grad_clip_norm": 1.0,
    "amp": true,
    "save_every": 10,
    "scheduler": {
      "type": "cosine",
      "eta_min": 1e-06,
      "total_epochs": 20
    },
    "early_stopping": {
      "enabled": false,
      "monitor": "val_mae",
      "patience": 40,
      "mode": "min"
    },
    "save_best_checkpoint": true,
    "router_grad_diagnostic_every": 50
  },
  "experiment_plan": {
    "stage": "route20",
    "variant": "route20_previous",
    "protocol": "mixed9_rate0.4",
    "protocol_kind": "generated_diverse",
    "budget_regime": "updates",
    "mask_metadata": null,
    "training_mask_source": "dynamic_diverse",
    "evaluation_mask_source": "diverse_fixed_per_split"
  },
  "experiment_suite_fingerprint": "470ee3e49baa66bb0dc4c4e57b5551125db3927fbcc12d02465b0dc25ade4fb9"
}
------------------------------------------------------------------------------------------------
-----------------------------------------------------------------------------------------------------------------
 epoch         loss         mae         rmse     val_mae          lr   train_s    val_s   epoch_s   mem_gb   best
-----------------------------------------------------------------------------------------------------------------
     1    107.18947    107.3324     174.1224           -    1.00e-03      94.1      0.0      94.1    12.08       
     2     80.66413     80.7159     141.8027     67.2757    9.94e-04      93.8      2.1      95.9    12.08      *
Best model at epoch 2 (val_mae=67.2757)
     3     70.66077     70.5001     126.4454           -    9.76e-04      93.8      0.0      93.8    12.08       
     4     66.33684     66.1867     118.5392     56.9019    9.46e-04      93.8      2.0      95.8    12.08      *
Best model at epoch 4 (val_mae=56.9019)
     5     60.60394     60.5517     110.9220           -    9.05e-04      93.8      0.0      93.8    12.08       
     6     57.79385     57.7133     105.6998     50.2019    8.54e-04      93.8      2.0      95.8    12.08      *
Best model at epoch 6 (val_mae=50.2019)
     7     55.29890     55.1437     102.4866           -    7.94e-04      93.8      0.0      93.8    12.08       
     8     54.20267     54.0807      99.8387     47.8111    7.27e-04      93.8      2.0      95.8    12.08      *
Best model at epoch 8 (val_mae=47.8111)
     9     52.53325     52.5384      97.4541           -    6.55e-04      93.8      0.0      93.8    12.08       
    10     51.06663     50.9837      94.3972     44.6815    5.79e-04      93.8      2.0      95.8    12.08      *
Best model at epoch 10 (val_mae=44.6815)
    11     49.97806     49.8985      92.5759           -    5.01e-04      93.8      0.0      93.8    12.08       
    12     49.03080     49.0636      91.0579     43.5132    4.22e-04      93.9      2.0      95.9    12.08      *
Best model at epoch 12 (val_mae=43.5132)
    13     48.68700     48.6193      90.0399           -    3.46e-04      93.8      0.0      93.8    12.08       
    14     47.64329     47.5478      88.1578     42.7857    2.74e-04      93.8      2.0      95.8    12.08      *
Best model at epoch 14 (val_mae=42.7857)
    15     46.63634     46.6286      86.7727           -    2.07e-04      93.8      0.0      93.8    12.08       
    16     46.68464     46.6441      86.0722     41.2705    1.47e-04      93.8      2.0      95.8    12.08      *
Best model at epoch 16 (val_mae=41.2705)
    17     46.18384     46.2231      85.6922           -    9.64e-05      93.8      0.0      93.8    12.08       
    18     45.86064     45.8410      85.0970     40.8781    5.54e-05      93.8      2.0      95.8    12.08      *
Best model at epoch 18 (val_mae=40.8781)
    19     45.35638     45.3597      84.2837           -    2.54e-05      93.8      0.0      93.8    12.08       
    20     45.41159     45.3845      84.1077     40.8193    7.15e-06      93.8      2.0      95.8    12.08      *
Best model at epoch 20 (val_mae=40.8193)

------------------------------------------------------------------------------------------------
Training finished normally: 2026-09-18 13:08:18
Summary
  completed_epochs: 20
  best_epoch: 20
  best_val_mae: 40.819335
  val_epoch: 2
  validation_count: 10
  final_train_loss: 45.411590
  final_train_mae: 45.384450
  final_val_loss: 41.139380
  final_val_mae: 40.819335
  total_time: 31m 41s
  avg_epoch_time_sec: 94.82
  avg_train_sec_per_step: 0.6092
  avg_val_sec_per_step: 0.0456
  peak_memory_gb: 12.08
  test_loss: 38.719056
  test_mae: 38.985182
  test_rmse: 71.143583
  test_mape: 555239.941088
  test_time_sec: 4.14
  best_checkpoint: /home/students/HuangMingYu/code/py/my_idea/my_idea/outputs/v24-COE/experiments/route20/followup/470ee3e49baa66bb/runs/v24_route20_route20_previous_mixed9_rate0.4_updates_seed7/TaxiBJ/custom/v24_route20_route20_previous_mixed9_rate0.4_updates_seed7/random/rate0.4/20260918_123636_seed7_bs16/checkpoints/best.pt
  best_state_source: checkpoint
  metrics_jsonl: /home/students/HuangMingYu/code/py/my_idea/my_idea/outputs/v24-COE/experiments/route20/followup/470ee3e49baa66bb/runs/v24_route20_route20_previous_mixed9_rate0.4_updates_seed7/TaxiBJ/custom/v24_route20_route20_previous_mixed9_rate0.4_updates_seed7/random/rate0.4/20260918_123636_seed7_bs16/logs/metrics.jsonl
------------------------------------------------------------------------------------------------
