Training started: 2026-09-30 10:22:55
------------------------------------------------------------------------------------------------
Run
  run_dir: /home/students/HuangMingYu/code/py/my_idea/my_idea/outputs/v24-COE/TaxiBJ/custom/20260930_102254_shared_repeat_seed17/random/rate0.4/20260930_102254_seed17_bs32
  command: /home/students/HuangMingYu/code/py/my_idea/my_idea/outputs/v24-COE/experiments/r_exploration/taxibj/b21d7928e67f4565/source_snapshot/scripts/train.py -c /home/students/HuangMingYu/code/py/my_idea/my_idea/outputs/v24-COE/experiments/r_exploration/taxibj/b21d7928e67f4565/configs/R1.json --name shared_repeat --no_plot --result-file /home/students/HuangMingYu/code/py/my_idea/my_idea/outputs/v24-COE/experiments/r_exploration/taxibj/b21d7928e67f4565/results/R1.attempt1.json --train_npz /home/students/HuangMingYu/code/py/my_idea/my_idea/data/TaxiBJ/v24_clean_abc_20260917/taxibj_train.npz --val_npz /home/students/HuangMingYu/code/py/my_idea/my_idea/data/TaxiBJ/v24_clean_abc_20260917/taxibj_val.npz --test_npz /home/students/HuangMingYu/code/py/my_idea/my_idea/data/TaxiBJ/v24_clean_abc_20260917/taxibj_test.npz
  git_commit: 5fce115c0eeda8a7a294fc455811af98b816dbc1
  git_branch: v24-COE
  git_dirty: True
  config_sha256: c7c236c2507d98b78ab53d1a3b6a861346571e226260fc5e1b8dd73cbe0f2779
  python: 3.9.25
  torch: 2.6.0+cu124
  cuda_runtime: 12.4
  train_npz: /home/students/HuangMingYu/code/py/my_idea/my_idea/data/TaxiBJ/v24_clean_abc_20260917/taxibj_train.npz
  val_npz: /home/students/HuangMingYu/code/py/my_idea/my_idea/data/TaxiBJ/v24_clean_abc_20260917/taxibj_val.npz
  test_npz: /home/students/HuangMingYu/code/py/my_idea/my_idea/data/TaxiBJ/v24_clean_abc_20260917/taxibj_test.npz
  dataset: TaxiBJ
  experiment_type: custom
  variant: shared_repeat
  train_samples: 2452
  val_samples: 342
  train_steps_per_epoch: 77
  val_steps_per_epoch: 11
  test_samples: 707
  test_steps: 23
  batch_size: 32
  world_size: 1
  per_device_batch_size: 32
  mask_pattern: random
  mask_rate_config: 0.4
  train_mask: unknown
  val_mask: unknown
  data_shape: (2452, 2, 12, 32, 32)
  device: cuda
  device_name: NVIDIA GeForce RTX 3090
  total_params: 250,043
  trainable_params: 250,043
Config
{
  "seed": 17,
  "output_dir": "/home/students/HuangMingYu/code/py/my_idea/my_idea/outputs/v24-COE",
  "device": "cuda",
  "data": {
    "dataset_name": "TaxiBJ",
    "batch_size": 32,
    "num_workers": 0,
    "pin_memory": true,
    "drop_last": false,
    "mask": {
      "pattern": "random",
      "missing_rate": 0.4
    },
    "synthetic": {
      "num_train": 128,
      "num_val": 32,
      "t": 12,
      "h": 32,
      "w": 32
    },
    "multiscale": false,
    "loader_seed": 17,
    "train_mask_diversity": {
      "families": [
        "random_point",
        "node_outage",
        "temporal_gap",
        "spatial_region"
      ],
      "rates": [
        0.4
      ],
      "seed": 20260917,
      "resample_each_epoch": true
    },
    "eval_mask_diversity": {
      "families": [
        "random_point",
        "node_outage",
        "temporal_gap",
        "spatial_region"
      ],
      "rates": [
        0.4
      ],
      "seed": 20260917,
      "resample_each_epoch": false
    }
  },
  "model": {
    "architecture": "v24_ts_coe",
    "c_in": 2,
    "main": {
      "dim": 64,
      "max_t": 12,
      "h": 32,
      "w": 32,
      "scale_mode": "fine",
      "use_multiscale": false
    },
    "coe": {
      "num_steps": 4,
      "expert_pool": [
        "T",
        "S",
        "TD",
        "SD",
        "TA",
        "ST",
        "TL",
        "SL"
      ],
      "routing_mode": "hard",
      "fixed_path": null,
      "fixed_expert_steps": [
        null,
        null,
        null,
        null
      ],
      "router_state": "dynamic",
      "expert_state": "dynamic",
      "use_shared": false,
      "use_routed": true,
      "temperature": 1.0,
      "temporal_kernel": 3,
      "spatial_kernel": 3,
      "temporal_dilation": 2,
      "spatial_dilation": 2,
      "attention_heads": 4,
      "residual_init": 0.1,
      "routing_warmup_epochs": 0,
      "routing_transition_epochs": 0,
      "uniform_mix_start": 0.5,
      "sampling_temperature_start": 2.0,
      "top_k": 2,
      "router_hidden_dim": 64,
      "pair_mode": "native",
      "acceptance": "none",
      "expert_sharing": "shared",
      "previous_expert_context": false,
      "global_route_weights": false,
      "router_input_noise_std": 0.0,
      "router_input_noise_steps": 0,
      "completion_feedback": false,
      "repair_acceptance": "none",
      "fusion_mode": "original",
      "partner_fusion": "individual",
      "partner_aux_head_only": false,
      "pair_dense_warmup_steps": 0,
      "state_update_mode": "direct",
      "router_features": "legacy",
      "local_routing": {
        "enabled": false
      }
    },
    "aux": {
      "enabled": false,
      "alpha_init": 0.0
    }
  },
  "loss": {
    "type": "l1",
    "lambda_coe_mid": 0.0,
    "lambda_coe_balance": 0.01,
    "lambda_coe_z": 0.0,
    "balance_importance": "candidate"
  },
  "train": {
    "epochs": 100,
    "val_epoch": 5,
    "lr_main": 0.001,
    "weight_decay": 0.0001,
    "grad_clip_norm": 1.0,
    "amp": true,
    "save_every": 10,
    "scheduler": {
      "type": "cosine",
      "total_epochs": 100,
      "eta_min": 0.0003,
      "reach_min_at_last_epoch": true
    },
    "early_stopping": {
      "enabled": false
    },
    "save_best_checkpoint": true,
    "router_grad_diagnostic_every": 0,
    "full_checkpoint": true,
    "measure_forward_latency": true,
    "oracle_last_step_samples": 0,
    "best_checkpoint_name": "best.pth",
    "save_last_checkpoint": true,
    "optimizer": "AdamW"
  },
  "experiment_plan": {
    "suite": "r_exploration",
    "variant": "R1",
    "base_variant": "N3",
    "protocol": {
      "train_families": [
        "random_point",
        "node_outage",
        "temporal_gap",
        "spatial_region"
      ],
      "rate": 0.4,
      "mask_seed": 20260917,
      "evaluations": {
        "in_distribution": {
          "families": [
            "random_point",
            "node_outage",
            "temporal_gap",
            "spatial_region"
          ],
          "seed": 20260917
        },
        "unseen_combinations": {
          "families": [
            "node_plus_space",
            "time_plus_space",
            "node_plus_time"
          ],
          "seed": 20260918
        },
        "unseen_geometry": {
          "families": [
            "moving_region",
            "multi_block"
          ],
          "seed": 20260919
        },
        "unseen_triple": {
          "families": [
            "node_plus_time_plus_space"
          ],
          "seed": 20260930
        },
        "unseen_combinations_repeat": {
          "families": [
            "node_plus_space",
            "time_plus_space",
            "node_plus_time"
          ],
          "seed": 20261001
        },
        "unseen_geometry_repeat": {
          "families": [
            "moving_region",
            "multi_block"
          ],
          "seed": 20261002
        }
      },
      "checkpoint_selection": "in_distribution_validation_only",
      "note": "Same test windows across sets; masks are fixed and identical across models. New family/combination names never reach the model."
    }
  }
}
------------------------------------------------------------------------------------------------
-----------------------------------------------------------------------------------------------------------------
 epoch         loss         mae         rmse     val_mae          lr   train_s    val_s   epoch_s   mem_gb   best
-----------------------------------------------------------------------------------------------------------------
     1    110.03017    110.0178     176.2995           -    1.00e-03      39.2      0.0      39.2    10.88       
     2     98.66180     98.6554     164.8326           -    1.00e-03      41.9      0.0      41.9    11.01       
     3     83.43186     83.4757     148.8120           -    9.99e-04      39.9      0.0      39.9    11.01       
     4     72.36771     72.3151     136.0862           -    9.98e-04      38.8      0.0      38.8    11.01       
     5     65.46601     65.4719     126.7132     55.4928    9.97e-04      38.5      2.5      41.0    11.01      *
Best model at epoch 5 (val_mae=55.4928)
     6     61.16784     61.1354     120.0653           -    9.96e-04      39.5      0.0      39.5    11.00       
     7     58.39846     58.3902     115.7702           -    9.94e-04      39.0      0.0      39.0    10.99       
     8     54.52858     54.5039     109.4649           -    9.91e-04      38.8      0.0      38.8    11.00       
     9     51.58900     51.5935     104.2559           -    9.89e-04      39.0      0.0      39.0    11.00       
    10     50.31747     50.3209     101.4815     43.3799    9.86e-04      39.0      2.6      41.6    11.01      *
Best model at epoch 10 (val_mae=43.3799)
    11     48.40490     48.3773      98.1696           -    9.83e-04      39.2      0.0      39.2    11.01       
    12     47.20276     47.1464      95.4693           -    9.79e-04      39.1      0.0      39.1    11.00       
    13     45.50519     45.4529      92.1022           -    9.75e-04      40.5      0.0      40.5    10.99       
    14     44.63359     44.5909      90.4456           -    9.71e-04      39.8      0.0      39.8    11.00       
    15     43.08919     43.0508      87.7527     36.8564    9.66e-04      40.7      2.5      43.3    11.01      *
Best model at epoch 15 (val_mae=36.8564)
    16     41.88019     41.9039      85.1223           -    9.61e-04      39.2      0.0      39.2    11.00       
    17     41.25533     41.2209      83.1583           -    9.56e-04      39.5      0.0      39.5    11.00       
    18     40.21102     40.1977      80.4856           -    9.50e-04      39.9      0.0      39.9    10.99       
    19     38.71125     38.6761      77.7915           -    9.44e-04      40.3      0.0      40.3    11.01       
    20     38.56672     38.5620      76.7974     32.5284    9.38e-04      40.1      2.6      42.7    11.00      *
Best model at epoch 20 (val_mae=32.5284)
    21     37.62796     37.5656      75.2532           -    9.32e-04      40.0      0.0      40.0    11.01       
    22     36.39531     36.3832      72.5740           -    9.25e-04      39.3      0.0      39.3    11.00       
    23     34.84611     34.8027      69.6696           -    9.18e-04      40.0      0.0      40.0    11.01       
    24     34.09576     34.0409      67.8483           -    9.11e-04      40.4      0.0      40.4    11.00       
    25     33.14322     33.1183      65.6922     29.2485    9.03e-04      40.1      2.5      42.6    11.00      *
Best model at epoch 25 (val_mae=29.2485)
    26     32.72136     32.6725      64.3484           -    8.96e-04      40.0      0.0      40.0    11.00       
    27     31.30084     31.2937      61.0413           -    8.87e-04      40.3      0.0      40.3    11.00       
    28     30.92931     30.9005      60.1444           -    8.79e-04      40.5      0.0      40.5    11.00       
    29     29.87224     29.8363      57.6528           -    8.71e-04      40.4      0.0      40.4    11.01       
    30     29.64151     29.6183      56.8923     26.3465    8.62e-04      40.1      2.6      42.6    11.00      *
Best model at epoch 30 (val_mae=26.3465)
    31     29.48228     29.4463      56.2634           -    8.53e-04      40.8      0.0      40.8    11.00       
    32     29.08218     29.0745      55.5425           -    8.44e-04      40.8      0.0      40.8    11.00       
    33     29.20435     29.2100      55.3686           -    8.35e-04      40.4      0.0      40.4    11.00       
    34     28.13539     28.1229      53.0356           -    8.25e-04      40.5      0.0      40.5    10.99       
    35     28.41908     28.3955      53.3191     24.9649    8.15e-04      40.8      2.6      43.3    10.99      *
Best model at epoch 35 (val_mae=24.9649)
    36     26.91671     26.9017      50.3658           -    8.05e-04      40.5      0.0      40.5    10.99       
    37     26.82777     26.7816      50.0691           -    7.95e-04      40.4      0.0      40.4    11.00       
    38     27.23224     27.2021      51.1394           -    7.85e-04      40.6      0.0      40.6    10.99       
    39     25.92557     25.8824      47.7104           -    7.75e-04      40.5      0.0      40.5    10.99       
    40     25.80821     25.7843      47.2784     23.5845    7.64e-04      40.1      2.6      42.6    10.99      *
Best model at epoch 40 (val_mae=23.5845)
    41     25.44506     25.4245      46.5671           -    7.54e-04      40.6      0.0      40.6    10.99       
    42     25.39065     25.3213      46.3399           -    7.43e-04      40.4      0.0      40.4    10.99       
    43     25.24803     25.2093      45.9860           -    7.33e-04      40.2      0.0      40.2    10.98       
    44     25.61687     25.6028      46.6342           -    7.22e-04      39.9      0.0      39.9    10.99       
    45     25.10140     25.0836      45.4443     23.0969    7.11e-04      40.1      2.6      42.7    10.98      *
Best model at epoch 45 (val_mae=23.0969)
    46     24.44967     24.4364      44.0912           -    7.00e-04      40.1      0.0      40.1    10.99       
    47     24.31513     24.2877      43.7772           -    6.89e-04      40.2      0.0      40.2    10.99       
    48     23.97425     23.9336      42.8880           -    6.78e-04      40.3      0.0      40.3    10.99       
    49     23.92648     23.8778      42.8135           -    6.67e-04      39.8      0.0      39.8    10.98       
    50     23.72333     23.7066      42.4231     22.0837    6.56e-04      40.1      2.6      42.7    10.98      *
Best model at epoch 50 (val_mae=22.0837)
    51     23.78884     23.7417      42.3791           -    6.44e-04      40.3      0.0      40.3    10.98       
    52     23.06039     23.0213      41.0909           -    6.33e-04      40.1      0.0      40.1    10.99       
    53     22.95031     22.9290      40.7274           -    6.22e-04      40.4      0.0      40.4    10.99       
    54     22.44988     22.4230      39.9466           -    6.11e-04      39.9      0.0      39.9    10.98       
    55     25.04836     25.0358      44.9692     21.8151    6.00e-04      40.1      2.6      42.7    10.98      *
Best model at epoch 55 (val_mae=21.8151)
    56     22.73049     22.6989      40.3641           -    5.89e-04      40.0      0.0      40.0    10.99       
    57     22.18582     22.1497      39.1868           -    5.78e-04      40.4      0.0      40.4    10.98       
    58     21.98970     21.9601      38.8666           -    5.67e-04      39.9      0.0      39.9    10.97       
    59     22.18435     22.1624      39.0635           -    5.57e-04      39.9      0.0      39.9    10.98       
    60     21.95956     21.9374      38.5300     20.5275    5.46e-04      40.3      2.6      42.9    10.97      *
Best model at epoch 60 (val_mae=20.5275)
    61     21.77983     21.7512      38.2950           -    5.36e-04      40.2      0.0      40.2    10.97       
    62     21.80068     21.7547      38.6153           -    5.25e-04      40.0      0.0      40.0    10.97       
    63     22.82753     22.7961      41.4918           -    5.15e-04      40.0      0.0      40.0    10.98       
    64     21.40906     21.3938      37.6287           -    5.05e-04      40.2      0.0      40.2    10.98       
    65     21.85510     21.8374      38.3287     19.7870    4.95e-04      39.8      2.6      42.3    10.98      *
Best model at epoch 65 (val_mae=19.7870)
    66     21.15341     21.1353      36.9287           -    4.85e-04      40.1      0.0      40.1    10.98       
    67     21.21420     21.1944      37.2633           -    4.75e-04      40.2      0.0      40.2    10.97       
    68     21.11446     21.0910      36.8720           -    4.65e-04      40.5      0.0      40.5    10.97       
    69     20.80244     20.7614      36.2512           -    4.56e-04      40.5      0.0      40.5    10.97       
    70     20.94767     20.9145      36.6844     19.9217    4.47e-04      40.5      2.6      43.1    10.97       
    71     20.86334     20.8154      36.4298           -    4.38e-04      40.6      0.0      40.6    10.97       
    72     20.86392     20.8241      36.4996           -    4.29e-04      41.3      0.0      41.3    10.97       
    73     20.43487     20.3828      35.5260           -    4.21e-04      41.4      0.0      41.4    10.96       
    74     20.20268     20.1895      35.1456           -    4.13e-04      41.5      0.0      41.5    10.96       
    75     20.22879     20.2112      35.2357     19.2802    4.04e-04      41.2      2.6      43.8    10.98      *
Best model at epoch 75 (val_mae=19.2802)
    76     19.98542     19.9713      34.9162           -    3.97e-04      40.7      0.0      40.7    10.96       
    77     20.20111     20.1913      35.0471           -    3.89e-04      40.5      0.0      40.5    10.96       
    78     20.35722     20.3340      35.5198           -    3.82e-04      40.4      0.0      40.4    10.96       
    79     19.91847     19.9014      34.6383           -    3.75e-04      40.4      0.0      40.4    10.96       
    80     19.86453     19.8268      34.4830     19.1041    3.68e-04      40.5      2.6      43.1    10.96      *
Best model at epoch 80 (val_mae=19.1041)
    81     19.74558     19.7167      34.2925           -    3.62e-04      40.3      0.0      40.3    10.97       
    82     19.56453     19.5367      33.8534           -    3.56e-04      40.4      0.0      40.4    10.96       
    83     19.57996     19.5564      34.1091           -    3.50e-04      40.5      0.0      40.5    10.97       
    84     19.71586     19.7001      34.2208           -    3.44e-04      40.4      0.0      40.4    10.96       
    85     19.50322     19.4873      33.8708     18.6101    3.39e-04      40.6      2.6      43.2    10.95      *
Best model at epoch 85 (val_mae=18.6101)
    86     19.29654     19.2698      33.4183           -    3.34e-04      40.5      0.0      40.5    10.95       
    87     19.81811     19.7995      34.5217           -    3.29e-04      40.7      0.0      40.7    10.96       
    88     19.17011     19.1402      33.1993           -    3.25e-04      40.6      0.0      40.6    10.96       
    89     19.22452     19.1956      33.3494           -    3.21e-04      41.0      0.0      41.0    10.96       
    90     19.08020     19.0474      33.0505     18.6727    3.17e-04      40.6      2.6      43.2    10.96       
    91     18.93824     18.9293      32.8359           -    3.14e-04      41.3      0.0      41.3    10.95       
    92     19.26182     19.2430      33.2738           -    3.11e-04      42.4      0.0      42.4    10.95       
    93     19.20049     19.1654      33.3485           -    3.09e-04      42.1      0.0      42.1    10.95       
    94     18.96210     18.9243      32.8570           -    3.06e-04      41.7      0.0      41.7    10.96       
    95     18.77386     18.7576      32.4321     18.1260    3.04e-04      41.3      2.6      43.9    10.95      *
Best model at epoch 95 (val_mae=18.1260)
    96     18.91137     18.8959      32.6637           -    3.03e-04      41.3      0.0      41.3    10.95       
    97     18.97867     18.9613      32.7395           -    3.02e-04      41.6      0.0      41.6    10.94       
    98     18.88822     18.8692      32.7216           -    3.01e-04      41.5      0.0      41.5    10.95       
    99     18.67822     18.6465      32.3337           -    3.00e-04      41.6      0.0      41.6    10.96       
   100     18.71327     18.6736      32.3661     18.2931    3.00e-04      41.5      2.6      44.1    10.95       

------------------------------------------------------------------------------------------------
Training finished normally: 2026-09-30 11:31:05
Summary
  completed_epochs: 100
  best_epoch: 95
  best_val_mae: 18.126004
  val_epoch: 5
  validation_count: 20
  final_train_loss: 18.713266
  final_train_mae: 18.673599
  final_val_loss: 18.338131
  final_val_mae: 18.293117
  total_time: 1h 8m 11s
  avg_epoch_time_sec: 40.85
  avg_train_sec_per_step: 0.5238
  avg_val_sec_per_step: 0.0467
  peak_memory_gb: 11.01
  test_loss: 17.260870
  test_mae: 17.306156
  test_rmse: 30.378027
  test_mape: 142307.898756
  test_time_sec: 5.37
  best_checkpoint: /home/students/HuangMingYu/code/py/my_idea/my_idea/outputs/v24-COE/TaxiBJ/custom/20260930_102254_shared_repeat_seed17/random/rate0.4/20260930_102254_seed17_bs32/checkpoints/best.pth
  last_checkpoint: /home/students/HuangMingYu/code/py/my_idea/my_idea/outputs/v24-COE/TaxiBJ/custom/20260930_102254_shared_repeat_seed17/random/rate0.4/20260930_102254_seed17_bs32/checkpoints/last.pth
  best_state_source: checkpoint
  metrics_jsonl: /home/students/HuangMingYu/code/py/my_idea/my_idea/outputs/v24-COE/TaxiBJ/custom/20260930_102254_shared_repeat_seed17/random/rate0.4/20260930_102254_seed17_bs32/logs/metrics.jsonl
------------------------------------------------------------------------------------------------
