Training started: 2026-09-17 14:49:36
------------------------------------------------------------------------------------------------
Run
  run_dir: /home/students/HuangMingYu/code/py/my_idea/my_idea/outputs/v24-COE/section13/bikenyc_pilot_s7_e80/runs/BikeNYC/custom/v24_pilot_full_node_contiguous_rate0.4_updates_seed7/random/rate0.4/20260917_144935_seed7_bs16
  command: /home/students/HuangMingYu/code/py/my_idea/my_idea/scripts/train.py -c /home/students/HuangMingYu/code/py/my_idea/my_idea/outputs/v24-COE/section13/bikenyc_pilot_s7_e80/configs/v24_pilot_full_node_contiguous_rate0.4_updates_seed7.json --no_plot -n v24_pilot_full_node_contiguous_rate0.4_updates_seed7 --train_npz /home/students/HuangMingYu/code/py/my_idea/my_idea/data/BikeNYC/bikenyc_train.npz --val_npz /home/students/HuangMingYu/code/py/my_idea/my_idea/data/BikeNYC/bikenyc_val.npz --test_npz /home/students/HuangMingYu/code/py/my_idea/my_idea/data/BikeNYC/bikenyc_test.npz
  git_commit: 1f348d420b22878eff7be96a61567a5be410fd0e
  git_branch: v24-COE
  git_dirty: True
  config_sha256: c6d8f5c347a10c0fb1639e9dc516f84f2274a6a0d4c04b85fd409a22f0d84bb7
  python: 3.11.15
  torch: 2.6.0+cu124
  cuda_runtime: 12.4
  train_npz: /home/students/HuangMingYu/code/py/my_idea/my_idea/data/BikeNYC/bikenyc_train.npz
  val_npz: /home/students/HuangMingYu/code/py/my_idea/my_idea/data/BikeNYC/bikenyc_val.npz
  test_npz: /home/students/HuangMingYu/code/py/my_idea/my_idea/data/BikeNYC/bikenyc_test.npz
  dataset: BikeNYC
  experiment_type: custom
  variant: v24_pilot_full_node_contiguous_rate0.4_updates_seed7
  train_samples: 511
  val_samples: 73
  train_steps_per_epoch: 32
  val_steps_per_epoch: 5
  test_samples: 147
  test_steps: 10
  batch_size: 16
  mask_pattern: random
  mask_rate_config: 0.4
  train_mask: shape=(511, 1, 12, 24, 12), observed_rate=0.6001, missing_rate=0.3999
  val_mask: shape=(73, 1, 12, 24, 12), observed_rate=0.6001, missing_rate=0.3999
  data_shape: (511, 2, 12, 24, 12)
  device: cuda
  device_name: NVIDIA GeForce RTX 3090
  total_params: 91,571
  trainable_params: 91,571
Config
{
  "seed": 7,
  "output_dir": "/home/students/HuangMingYu/code/py/my_idea/my_idea/outputs/v24-COE/section13/bikenyc_pilot_s7_e80/runs",
  "device": "auto",
  "data": {
    "dataset_name": "BikeNYC",
    "batch_size": 16,
    "num_workers": 0,
    "pin_memory": true,
    "drop_last": false,
    "mask": {
      "pattern": "random",
      "missing_rate": 0.4,
      "train_csv": "/home/students/HuangMingYu/code/py/my_idea/my_idea/outputs/v24-COE/section13/bikenyc_masks_seed2026/node_contiguous/0.4/train.csv",
      "val_csv": "/home/students/HuangMingYu/code/py/my_idea/my_idea/outputs/v24-COE/section13/bikenyc_masks_seed2026/node_contiguous/0.4/val.csv",
      "test_csv": "/home/students/HuangMingYu/code/py/my_idea/my_idea/outputs/v24-COE/section13/bikenyc_masks_seed2026/node_contiguous/0.4/test.csv"
    },
    "synthetic": {
      "num_train": 128,
      "num_val": 32,
      "t": 12,
      "h": 24,
      "w": 12
    },
    "multiscale": false
  },
  "model": {
    "architecture": "v24_ts_coe",
    "c_in": 2,
    "main": {
      "dim": 64,
      "max_t": 12,
      "h": 24,
      "w": 12,
      "scale_mode": "fine",
      "use_multiscale": false
    },
    "coe": {
      "num_steps": 2,
      "routing_mode": "hard",
      "fixed_path": null,
      "router_state": "dynamic",
      "use_shared": true,
      "use_routed": true,
      "temperature": 1.0,
      "temporal_kernel": 3,
      "spatial_kernel": 3,
      "residual_init": 0.1,
      "expert_pool": [
        "T",
        "S"
      ],
      "expert_state": "dynamic"
    },
    "aux": {
      "enabled": false,
      "alpha_init": 0.0
    }
  },
  "loss": {
    "type": "l1",
    "lambda_coe_mid": 0,
    "lambda_coe_balance": 0
  },
  "train": {
    "epochs": 80,
    "val_epoch": 1,
    "lr_main": 0.001,
    "weight_decay": 0.0001,
    "grad_clip_norm": 1.0,
    "amp": true,
    "save_every": 10,
    "scheduler": {
      "type": "cosine",
      "eta_min": 1e-06
    },
    "early_stopping": {
      "enabled": false,
      "monitor": "val_mae",
      "patience": 15,
      "mode": "min"
    }
  },
  "experiment_plan": {
    "stage": "pilot",
    "variant": "full",
    "protocol": "node_contiguous_rate0.4",
    "protocol_kind": "structured_csv",
    "budget_regime": "updates",
    "mask_metadata": "/home/students/HuangMingYu/code/py/my_idea/my_idea/outputs/v24-COE/section13/bikenyc_masks_seed2026/node_contiguous/0.4/metadata.json"
  }
}
------------------------------------------------------------------------------------------------
-----------------------------------------------------------------------------------------------------------------
 epoch         loss         mae         rmse     val_mae          lr   train_s    val_s   epoch_s   mem_gb   best
-----------------------------------------------------------------------------------------------------------------
     1      8.82018      8.8168      28.3595     10.1786    1.00e-03       1.7      0.1       1.8     0.81      *
Best model at epoch 1 (val_mae=10.1786)
     2      8.22172      8.2228      27.4725      9.4353    1.00e-03       1.2      0.1       1.2     0.81      *
Best model at epoch 2 (val_mae=9.4353)
     3      7.55136      7.5537      26.2313      8.7419    9.98e-04       1.2      0.1       1.3     0.81      *
Best model at epoch 3 (val_mae=8.7419)
     4      6.93383      6.9338      24.7844      8.0417    9.97e-04       1.2      0.1       1.2     0.81      *
Best model at epoch 4 (val_mae=8.0417)
     5      6.34575      6.3468      23.2147      7.4419    9.94e-04       1.2      0.1       1.2     0.81      *
Best model at epoch 5 (val_mae=7.4419)

------------------------------------------------------------------------------------------------
Training interrupted: 2026-09-17 14:49:43
Summary
  completed_epochs: 5
  best_epoch: 5
  best_val_mae: 7.441929
  val_epoch: 1
  validation_count: 5
  final_train_loss: 6.345749
  final_train_mae: 6.346845
  final_val_loss: 7.519518
  final_val_mae: 7.441929
  total_time: 7.3s
  avg_epoch_time_sec: 1.35
  avg_train_sec_per_step: 0.0401
  avg_val_sec_per_step: 0.0142
  peak_memory_gb: 0.81
  test_loss: n/a
  test_mae: n/a
  test_rmse: n/a
  test_mape: n/a
  test_time_sec: 0.00
  best_checkpoint: /home/students/HuangMingYu/code/py/my_idea/my_idea/outputs/v24-COE/section13/bikenyc_pilot_s7_e80/runs/BikeNYC/custom/v24_pilot_full_node_contiguous_rate0.4_updates_seed7/random/rate0.4/20260917_144935_seed7_bs16/checkpoints/best.pt
  metrics_jsonl: /home/students/HuangMingYu/code/py/my_idea/my_idea/outputs/v24-COE/section13/bikenyc_pilot_s7_e80/runs/BikeNYC/custom/v24_pilot_full_node_contiguous_rate0.4_updates_seed7/random/rate0.4/20260917_144935_seed7_bs16/logs/metrics.jsonl
------------------------------------------------------------------------------------------------
