Training started: 2026-09-17 15:39:33
------------------------------------------------------------------------------------------------
Run
  run_dir: /home/students/HuangMingYu/code/py/my_idea/my_idea/outputs/v24-COE/experiments/pilot/e37fc3dde8d88aa3/runs/v24_pilot_parallel_node_contiguous_rate0.4_updates_seed7/BikeNYC/custom/v24_pilot_parallel_node_contiguous_rate0.4_updates_seed7/random/rate0.4/20260917_153932_seed7_bs16
  command: /home/students/HuangMingYu/code/py/my_idea/my_idea/scripts/train.py -c /home/students/HuangMingYu/code/py/my_idea/my_idea/outputs/v24-COE/experiments/pilot/e37fc3dde8d88aa3/configs/v24_pilot_parallel_node_contiguous_rate0.4_updates_seed7.json --no_plot --name v24_pilot_parallel_node_contiguous_rate0.4_updates_seed7 --train_npz /home/students/HuangMingYu/code/py/my_idea/my_idea/data/BikeNYC/bikenyc_train.npz --val_npz /home/students/HuangMingYu/code/py/my_idea/my_idea/data/BikeNYC/bikenyc_val.npz --test_npz /home/students/HuangMingYu/code/py/my_idea/my_idea/data/BikeNYC/bikenyc_test.npz --result-file /home/students/HuangMingYu/code/py/my_idea/my_idea/outputs/v24-COE/experiments/pilot/e37fc3dde8d88aa3/results/v24_pilot_parallel_node_contiguous_rate0.4_updates_seed7.attempt1.json
  git_commit: 1f348d420b22878eff7be96a61567a5be410fd0e
  git_branch: v24-COE
  git_dirty: True
  config_sha256: 9e9102b54b1c511dc8e74e8c63ab0d51ad50c81b9c8f1845cd6f599a94912beb
  python: 3.9.25
  torch: 2.6.0+cu124
  cuda_runtime: 12.4
  train_npz: /home/students/HuangMingYu/code/py/my_idea/my_idea/data/BikeNYC/bikenyc_train.npz
  val_npz: /home/students/HuangMingYu/code/py/my_idea/my_idea/data/BikeNYC/bikenyc_val.npz
  test_npz: /home/students/HuangMingYu/code/py/my_idea/my_idea/data/BikeNYC/bikenyc_test.npz
  dataset: BikeNYC
  experiment_type: custom
  variant: v24_pilot_parallel_node_contiguous_rate0.4_updates_seed7
  train_samples: 511
  val_samples: 73
  train_steps_per_epoch: 32
  val_steps_per_epoch: 5
  test_samples: 147
  test_steps: 10
  batch_size: 16
  mask_pattern: random
  mask_rate_config: 0.4
  train_mask: shape=(511, 1, 12, 24, 12), observed_rate=0.6001, missing_rate=0.3999
  val_mask: shape=(73, 1, 12, 24, 12), observed_rate=0.6001, missing_rate=0.3999
  data_shape: (511, 2, 12, 24, 12)
  device: cuda
  device_name: NVIDIA GeForce RTX 3090
  total_params: 76,987
  trainable_params: 76,987
Config
{
  "seed": 7,
  "output_dir": "/home/students/HuangMingYu/code/py/my_idea/my_idea/outputs/v24-COE/experiments/pilot/e37fc3dde8d88aa3/runs/v24_pilot_parallel_node_contiguous_rate0.4_updates_seed7",
  "device": "auto",
  "data": {
    "dataset_name": "BikeNYC",
    "batch_size": 16,
    "num_workers": 0,
    "pin_memory": true,
    "drop_last": false,
    "mask": {
      "pattern": "random",
      "missing_rate": 0.4,
      "train_csv": "/home/students/HuangMingYu/code/py/my_idea/my_idea/outputs/v24-COE/section13/bikenyc_masks_seed2026/node_contiguous/0.4/train.csv",
      "val_csv": "/home/students/HuangMingYu/code/py/my_idea/my_idea/outputs/v24-COE/section13/bikenyc_masks_seed2026/node_contiguous/0.4/val.csv",
      "test_csv": "/home/students/HuangMingYu/code/py/my_idea/my_idea/outputs/v24-COE/section13/bikenyc_masks_seed2026/node_contiguous/0.4/test.csv"
    },
    "synthetic": {
      "num_train": 128,
      "num_val": 32,
      "t": 12,
      "h": 24,
      "w": 12
    },
    "multiscale": false
  },
  "model": {
    "architecture": "v24_ts_coe",
    "c_in": 2,
    "main": {
      "dim": 64,
      "max_t": 12,
      "h": 24,
      "w": 12,
      "scale_mode": "fine",
      "use_multiscale": false
    },
    "coe": {
      "num_steps": 1,
      "routing_mode": "parallel",
      "fixed_path": null,
      "router_state": "initial",
      "use_shared": true,
      "use_routed": true,
      "temperature": 1.0,
      "temporal_kernel": 3,
      "spatial_kernel": 3,
      "residual_init": 0.1,
      "expert_pool": [
        "T",
        "S"
      ],
      "expert_state": "initial"
    },
    "aux": {
      "enabled": false,
      "alpha_init": 0.0
    }
  },
  "loss": {
    "type": "l1",
    "lambda_coe_mid": 0,
    "lambda_coe_balance": 0
  },
  "train": {
    "epochs": 80,
    "val_epoch": 2,
    "lr_main": 0.001,
    "weight_decay": 0.0001,
    "grad_clip_norm": 1.0,
    "amp": true,
    "save_every": 10,
    "scheduler": {
      "type": "cosine",
      "eta_min": 1e-06
    },
    "early_stopping": {
      "enabled": false,
      "monitor": "val_mae",
      "patience": 15,
      "mode": "min"
    },
    "save_best_checkpoint": false
  },
  "experiment_plan": {
    "stage": "pilot",
    "variant": "parallel",
    "protocol": "node_contiguous_rate0.4",
    "protocol_kind": "structured_csv",
    "budget_regime": "updates",
    "mask_metadata": "/home/students/HuangMingYu/code/py/my_idea/my_idea/outputs/v24-COE/section13/bikenyc_masks_seed2026/node_contiguous/0.4/metadata.json"
  },
  "experiment_suite_fingerprint": "e37fc3dde8d88aa34dc5fbab744c9673882d46b1b09e4f73d2cdb6c42a1de57f"
}
------------------------------------------------------------------------------------------------
-----------------------------------------------------------------------------------------------------------------
 epoch         loss         mae         rmse     val_mae          lr   train_s    val_s   epoch_s   mem_gb   best
-----------------------------------------------------------------------------------------------------------------
     1      8.83909      8.8444      28.3992           -    1.00e-03       1.1      0.0       1.1     0.48       
     2      8.27662      8.2779      27.5452      9.4533    1.00e-03       0.7      0.1       0.8     0.48      *
Best model at epoch 2 (val_mae=9.4533)
     3      7.56353      7.5624      26.2142           -    9.98e-04       0.7      0.0       0.7     0.48       
     4      6.94350      6.9446      24.7587      8.0827    9.97e-04       0.7      0.0       0.7     0.48      *
Best model at epoch 4 (val_mae=8.0827)
     5      6.40425      6.4057      23.3530           -    9.94e-04       0.7      0.0       0.7     0.48       
     6      5.95510      5.9530      22.0353      7.0895    9.90e-04       0.7      0.0       0.7     0.48      *
Best model at epoch 6 (val_mae=7.0895)
     7      5.62277      5.6238      20.9881           -    9.86e-04       0.7      0.0       0.7     0.48       
     8      5.37410      5.3732      20.1463      6.5571    9.81e-04       0.7      0.0       0.7     0.48      *
Best model at epoch 8 (val_mae=6.5571)
     9      5.18056      5.1807      19.4632           -    9.76e-04       0.7      0.0       0.7     0.48       
    10      4.97594      4.9760      18.7783      6.0917    9.69e-04       0.7      0.0       0.7     0.48      *
Best model at epoch 10 (val_mae=6.0917)
    11      4.83096      4.8303      18.1480           -    9.62e-04       0.7      0.0       0.7     0.48       
    12      4.66533      4.6646      17.5886      5.7130    9.54e-04       0.7      0.0       0.7     0.48      *
Best model at epoch 12 (val_mae=5.7130)
    13      4.54662      4.5458      17.0223           -    9.46e-04       0.7      0.0       0.7     0.48       
    14      4.41726      4.4148      16.5265      5.4225    9.36e-04       0.7      0.0       0.7     0.48      *
Best model at epoch 14 (val_mae=5.4225)
    15      4.36600      4.3641      16.1967           -    9.26e-04       0.7      0.0       0.7     0.48       
    16      4.24520      4.2459      15.7817      5.1479    9.16e-04       0.7      0.0       0.7     0.48      *
Best model at epoch 16 (val_mae=5.1479)
    17      4.13706      4.1361      15.4345           -    9.05e-04       0.7      0.0       0.7     0.48       
    18      4.08058      4.0789      15.1695      5.0377    8.93e-04       0.7      0.0       0.7     0.48      *
Best model at epoch 18 (val_mae=5.0377)
    19      4.00017      3.9988      14.8750           -    8.80e-04       0.7      0.0       0.7     0.48       
    20      3.91583      3.9175      14.5300      4.8218    8.67e-04       0.7      0.0       0.7     0.48      *
Best model at epoch 20 (val_mae=4.8218)
    21      3.91005      3.9118      14.3757           -    8.54e-04       0.7      0.0       0.7     0.48       
    22      3.87982      3.8808      14.2294      4.8229    8.40e-04       0.7      0.0       0.7     0.48       
    23      3.79222      3.7929      13.9493           -    8.25e-04       0.7      0.0       0.7     0.48       
    24      3.76836      3.7688      13.7284      4.6075    8.10e-04       0.7      0.0       0.7     0.48      *
Best model at epoch 24 (val_mae=4.6075)
    25      3.76638      3.7660      13.6393           -    7.94e-04       0.7      0.0       0.7     0.48       
    26      3.63817      3.6389      13.3016      4.4853    7.78e-04       0.7      0.0       0.7     0.48      *
Best model at epoch 26 (val_mae=4.4853)
    27      3.61134      3.6114      13.1380           -    7.61e-04       0.7      0.0       0.7     0.48       
    28      3.57313      3.5742      12.9655      4.3855    7.45e-04       0.7      0.0       0.7     0.48      *
Best model at epoch 28 (val_mae=4.3855)
    29      3.55436      3.5548      12.7869           -    7.27e-04       0.7      0.0       0.7     0.48       
    30      3.54750      3.5474      12.6929      4.5031    7.10e-04       0.7      0.0       0.7     0.48       
    31      3.57820      3.5781      12.7886           -    6.92e-04       0.7      0.0       0.7     0.48       
    32      3.51778      3.5178      12.4846      4.3235    6.73e-04       0.7      0.0       0.7     0.48      *
Best model at epoch 32 (val_mae=4.3235)
    33      3.48737      3.4877      12.4981           -    6.55e-04       0.7      0.0       0.7     0.48       
    34      3.45424      3.4534      12.3793      4.2754    6.36e-04       0.7      0.0       0.7     0.48      *
Best model at epoch 34 (val_mae=4.2754)
    35      3.42988      3.4301      12.2013           -    6.17e-04       0.7      0.0       0.7     0.48       
    36      3.39667      3.3959      12.0833      4.2053    5.98e-04       0.7      0.0       0.7     0.48      *
Best model at epoch 36 (val_mae=4.2053)
    37      3.41551      3.4157      12.0673           -    5.79e-04       0.7      0.0       0.7     0.48       
    38      3.34199      3.3442      11.8942      4.1133    5.59e-04       0.7      0.0       0.7     0.48      *
Best model at epoch 38 (val_mae=4.1133)
    39      3.34351      3.3437      11.8406           -    5.40e-04       0.7      0.0       0.7     0.48       
    40      3.32928      3.3273      11.7972      4.2002    5.20e-04       0.7      0.0       0.7     0.48       
    41      3.36091      3.3611      11.7816           -    5.01e-04       0.7      0.0       0.7     0.48       
    42      3.28936      3.2889      11.6630      4.0770    4.81e-04       0.7      0.0       0.7     0.48      *
Best model at epoch 42 (val_mae=4.0770)
    43      3.26789      3.2681      11.5607           -    4.61e-04       0.7      0.0       0.7     0.48       
    44      3.26333      3.2618      11.4879      4.0724    4.42e-04       0.7      0.0       0.7     0.48      *
Best model at epoch 44 (val_mae=4.0724)
    45      3.26442      3.2651      11.4774           -    4.22e-04       0.7      0.0       0.7     0.48       
    46      3.23600      3.2349      11.3925      4.0031    4.03e-04       0.7      0.0       0.7     0.48      *
Best model at epoch 46 (val_mae=4.0031)
    47      3.21139      3.2107      11.3201           -    3.84e-04       0.7      0.0       0.7     0.48       
    48      3.20431      3.2035      11.3006      3.9622    3.65e-04       0.7      0.0       0.7     0.48      *
Best model at epoch 48 (val_mae=3.9622)
    49      3.21456      3.2148      11.2649           -    3.46e-04       0.7      0.0       0.7     0.48       
    50      3.17918      3.1782      11.2222      3.9470    3.28e-04       0.7      0.0       0.7     0.48      *
Best model at epoch 50 (val_mae=3.9470)
    51      3.19785      3.1988      11.2238           -    3.09e-04       0.7      0.0       0.7     0.48       
    52      3.17538      3.1755      11.1384      3.9392    2.91e-04       0.7      0.0       0.7     0.48      *
Best model at epoch 52 (val_mae=3.9392)
    53      3.15807      3.1574      11.1022           -    2.74e-04       0.7      0.0       0.7     0.48       
    54      3.15500      3.1549      11.0914      3.9104    2.56e-04       0.7      0.0       0.7     0.48      *
Best model at epoch 54 (val_mae=3.9104)
    55      3.15308      3.1533      11.0090           -    2.40e-04       0.7      0.0       0.7     0.48       
    56      3.13220      3.1320      10.9855      3.8749    2.23e-04       0.7      0.0       0.7     0.48      *
Best model at epoch 56 (val_mae=3.8749)
    57      3.12660      3.1271      10.9522           -    2.07e-04       0.7      0.0       0.7     0.48       
    58      3.11815      3.1182      10.9203      3.8635    1.91e-04       0.7      0.0       0.7     0.48      *
Best model at epoch 58 (val_mae=3.8635)
    59      3.11813      3.1192      10.9238           -    1.76e-04       0.7      0.0       0.7     0.48       
    60      3.11782      3.1183      10.9306      3.8501    1.61e-04       0.7      0.0       0.7     0.48      *
Best model at epoch 60 (val_mae=3.8501)
    61      3.10875      3.1078      10.9029           -    1.47e-04       0.7      0.0       0.7     0.48       
    62      3.10859      3.1079      10.8213      3.8447    1.34e-04       0.7      0.0       0.7     0.48      *
Best model at epoch 62 (val_mae=3.8447)
    63      3.08985      3.0896      10.8170           -    1.21e-04       0.7      0.0       0.7     0.48       
    64      3.08608      3.0870      10.8113      3.8294    1.08e-04       0.7      0.0       0.7     0.48      *
Best model at epoch 64 (val_mae=3.8294)
    65      3.08143      3.0826      10.7994           -    9.64e-05       0.7      0.0       0.7     0.48       
    66      3.07720      3.0761      10.7757      3.8278    8.52e-05       0.7      0.0       0.7     0.48      *
Best model at epoch 66 (val_mae=3.8278)
    67      3.07802      3.0772      10.7732           -    7.46e-05       0.7      0.0       0.7     0.48       
    68      3.07231      3.0715      10.7341      3.8288    6.47e-05       0.7      0.0       0.7     0.48       
    69      3.06732      3.0671      10.7388           -    5.54e-05       0.7      0.0       0.7     0.48       
    70      3.06514      3.0658      10.7352      3.8178    4.69e-05       0.7      0.0       0.7     0.48      *
Best model at epoch 70 (val_mae=3.8178)
    71      3.06195      3.0623      10.7299           -    3.90e-05       0.7      0.0       0.7     0.48       
    72      3.06130      3.0609      10.7299      3.8146    3.19e-05       0.7      0.0       0.7     0.48      *
Best model at epoch 72 (val_mae=3.8146)
    73      3.05784      3.0582      10.6915           -    2.54e-05       0.7      0.0       0.7     0.48       
    74      3.05746      3.0578      10.7133      3.8075    1.98e-05       0.7      0.0       0.7     0.48      *
Best model at epoch 74 (val_mae=3.8075)
    75      3.05482      3.0554      10.6959           -    1.48e-05       0.7      0.0       0.7     0.48       
    76      3.05438      3.0538      10.6774      3.8074    1.06e-05       0.7      0.0       0.7     0.48      *
Best model at epoch 76 (val_mae=3.8074)
    77      3.05279      3.0530      10.6824           -    7.15e-06       0.7      0.0       0.7     0.48       
    78      3.05172      3.0521      10.6709      3.8090    4.46e-06       0.7      0.0       0.7     0.48       
    79      3.05263      3.0517      10.6994           -    2.54e-06       0.7      0.0       0.7     0.48       
    80      3.05264      3.0512      10.6871      3.8070    1.39e-06       0.7      0.0       0.7     0.48      *
Best model at epoch 80 (val_mae=3.8070)

------------------------------------------------------------------------------------------------
Training finished normally: 2026-09-17 15:40:31
Summary
  completed_epochs: 80
  best_epoch: 80
  best_val_mae: 3.807033
  val_epoch: 2
  validation_count: 40
  final_train_loss: 3.052635
  final_train_mae: 3.051157
  final_val_loss: 3.831079
  final_val_mae: 3.807033
  total_time: 58.3s
  avg_epoch_time_sec: 0.73
  avg_train_sec_per_step: 0.0219
  avg_val_sec_per_step: 0.0050
  peak_memory_gb: 0.48
  test_loss: 3.514100
  test_mae: 3.588248
  test_rmse: 12.620837
  test_mape: 94352.124595
  test_time_sec: 0.10
  best_checkpoint: n/a
  best_state_source: cpu_memory
  metrics_jsonl: /home/students/HuangMingYu/code/py/my_idea/my_idea/outputs/v24-COE/experiments/pilot/e37fc3dde8d88aa3/runs/v24_pilot_parallel_node_contiguous_rate0.4_updates_seed7/BikeNYC/custom/v24_pilot_parallel_node_contiguous_rate0.4_updates_seed7/random/rate0.4/20260917_153932_seed7_bs16/logs/metrics.jsonl
------------------------------------------------------------------------------------------------
