Training started: 2026-09-17 16:36:00
------------------------------------------------------------------------------------------------
Run
  run_dir: /home/students/HuangMingYu/code/py/my_idea/my_idea/outputs/v24-COE/experiments/core/08fc9d8d37df089e/runs/v24_core_parallel_spatiotemporal_block_rate0.4_updates_seed7/BikeNYC/custom/v24_core_parallel_spatiotemporal_block_rate0.4_updates_seed7/random/rate0.4/20260917_163600_seed7_bs16
  command: /home/students/HuangMingYu/code/py/my_idea/my_idea/scripts/train.py -c /home/students/HuangMingYu/code/py/my_idea/my_idea/outputs/v24-COE/experiments/core/08fc9d8d37df089e/configs/v24_core_parallel_spatiotemporal_block_rate0.4_updates_seed7.json --no_plot --name v24_core_parallel_spatiotemporal_block_rate0.4_updates_seed7 --train_npz /home/students/HuangMingYu/code/py/my_idea/my_idea/data/BikeNYC/bikenyc_train.npz --val_npz /home/students/HuangMingYu/code/py/my_idea/my_idea/data/BikeNYC/bikenyc_val.npz --test_npz /home/students/HuangMingYu/code/py/my_idea/my_idea/data/BikeNYC/bikenyc_test.npz --result-file /home/students/HuangMingYu/code/py/my_idea/my_idea/outputs/v24-COE/experiments/core/08fc9d8d37df089e/results/v24_core_parallel_spatiotemporal_block_rate0.4_updates_seed7.attempt1.json
  git_commit: 1f348d420b22878eff7be96a61567a5be410fd0e
  git_branch: v24-COE
  git_dirty: True
  config_sha256: d2758bc09882f8a0d322209be0df0f5f16318ebc4be7bb3df5120796e7270684
  python: 3.9.25
  torch: 2.6.0+cu124
  cuda_runtime: 12.4
  train_npz: /home/students/HuangMingYu/code/py/my_idea/my_idea/data/BikeNYC/bikenyc_train.npz
  val_npz: /home/students/HuangMingYu/code/py/my_idea/my_idea/data/BikeNYC/bikenyc_val.npz
  test_npz: /home/students/HuangMingYu/code/py/my_idea/my_idea/data/BikeNYC/bikenyc_test.npz
  dataset: BikeNYC
  experiment_type: custom
  variant: v24_core_parallel_spatiotemporal_block_rate0.4_updates_seed7
  train_samples: 511
  val_samples: 73
  train_steps_per_epoch: 32
  val_steps_per_epoch: 5
  test_samples: 147
  test_steps: 10
  batch_size: 16
  mask_pattern: random
  mask_rate_config: 0.4
  train_mask: shape=(511, 1, 12, 24, 12), observed_rate=0.6007, missing_rate=0.3993
  val_mask: shape=(73, 1, 12, 24, 12), observed_rate=0.6007, missing_rate=0.3993
  data_shape: (511, 2, 12, 24, 12)
  device: cuda
  device_name: NVIDIA GeForce RTX 3090
  total_params: 76,987
  trainable_params: 76,987
Config
{
  "seed": 7,
  "output_dir": "/home/students/HuangMingYu/code/py/my_idea/my_idea/outputs/v24-COE/experiments/core/08fc9d8d37df089e/runs/v24_core_parallel_spatiotemporal_block_rate0.4_updates_seed7",
  "device": "auto",
  "data": {
    "dataset_name": "BikeNYC",
    "batch_size": 16,
    "num_workers": 0,
    "pin_memory": true,
    "drop_last": false,
    "mask": {
      "pattern": "random",
      "missing_rate": 0.4,
      "train_csv": "/home/students/HuangMingYu/code/py/my_idea/my_idea/outputs/v24-COE/section13/bikenyc_masks_seed2026/spatiotemporal_block/0.4/train.csv",
      "val_csv": "/home/students/HuangMingYu/code/py/my_idea/my_idea/outputs/v24-COE/section13/bikenyc_masks_seed2026/spatiotemporal_block/0.4/val.csv",
      "test_csv": "/home/students/HuangMingYu/code/py/my_idea/my_idea/outputs/v24-COE/section13/bikenyc_masks_seed2026/spatiotemporal_block/0.4/test.csv"
    },
    "synthetic": {
      "num_train": 128,
      "num_val": 32,
      "t": 12,
      "h": 24,
      "w": 12
    },
    "multiscale": false
  },
  "model": {
    "architecture": "v24_ts_coe",
    "c_in": 2,
    "main": {
      "dim": 64,
      "max_t": 12,
      "h": 24,
      "w": 12,
      "scale_mode": "fine",
      "use_multiscale": false
    },
    "coe": {
      "num_steps": 1,
      "routing_mode": "parallel",
      "fixed_path": null,
      "router_state": "initial",
      "use_shared": true,
      "use_routed": true,
      "temperature": 1.0,
      "temporal_kernel": 3,
      "spatial_kernel": 3,
      "residual_init": 0.1,
      "expert_pool": [
        "T",
        "S"
      ],
      "expert_state": "initial"
    },
    "aux": {
      "enabled": false,
      "alpha_init": 0.0
    }
  },
  "loss": {
    "type": "l1",
    "lambda_coe_mid": 0,
    "lambda_coe_balance": 0
  },
  "train": {
    "epochs": 80,
    "val_epoch": 2,
    "lr_main": 0.001,
    "weight_decay": 0.0001,
    "grad_clip_norm": 1.0,
    "amp": true,
    "save_every": 10,
    "scheduler": {
      "type": "cosine",
      "eta_min": 1e-06
    },
    "early_stopping": {
      "enabled": false,
      "monitor": "val_mae",
      "patience": 15,
      "mode": "min"
    },
    "save_best_checkpoint": false
  },
  "experiment_plan": {
    "stage": "core",
    "variant": "parallel",
    "protocol": "spatiotemporal_block_rate0.4",
    "protocol_kind": "structured_csv",
    "budget_regime": "updates",
    "mask_metadata": "/home/students/HuangMingYu/code/py/my_idea/my_idea/outputs/v24-COE/section13/bikenyc_masks_seed2026/spatiotemporal_block/0.4/metadata.json"
  },
  "experiment_suite_fingerprint": "08fc9d8d37df089e074c1f54d84eabb0c7699555c5d348e61134aa3b4ddc48c2"
}
------------------------------------------------------------------------------------------------
-----------------------------------------------------------------------------------------------------------------
 epoch         loss         mae         rmse     val_mae          lr   train_s    val_s   epoch_s   mem_gb   best
-----------------------------------------------------------------------------------------------------------------
     1     11.00321     11.0122      31.9513           -    1.00e-03       1.1      0.0       1.1     0.48       
     2     10.42877     10.4316      30.9940     12.1789    1.00e-03       0.7      0.1       0.8     0.48      *
Best model at epoch 2 (val_mae=12.1789)
     3      9.93533      9.9382      29.9831           -    9.98e-04       0.7      0.0       0.7     0.48       
     4      9.57485      9.5763      29.0538     11.1737    9.97e-04       0.7      0.0       0.7     0.48      *
Best model at epoch 4 (val_mae=11.1737)
     5      9.25526      9.2572      28.1047           -    9.94e-04       0.7      0.0       0.7     0.48       
     6      8.94695      8.9452      27.2125     10.3577    9.90e-04       0.7      0.0       0.7     0.48      *
Best model at epoch 6 (val_mae=10.3577)
     7      8.68117      8.6840      26.3978           -    9.86e-04       0.7      0.0       0.7     0.48       
     8      8.50285      8.5014      25.7583      9.9808    9.81e-04       0.7      0.0       0.7     0.48      *
Best model at epoch 8 (val_mae=9.9808)
     9      8.39428      8.3920      25.2224           -    9.76e-04       0.7      0.0       0.7     0.48       
    10      8.37843      8.3778      25.1443      9.4722    9.69e-04       0.7      0.0       0.7     0.48      *
Best model at epoch 10 (val_mae=9.4722)
    11      8.20263      8.1996      24.5330           -    9.62e-04       0.7      0.0       0.7     0.48       
    12      8.12390      8.1244      24.0703      9.4814    9.54e-04       0.7      0.0       0.7     0.48       
    13      8.00231      8.0012      23.6935           -    9.46e-04       0.7      0.0       0.7     0.48       
    14      7.93056      7.9276      23.6030      8.9222    9.36e-04       0.7      0.0       0.7     0.48      *
Best model at epoch 14 (val_mae=8.9222)
    15      7.94245      7.9378      23.0682           -    9.26e-04       0.7      0.0       0.7     0.48       
    16      7.86480      7.8674      22.9228      8.8088    9.16e-04       0.7      0.0       0.7     0.48      *
Best model at epoch 16 (val_mae=8.8088)
    17      7.72745      7.7259      22.6536           -    9.05e-04       0.7      0.0       0.7     0.48       
    18      7.72752      7.7249      22.3768      8.6025    8.93e-04       0.7      0.0       0.7     0.48      *
Best model at epoch 18 (val_mae=8.6025)
    19      7.71710      7.7140      22.3903           -    8.80e-04       0.7      0.0       0.7     0.48       
    20      7.71506      7.7182      22.4923      8.8829    8.67e-04       0.7      0.0       0.7     0.48       
    21      7.63522      7.6360      22.3748           -    8.54e-04       0.7      0.0       0.7     0.48       
    22      7.72172      7.7227      22.7175      8.5182    8.40e-04       0.7      0.0       0.7     0.48      *
Best model at epoch 22 (val_mae=8.5182)
    23      7.62223      7.6226      22.3203           -    8.25e-04       0.7      0.0       0.7     0.48       
    24      7.68149      7.6818      21.9995      8.6645    8.10e-04       0.7      0.0       0.7     0.48       
    25      7.54983      7.5478      22.0873           -    7.94e-04       0.7      0.0       0.7     0.48       
    26      7.50333      7.5053      21.7003      8.5004    7.78e-04       0.7      0.0       0.7     0.48      *
Best model at epoch 26 (val_mae=8.5004)
    27      7.52826      7.5273      21.9731           -    7.61e-04       0.7      0.0       0.7     0.48       
    28      7.47258      7.4723      21.6860      8.5299    7.45e-04       0.7      0.0       0.7     0.48       
    29      7.47178      7.4728      21.8042           -    7.27e-04       0.7      0.0       0.7     0.48       
    30      7.56527      7.5678      21.6016      8.2402    7.10e-04       0.7      0.0       0.7     0.48      *
Best model at epoch 30 (val_mae=8.2402)
    31      7.43841      7.4390      21.6429           -    6.92e-04       0.7      0.0       0.7     0.48       
    32      7.40885      7.4097      21.3990      8.2509    6.73e-04       0.7      0.0       0.7     0.48       
    33      7.43273      7.4325      21.4556           -    6.55e-04       0.7      0.0       0.7     0.48       
    34      7.43721      7.4348      21.5742      8.1878    6.36e-04       0.7      0.0       0.7     0.48      *
Best model at epoch 34 (val_mae=8.1878)
    35      7.47259      7.4725      21.4793           -    6.17e-04       0.7      0.0       0.7     0.48       
    36      7.34727      7.3479      21.4974      8.0720    5.98e-04       0.7      0.0       0.7     0.48      *
Best model at epoch 36 (val_mae=8.0720)
    37      7.28059      7.2818      21.0309           -    5.79e-04       0.7      0.0       0.7     0.48       
    38      7.25987      7.2635      21.2474      8.2280    5.59e-04       0.7      0.0       0.7     0.48       
    39      7.19824      7.1994      21.1592           -    5.40e-04       0.7      0.0       0.7     0.48       
    40      7.19820      7.1945      21.3697      7.8560    5.20e-04       0.7      0.0       0.7     0.48      *
Best model at epoch 40 (val_mae=7.8560)
    41      7.16193      7.1616      21.2143           -    5.01e-04       0.7      0.0       0.7     0.48       
    42      7.16742      7.1656      20.7870      7.9201    4.81e-04       0.7      0.0       0.7     0.48       
    43      6.99136      6.9913      20.8044           -    4.61e-04       0.7      0.0       0.7     0.48       
    44      7.00109      6.9977      20.4823      7.8041    4.42e-04       0.7      0.0       0.7     0.48      *
Best model at epoch 44 (val_mae=7.8041)
    45      6.88300      6.8860      20.2454           -    4.22e-04       0.7      0.0       0.7     0.48       
    46      6.91400      6.9116      20.5761      7.6384    4.03e-04       0.7      0.0       0.7     0.48      *
Best model at epoch 46 (val_mae=7.6384)
    47      6.77635      6.7762      19.9455           -    3.84e-04       0.7      0.0       0.7     0.48       
    48      6.69580      6.6953      19.6583      7.6737    3.65e-04       0.7      0.0       0.7     0.48       
    49      6.67920      6.6795      19.8551           -    3.46e-04       0.7      0.0       0.7     0.48       
    50      6.58810      6.5866      19.4913      7.6792    3.28e-04       0.7      0.0       0.7     0.48       
    51      6.49657      6.4992      19.4090           -    3.09e-04       0.7      0.0       0.7     0.48       
    52      6.51447      6.5135      19.3496      7.4610    2.91e-04       0.7      0.0       0.7     0.48      *
Best model at epoch 52 (val_mae=7.4610)
    53      6.43843      6.4365      19.3021           -    2.74e-04       0.7      0.0       0.7     0.48       
    54      6.41385      6.4157      19.0628      7.4244    2.56e-04       0.7      0.0       0.7     0.48      *
Best model at epoch 54 (val_mae=7.4244)
    55      6.35928      6.3594      19.1059           -    2.40e-04       0.7      0.0       0.7     0.48       
    56      6.52359      6.5238      19.5051      7.3386    2.23e-04       0.7      0.0       0.7     0.48      *
Best model at epoch 56 (val_mae=7.3386)
    57      6.30148      6.3026      18.7976           -    2.07e-04       0.7      0.0       0.7     0.48       
    58      6.25864      6.2600      18.7270      7.4703    1.91e-04       0.7      0.0       0.7     0.48       
    59      6.27874      6.2810      18.8156           -    1.76e-04       0.7      0.0       0.7     0.48       
    60      6.24529      6.2481      18.8869      7.3778    1.61e-04       0.7      0.0       0.7     0.48       
    61      6.22018      6.2200      18.7372           -    1.47e-04       0.7      0.0       0.7     0.48       
    62      6.20237      6.2027      18.6328      7.4867    1.34e-04       0.7      0.0       0.7     0.48       
    63      6.26372      6.2648      18.7487           -    1.21e-04       0.7      0.0       0.7     0.48       
    64      6.18411      6.1853      18.7162      7.3964    1.08e-04       0.7      0.0       0.7     0.48       
    65      6.18853      6.1890      18.6899           -    9.64e-05       0.7      0.0       0.7     0.48       
    66      6.15005      6.1486      18.5496      7.3659    8.52e-05       0.7      0.0       0.7     0.48       
    67      6.15038      6.1510      18.5508           -    7.46e-05       0.7      0.0       0.7     0.48       
    68      6.13952      6.1387      18.6015      7.3708    6.47e-05       0.7      0.0       0.7     0.48       
    69      6.14216      6.1427      18.5972           -    5.54e-05       0.7      0.0       0.7     0.48       
    70      6.12896      6.1296      18.5251      7.3332    4.69e-05       0.7      0.0       0.7     0.48      *
Best model at epoch 70 (val_mae=7.3332)
    71      6.11363      6.1127      18.5025           -    3.90e-05       0.7      0.0       0.7     0.48       
    72      6.11978      6.1193      18.5037      7.3030    3.19e-05       0.7      0.0       0.7     0.48      *
Best model at epoch 72 (val_mae=7.3030)
    73      6.10779      6.1079      18.3872           -    2.54e-05       0.7      0.0       0.7     0.48       
    74      6.10409      6.1044      18.4062      7.3047    1.98e-05       0.7      0.0       0.7     0.48       
    75      6.10995      6.1082      18.3542           -    1.48e-05       0.7      0.0       0.7     0.48       
    76      6.09834      6.0969      18.3899      7.3135    1.06e-05       0.7      0.0       0.7     0.48       
    77      6.09506      6.0934      18.4034           -    7.15e-06       0.7      0.0       0.7     0.48       
    78      6.09063      6.0918      18.4304      7.3150    4.46e-06       0.7      0.0       0.7     0.48       
    79      6.09175      6.0895      18.4002           -    2.54e-06       0.7      0.0       0.7     0.48       
    80      6.08931      6.0887      18.3955      7.3116    1.39e-06       0.7      0.0       0.7     0.48       

------------------------------------------------------------------------------------------------
Training finished normally: 2026-09-17 16:36:58
Summary
  completed_epochs: 80
  best_epoch: 72
  best_val_mae: 7.303002
  val_epoch: 2
  validation_count: 40
  final_train_loss: 6.089314
  final_train_mae: 6.088679
  final_val_loss: 7.428016
  final_val_mae: 7.311586
  total_time: 58.0s
  avg_epoch_time_sec: 0.72
  avg_train_sec_per_step: 0.0218
  avg_val_sec_per_step: 0.0050
  peak_memory_gb: 0.48
  test_loss: 7.175810
  test_mae: 7.208597
  test_rmse: 22.390439
  test_mape: 225991.878379
  test_time_sec: 0.10
  best_checkpoint: n/a
  best_state_source: cpu_memory
  metrics_jsonl: /home/students/HuangMingYu/code/py/my_idea/my_idea/outputs/v24-COE/experiments/core/08fc9d8d37df089e/runs/v24_core_parallel_spatiotemporal_block_rate0.4_updates_seed7/BikeNYC/custom/v24_core_parallel_spatiotemporal_block_rate0.4_updates_seed7/random/rate0.4/20260917_163600_seed7_bs16/logs/metrics.jsonl
------------------------------------------------------------------------------------------------
