Training started: 2026-09-18 19:41:25
------------------------------------------------------------------------------------------------
Run
  run_dir: /home/students/HuangMingYu/code/py/my_idea/my_idea/outputs/v24-COE/experiments/coe_dual_mask/coe_dual_mask/fbea2a35caf9bf06/runs/v24_coe_dual_mask_coe_fixed_tast_mixed9_rate0.4_updates_seed7/TaxiBJ/custom/v24_coe_dual_mask_coe_fixed_tast_mixed9_rate0.4_updates_seed7/random/rate0.4/20260918_194123_seed7_bs16
  command: /home/students/HuangMingYu/code/py/my_idea/my_idea/scripts/train.py -c /home/students/HuangMingYu/code/py/my_idea/my_idea/outputs/v24-COE/experiments/coe_dual_mask/coe_dual_mask/fbea2a35caf9bf06/configs/v24_coe_dual_mask_coe_fixed_tast_mixed9_rate0.4_updates_seed7.json --no_plot --name v24_coe_dual_mask_coe_fixed_tast_mixed9_rate0.4_updates_seed7 --train_npz /home/students/HuangMingYu/code/py/my_idea/my_idea/data/TaxiBJ/v24_clean_abc_20260917/taxibj_train.npz --val_npz /home/students/HuangMingYu/code/py/my_idea/my_idea/data/TaxiBJ/v24_clean_abc_20260917/taxibj_val.npz --test_npz /home/students/HuangMingYu/code/py/my_idea/my_idea/data/TaxiBJ/v24_clean_abc_20260917/taxibj_test.npz --result-file /home/students/HuangMingYu/code/py/my_idea/my_idea/outputs/v24-COE/experiments/coe_dual_mask/coe_dual_mask/fbea2a35caf9bf06/results/v24_coe_dual_mask_coe_fixed_tast_mixed9_rate0.4_updates_seed7.attempt1.json
  git_commit: 24e57ee114ceb9e41660b396db0a7dd42a833e3a
  git_branch: v24-COE
  git_dirty: True
  config_sha256: ab563006758dfe3aa8e6029971e691279dc211e851575a0abebb64ec7eacea73
  python: 3.9.25
  torch: 2.6.0+cu124
  cuda_runtime: 12.4
  train_npz: /home/students/HuangMingYu/code/py/my_idea/my_idea/data/TaxiBJ/v24_clean_abc_20260917/taxibj_train.npz
  val_npz: /home/students/HuangMingYu/code/py/my_idea/my_idea/data/TaxiBJ/v24_clean_abc_20260917/taxibj_val.npz
  test_npz: /home/students/HuangMingYu/code/py/my_idea/my_idea/data/TaxiBJ/v24_clean_abc_20260917/taxibj_test.npz
  dataset: TaxiBJ
  experiment_type: custom
  variant: v24_coe_dual_mask_coe_fixed_tast_mixed9_rate0.4_updates_seed7
  train_samples: 2452
  val_samples: 342
  train_steps_per_epoch: 154
  val_steps_per_epoch: 22
  test_samples: 707
  test_steps: 45
  batch_size: 16
  mask_pattern: random
  mask_rate_config: 0.4
  train_mask: unknown
  val_mask: unknown
  data_shape: (2452, 2, 12, 32, 32)
  device: cuda
  device_name: NVIDIA GeForce RTX 3090
  total_params: 211,507
  trainable_params: 211,507
Config
{
  "seed": 7,
  "output_dir": "/home/students/HuangMingYu/code/py/my_idea/my_idea/outputs/v24-COE/experiments/coe_dual_mask/coe_dual_mask/fbea2a35caf9bf06/runs/v24_coe_dual_mask_coe_fixed_tast_mixed9_rate0.4_updates_seed7",
  "device": "cuda",
  "data": {
    "dataset_name": "TaxiBJ",
    "batch_size": 16,
    "num_workers": 0,
    "pin_memory": true,
    "drop_last": false,
    "mask": {
      "pattern": "random",
      "missing_rate": 0.4
    },
    "synthetic": {
      "num_train": 128,
      "num_val": 32,
      "t": 12,
      "h": 32,
      "w": 32
    },
    "multiscale": false,
    "loader_seed": 7,
    "train_mask_diversity": {
      "families": [
        "random_point",
        "node_outage",
        "temporal_gap",
        "spatial_region",
        "spatiotemporal_block",
        "stripe",
        "moving_region",
        "multi_block",
        "composite"
      ],
      "rates": [
        0.4
      ],
      "seed": 20260917,
      "resample_each_epoch": true
    },
    "eval_mask_diversity": {
      "families": [
        "random_point",
        "node_outage",
        "temporal_gap",
        "spatial_region",
        "spatiotemporal_block",
        "stripe",
        "moving_region",
        "multi_block",
        "composite"
      ],
      "rates": [
        0.4
      ],
      "seed": 20260917,
      "resample_each_epoch": false
    }
  },
  "model": {
    "architecture": "v24_ts_coe",
    "c_in": 2,
    "main": {
      "dim": 64,
      "max_t": 12,
      "h": 32,
      "w": 32,
      "scale_mode": "fine",
      "use_multiscale": false
    },
    "coe": {
      "num_steps": 4,
      "expert_pool": [
        "T",
        "S",
        "TD",
        "SD",
        "TA",
        "ST"
      ],
      "routing_mode": "fixed",
      "fixed_path": [
        "TA",
        "ST",
        "S",
        "TA"
      ],
      "fixed_expert_steps": [
        null,
        null,
        null,
        null
      ],
      "router_state": "dynamic",
      "expert_state": "dynamic",
      "use_shared": true,
      "use_routed": true,
      "temperature": 1.0,
      "temporal_kernel": 3,
      "spatial_kernel": 3,
      "temporal_dilation": 2,
      "spatial_dilation": 2,
      "attention_heads": 4,
      "residual_init": 0.1,
      "routing_warmup_epochs": 0,
      "routing_transition_epochs": 0,
      "uniform_mix_start": 0.5,
      "sampling_temperature_start": 2.0
    },
    "aux": {
      "enabled": false,
      "alpha_init": 0.0
    }
  },
  "loss": {
    "type": "l1",
    "lambda_coe_mid": 0.0,
    "lambda_coe_balance": 0.0
  },
  "train": {
    "epochs": 20,
    "val_epoch": 2,
    "lr_main": 0.001,
    "weight_decay": 0.0001,
    "grad_clip_norm": 1.0,
    "amp": true,
    "save_every": 10,
    "scheduler": {
      "type": "cosine",
      "eta_min": 1e-06,
      "total_epochs": 20
    },
    "early_stopping": {
      "enabled": false,
      "monitor": "val_mae",
      "patience": 40,
      "mode": "min"
    },
    "save_best_checkpoint": false,
    "router_grad_diagnostic_every": 50
  },
  "experiment_plan": {
    "stage": "coe_dual_mask",
    "variant": "coe_fixed_tast",
    "protocol": "mixed9_rate0.4",
    "protocol_kind": "generated_diverse",
    "budget_regime": "updates",
    "mask_metadata": null,
    "training_mask_source": "dynamic_diverse",
    "evaluation_mask_source": "diverse_fixed_per_split"
  },
  "experiment_suite_fingerprint": "fbea2a35caf9bf06b509d160bcfa81080b2e1014484bcde47629e4a4ab0f0596"
}
------------------------------------------------------------------------------------------------
-----------------------------------------------------------------------------------------------------------------
 epoch         loss         mae         rmse     val_mae          lr   train_s    val_s   epoch_s   mem_gb   best
-----------------------------------------------------------------------------------------------------------------
     1    107.27453    107.4396     174.2160           -    1.00e-03      28.8      0.0      28.8     4.34       
     2     79.80992     79.9322     141.5185     63.2791    9.94e-04      28.5      2.0      30.5     4.34      *
Best model at epoch 2 (val_mae=63.2791)
     3     68.24130     68.1881     125.3148           -    9.76e-04      28.5      0.0      28.5     4.34       
     4     63.35279     63.2822     117.2397     58.1340    9.46e-04      28.5      2.0      30.5     4.34      *
Best model at epoch 4 (val_mae=58.1340)
     5     58.50854     58.5276     109.5457           -    9.05e-04      28.5      0.0      28.5     4.34       
     6     55.03643     55.0177     103.6418     52.4156    8.54e-04      28.5      2.0      30.5     4.34      *
Best model at epoch 6 (val_mae=52.4156)
     7     52.42933     52.3183      99.0774           -    7.94e-04      28.5      0.0      28.5     4.34       
     8     50.76792     50.7242      96.0860     44.7686    7.27e-04      28.5      2.0      30.5     4.34      *
Best model at epoch 8 (val_mae=44.7686)
     9     48.87970     48.9665      92.6110           -    6.55e-04      28.5      0.0      28.5     4.34       
    10     47.52558     47.5115      90.0544     42.9639    5.79e-04      28.5      2.0      30.5     4.34      *
Best model at epoch 10 (val_mae=42.9639)
    11     46.91452     46.8798      89.1708           -    5.01e-04      28.5      0.0      28.5     4.34       
    12     46.08442     46.1488      87.7800     44.6437    4.22e-04      28.5      2.0      30.5     4.34       
    13     45.91277     45.8762      87.4999           -    3.46e-04      28.5      0.0      28.5     4.34       
    14     44.85342     44.8208      85.4750     40.4795    2.74e-04      28.5      2.0      30.4     4.34      *
Best model at epoch 14 (val_mae=40.4795)
    15     43.95997     43.9845      84.0532           -    2.07e-04      28.5      0.0      28.5     4.34       
    16     43.90759     43.9101      83.0062     39.7293    1.47e-04      28.5      2.0      30.5     4.34      *
Best model at epoch 16 (val_mae=39.7293)
    17     43.46704     43.5059      82.5182           -    9.64e-05      28.5      0.0      28.5     4.34       
    18     43.01572     43.0340      82.1584     39.4181    5.54e-05      28.5      2.0      30.5     4.34      *
Best model at epoch 18 (val_mae=39.4181)
    19     42.93043     42.9668      81.8489           -    2.54e-05      28.5      0.0      28.5     4.34       
    20     42.68960     42.6766      80.7305     39.2136    7.15e-06      28.5      2.0      30.5     4.34      *
Best model at epoch 20 (val_mae=39.2136)

------------------------------------------------------------------------------------------------
Training finished normally: 2026-09-18 19:51:19
Summary
  completed_epochs: 20
  best_epoch: 20
  best_val_mae: 39.213607
  val_epoch: 2
  validation_count: 10
  final_train_loss: 42.689601
  final_train_mae: 42.676561
  final_val_loss: 39.458774
  final_val_mae: 39.213607
  total_time: 9m 54s
  avg_epoch_time_sec: 29.51
  avg_train_sec_per_step: 0.1852
  avg_val_sec_per_step: 0.0450
  peak_memory_gb: 4.34
  test_loss: 36.902582
  test_mae: 37.238421
  test_rmse: 69.262948
  test_mape: 504350.321101
  test_time_sec: 4.08
  best_checkpoint: n/a
  best_state_source: cpu_memory
  metrics_jsonl: /home/students/HuangMingYu/code/py/my_idea/my_idea/outputs/v24-COE/experiments/coe_dual_mask/coe_dual_mask/fbea2a35caf9bf06/runs/v24_coe_dual_mask_coe_fixed_tast_mixed9_rate0.4_updates_seed7/TaxiBJ/custom/v24_coe_dual_mask_coe_fixed_tast_mixed9_rate0.4_updates_seed7/random/rate0.4/20260918_194123_seed7_bs16/logs/metrics.jsonl
------------------------------------------------------------------------------------------------
