Training started: 2026-09-21 13:48:17
------------------------------------------------------------------------------------------------
Run
  run_dir: /home/students/HuangMingYu/code/py/my_idea/my_idea/outputs/v24-COE/TaxiBJ/custom/v24_hetero_s4_top2_random_rate0.4_e30_seed7/random/rate0.4/20260921_134816_seed7_bs16
  command: /home/students/HuangMingYu/code/py/my_idea/my_idea/scripts/train.py -c /home/students/HuangMingYu/code/py/my_idea/my_idea/outputs/v24-COE/experiments/coe_depth_pool/configs/v24_hetero_s4_top2_random_rate0.4_e30_seed7.json --train_npz /home/students/HuangMingYu/code/py/my_idea/my_idea/data/TaxiBJ/taxibj_train.npz --val_npz /home/students/HuangMingYu/code/py/my_idea/my_idea/data/TaxiBJ/taxibj_val.npz --test_npz /home/students/HuangMingYu/code/py/my_idea/my_idea/data/TaxiBJ/taxibj_test.npz --no_plot -n v24_hetero_s4_top2_random_rate0.4_e30_seed7 --result-file /home/students/HuangMingYu/code/py/my_idea/my_idea/outputs/v24-COE/experiments/coe_depth_pool/results/v24_hetero_s4_top2_random_rate0.4_e30_seed7.json
  git_commit: 880e5987b1ba4bdeb30fe5b334b80ad2925ee395
  git_branch: v24-COE
  git_dirty: True
  config_sha256: d796774aa39e82c037ff0eda58bdac105a424d53ff28cf0d941fda75337be737
  python: 3.9.25
  torch: 2.6.0+cu124
  cuda_runtime: 12.4
  train_npz: /home/students/HuangMingYu/code/py/my_idea/my_idea/data/TaxiBJ/taxibj_train.npz
  val_npz: /home/students/HuangMingYu/code/py/my_idea/my_idea/data/TaxiBJ/taxibj_val.npz
  test_npz: /home/students/HuangMingYu/code/py/my_idea/my_idea/data/TaxiBJ/taxibj_test.npz
  dataset: TaxiBJ
  experiment_type: custom
  variant: v24_hetero_s4_top2_random_rate0.4_e30_seed7
  train_samples: 2491
  val_samples: 356
  train_steps_per_epoch: 156
  val_steps_per_epoch: 23
  test_samples: 712
  test_steps: 45
  batch_size: 16
  mask_pattern: random
  mask_rate_config: 0.4
  train_mask: shape=(2491, 1, 12, 32, 32), observed_rate=0.6006, missing_rate=0.3994
  val_mask: shape=(356, 1, 12, 32, 32), observed_rate=0.6006, missing_rate=0.3994
  data_shape: (2491, 2, 12, 32, 32)
  device: cuda
  device_name: NVIDIA GeForce RTX 3090
  total_params: 250,043
  trainable_params: 250,043
Config
{
  "seed": 7,
  "output_dir": "outputs/v24-COE",
  "device": "cuda",
  "data": {
    "dataset_name": "TaxiBJ",
    "batch_size": 16,
    "num_workers": 0,
    "pin_memory": true,
    "drop_last": false,
    "mask": {
      "pattern": "random",
      "missing_rate": 0.4,
      "train_csv": "/home/students/HuangMingYu/code/py/my_idea/my_idea/data/TaxiBJ/random_mask/0.4/train.csv",
      "val_csv": "/home/students/HuangMingYu/code/py/my_idea/my_idea/data/TaxiBJ/random_mask/0.4/val.csv",
      "test_csv": "/home/students/HuangMingYu/code/py/my_idea/my_idea/data/TaxiBJ/random_mask/0.4/test.csv"
    },
    "synthetic": {
      "num_train": 128,
      "num_val": 32,
      "t": 12,
      "h": 32,
      "w": 32
    },
    "multiscale": false,
    "loader_seed": 7,
    "train_mask_diversity": null,
    "eval_mask_diversity": null
  },
  "model": {
    "architecture": "v24_ts_coe",
    "c_in": 2,
    "main": {
      "dim": 64,
      "max_t": 12,
      "h": 32,
      "w": 32,
      "scale_mode": "fine",
      "use_multiscale": false
    },
    "coe": {
      "num_steps": 4,
      "expert_pool": [
        "T",
        "S",
        "TD",
        "SD",
        "TA",
        "ST",
        "TL",
        "SL"
      ],
      "routing_mode": "hard",
      "fixed_path": null,
      "fixed_expert_steps": [
        null,
        null,
        null,
        null
      ],
      "router_state": "dynamic",
      "expert_state": "dynamic",
      "use_shared": true,
      "use_routed": true,
      "temperature": 1.0,
      "temporal_kernel": 3,
      "spatial_kernel": 3,
      "temporal_dilation": 2,
      "spatial_dilation": 2,
      "attention_heads": 4,
      "residual_init": 0.1,
      "routing_warmup_epochs": 0,
      "routing_transition_epochs": 0,
      "uniform_mix_start": 0.5,
      "sampling_temperature_start": 2.0,
      "top_k": 2
    },
    "aux": {
      "enabled": false,
      "alpha_init": 0.0
    }
  },
  "loss": {
    "type": "l1",
    "lambda_coe_mid": 0.0,
    "lambda_coe_balance": 0.01
  },
  "train": {
    "epochs": 30,
    "val_epoch": 2,
    "lr_main": 0.001,
    "weight_decay": 0.0001,
    "grad_clip_norm": 1.0,
    "amp": true,
    "save_every": 10,
    "scheduler": {
      "type": "cosine",
      "eta_min": 1e-06,
      "total_epochs": 30
    },
    "early_stopping": {
      "enabled": false,
      "monitor": "val_mae",
      "patience": 40,
      "mode": "min"
    },
    "save_best_checkpoint": false
  },
  "experiment_plan": {
    "stage": "coe_depth_pool",
    "variant": "hetero_s4_top2",
    "protocol": "random_rate0.4",
    "protocol_kind": "legacy_csv"
  }
}
------------------------------------------------------------------------------------------------
-----------------------------------------------------------------------------------------------------------------
 epoch         loss         mae         rmse     val_mae          lr   train_s    val_s   epoch_s   mem_gb   best
-----------------------------------------------------------------------------------------------------------------
     1     97.47076     97.4578     162.8923           -    1.00e-03     128.0      0.0     128.0    13.99       
     2     68.65903     68.6332     130.8925     51.2949    9.97e-04     127.8      7.4     135.2    13.99      *
Best model at epoch 2 (val_mae=51.2949)
     3     54.35337     54.3087     110.3453           -    9.89e-04     127.8      0.0     127.8    13.99       
     4     45.13729     45.1279      94.4400     37.4995    9.76e-04     127.8      7.4     135.2    13.99      *
Best model at epoch 4 (val_mae=37.4995)
     5     39.96981     39.9428      83.9740           -    9.57e-04     127.9      0.0     127.9    13.99       
     6     34.90508     34.8959      73.9507     30.0209    9.33e-04     127.8      7.4     135.2    13.99      *
Best model at epoch 6 (val_mae=30.0209)
     7     31.23007     31.2216      66.0120           -    9.05e-04     127.9      0.0     127.9    13.99       
     8     30.85001     30.8396      62.3561     27.7204    8.72e-04     127.8      7.4     135.2    13.99      *
Best model at epoch 8 (val_mae=27.7204)
     9     26.94003     26.9347      55.3957           -    8.35e-04     127.8      0.0     127.8    13.99       
    10     25.71055     25.6983      51.6549     21.8715    7.94e-04     127.8      7.3     135.2    13.99      *
Best model at epoch 10 (val_mae=21.8715)
    11     22.90212     22.8872      46.1017           -    7.50e-04     127.9      0.0     127.9    13.99       
    12     21.62880     21.6084      42.8299     19.3618    7.04e-04     127.8      7.3     135.2    13.99      *
Best model at epoch 12 (val_mae=19.3618)
    13     20.88809     20.8714      40.7156           -    6.55e-04     127.9      0.0     127.9    13.99       
    14     19.77645     19.7578      38.2107     17.9075    6.04e-04     127.8      7.4     135.2    13.99      *
Best model at epoch 14 (val_mae=17.9075)
    15     19.22228     19.2052      36.7657           -    5.53e-04     127.8      0.0     127.8    13.99       
    16     18.66587     18.6520      35.4061     17.1024    5.01e-04     127.9      7.4     135.2    13.99      *
Best model at epoch 16 (val_mae=17.1024)
    17     19.99335     19.9752      36.6407           -    4.48e-04     127.9      0.0     127.9    13.99       
    18     19.99154     19.9766      36.5995     17.1330    3.97e-04     127.9      7.4     135.2    13.99       
    19     19.35859     19.3470      35.3333           -    3.46e-04     127.8      0.0     127.8    13.99       
    20     19.26334     19.2516      35.1367     17.5544    2.97e-04     127.8      7.4     135.2    13.99       
    21     18.05585     18.0408      33.1051           -    2.51e-04     127.8      0.0     127.8    13.99       
    22     17.62753     17.6062      32.1203     16.4050    2.07e-04     127.8      7.4     135.2    13.99      *
Best model at epoch 22 (val_mae=16.4050)
    23     17.01378     16.9948      31.0074           -    1.66e-04     127.8      0.0     127.8    13.99       
    24     16.77463     16.7608      30.4973     15.8675    1.29e-04     127.8      7.3     135.1    13.99      *
Best model at epoch 24 (val_mae=15.8675)
    25     16.56142     16.5462      30.0223           -    9.64e-05     127.7      0.0     127.7    13.99       
    26     16.35490     16.3442      29.5795     15.5577    6.79e-05     127.7      7.3     135.1    13.99      *
Best model at epoch 26 (val_mae=15.5577)
    27     16.21263     16.1984      29.2734           -    4.42e-05     127.8      0.0     127.8    13.99       
    28     16.12070     16.1055      29.0488     15.4324    2.54e-05     127.8      7.4     135.1    13.99      *
Best model at epoch 28 (val_mae=15.4324)
    29     16.06208     16.0429      28.9139           -    1.19e-05     127.8      0.0     127.8    13.99       
    30     16.03065     16.0151      28.8533     15.4176    3.74e-06     127.8      7.4     135.1    13.99      *
Best model at epoch 30 (val_mae=15.4176)

------------------------------------------------------------------------------------------------
Training finished normally: 2026-09-21 14:54:17
Summary
  completed_epochs: 30
  best_epoch: 30
  best_val_mae: 15.417586
  val_epoch: 2
  validation_count: 15
  final_train_loss: 16.030654
  final_train_mae: 16.015100
  final_val_loss: 15.588861
  final_val_mae: 15.417586
  total_time: 1h 6m 0s
  avg_epoch_time_sec: 131.50
  avg_train_sec_per_step: 0.8194
  avg_val_sec_per_step: 0.1598
  peak_memory_gb: 13.99
  test_loss: 14.694870
  test_mae: 14.703028
  test_rmse: 24.466962
  test_mape: 133793.443477
  test_time_sec: 14.69
  best_checkpoint: n/a
  best_state_source: cpu_memory
  metrics_jsonl: /home/students/HuangMingYu/code/py/my_idea/my_idea/outputs/v24-COE/TaxiBJ/custom/v24_hetero_s4_top2_random_rate0.4_e30_seed7/random/rate0.4/20260921_134816_seed7_bs16/logs/metrics.jsonl
------------------------------------------------------------------------------------------------
