Training started: 2026-09-29 13:45:20
------------------------------------------------------------------------------------------------
Run
  run_dir: /home/students/HuangMingYu/code/py/my_idea/my_idea/outputs/v24-COE/TaxiBJ/custom/20260929_134519_nofeedback_base_seed7/random/rate0.4/20260929_134519_seed7_bs32
  command: /home/students/HuangMingYu/code/py/my_idea/my_idea/outputs/v24-COE/experiments/b3_c3/taxibj/05ca97361742edea/source_snapshot/scripts/train.py -c /home/students/HuangMingYu/code/py/my_idea/my_idea/outputs/v24-COE/experiments/b3_c3/taxibj/05ca97361742edea/configs/B3.json --name coe_nofeedback_base --no_plot --result-file /home/students/HuangMingYu/code/py/my_idea/my_idea/outputs/v24-COE/experiments/b3_c3/taxibj/05ca97361742edea/results/B3.attempt1.json --train_npz /home/students/HuangMingYu/code/py/my_idea/my_idea/data/TaxiBJ/v24_clean_abc_20260917/taxibj_train.npz --val_npz /home/students/HuangMingYu/code/py/my_idea/my_idea/data/TaxiBJ/v24_clean_abc_20260917/taxibj_val.npz --test_npz /home/students/HuangMingYu/code/py/my_idea/my_idea/data/TaxiBJ/v24_clean_abc_20260917/taxibj_test.npz
  git_commit: 02d948562ddae141b6c3661f64167d33a276042a
  git_branch: v24-COE
  git_dirty: True
  config_sha256: c9846332b1c42abd59e29119dd13c2b0cb9eecf7f4b8b46cc316b2aad9152d4a
  python: 3.9.25
  torch: 2.6.0+cu124
  cuda_runtime: 12.4
  train_npz: /home/students/HuangMingYu/code/py/my_idea/my_idea/data/TaxiBJ/v24_clean_abc_20260917/taxibj_train.npz
  val_npz: /home/students/HuangMingYu/code/py/my_idea/my_idea/data/TaxiBJ/v24_clean_abc_20260917/taxibj_val.npz
  test_npz: /home/students/HuangMingYu/code/py/my_idea/my_idea/data/TaxiBJ/v24_clean_abc_20260917/taxibj_test.npz
  dataset: TaxiBJ
  experiment_type: custom
  variant: coe_nofeedback_base
  train_samples: 2452
  val_samples: 342
  train_steps_per_epoch: 77
  val_steps_per_epoch: 11
  test_samples: 707
  test_steps: 23
  batch_size: 32
  world_size: 1
  per_device_batch_size: 32
  mask_pattern: random
  mask_rate_config: 0.4
  train_mask: unknown
  val_mask: unknown
  data_shape: (2452, 2, 12, 32, 32)
  device: cuda
  device_name: NVIDIA GeForce RTX 3090
  total_params: 250,043
  trainable_params: 250,043
Config
{
  "seed": 7,
  "output_dir": "/home/students/HuangMingYu/code/py/my_idea/my_idea/outputs/v24-COE",
  "device": "cuda",
  "data": {
    "dataset_name": "TaxiBJ",
    "batch_size": 32,
    "num_workers": 0,
    "pin_memory": true,
    "drop_last": false,
    "mask": {
      "pattern": "random",
      "missing_rate": 0.4
    },
    "synthetic": {
      "num_train": 128,
      "num_val": 32,
      "t": 12,
      "h": 32,
      "w": 32
    },
    "multiscale": false,
    "loader_seed": 7,
    "train_mask_diversity": {
      "families": [
        "random_point",
        "node_outage",
        "temporal_gap",
        "spatial_region",
        "spatiotemporal_block",
        "stripe",
        "moving_region",
        "multi_block",
        "composite"
      ],
      "rates": [
        0.4
      ],
      "seed": 20260917,
      "resample_each_epoch": true
    },
    "eval_mask_diversity": {
      "families": [
        "random_point",
        "node_outage",
        "temporal_gap",
        "spatial_region",
        "spatiotemporal_block",
        "stripe",
        "moving_region",
        "multi_block",
        "composite"
      ],
      "rates": [
        0.4
      ],
      "seed": 20260917,
      "resample_each_epoch": false
    }
  },
  "model": {
    "architecture": "v24_ts_coe",
    "c_in": 2,
    "main": {
      "dim": 64,
      "max_t": 12,
      "h": 32,
      "w": 32,
      "scale_mode": "fine",
      "use_multiscale": false
    },
    "coe": {
      "num_steps": 4,
      "expert_pool": [
        "T",
        "S",
        "TD",
        "SD",
        "TA",
        "ST",
        "TL",
        "SL"
      ],
      "routing_mode": "hard",
      "fixed_path": null,
      "fixed_expert_steps": [
        null,
        null,
        null,
        null
      ],
      "router_state": "dynamic",
      "expert_state": "dynamic",
      "use_shared": false,
      "use_routed": true,
      "temperature": 1.0,
      "temporal_kernel": 3,
      "spatial_kernel": 3,
      "temporal_dilation": 2,
      "spatial_dilation": 2,
      "attention_heads": 4,
      "residual_init": 0.1,
      "routing_warmup_epochs": 0,
      "routing_transition_epochs": 0,
      "uniform_mix_start": 0.5,
      "sampling_temperature_start": 2.0,
      "top_k": 2,
      "router_hidden_dim": 64,
      "pair_mode": "native",
      "acceptance": "none",
      "expert_sharing": "shared",
      "previous_expert_context": false,
      "global_route_weights": false,
      "router_input_noise_std": 0.0,
      "router_input_noise_steps": 0,
      "completion_feedback": false,
      "repair_acceptance": "none",
      "fusion_mode": "original",
      "partner_fusion": "individual",
      "partner_aux_head_only": false,
      "pair_dense_warmup_steps": 0,
      "state_update_mode": "direct",
      "router_features": "legacy",
      "local_routing": {
        "enabled": false
      }
    },
    "aux": {
      "enabled": false,
      "alpha_init": 0.0
    }
  },
  "loss": {
    "type": "l1",
    "lambda_coe_mid": 0.0,
    "lambda_coe_balance": 0.01,
    "lambda_coe_z": 0.0,
    "balance_importance": "candidate"
  },
  "train": {
    "epochs": 100,
    "val_epoch": 5,
    "lr_main": 0.001,
    "weight_decay": 0.0001,
    "grad_clip_norm": 1.0,
    "amp": true,
    "save_every": 10,
    "scheduler": {
      "type": "cosine",
      "total_epochs": 100,
      "eta_min": 0.0003,
      "reach_min_at_last_epoch": true
    },
    "early_stopping": {
      "enabled": false
    },
    "save_best_checkpoint": true,
    "router_grad_diagnostic_every": 0,
    "full_checkpoint": true,
    "measure_forward_latency": true,
    "oracle_last_step_samples": 0,
    "best_checkpoint_name": "best.pth",
    "save_last_checkpoint": true,
    "optimizer": "AdamW"
  },
  "experiment_plan": {
    "suite": "b3_c3",
    "variant": "B3",
    "baseline": "B3_nofeedback_direct_shared_top2"
  }
}
------------------------------------------------------------------------------------------------
-----------------------------------------------------------------------------------------------------------------
 epoch         loss         mae         rmse     val_mae          lr   train_s    val_s   epoch_s   mem_gb   best
-----------------------------------------------------------------------------------------------------------------
     1    112.90655    112.8957     179.4602           -    1.00e-03      40.4      0.0      40.4    11.52       
     2     99.45816     99.5330     165.5944           -    1.00e-03      43.2      0.0      43.2    11.01       
     3     84.68708     84.6910     148.9196           -    9.99e-04      41.1      0.0      41.1    10.95       
     4     72.43422     72.3894     134.4701           -    9.98e-04      38.9      0.0      38.9    10.87       
     5     66.01489     66.0162     125.2979     55.6404    9.97e-04      39.4      2.7      42.0    10.87      *
Best model at epoch 5 (val_mae=55.6404)
     6     61.39678     61.3227     117.6503           -    9.96e-04      39.7      0.0      39.7    10.88       
     7     57.32823     57.2751     110.8789           -    9.94e-04      40.3      0.0      40.3    10.88       
     8     55.67772     55.6162     107.3796           -    9.91e-04      40.2      0.0      40.2    10.88       
     9     52.76471     52.7914     103.0486           -    9.89e-04      38.8      0.0      38.8    10.88       
    10     50.46205     50.4443      98.7397     45.4218    9.86e-04      38.6      2.7      41.3    10.88      *
Best model at epoch 10 (val_mae=45.4218)
    11     49.42824     49.4149      96.6162           -    9.83e-04      39.4      0.0      39.4    10.88       
    12     47.07887     47.0817      92.8758           -    9.79e-04      39.6      0.0      39.6    10.88       
    13     46.43912     46.3944      90.8852           -    9.75e-04      39.7      0.0      39.7    10.88       
    14     44.42335     44.3697      87.4676           -    9.71e-04      40.0      0.0      40.0    10.88       
    15     42.45330     42.4253      83.8983     36.6897    9.66e-04      40.8      2.7      43.5    10.88      *
Best model at epoch 15 (val_mae=36.6897)
    16     41.55002     41.4973      81.4142           -    9.61e-04      40.4      0.0      40.4    10.88       
    17     40.10392     40.0730      78.8283           -    9.56e-04      39.1      0.0      39.1    10.87       
    18     39.55676     39.5392      76.9300           -    9.50e-04      39.1      0.0      39.1    10.88       
    19     38.34912     38.3116      74.4209           -    9.44e-04      40.0      0.0      40.0    10.88       
    20     37.05554     37.0235      72.2719     33.0455    9.38e-04      39.1      2.7      41.8    10.87      *
Best model at epoch 20 (val_mae=33.0455)
    21     36.31429     36.2753      70.3175           -    9.32e-04      39.6      0.0      39.6    10.88       
    22     36.07385     36.0125      69.1647           -    9.25e-04      39.3      0.0      39.3    10.88       
    23     34.03111     33.9903      65.6535           -    9.18e-04      39.2      0.0      39.2    10.88       
    24     33.60363     33.5510      64.5693           -    9.11e-04      40.2      0.0      40.2    10.88       
    25     32.76039     32.7361      62.8159     29.8889    9.03e-04      39.8      2.7      42.5    10.88      *
Best model at epoch 25 (val_mae=29.8889)
    26     32.86955     32.8579      62.5327           -    8.96e-04      39.6      0.0      39.6    10.87       
    27     31.73801     31.6732      60.0371           -    8.87e-04      40.2      0.0      40.2    10.87       
    28     31.36917     31.3239      58.9236           -    8.79e-04      39.5      0.0      39.5    10.88       
    29     30.39223     30.3392      56.9829           -    8.71e-04      39.3      0.0      39.3    10.87       
    30     29.34919     29.2997      54.8285     26.7331    8.62e-04      39.9      2.7      42.6    10.87      *
Best model at epoch 30 (val_mae=26.7331)
    31     30.15085     30.1004      56.0067           -    8.53e-04      40.1      0.0      40.1    10.88       
    32     28.63038     28.5696      53.1216           -    8.44e-04      39.7      0.0      39.7    10.88       
    33     27.83957     27.7879      51.4567           -    8.35e-04      40.0      0.0      40.0    10.88       
    34     28.08088     28.0339      51.5552           -    8.25e-04      41.1      0.0      41.1    10.87       
    35     27.43626     27.3584      50.3538     26.3477    8.15e-04      39.9      2.7      42.5    10.88      *
Best model at epoch 35 (val_mae=26.3477)
    36     27.56605     27.5132      50.0281           -    8.05e-04      39.9      0.0      39.9    10.87       
    37     26.77824     26.7315      48.4568           -    7.95e-04      40.5      0.0      40.5    10.87       
    38     26.29337     26.2398      47.6111           -    7.85e-04      40.1      0.0      40.1    10.87       
    39     25.86286     25.7938      46.7524           -    7.75e-04      39.7      0.0      39.7    10.87       
    40     25.02917     24.9757      45.2027     24.7854    7.64e-04      39.4      2.7      42.1    10.87      *
Best model at epoch 40 (val_mae=24.7854)
    41     26.01490     25.9632      46.2146           -    7.54e-04      39.5      0.0      39.5    10.87       
    42     25.18811     25.1499      45.0838           -    7.43e-04      39.4      0.0      39.4    10.87       
    43     27.24742     27.1724      48.6044           -    7.33e-04      39.5      0.0      39.5    10.87       
    44     25.05996     25.0136      44.6180           -    7.22e-04      39.4      0.0      39.4    10.87       
    45     24.60986     24.5744      43.5120     25.0120    7.11e-04      39.1      2.7      41.8    10.87       
    46     25.21762     25.1764      44.2736           -    7.00e-04      39.6      0.0      39.6    10.87       
    47     24.12320     24.0581      42.7261           -    6.89e-04      40.5      0.0      40.5    10.87       
    48     23.84031     23.7977      41.8849           -    6.78e-04      39.5      0.0      39.5    10.87       
    49     24.05722     23.9654      42.2397           -    6.67e-04      39.6      0.0      39.6    10.87       
    50     24.93329     24.8951      43.8687     23.7773    6.56e-04      39.9      2.7      42.6    10.87      *
Best model at epoch 50 (val_mae=23.7773)
    51     23.51474     23.4676      41.3383           -    6.44e-04      39.9      0.0      39.9    10.87       
    52     23.39966     23.3358      40.9010           -    6.33e-04      39.6      0.0      39.6    10.87       
    53     23.87188     23.8217      41.6656           -    6.22e-04      40.1      0.0      40.1    10.88       
    54     22.69486     22.6473      39.7328           -    6.11e-04      39.1      0.0      39.1    10.87       
    55     22.75761     22.7041      39.7192     23.2229    6.00e-04      39.5      2.7      42.2    10.87      *
Best model at epoch 55 (val_mae=23.2229)
    56     22.91842     22.8850      39.9070           -    5.89e-04      39.3      0.0      39.3    10.87       
    57     22.95504     22.8995      40.1859           -    5.78e-04      39.8      0.0      39.8    10.88       
    58     22.84190     22.7791      39.9072           -    5.67e-04      39.6      0.0      39.6    10.87       
    59     21.91599     21.8630      38.0053           -    5.57e-04      40.0      0.0      40.0    10.87       
    60     21.94854     21.8912      38.1670     21.3072    5.46e-04      39.9      2.7      42.6    10.88      *
Best model at epoch 60 (val_mae=21.3072)
    61     22.25403     22.1408      38.7495           -    5.36e-04      40.2      0.0      40.2    10.87       
    62     22.67635     22.6363      39.4685           -    5.25e-04      39.6      0.0      39.6    11.32       
    63     21.44231     21.3903      37.0926           -    5.15e-04      40.3      0.0      40.3    10.87       
    64     21.42891     21.3507      37.0816           -    5.05e-04      40.0      0.0      40.0    10.87       
    65     21.17185     21.1020      36.7018     20.6165    4.95e-04      39.9      2.7      42.6    10.87      *
Best model at epoch 65 (val_mae=20.6165)
    66     21.80138     21.7475      37.5536           -    4.85e-04      39.4      0.0      39.4    10.87       
    67     21.47698     21.4135      37.3519           -    4.75e-04      39.6      0.0      39.6    10.87       
    68     22.18551     22.1399      37.8216           -    4.65e-04      40.3      0.0      40.3    10.87       
    69     21.44797     21.3883      36.7209           -    4.56e-04      39.6      0.0      39.6    10.87       
    70     20.88428     20.8246      36.1931     21.5489    4.47e-04      39.7      2.7      42.3    10.87       
    71     20.92310     20.8613      36.0816           -    4.38e-04      40.5      0.0      40.5    10.87       
    72     21.13393     21.0833      36.4105           -    4.29e-04      40.4      0.0      40.4    10.87       
    73     20.73102     20.6804      35.7283           -    4.21e-04      39.9      0.0      39.9    10.87       
    74     21.56523     21.5140      36.8723           -    4.13e-04      39.5      0.0      39.5    10.87       
    75     20.68920     20.6043      35.7029     23.3279    4.04e-04      39.8      2.7      42.5    10.87       
    76     20.58981     20.5215      35.4675           -    3.97e-04      39.4      0.0      39.4    10.87       
    77     20.21076     20.1423      34.6665           -    3.89e-04      41.2      0.0      41.2    10.87       
    78     20.21756     20.1576      34.8747           -    3.82e-04      42.6      0.0      42.6    10.87       
    79     19.94590     19.8706      34.3094           -    3.75e-04      42.0      0.0      42.0    10.87       
    80     20.12515     20.0776      34.5471     19.7663    3.68e-04      42.5      2.8      45.2    10.87      *
Best model at epoch 80 (val_mae=19.7663)
    81     19.92505     19.8907      34.3564           -    3.62e-04      41.9      0.0      41.9    10.87       
    82     20.26044     20.1897      34.8267           -    3.56e-04      42.1      0.0      42.1    10.88       
    83     20.26909     20.2114      34.7532           -    3.50e-04      40.9      0.0      40.9    10.88       
    84     19.94574     19.8887      34.3017           -    3.44e-04      39.8      0.0      39.8    10.87       
    85     19.78833     19.7269      33.9869     20.2676    3.39e-04      40.9      2.7      43.6    10.87       
    86     19.75196     19.6980      34.0739           -    3.34e-04      40.1      0.0      40.1    10.87       
    87     19.67240     19.6341      33.8249           -    3.29e-04      39.8      0.0      39.8    10.87       
    88     19.48989     19.4371      33.6187           -    3.25e-04      39.7      0.0      39.7    10.87       
    89     21.18000     21.1322      36.3686           -    3.21e-04      40.1      0.0      40.1    10.88       
    90     19.50127     19.4567      33.7505     19.8875    3.17e-04      40.1      2.7      42.8    10.87       
    91     19.64578     19.6057      33.7344           -    3.14e-04      40.3      0.0      40.3    10.87       
    92     19.47051     19.4141      33.4649           -    3.11e-04      39.5      0.0      39.5    10.87       
    93     19.36333     19.3103      33.3693           -    3.09e-04      39.5      0.0      39.5    10.87       
    94     19.39884     19.3505      33.5135           -    3.06e-04      39.2      0.0      39.2    10.87       
    95     19.52434     19.4870      33.5713     20.2946    3.04e-04      39.9      2.7      42.6    10.87       
    96     19.16528     19.1140      33.0015           -    3.03e-04      42.0      0.0      42.0    10.87       
    97     19.20654     19.1417      32.9570           -    3.02e-04      40.1      0.0      40.1    10.87       
    98     19.24744     19.1945      33.0998           -    3.01e-04      39.8      0.0      39.8    10.87       
    99     19.12029     19.0745      32.9677           -    3.00e-04      40.0      0.0      40.0    10.87       
   100     19.13740     19.0840      32.8705     19.3616    3.00e-04      39.7      2.7      42.3    10.87      *
Best model at epoch 100 (val_mae=19.3616)

------------------------------------------------------------------------------------------------
Training finished normally: 2026-09-29 14:52:59
Summary
  completed_epochs: 100
  best_epoch: 100
  best_val_mae: 19.361622
  val_epoch: 5
  validation_count: 20
  final_train_loss: 19.137403
  final_train_mae: 19.083973
  final_val_loss: 19.507011
  final_val_mae: 19.361622
  total_time: 1h 7m 39s
  avg_epoch_time_sec: 40.53
  avg_train_sec_per_step: 0.5194
  avg_val_sec_per_step: 0.0490
  peak_memory_gb: 11.52
  test_loss: 18.312821
  test_mae: 18.347555
  test_rmse: 32.285366
  test_mape: 131915.223577
  test_time_sec: 5.56
  best_checkpoint: /home/students/HuangMingYu/code/py/my_idea/my_idea/outputs/v24-COE/TaxiBJ/custom/20260929_134519_nofeedback_base_seed7/random/rate0.4/20260929_134519_seed7_bs32/checkpoints/best.pth
  last_checkpoint: /home/students/HuangMingYu/code/py/my_idea/my_idea/outputs/v24-COE/TaxiBJ/custom/20260929_134519_nofeedback_base_seed7/random/rate0.4/20260929_134519_seed7_bs32/checkpoints/last.pth
  best_state_source: checkpoint
  metrics_jsonl: /home/students/HuangMingYu/code/py/my_idea/my_idea/outputs/v24-COE/TaxiBJ/custom/20260929_134519_nofeedback_base_seed7/random/rate0.4/20260929_134519_seed7_bs32/logs/metrics.jsonl
------------------------------------------------------------------------------------------------
