Training started: 2026-09-30 02:34:33
------------------------------------------------------------------------------------------------
Run
  run_dir: /home/students/HuangMingYu/code/py/my_idea/my_idea/outputs/v24-COE/TaxiBJ/custom/20260930_023432_primitive_coe_shared_seed7/random/rate0.4/20260930_023432_seed7_bs32
  command: /home/students/HuangMingYu/code/py/my_idea/my_idea/outputs/v24-COE/experiments/n_exploration/taxibj/b98fed7e6682bd8b/source_snapshot/scripts/train.py -c /home/students/HuangMingYu/code/py/my_idea/my_idea/outputs/v24-COE/experiments/n_exploration/taxibj/b98fed7e6682bd8b/configs/N3.json --name primitive_coe_shared --no_plot --result-file /home/students/HuangMingYu/code/py/my_idea/my_idea/outputs/v24-COE/experiments/n_exploration/taxibj/b98fed7e6682bd8b/results/N3.attempt1.json --train_npz /home/students/HuangMingYu/code/py/my_idea/my_idea/data/TaxiBJ/v24_clean_abc_20260917/taxibj_train.npz --val_npz /home/students/HuangMingYu/code/py/my_idea/my_idea/data/TaxiBJ/v24_clean_abc_20260917/taxibj_val.npz --test_npz /home/students/HuangMingYu/code/py/my_idea/my_idea/data/TaxiBJ/v24_clean_abc_20260917/taxibj_test.npz
  git_commit: c6c145ea448e2a2cf356b3b4f6f8b24d8bf16953
  git_branch: v24-COE
  git_dirty: True
  config_sha256: 7e71e61df5f671f09c1c7a739398349d12b54bcd5fe79e0622750dc86e6ea17c
  python: 3.9.25
  torch: 2.6.0+cu124
  cuda_runtime: 12.4
  train_npz: /home/students/HuangMingYu/code/py/my_idea/my_idea/data/TaxiBJ/v24_clean_abc_20260917/taxibj_train.npz
  val_npz: /home/students/HuangMingYu/code/py/my_idea/my_idea/data/TaxiBJ/v24_clean_abc_20260917/taxibj_val.npz
  test_npz: /home/students/HuangMingYu/code/py/my_idea/my_idea/data/TaxiBJ/v24_clean_abc_20260917/taxibj_test.npz
  dataset: TaxiBJ
  experiment_type: custom
  variant: primitive_coe_shared
  train_samples: 2452
  val_samples: 342
  train_steps_per_epoch: 77
  val_steps_per_epoch: 11
  test_samples: 707
  test_steps: 23
  batch_size: 32
  world_size: 1
  per_device_batch_size: 32
  mask_pattern: random
  mask_rate_config: 0.4
  train_mask: unknown
  val_mask: unknown
  data_shape: (2452, 2, 12, 32, 32)
  device: cuda
  device_name: NVIDIA GeForce RTX 3090
  total_params: 250,043
  trainable_params: 250,043
Config
{
  "seed": 7,
  "output_dir": "/home/students/HuangMingYu/code/py/my_idea/my_idea/outputs/v24-COE",
  "device": "cuda",
  "data": {
    "dataset_name": "TaxiBJ",
    "batch_size": 32,
    "num_workers": 0,
    "pin_memory": true,
    "drop_last": false,
    "mask": {
      "pattern": "random",
      "missing_rate": 0.4
    },
    "synthetic": {
      "num_train": 128,
      "num_val": 32,
      "t": 12,
      "h": 32,
      "w": 32
    },
    "multiscale": false,
    "loader_seed": 7,
    "train_mask_diversity": {
      "families": [
        "random_point",
        "node_outage",
        "temporal_gap",
        "spatial_region"
      ],
      "rates": [
        0.4
      ],
      "seed": 20260917,
      "resample_each_epoch": true
    },
    "eval_mask_diversity": {
      "families": [
        "random_point",
        "node_outage",
        "temporal_gap",
        "spatial_region"
      ],
      "rates": [
        0.4
      ],
      "seed": 20260917,
      "resample_each_epoch": false
    }
  },
  "model": {
    "architecture": "v24_ts_coe",
    "c_in": 2,
    "main": {
      "dim": 64,
      "max_t": 12,
      "h": 32,
      "w": 32,
      "scale_mode": "fine",
      "use_multiscale": false
    },
    "coe": {
      "num_steps": 4,
      "expert_pool": [
        "T",
        "S",
        "TD",
        "SD",
        "TA",
        "ST",
        "TL",
        "SL"
      ],
      "routing_mode": "hard",
      "fixed_path": null,
      "fixed_expert_steps": [
        null,
        null,
        null,
        null
      ],
      "router_state": "dynamic",
      "expert_state": "dynamic",
      "use_shared": false,
      "use_routed": true,
      "temperature": 1.0,
      "temporal_kernel": 3,
      "spatial_kernel": 3,
      "temporal_dilation": 2,
      "spatial_dilation": 2,
      "attention_heads": 4,
      "residual_init": 0.1,
      "routing_warmup_epochs": 0,
      "routing_transition_epochs": 0,
      "uniform_mix_start": 0.5,
      "sampling_temperature_start": 2.0,
      "top_k": 2,
      "router_hidden_dim": 64,
      "pair_mode": "native",
      "acceptance": "none",
      "expert_sharing": "shared",
      "previous_expert_context": false,
      "global_route_weights": false,
      "router_input_noise_std": 0.0,
      "router_input_noise_steps": 0,
      "completion_feedback": false,
      "repair_acceptance": "none",
      "fusion_mode": "original",
      "partner_fusion": "individual",
      "partner_aux_head_only": false,
      "pair_dense_warmup_steps": 0,
      "state_update_mode": "direct",
      "router_features": "legacy",
      "local_routing": {
        "enabled": false
      }
    },
    "aux": {
      "enabled": false,
      "alpha_init": 0.0
    }
  },
  "loss": {
    "type": "l1",
    "lambda_coe_mid": 0.0,
    "lambda_coe_balance": 0.01,
    "lambda_coe_z": 0.0,
    "balance_importance": "candidate"
  },
  "train": {
    "epochs": 100,
    "val_epoch": 5,
    "lr_main": 0.001,
    "weight_decay": 0.0001,
    "grad_clip_norm": 1.0,
    "amp": true,
    "save_every": 10,
    "scheduler": {
      "type": "cosine",
      "total_epochs": 100,
      "eta_min": 0.0003,
      "reach_min_at_last_epoch": true
    },
    "early_stopping": {
      "enabled": false
    },
    "save_best_checkpoint": true,
    "router_grad_diagnostic_every": 0,
    "full_checkpoint": true,
    "measure_forward_latency": true,
    "oracle_last_step_samples": 0,
    "best_checkpoint_name": "best.pth",
    "save_last_checkpoint": true,
    "optimizer": "AdamW"
  },
  "experiment_plan": {
    "suite": "n_exploration",
    "variant": "N3",
    "base_variant": "B3",
    "protocol": {
      "train_families": [
        "random_point",
        "node_outage",
        "temporal_gap",
        "spatial_region"
      ],
      "rate": 0.4,
      "mask_seed": 20260917,
      "evaluations": {
        "in_distribution": {
          "families": [
            "random_point",
            "node_outage",
            "temporal_gap",
            "spatial_region"
          ],
          "seed": 20260917
        },
        "unseen_combinations": {
          "families": [
            "node_plus_space",
            "time_plus_space",
            "node_plus_time"
          ],
          "seed": 20260918
        },
        "unseen_geometry": {
          "families": [
            "moving_region",
            "multi_block"
          ],
          "seed": 20260919
        }
      },
      "checkpoint_selection": "in_distribution_validation_only",
      "note": "Same test windows across sets; masks are fixed and identical across models. New family/combination names never reach the model."
    }
  }
}
------------------------------------------------------------------------------------------------
-----------------------------------------------------------------------------------------------------------------
 epoch         loss         mae         rmse     val_mae          lr   train_s    val_s   epoch_s   mem_gb   best
-----------------------------------------------------------------------------------------------------------------
     1    108.73719    108.7321     175.1779           -    1.00e-03      40.6      0.0      40.6    11.52       
     2     95.36727     95.4207     161.4768           -    1.00e-03      42.6      0.0      42.6    11.01       
     3     81.93916     81.8827     146.1745           -    9.99e-04      40.9      0.0      40.9    11.01       
     4     73.36403     73.3357     136.1514           -    9.98e-04      40.6      0.0      40.6    11.01       
     5     67.01050     66.9751     127.8829     56.4630    9.97e-04      38.7      2.6      41.2    11.01      *
Best model at epoch 5 (val_mae=56.4630)
     6     62.37356     62.3010     120.5264           -    9.96e-04      40.5      0.0      40.5    11.01       
     7     59.40067     59.3382     116.1515           -    9.94e-04      38.9      0.0      38.9    11.01       
     8     55.70566     55.6820     110.7876           -    9.91e-04      38.7      0.0      38.7    11.01       
     9     53.98839     54.0054     106.8682           -    9.89e-04      38.9      0.0      38.9    11.01       
    10     52.35608     52.3677     104.3008     44.3006    9.86e-04      39.8      2.5      42.3    11.01      *
Best model at epoch 10 (val_mae=44.3006)
    11     50.26243     50.2536     101.1541           -    9.83e-04      40.6      0.0      40.6    11.01       
    12     49.52012     49.4782      99.0191           -    9.79e-04      39.3      0.0      39.3    11.00       
    13     47.24352     47.2364      95.0432           -    9.75e-04      39.7      0.0      39.7    11.01       
    14     46.62822     46.5826      93.0705           -    9.71e-04      39.6      0.0      39.6    11.00       
    15     45.08463     45.0715      90.9685     39.4216    9.66e-04      40.1      2.5      42.7    11.01      *
Best model at epoch 15 (val_mae=39.4216)
    16     43.49306     43.4446      87.4366           -    9.61e-04      39.4      0.0      39.4    11.01       
    17     43.71321     43.7255      87.0704           -    9.56e-04      39.3      0.0      39.3    11.01       
    18     42.77926     42.7870      84.7782           -    9.50e-04      39.7      0.0      39.7    11.01       
    19     41.01099     41.0010      81.8121           -    9.44e-04      39.8      0.0      39.8    11.01       
    20     42.18696     42.1474      82.1415     35.3402    9.38e-04      39.0      2.5      41.6    11.01      *
Best model at epoch 20 (val_mae=35.3402)
    21     39.42689     39.3896      78.7300           -    9.32e-04      39.4      0.0      39.4    11.01       
    22     38.24875     38.1976      76.1674           -    9.25e-04      38.9      0.0      38.9    11.01       
    23     37.10888     37.0362      73.7522           -    9.18e-04      39.6      0.0      39.6    11.01       
    24     36.55796     36.5506      72.2720           -    9.11e-04      39.5      0.0      39.5    11.00       
    25     35.52985     35.5387      69.9350     30.3236    9.03e-04      39.5      2.5      42.0    11.00      *
Best model at epoch 25 (val_mae=30.3236)
    26     33.90715     33.8615      66.3447           -    8.96e-04      39.0      0.0      39.0    11.00       
    27     33.39887     33.3735      65.3706           -    8.87e-04      39.0      0.0      39.0    11.00       
    28     32.31243     32.2837      62.8541           -    8.79e-04      39.0      0.0      39.0    10.99       
    29     31.39926     31.3728      60.6995           -    8.71e-04      38.1      0.0      38.1    10.99       
    30     30.41555     30.3628      58.5549     27.1068    8.62e-04      38.1      2.5      40.6    10.94      *
Best model at epoch 30 (val_mae=27.1068)
    31     31.54419     31.5080      61.0822           -    8.53e-04      37.9      0.0      37.9    10.93       
    32     30.63894     30.6196      58.7347           -    8.44e-04      38.1      0.0      38.1    10.91       
    33     30.11850     30.0892      56.9183           -    8.35e-04      38.0      0.0      38.0    10.90       
    34     29.38852     29.3593      55.5325           -    8.25e-04      38.0      0.0      38.0    10.88       
    35     29.30984     29.2478      55.1100     26.4618    8.15e-04      38.1      2.6      40.6    10.88      *
Best model at epoch 35 (val_mae=26.4618)
    36     28.10034     28.0766      52.6758           -    8.05e-04      38.1      0.0      38.1    10.88       
    37     28.60674     28.5589      53.6893           -    7.95e-04      38.1      0.0      38.1    10.87       
    38     27.34932     27.3027      51.3064           -    7.85e-04      38.1      0.0      38.1    10.88       
    39     26.98086     26.9265      50.3590           -    7.75e-04      38.0      0.0      38.0    10.88       
    40     27.33716     27.2970      50.3938     24.0047    7.64e-04      38.3      2.5      40.8    10.88      *
Best model at epoch 40 (val_mae=24.0047)
    41     26.93524     26.9368      50.0221           -    7.54e-04      38.1      0.0      38.1    10.87       
    42     25.96463     25.9666      48.0140           -    7.43e-04      38.3      0.0      38.3    10.88       
    43     26.06427     26.0128      47.8527           -    7.33e-04      38.2      0.0      38.2    10.88       
    44     25.70491     25.6841      47.0397           -    7.22e-04      38.5      0.0      38.5    10.88       
    45     26.05445     26.0127      47.3652     24.6364    7.11e-04      38.9      2.5      41.5    10.88       
    46     25.23393     25.2242      46.1168           -    7.00e-04      39.1      0.0      39.1    10.88       
    47     25.06698     25.0534      45.8687           -    6.89e-04      39.1      0.0      39.1    10.88       
    48     25.43034     25.4071      46.3060           -    6.78e-04      39.3      0.0      39.3    10.88       
    49     24.23491     24.1936      43.8995           -    6.67e-04      39.3      0.0      39.3    10.88       
    50     24.51579     24.5002      44.2186     25.9481    6.56e-04      39.3      2.6      41.8    10.88       
    51     26.02668     26.0117      47.0318           -    6.44e-04      39.3      0.0      39.3    10.88       
    52     23.98293     23.9752      43.3806           -    6.33e-04      39.2      0.0      39.2    10.88       
    53     24.04849     24.0019      43.1130           -    6.22e-04      39.2      0.0      39.2    10.88       
    54     23.34417     23.3230      41.8703           -    6.11e-04      39.2      0.0      39.2    10.88       
    55     23.62583     23.5699      42.5960     21.2787    6.00e-04      39.2      2.5      41.8    10.88      *
Best model at epoch 55 (val_mae=21.2787)
    56     22.87023     22.8372      40.9006           -    5.89e-04      39.3      0.0      39.3    10.88       
    57     22.48501     22.4515      40.3379           -    5.78e-04      39.2      0.0      39.2    10.88       
    58     22.84268     22.8148      40.5753           -    5.67e-04      39.4      0.0      39.4    10.88       
    59     22.64317     22.6040      40.2972           -    5.57e-04      39.2      0.0      39.2    10.88       
    60     22.36884     22.3494      39.6428     20.1650    5.46e-04      39.2      2.6      41.8    10.88      *
Best model at epoch 60 (val_mae=20.1650)
    61     22.96604     22.9363      40.6493           -    5.36e-04      39.2      0.0      39.2    10.88       
    62     21.69003     21.6823      38.6753           -    5.25e-04      39.2      0.0      39.2    10.88       
    63     21.60517     21.5662      38.3740           -    5.15e-04      39.2      0.0      39.2    10.88       
    64     21.80546     21.7696      38.6810           -    5.05e-04      39.2      0.0      39.2    10.88       
    65     21.59894     21.5528      38.3067     19.7915    4.95e-04      39.2      2.6      41.8    10.88      *
Best model at epoch 65 (val_mae=19.7915)
    66     20.89303     20.8832      36.9425           -    4.85e-04      39.1      0.0      39.1    10.88       
    67     20.76125     20.7180      36.8956           -    4.75e-04      39.1      0.0      39.2    10.88       
    68     20.86090     20.8403      36.7969           -    4.65e-04      39.1      0.0      39.1    10.88       
    69     20.51447     20.5002      36.1374           -    4.56e-04      39.3      0.0      39.3    10.87       
    70     20.45713     20.4064      36.2174     19.3384    4.47e-04      39.1      2.6      41.7    10.88      *
Best model at epoch 70 (val_mae=19.3384)
    71     20.60540     20.5749      36.3403           -    4.38e-04      39.1      0.0      39.1    10.88       
    72     20.91396     20.8881      36.6889           -    4.29e-04      39.1      0.0      39.1    10.88       
    73     20.16585     20.1265      35.5072           -    4.21e-04      39.2      0.0      39.2    10.88       
    74     19.78742     19.7638      34.8505           -    4.13e-04      39.2      0.0      39.2    10.88       
    75     19.94920     19.9250      35.2014     19.3678    4.04e-04      39.1      2.6      41.7    10.88       
    76     19.99524     19.9645      35.2318           -    3.97e-04      39.1      0.0      39.1    10.88       
    77     19.66185     19.6342      34.5672           -    3.89e-04      39.1      0.0      39.1    10.88       
    78     19.89051     19.8814      35.1663           -    3.82e-04      39.0      0.0      39.0    10.88       
    79     19.53636     19.4929      34.3476           -    3.75e-04      39.2      0.0      39.2    10.88       
    80     19.44296     19.4327      34.2742     18.8994    3.68e-04      39.0      2.6      41.6    10.87      *
Best model at epoch 80 (val_mae=18.8994)
    81     19.33295     19.3003      33.9091           -    3.62e-04      39.0      0.0      39.0    10.88       
    82     19.07020     19.0282      33.4090           -    3.56e-04      39.0      0.0      39.0    10.87       
    83     18.99084     18.9742      33.4975           -    3.50e-04      39.1      0.0      39.1    10.89       
    84     19.06530     19.0357      33.4326           -    3.44e-04      39.0      0.0      39.0    10.88       
    85     18.92033     18.8982      33.2568     18.1256    3.39e-04      39.0      2.6      41.6    10.88      *
Best model at epoch 85 (val_mae=18.1256)
    86     18.69453     18.6734      32.8940           -    3.34e-04      39.1      0.0      39.1    10.88       
    87     18.78363     18.7585      33.1618           -    3.29e-04      39.0      0.0      39.0    10.88       
    88     18.52624     18.5095      32.5670           -    3.25e-04      39.0      0.0      39.0    10.88       
    89     18.84689     18.8095      33.0968           -    3.21e-04      39.1      0.0      39.1    10.87       
    90     18.57292     18.5739      32.6081     17.7395    3.17e-04      39.1      2.6      41.6    10.87      *
Best model at epoch 90 (val_mae=17.7395)
    91     18.65265     18.6300      32.7182           -    3.14e-04      39.2      0.0      39.2    10.88       
    92     18.58844     18.5717      32.5571           -    3.11e-04      39.1      0.0      39.1    10.89       
    93     18.40442     18.3699      32.4292           -    3.09e-04      39.1      0.0      39.1    10.88       
    94     18.26859     18.2474      32.0996           -    3.06e-04      39.2      0.0      39.2    10.88       
    95     18.26329     18.2513      32.0269     18.2129    3.04e-04      39.0      2.6      41.6    10.87       
    96     18.21211     18.1890      31.9145           -    3.03e-04      39.1      0.0      39.1    10.88       
    97     18.07550     18.0324      31.7899           -    3.02e-04      39.2      0.0      39.2    10.88       
    98     18.27419     18.2542      31.9668           -    3.01e-04      39.1      0.0      39.1    10.88       
    99     18.00827     18.0035      31.6931           -    3.00e-04      39.1      0.0      39.1    10.88       
   100     18.10211     18.0703      31.7011     18.1833    3.00e-04      39.1      2.6      41.7    10.88       

------------------------------------------------------------------------------------------------
Training finished normally: 2026-09-30 03:40:43
Summary
  completed_epochs: 100
  best_epoch: 90
  best_val_mae: 17.739543
  val_epoch: 5
  validation_count: 20
  final_train_loss: 18.102110
  final_train_mae: 18.070282
  final_val_loss: 18.222469
  final_val_mae: 18.183290
  total_time: 1h 6m 10s
  avg_epoch_time_sec: 39.64
  avg_train_sec_per_step: 0.5082
  avg_val_sec_per_step: 0.0464
  peak_memory_gb: 11.52
  test_loss: 17.058092
  test_mae: 17.120349
  test_rmse: 30.438539
  test_mape: 147039.161153
  test_time_sec: 5.29
  best_checkpoint: /home/students/HuangMingYu/code/py/my_idea/my_idea/outputs/v24-COE/TaxiBJ/custom/20260930_023432_primitive_coe_shared_seed7/random/rate0.4/20260930_023432_seed7_bs32/checkpoints/best.pth
  last_checkpoint: /home/students/HuangMingYu/code/py/my_idea/my_idea/outputs/v24-COE/TaxiBJ/custom/20260930_023432_primitive_coe_shared_seed7/random/rate0.4/20260930_023432_seed7_bs32/checkpoints/last.pth
  best_state_source: checkpoint
  metrics_jsonl: /home/students/HuangMingYu/code/py/my_idea/my_idea/outputs/v24-COE/TaxiBJ/custom/20260930_023432_primitive_coe_shared_seed7/random/rate0.4/20260930_023432_seed7_bs32/logs/metrics.jsonl
------------------------------------------------------------------------------------------------
