Training started: 2026-09-20 20:21:25
------------------------------------------------------------------------------------------------
Run
  run_dir: /home/students/HuangMingYu/code/py/my_idea/my_idea/outputs/v24-COE/experiments/coe_mechanism1/coe_mechanism1/4f058b8aa27e1b8e/runs/v24_coe_mechanism1_coe_mech_initial_expert_mixed9_rate0.4_updates_seed7/TaxiBJ/custom/v24_coe_mechanism1_coe_mech_initial_expert_mixed9_rate0.4_updates_seed7/random/rate0.4/20260920_202123_seed7_bs16
  command: /home/students/HuangMingYu/code/py/my_idea/my_idea/scripts/train.py -c /home/students/HuangMingYu/code/py/my_idea/my_idea/outputs/v24-COE/experiments/coe_mechanism1/coe_mechanism1/4f058b8aa27e1b8e/configs/v24_coe_mechanism1_coe_mech_initial_expert_mixed9_rate0.4_updates_seed7.json --no_plot --name v24_coe_mechanism1_coe_mech_initial_expert_mixed9_rate0.4_updates_seed7 --train_npz /home/students/HuangMingYu/code/py/my_idea/my_idea/data/TaxiBJ/v24_clean_abc_20260917/taxibj_train.npz --val_npz /home/students/HuangMingYu/code/py/my_idea/my_idea/data/TaxiBJ/v24_clean_abc_20260917/taxibj_val.npz --test_npz /home/students/HuangMingYu/code/py/my_idea/my_idea/data/TaxiBJ/v24_clean_abc_20260917/taxibj_test.npz --result-file /home/students/HuangMingYu/code/py/my_idea/my_idea/outputs/v24-COE/experiments/coe_mechanism1/coe_mechanism1/4f058b8aa27e1b8e/results/v24_coe_mechanism1_coe_mech_initial_expert_mixed9_rate0.4_updates_seed7.attempt1.json
  git_commit: 60eea820838eaddb1e1c77590945db0897f79169
  git_branch: v24-COE
  git_dirty: True
  config_sha256: eee852731b6a573f5877b7952906712eca835501442884b3fb4d1825eee67062
  python: 3.9.25
  torch: 2.6.0+cu124
  cuda_runtime: 12.4
  train_npz: /home/students/HuangMingYu/code/py/my_idea/my_idea/data/TaxiBJ/v24_clean_abc_20260917/taxibj_train.npz
  val_npz: /home/students/HuangMingYu/code/py/my_idea/my_idea/data/TaxiBJ/v24_clean_abc_20260917/taxibj_val.npz
  test_npz: /home/students/HuangMingYu/code/py/my_idea/my_idea/data/TaxiBJ/v24_clean_abc_20260917/taxibj_test.npz
  dataset: TaxiBJ
  experiment_type: custom
  variant: v24_coe_mechanism1_coe_mech_initial_expert_mixed9_rate0.4_updates_seed7
  train_samples: 2452
  val_samples: 342
  train_steps_per_epoch: 154
  val_steps_per_epoch: 22
  test_samples: 707
  test_steps: 45
  batch_size: 16
  mask_pattern: random
  mask_rate_config: 0.4
  train_mask: unknown
  val_mask: unknown
  data_shape: (2452, 2, 12, 32, 32)
  device: cuda
  device_name: NVIDIA GeForce RTX 3090
  total_params: 211,507
  trainable_params: 211,507
Config
{
  "seed": 7,
  "output_dir": "/home/students/HuangMingYu/code/py/my_idea/my_idea/outputs/v24-COE/experiments/coe_mechanism1/coe_mechanism1/4f058b8aa27e1b8e/runs/v24_coe_mechanism1_coe_mech_initial_expert_mixed9_rate0.4_updates_seed7",
  "device": "cuda",
  "data": {
    "dataset_name": "TaxiBJ",
    "batch_size": 16,
    "num_workers": 0,
    "pin_memory": true,
    "drop_last": false,
    "mask": {
      "pattern": "random",
      "missing_rate": 0.4
    },
    "synthetic": {
      "num_train": 128,
      "num_val": 32,
      "t": 12,
      "h": 32,
      "w": 32
    },
    "multiscale": false,
    "loader_seed": 7,
    "train_mask_diversity": {
      "families": [
        "random_point",
        "node_outage",
        "temporal_gap",
        "spatial_region",
        "spatiotemporal_block",
        "stripe",
        "moving_region",
        "multi_block",
        "composite"
      ],
      "rates": [
        0.4
      ],
      "seed": 20260917,
      "resample_each_epoch": true
    },
    "eval_mask_diversity": {
      "families": [
        "random_point",
        "node_outage",
        "temporal_gap",
        "spatial_region",
        "spatiotemporal_block",
        "stripe",
        "moving_region",
        "multi_block",
        "composite"
      ],
      "rates": [
        0.4
      ],
      "seed": 20260917,
      "resample_each_epoch": false
    }
  },
  "model": {
    "architecture": "v24_ts_coe",
    "c_in": 2,
    "main": {
      "dim": 64,
      "max_t": 12,
      "h": 32,
      "w": 32,
      "scale_mode": "fine",
      "use_multiscale": false
    },
    "coe": {
      "num_steps": 4,
      "expert_pool": [
        "T",
        "S",
        "TD",
        "SD",
        "TA",
        "ST"
      ],
      "routing_mode": "hard",
      "fixed_path": null,
      "fixed_expert_steps": [
        null,
        null,
        null,
        null
      ],
      "router_state": "dynamic",
      "expert_state": "initial",
      "use_shared": true,
      "use_routed": true,
      "temperature": 1.0,
      "temporal_kernel": 3,
      "spatial_kernel": 3,
      "temporal_dilation": 2,
      "spatial_dilation": 2,
      "attention_heads": 4,
      "residual_init": 0.1,
      "routing_warmup_epochs": 3,
      "routing_transition_epochs": 3,
      "uniform_mix_start": 0.5,
      "sampling_temperature_start": 2.0
    },
    "aux": {
      "enabled": false,
      "alpha_init": 0.0
    }
  },
  "loss": {
    "type": "l1",
    "lambda_coe_mid": 0.0,
    "lambda_coe_balance": 0.01
  },
  "train": {
    "epochs": 60,
    "val_epoch": 2,
    "lr_main": 0.001,
    "weight_decay": 0.0001,
    "grad_clip_norm": 1.0,
    "amp": true,
    "save_every": 10,
    "scheduler": {
      "type": "cosine",
      "eta_min": 1e-06,
      "total_epochs": 60
    },
    "early_stopping": {
      "enabled": false,
      "monitor": "val_mae",
      "patience": 40,
      "mode": "min"
    },
    "save_best_checkpoint": true,
    "router_grad_diagnostic_every": 50
  },
  "experiment_plan": {
    "stage": "coe_mechanism1",
    "variant": "coe_mech_initial_expert",
    "protocol": "mixed9_rate0.4",
    "protocol_kind": "generated_diverse",
    "budget_regime": "updates",
    "mask_metadata": null,
    "training_mask_source": "dynamic_diverse",
    "evaluation_mask_source": "diverse_fixed_per_split"
  },
  "experiment_suite_fingerprint": "4f058b8aa27e1b8eb3d45fe664809fde4295d99a7399f3a8b97b9ff3e4ef2a5d"
}
------------------------------------------------------------------------------------------------
-----------------------------------------------------------------------------------------------------------------
 epoch         loss         mae         rmse     val_mae          lr   train_s    val_s   epoch_s   mem_gb   best
-----------------------------------------------------------------------------------------------------------------
     1    107.13603    107.2832     174.1355           -    1.00e-03      93.5      0.0      93.5    11.42       
     2     79.90663     80.0065     141.1367     85.6334    9.99e-04      93.3      2.0      95.2    11.42      *
Best model at epoch 2 (val_mae=85.6334)
     3     66.87343     66.7422     123.4160           -    9.97e-04      93.4      0.0      93.4    11.42       
     4     61.34183     61.2247     113.9967     53.2228    9.94e-04      93.4      2.0      95.4    11.42      *
Best model at epoch 4 (val_mae=53.2228)
     5     55.84039     55.8100     104.9459           -    9.89e-04      93.3      0.0      93.3    11.42       
     6     53.54164     53.5131      99.5542     45.1004    9.83e-04      93.1      2.0      95.1    11.42      *
Best model at epoch 6 (val_mae=45.1004)
     7     50.99010     50.8512      94.3820           -    9.76e-04      93.1      0.0      93.1    11.42       
     8     49.45045     49.3734      91.4183     42.5671    9.67e-04      93.1      2.0      95.1    11.42      *
Best model at epoch 8 (val_mae=42.5671)
     9     47.89121     47.9293      88.8237           -    9.57e-04      93.1      0.0      93.1    11.42       
    10     46.53707     46.4949      85.8676     41.1827    9.46e-04      93.1      2.0      95.1    11.42      *
Best model at epoch 10 (val_mae=41.1827)
    11     45.89694     45.8230      84.8148           -    9.33e-04      93.1      0.0      93.1    11.42       
    12     45.69246     45.7289      84.0022     40.8527    9.19e-04      93.1      2.0      95.1    11.42      *
Best model at epoch 12 (val_mae=40.8527)
    13     45.51302     45.4604      83.5489           -    9.05e-04      93.1      0.0      93.1    11.42       
    14     44.16394     44.0868      81.5147     39.7207    8.89e-04      93.1      2.0      95.1    11.42      *
Best model at epoch 14 (val_mae=39.7207)
    15     43.26070     43.2528      79.8347           -    8.72e-04      93.1      0.0      93.1    11.42       
    16     43.20179     43.1542      79.1504     39.3397    8.54e-04      93.1      2.0      95.1    11.42      *
Best model at epoch 16 (val_mae=39.3397)
    17     43.46292     43.5175      79.9703           -    8.35e-04      93.1      0.0      93.1    11.42       
    18     42.54850     42.5386      78.1887     40.6081    8.15e-04      93.1      2.0      95.1    11.42       
    19     42.01121     42.0315      77.1037           -    7.94e-04      93.1      0.0      93.1    11.42       
    20     41.58416     41.5461      76.0550     38.2383    7.73e-04      93.2      2.0      95.2    11.42      *
Best model at epoch 20 (val_mae=38.2383)
    21     42.40942     42.3856      77.6302           -    7.50e-04      93.1      0.0      93.1    11.42       
    22     41.20363     41.1876      75.5600     40.6602    7.27e-04      93.0      2.0      95.0    11.42       
    23     41.06867     41.0575      75.5595           -    7.04e-04      93.1      0.0      93.1    11.42       
    24     40.37844     40.4120      73.9956     37.7036    6.80e-04      93.1      2.0      95.1    11.42      *
Best model at epoch 24 (val_mae=37.7036)
    25     40.45908     40.5119      74.3893           -    6.55e-04      93.2      0.0      93.2    11.42       
    26     40.39069     40.3758      73.6393     36.5032    6.30e-04      93.1      2.0      95.1    11.42      *
Best model at epoch 26 (val_mae=36.5032)
    27     40.35034     40.3260      73.2991           -    6.04e-04      93.1      0.0      93.1    11.42       
    28     40.45159     40.5307      73.8160     36.5963    5.79e-04      93.1      2.0      95.1    11.42       
    29     39.38844     39.4253      71.9014           -    5.53e-04      93.1      0.0      93.1    11.42       
    30     38.91096     38.9274      71.0806     36.5512    5.27e-04      93.1      2.0      95.1    11.42       
    31     39.42186     39.3112      71.6764           -    5.01e-04      93.1      0.0      93.1    11.42       
    32     39.16208     38.9743      70.9490     35.1110    4.74e-04      93.1      2.0      95.1    11.42      *
Best model at epoch 32 (val_mae=35.1110)
    33     38.52710     38.5723      70.2451           -    4.48e-04      93.1      0.0      93.1    11.42       
    34     39.14958     39.1742      71.1879     35.9199    4.22e-04      93.1      2.0      95.1    11.42       
    35     38.52664     38.4170      69.7767           -    3.97e-04      93.1      0.0      93.1    11.42       
    36     38.10078     38.1047      69.2609     35.1983    3.71e-04      93.1      2.0      95.1    11.42       
    37     37.77061     37.7677      68.6101           -    3.46e-04      93.1      0.0      93.1    11.42       
    38     37.69422     37.6099      67.9359     34.9739    3.21e-04      93.1      2.0      95.1    11.42      *
Best model at epoch 38 (val_mae=34.9739)
    39     37.70828     37.6179      68.0101           -    2.97e-04      93.1      0.0      93.1    11.42       
    40     37.06765     37.0954      67.2025     34.9001    2.74e-04      93.1      2.0      95.1    11.42      *
Best model at epoch 40 (val_mae=34.9001)
    41     37.52280     37.4762      67.4910           -    2.51e-04      93.1      0.0      93.1    11.42       
    42     37.07323     37.1288      67.0533     34.3458    2.28e-04      93.2      2.0      95.1    11.42      *
Best model at epoch 42 (val_mae=34.3458)
    43     37.39728     37.2621      67.1068           -    2.07e-04      93.2      0.0      93.2    11.42       
    44     37.33876     37.2984      67.1198     33.9820    1.86e-04      93.1      2.0      95.1    11.42      *
Best model at epoch 44 (val_mae=33.9820)
    45     36.65221     36.6660      65.8899           -    1.66e-04      93.1      0.0      93.1    11.42       
    46     36.79181     36.8168      66.1849     34.1437    1.47e-04      93.1      2.0      95.1    11.42       
    47     36.65142     36.5254      66.0537           -    1.29e-04      93.1      0.0      93.1    11.42       
    48     36.36651     36.3856      65.3255     33.7411    1.12e-04      93.1      2.0      95.1    11.42      *
Best model at epoch 48 (val_mae=33.7411)
    49     36.33491     36.2497      65.0743           -    9.64e-05      93.2      0.0      93.2    11.42       
    50     36.58469     36.5284      65.7952     33.5849    8.16e-05      93.2      2.0      95.1    11.42      *
Best model at epoch 50 (val_mae=33.5849)
    51     36.61413     36.6127      65.7039           -    6.79e-05      93.2      0.0      93.2    11.42       
    52     36.20042     36.1335      64.9493     33.5753    5.54e-05      93.2      2.0      95.2    11.42      *
Best model at epoch 52 (val_mae=33.5753)
    53     36.00717     35.9412      64.4940           -    4.42e-05      93.1      0.0      93.1    11.42       
    54     36.04829     36.0202      64.7760     33.4100    3.42e-05      93.1      2.0      95.1    11.42      *
Best model at epoch 54 (val_mae=33.4100)
    55     36.11066     36.0393      64.9155           -    2.54e-05      93.1      0.0      93.1    11.42       
    56     36.19758     36.2194      65.1582     33.4008    1.80e-05      93.1      2.0      95.1    11.42      *
Best model at epoch 56 (val_mae=33.4008)
    57     35.86767     35.7909      64.4856           -    1.19e-05      93.1      0.0      93.1    11.42       
    58     35.99590     35.9682      64.7831     33.3074    7.15e-06      93.1      2.0      95.1    11.42      *
Best model at epoch 58 (val_mae=33.3074)
    59     36.00731     35.9345      64.4353           -    3.74e-06      93.1      0.0      93.1    11.42       
    60     35.92422     35.9104      64.6362     33.2980    1.68e-06      93.1      2.0      95.1    11.42      *
Best model at epoch 60 (val_mae=33.2980)

------------------------------------------------------------------------------------------------
Training finished normally: 2026-09-20 21:55:37
Summary
  completed_epochs: 60
  best_epoch: 60
  best_val_mae: 33.298029
  val_epoch: 2
  validation_count: 30
  final_train_loss: 35.924223
  final_train_mae: 35.910374
  final_val_loss: 33.463602
  final_val_mae: 33.298029
  total_time: 1h 34m 12s
  avg_epoch_time_sec: 94.13
  avg_train_sec_per_step: 0.6048
  avg_val_sec_per_step: 0.0452
  peak_memory_gb: 11.42
  test_loss: 31.485720
  test_mae: 31.650570
  test_rmse: 56.499802
  test_mape: 364400.003983
  test_time_sec: 4.09
  best_checkpoint: /home/students/HuangMingYu/code/py/my_idea/my_idea/outputs/v24-COE/experiments/coe_mechanism1/coe_mechanism1/4f058b8aa27e1b8e/runs/v24_coe_mechanism1_coe_mech_initial_expert_mixed9_rate0.4_updates_seed7/TaxiBJ/custom/v24_coe_mechanism1_coe_mech_initial_expert_mixed9_rate0.4_updates_seed7/random/rate0.4/20260920_202123_seed7_bs16/checkpoints/best.pt
  best_state_source: checkpoint
  metrics_jsonl: /home/students/HuangMingYu/code/py/my_idea/my_idea/outputs/v24-COE/experiments/coe_mechanism1/coe_mechanism1/4f058b8aa27e1b8e/runs/v24_coe_mechanism1_coe_mech_initial_expert_mixed9_rate0.4_updates_seed7/TaxiBJ/custom/v24_coe_mechanism1_coe_mech_initial_expert_mixed9_rate0.4_updates_seed7/random/rate0.4/20260920_202123_seed7_bs16/logs/metrics.jsonl
------------------------------------------------------------------------------------------------
