Training started: 2026-09-29 21:17:40
------------------------------------------------------------------------------------------------
Run
  run_dir: /home/students/HuangMingYu/code/py/my_idea/my_idea/outputs/v24-COE/TaxiBJ/custom/20260929_211739_moe_independent_s8_top1_seed7/random/rate0.4/20260929_211739_seed7_bs32
  command: /home/students/HuangMingYu/code/py/my_idea/my_idea/outputs/v24-COE/experiments/structure_baselines/taxibj/ac0aabcce98bcb51/source_snapshot/scripts/train.py -c /home/students/HuangMingYu/code/py/my_idea/my_idea/outputs/v24-COE/experiments/structure_baselines/taxibj/ac0aabcce98bcb51/configs/B4.json --name moe_independent_s8_top1 --no_plot --result-file /home/students/HuangMingYu/code/py/my_idea/my_idea/outputs/v24-COE/experiments/structure_baselines/taxibj/ac0aabcce98bcb51/results/B4.attempt1.json --train_npz /home/students/HuangMingYu/code/py/my_idea/my_idea/data/TaxiBJ/v24_clean_abc_20260917/taxibj_train.npz --val_npz /home/students/HuangMingYu/code/py/my_idea/my_idea/data/TaxiBJ/v24_clean_abc_20260917/taxibj_val.npz --test_npz /home/students/HuangMingYu/code/py/my_idea/my_idea/data/TaxiBJ/v24_clean_abc_20260917/taxibj_test.npz
  git_commit: c6c145ea448e2a2cf356b3b4f6f8b24d8bf16953
  git_branch: v24-COE
  git_dirty: True
  config_sha256: bf513b8aab732c06efa10b459c5b2d363068f3b78b46e989764c4b95df6e4964
  python: 3.9.25
  torch: 2.6.0+cu124
  cuda_runtime: 12.4
  train_npz: /home/students/HuangMingYu/code/py/my_idea/my_idea/data/TaxiBJ/v24_clean_abc_20260917/taxibj_train.npz
  val_npz: /home/students/HuangMingYu/code/py/my_idea/my_idea/data/TaxiBJ/v24_clean_abc_20260917/taxibj_val.npz
  test_npz: /home/students/HuangMingYu/code/py/my_idea/my_idea/data/TaxiBJ/v24_clean_abc_20260917/taxibj_test.npz
  dataset: TaxiBJ
  experiment_type: custom
  variant: moe_independent_s8_top1
  train_samples: 2452
  val_samples: 342
  train_steps_per_epoch: 77
  val_steps_per_epoch: 11
  test_samples: 707
  test_steps: 23
  batch_size: 32
  world_size: 1
  per_device_batch_size: 32
  mask_pattern: random
  mask_rate_config: 0.4
  train_mask: unknown
  val_mask: unknown
  data_shape: (2452, 2, 12, 32, 32)
  device: cuda
  device_name: NVIDIA GeForce RTX 3090
  total_params: 1,454,131
  trainable_params: 1,454,131
Config
{
  "seed": 7,
  "output_dir": "/home/students/HuangMingYu/code/py/my_idea/my_idea/outputs/v24-COE",
  "device": "cuda",
  "data": {
    "dataset_name": "TaxiBJ",
    "batch_size": 32,
    "num_workers": 0,
    "pin_memory": true,
    "drop_last": false,
    "mask": {
      "pattern": "random",
      "missing_rate": 0.4
    },
    "synthetic": {
      "num_train": 128,
      "num_val": 32,
      "t": 12,
      "h": 32,
      "w": 32
    },
    "multiscale": false,
    "loader_seed": 7,
    "train_mask_diversity": {
      "families": [
        "random_point",
        "node_outage",
        "temporal_gap",
        "spatial_region",
        "spatiotemporal_block",
        "stripe",
        "moving_region",
        "multi_block",
        "composite"
      ],
      "rates": [
        0.4
      ],
      "seed": 20260917,
      "resample_each_epoch": true
    },
    "eval_mask_diversity": {
      "families": [
        "random_point",
        "node_outage",
        "temporal_gap",
        "spatial_region",
        "spatiotemporal_block",
        "stripe",
        "moving_region",
        "multi_block",
        "composite"
      ],
      "rates": [
        0.4
      ],
      "seed": 20260917,
      "resample_each_epoch": false
    }
  },
  "model": {
    "architecture": "v24_ts_coe",
    "c_in": 2,
    "main": {
      "dim": 64,
      "max_t": 12,
      "h": 32,
      "w": 32,
      "scale_mode": "fine",
      "use_multiscale": false
    },
    "coe": {
      "num_steps": 8,
      "expert_pool": [
        "T",
        "S",
        "TD",
        "SD",
        "TA",
        "ST",
        "TL",
        "SL"
      ],
      "routing_mode": "hard",
      "fixed_path": null,
      "fixed_expert_steps": [
        null,
        null,
        null,
        null,
        null,
        null,
        null,
        null
      ],
      "router_state": "dynamic",
      "expert_state": "dynamic",
      "use_shared": false,
      "use_routed": true,
      "temperature": 1.0,
      "temporal_kernel": 3,
      "spatial_kernel": 3,
      "temporal_dilation": 2,
      "spatial_dilation": 2,
      "attention_heads": 4,
      "residual_init": 0.1,
      "routing_warmup_epochs": 0,
      "routing_transition_epochs": 0,
      "uniform_mix_start": 0.5,
      "sampling_temperature_start": 2.0,
      "top_k": 1,
      "router_hidden_dim": 64,
      "pair_mode": "native",
      "acceptance": "none",
      "expert_sharing": "per_step",
      "previous_expert_context": false,
      "global_route_weights": false,
      "router_input_noise_std": 0.0,
      "router_input_noise_steps": 0,
      "completion_feedback": false,
      "repair_acceptance": "none",
      "fusion_mode": "original",
      "partner_fusion": "individual",
      "partner_aux_head_only": false,
      "pair_dense_warmup_steps": 0,
      "state_update_mode": "direct",
      "router_features": "legacy",
      "local_routing": {
        "enabled": false
      },
      "top1_selection": "argmax_st"
    },
    "aux": {
      "enabled": false,
      "alpha_init": 0.0
    }
  },
  "loss": {
    "type": "l1",
    "lambda_coe_mid": 0.0,
    "lambda_coe_balance": 0.01,
    "lambda_coe_z": 0.0,
    "balance_importance": "candidate"
  },
  "train": {
    "epochs": 100,
    "val_epoch": 5,
    "lr_main": 0.001,
    "weight_decay": 0.0001,
    "grad_clip_norm": 1.0,
    "amp": true,
    "save_every": 10,
    "scheduler": {
      "type": "cosine",
      "total_epochs": 100,
      "eta_min": 0.0003,
      "reach_min_at_last_epoch": true
    },
    "early_stopping": {
      "enabled": false
    },
    "save_best_checkpoint": true,
    "router_grad_diagnostic_every": 0,
    "full_checkpoint": true,
    "measure_forward_latency": true,
    "oracle_last_step_samples": 0,
    "best_checkpoint_name": "best.pth",
    "save_last_checkpoint": true,
    "optimizer": "AdamW"
  },
  "experiment_plan": {
    "suite": "structure_baselines",
    "variant": "B4",
    "baseline": "B3_nofeedback_direct_shared_top2"
  }
}
------------------------------------------------------------------------------------------------
-----------------------------------------------------------------------------------------------------------------
 epoch         loss         mae         rmse     val_mae          lr   train_s    val_s   epoch_s   mem_gb   best
-----------------------------------------------------------------------------------------------------------------
     1    113.97291    113.9673     180.3401           -    1.00e-03      48.2      0.0      48.2    13.53       
     2    100.65790    100.7291     166.2794           -    1.00e-03      49.1      0.0      49.1    13.51       
     3     88.25229     88.2611     149.3348           -    9.99e-04      48.9      0.0      48.9    13.52       
     4     75.64320     75.6215     133.7280           -    9.98e-04      48.4      0.0      48.4    13.50       
     5     71.03933     71.0503     125.7486     64.0816    9.97e-04      48.1      3.1      51.1    13.53      *
Best model at epoch 5 (val_mae=64.0816)
     6     67.51206     67.4609     119.4787           -    9.96e-04      46.6      0.0      46.6    13.53       
     7     63.44652     63.4117     113.9630           -    9.94e-04      45.0      0.0      45.0    13.53       
     8     61.27920     61.2397     109.9006           -    9.91e-04      44.8      0.0      44.8    13.53       
     9     58.97996     59.0138     106.8253           -    9.89e-04      47.7      0.0      47.7    13.53       
    10     56.71663     56.7328     102.6502     49.1733    9.86e-04      45.7      3.0      48.7    13.53      *
Best model at epoch 10 (val_mae=49.1733)
    11     56.05104     56.0167     100.7359           -    9.83e-04      47.7      0.0      47.7    13.53       
    12     57.60654     57.6142     101.5418           -    9.79e-04      47.2      0.0      47.2    13.53       
    13     53.45281     53.4279      96.7131           -    9.75e-04      47.4      0.0      47.4    13.53       
    14     51.72464     51.6623      93.8118           -    9.71e-04      46.0      0.0      46.0    13.53       
    15     49.22996     49.1825      89.8725     44.1203    9.66e-04      47.4      3.0      50.4    13.53      *
Best model at epoch 15 (val_mae=44.1203)
    16     48.04841     47.9997      87.4934           -    9.61e-04      46.9      0.0      46.9    13.53       
    17     46.29375     46.2663      84.5842           -    9.56e-04      46.4      0.0      46.4    13.53       
    18     45.40070     45.3955      82.2934           -    9.50e-04      46.8      0.0      46.8    13.53       
    19     45.17174     45.1230      80.9586           -    9.44e-04      46.5      0.0      46.5    13.53       
    20     44.16723     44.1585      79.0829     38.5053    9.38e-04      46.8      3.0      49.8    13.53      *
Best model at epoch 20 (val_mae=38.5053)
    21     43.95565     43.9319      78.5905           -    9.32e-04      46.4      0.0      46.4    13.53       
    22     44.15766     44.1089      77.6381           -    9.25e-04      48.0      0.0      48.0    13.53       
    23     41.78355     41.7545      74.0260           -    9.18e-04      46.7      0.0      46.7    13.53       
    24     43.78682     43.7154      77.3162           -    9.11e-04      45.7      0.0      45.7    13.53       
    25     48.99961     49.0003      84.1772     43.2807    9.03e-04      49.4      3.1      52.5    13.53       
    26     45.62330     45.6219      79.0694           -    8.96e-04      49.1      0.0      49.1    13.53       
    27     43.86072     43.8160      75.0370           -    8.87e-04      48.6      0.0      48.6    13.53       
    28     43.07517     43.0510      74.0257           -    8.79e-04      47.0      0.0      47.0    13.53       
    29     41.92880     41.8987      71.5786           -    8.71e-04      46.5      0.0      46.5    13.53       
    30     41.60538     41.5618      72.3181     37.8169    8.62e-04      46.4      3.0      49.4    13.53      *
Best model at epoch 30 (val_mae=37.8169)
    31     40.03639     39.9900      69.6216           -    8.53e-04      46.4      0.0      46.4    13.47       
    32     39.07524     39.0238      67.7172           -    8.44e-04      47.1      0.0      47.1    13.47       
    33     37.75033     37.7113      65.2033           -    8.35e-04      46.9      0.0      46.9    13.47       
    34     41.12315     41.0728      68.9570           -    8.25e-04      47.0      0.0      47.0    13.49       
    35     37.70633     37.6375      64.7433     35.6709    8.15e-04      47.5      3.0      50.5    13.49      *
Best model at epoch 35 (val_mae=35.6709)
    36     36.21225     36.1928      61.4789           -    8.05e-04      48.6      0.0      48.6    13.51       
    37     36.60721     36.5841      61.9787           -    7.95e-04      48.3      0.0      48.3    13.53       
    38     35.86606     35.8230      60.9146           -    7.85e-04      48.2      0.0      48.2    13.54       
    39     35.60117     35.5489      60.3537           -    7.75e-04      48.4      0.0      48.4    13.52       
    40     33.38625     33.3373      56.9098     32.3232    7.64e-04      48.2      3.0      51.2    13.51      *
Best model at epoch 40 (val_mae=32.3232)
    41     33.56999     33.5430      56.9694           -    7.54e-04      48.0      0.0      48.0    13.51       
    42     33.30425     33.2897      56.8891           -    7.43e-04      47.4      0.0      47.4    13.49       
    43     35.16976     35.1326      60.5717           -    7.33e-04      46.3      0.0      46.3    13.48       
    44     34.45334     34.4161      59.4468           -    7.22e-04      45.2      0.0      45.2    13.49       
    45     39.89375     39.8843      68.0152     35.5438    7.11e-04      46.5      3.0      49.5    13.52       
    46     37.59437     37.5485      61.6736           -    7.00e-04      47.4      0.0      47.4    13.53       
    47     38.80451     38.7524      64.3501           -    6.89e-04      48.2      0.0      48.2    13.53       
    48     34.57536     34.5355      57.1921           -    6.78e-04      47.9      0.0      47.9    13.53       
    49     33.28954     33.2398      55.7283           -    6.67e-04      48.4      0.0      48.4    13.53       
    50     33.06709     33.0339      55.1655     32.6656    6.56e-04      48.6      3.0      51.7    13.53       
    51     34.94265     34.8926      59.6425           -    6.44e-04      48.6      0.0      48.6    13.53       
    52     34.13387     34.0706      56.4859           -    6.33e-04      48.2      0.0      48.2    13.53       
    53     35.59784     35.5709      58.5961           -    6.22e-04      48.8      0.0      48.8    13.53       
    54     34.57168     34.5392      57.2339           -    6.11e-04      49.9      0.0      49.9    13.53       
    55     31.78677     31.7560      53.1601     28.2077    6.00e-04      49.7      3.0      52.7    13.53      *
Best model at epoch 55 (val_mae=28.2077)
    56     32.51041     32.5007      53.9207           -    5.89e-04      48.3      0.0      48.3    13.53       
    57     32.54174     32.5152      53.3089           -    5.78e-04      48.5      0.0      48.5    13.53       
    58     30.98875     30.9084      51.2358           -    5.67e-04      48.4      0.0      48.4    13.51       
    59     33.53359     33.5037      55.3444           -    5.57e-04      48.6      0.0      48.6    13.53       
    60     29.58538     29.5332      49.3668     29.8695    5.46e-04      48.9      3.0      51.9    13.52       
    61     31.03607     31.0042      51.3438           -    5.36e-04      47.6      0.0      47.6    13.51       
    62     32.86148     32.7969      54.8569           -    5.25e-04      46.5      0.0      46.5    13.52       
    63     32.84621     32.7920      53.9870           -    5.15e-04      46.6      0.0      46.6    13.53       
    64     33.63602     33.5675      55.4600           -    5.05e-04      46.6      0.0      46.6    13.53       
    65     31.91348     31.8520      52.7033     29.4659    4.95e-04      46.6      3.0      49.7    13.51       
    66     30.14870     30.0792      49.9632           -    4.85e-04      45.7      0.0      45.7    13.52       
    67     31.46957     31.4373      51.7983           -    4.75e-04      45.8      0.0      45.8    13.50       
    68     29.99565     29.9544      49.7095           -    4.65e-04      45.5      0.0      45.5    13.51       
    69     29.42703     29.3819      48.7878           -    4.56e-04      45.8      0.0      45.8    13.51       
    70     28.99879     28.9381      48.3717     28.8061    4.47e-04      45.1      3.0      48.2    13.52       
    71     29.31395     29.2700      48.8215           -    4.38e-04      45.3      0.0      45.3    13.53       
    72     30.05442     30.0138      49.6529           -    4.29e-04      45.4      0.0      45.4    13.52       
    73     29.54101     29.4987      48.9391           -    4.21e-04      45.5      0.0      45.5    13.53       
    74     28.85582     28.8213      47.9603           -    4.13e-04      45.7      0.0      45.7    13.51       
    75     28.43840     28.3762      48.2626     27.4447    4.04e-04      44.7      2.9      47.7    13.52      *
Best model at epoch 75 (val_mae=27.4447)
    76     28.27092     28.1924      47.1958           -    3.97e-04      44.9      0.0      44.9    13.52       
    77     28.93395     28.8666      48.1179           -    3.89e-04      45.0      0.0      45.0    13.52       
    78     28.00620     27.9536      46.9828           -    3.82e-04      44.4      0.0      44.4    13.52       
    79     27.65693     27.5657      46.4311           -    3.75e-04      44.8      0.0      44.8    13.49       
    80     28.11929     28.0907      47.1483     25.5758    3.68e-04      44.5      3.0      47.5    13.48      *
Best model at epoch 80 (val_mae=25.5758)
    81     27.25696     27.2318      46.1181           -    3.62e-04      45.0      0.0      45.0    13.52       
    82     27.94529     27.8803      47.1144           -    3.56e-04      45.0      0.0      45.0    13.52       
    83     27.10487     27.0549      45.5990           -    3.50e-04      45.0      0.0      45.0    13.52       
    84     27.47407     27.4262      46.4265           -    3.44e-04      44.9      0.0      44.9    13.52       
    85     27.85968     27.8047      46.7629     26.8391    3.39e-04      44.4      3.0      47.3    13.52       
    86     27.96043     27.9235      46.9844           -    3.34e-04      43.5      0.0      43.5    13.52       
    87     28.41337     28.3894      47.4215           -    3.29e-04      43.2      0.0      43.2    13.48       
    88     28.32090     28.2797      47.2832           -    3.25e-04      42.5      0.0      42.5    13.51       
    89     28.05847     28.0167      46.9425           -    3.21e-04      42.6      0.0      42.6    13.53       
    90     27.75616     27.7289      46.5827     27.2106    3.17e-04      42.5      2.9      45.4    13.53       
    91     28.94508     28.9147      48.5186           -    3.14e-04      42.9      0.0      42.9    13.53       
    92     29.78087     29.7385      50.1728           -    3.11e-04      43.3      0.0      43.3    13.53       
    93     29.21749     29.1795      48.7452           -    3.09e-04      43.4      0.0      43.4    13.53       
    94     29.03214     28.9986      48.6019           -    3.06e-04      43.4      0.0      43.4    13.54       
    95     29.23561     29.1913      48.6789     28.4774    3.04e-04      43.3      2.9      46.2    13.53       
    96     28.88523     28.8555      48.1624           -    3.03e-04      43.3      0.0      43.3    13.53       
    97     28.78418     28.7227      47.9525           -    3.02e-04      43.3      0.0      43.3    13.53       
    98     27.92000     27.8742      46.8015           -    3.01e-04      43.5      0.0      43.5    13.53       
    99     28.16057     28.1211      47.2113           -    3.00e-04      43.7      0.0      43.7    13.53       
   100     29.63214     29.5925      49.5356     26.2625    3.00e-04      43.8      2.9      46.7    13.53       

------------------------------------------------------------------------------------------------
Training finished normally: 2026-09-29 22:36:06
Summary
  completed_epochs: 100
  best_epoch: 80
  best_val_mae: 25.575831
  val_epoch: 5
  validation_count: 20
  final_train_loss: 29.632141
  final_train_mae: 29.592482
  final_val_loss: 26.385894
  final_val_mae: 26.262463
  total_time: 1h 18m 26s
  avg_epoch_time_sec: 46.99
  avg_train_sec_per_step: 0.6024
  avg_val_sec_per_step: 0.0545
  peak_memory_gb: 13.54
  test_loss: 24.461013
  test_mae: 24.553592
  test_rmse: 41.839067
  test_mape: 273897.296489
  test_time_sec: 6.22
  best_checkpoint: /home/students/HuangMingYu/code/py/my_idea/my_idea/outputs/v24-COE/TaxiBJ/custom/20260929_211739_moe_independent_s8_top1_seed7/random/rate0.4/20260929_211739_seed7_bs32/checkpoints/best.pth
  last_checkpoint: /home/students/HuangMingYu/code/py/my_idea/my_idea/outputs/v24-COE/TaxiBJ/custom/20260929_211739_moe_independent_s8_top1_seed7/random/rate0.4/20260929_211739_seed7_bs32/checkpoints/last.pth
  best_state_source: checkpoint
  metrics_jsonl: /home/students/HuangMingYu/code/py/my_idea/my_idea/outputs/v24-COE/TaxiBJ/custom/20260929_211739_moe_independent_s8_top1_seed7/random/rate0.4/20260929_211739_seed7_bs32/logs/metrics.jsonl
------------------------------------------------------------------------------------------------
