Training started: 2026-09-29 22:36:09
------------------------------------------------------------------------------------------------
Run
  run_dir: /home/students/HuangMingYu/code/py/my_idea/my_idea/outputs/v24-COE/TaxiBJ/custom/20260929_223608_moe_shared_s8_top1_seed7/random/rate0.4/20260929_223608_seed7_bs32
  command: /home/students/HuangMingYu/code/py/my_idea/my_idea/outputs/v24-COE/experiments/structure_baselines/taxibj/ac0aabcce98bcb51/source_snapshot/scripts/train.py -c /home/students/HuangMingYu/code/py/my_idea/my_idea/outputs/v24-COE/experiments/structure_baselines/taxibj/ac0aabcce98bcb51/configs/B5.json --name moe_shared_s8_top1 --no_plot --result-file /home/students/HuangMingYu/code/py/my_idea/my_idea/outputs/v24-COE/experiments/structure_baselines/taxibj/ac0aabcce98bcb51/results/B5.attempt1.json --train_npz /home/students/HuangMingYu/code/py/my_idea/my_idea/data/TaxiBJ/v24_clean_abc_20260917/taxibj_train.npz --val_npz /home/students/HuangMingYu/code/py/my_idea/my_idea/data/TaxiBJ/v24_clean_abc_20260917/taxibj_val.npz --test_npz /home/students/HuangMingYu/code/py/my_idea/my_idea/data/TaxiBJ/v24_clean_abc_20260917/taxibj_test.npz
  git_commit: c6c145ea448e2a2cf356b3b4f6f8b24d8bf16953
  git_branch: v24-COE
  git_dirty: True
  config_sha256: ee36545302b8485c462a0ef816744ae137c72be26ea345cf6deb1d4b09fa0b8b
  python: 3.9.25
  torch: 2.6.0+cu124
  cuda_runtime: 12.4
  train_npz: /home/students/HuangMingYu/code/py/my_idea/my_idea/data/TaxiBJ/v24_clean_abc_20260917/taxibj_train.npz
  val_npz: /home/students/HuangMingYu/code/py/my_idea/my_idea/data/TaxiBJ/v24_clean_abc_20260917/taxibj_val.npz
  test_npz: /home/students/HuangMingYu/code/py/my_idea/my_idea/data/TaxiBJ/v24_clean_abc_20260917/taxibj_test.npz
  dataset: TaxiBJ
  experiment_type: custom
  variant: moe_shared_s8_top1
  train_samples: 2452
  val_samples: 342
  train_steps_per_epoch: 77
  val_steps_per_epoch: 11
  test_samples: 707
  test_steps: 23
  batch_size: 32
  world_size: 1
  per_device_batch_size: 32
  mask_pattern: random
  mask_rate_config: 0.4
  train_mask: unknown
  val_mask: unknown
  data_shape: (2452, 2, 12, 32, 32)
  device: cuda
  device_name: NVIDIA GeForce RTX 3090
  total_params: 309,939
  trainable_params: 309,939
Config
{
  "seed": 7,
  "output_dir": "/home/students/HuangMingYu/code/py/my_idea/my_idea/outputs/v24-COE",
  "device": "cuda",
  "data": {
    "dataset_name": "TaxiBJ",
    "batch_size": 32,
    "num_workers": 0,
    "pin_memory": true,
    "drop_last": false,
    "mask": {
      "pattern": "random",
      "missing_rate": 0.4
    },
    "synthetic": {
      "num_train": 128,
      "num_val": 32,
      "t": 12,
      "h": 32,
      "w": 32
    },
    "multiscale": false,
    "loader_seed": 7,
    "train_mask_diversity": {
      "families": [
        "random_point",
        "node_outage",
        "temporal_gap",
        "spatial_region",
        "spatiotemporal_block",
        "stripe",
        "moving_region",
        "multi_block",
        "composite"
      ],
      "rates": [
        0.4
      ],
      "seed": 20260917,
      "resample_each_epoch": true
    },
    "eval_mask_diversity": {
      "families": [
        "random_point",
        "node_outage",
        "temporal_gap",
        "spatial_region",
        "spatiotemporal_block",
        "stripe",
        "moving_region",
        "multi_block",
        "composite"
      ],
      "rates": [
        0.4
      ],
      "seed": 20260917,
      "resample_each_epoch": false
    }
  },
  "model": {
    "architecture": "v24_ts_coe",
    "c_in": 2,
    "main": {
      "dim": 64,
      "max_t": 12,
      "h": 32,
      "w": 32,
      "scale_mode": "fine",
      "use_multiscale": false
    },
    "coe": {
      "num_steps": 8,
      "expert_pool": [
        "T",
        "S",
        "TD",
        "SD",
        "TA",
        "ST",
        "TL",
        "SL"
      ],
      "routing_mode": "hard",
      "fixed_path": null,
      "fixed_expert_steps": [
        null,
        null,
        null,
        null,
        null,
        null,
        null,
        null
      ],
      "router_state": "dynamic",
      "expert_state": "dynamic",
      "use_shared": false,
      "use_routed": true,
      "temperature": 1.0,
      "temporal_kernel": 3,
      "spatial_kernel": 3,
      "temporal_dilation": 2,
      "spatial_dilation": 2,
      "attention_heads": 4,
      "residual_init": 0.1,
      "routing_warmup_epochs": 0,
      "routing_transition_epochs": 0,
      "uniform_mix_start": 0.5,
      "sampling_temperature_start": 2.0,
      "top_k": 1,
      "router_hidden_dim": 64,
      "pair_mode": "native",
      "acceptance": "none",
      "expert_sharing": "shared",
      "previous_expert_context": false,
      "global_route_weights": false,
      "router_input_noise_std": 0.0,
      "router_input_noise_steps": 0,
      "completion_feedback": false,
      "repair_acceptance": "none",
      "fusion_mode": "original",
      "partner_fusion": "individual",
      "partner_aux_head_only": false,
      "pair_dense_warmup_steps": 0,
      "state_update_mode": "direct",
      "router_features": "legacy",
      "local_routing": {
        "enabled": false
      },
      "top1_selection": "argmax_st"
    },
    "aux": {
      "enabled": false,
      "alpha_init": 0.0
    }
  },
  "loss": {
    "type": "l1",
    "lambda_coe_mid": 0.0,
    "lambda_coe_balance": 0.01,
    "lambda_coe_z": 0.0,
    "balance_importance": "candidate"
  },
  "train": {
    "epochs": 100,
    "val_epoch": 5,
    "lr_main": 0.001,
    "weight_decay": 0.0001,
    "grad_clip_norm": 1.0,
    "amp": true,
    "save_every": 10,
    "scheduler": {
      "type": "cosine",
      "total_epochs": 100,
      "eta_min": 0.0003,
      "reach_min_at_last_epoch": true
    },
    "early_stopping": {
      "enabled": false
    },
    "save_best_checkpoint": true,
    "router_grad_diagnostic_every": 0,
    "full_checkpoint": true,
    "measure_forward_latency": true,
    "oracle_last_step_samples": 0,
    "best_checkpoint_name": "best.pth",
    "save_last_checkpoint": true,
    "optimizer": "AdamW"
  },
  "experiment_plan": {
    "suite": "structure_baselines",
    "variant": "B5",
    "baseline": "B3_nofeedback_direct_shared_top2"
  }
}
------------------------------------------------------------------------------------------------
-----------------------------------------------------------------------------------------------------------------
 epoch         loss         mae         rmse     val_mae          lr   train_s    val_s   epoch_s   mem_gb   best
-----------------------------------------------------------------------------------------------------------------
     1    114.17764    114.1707     180.5183           -    1.00e-03      46.6      0.0      46.6    13.51       
     2    101.37166    101.4536     167.1867           -    1.00e-03      48.5      0.0      48.5    13.50       
     3     90.74072     90.7555     151.8197           -    9.99e-04      48.7      0.0      48.7    13.52       
     4     81.77711     81.7432     138.8050           -    9.98e-04      48.2      0.0      48.2    13.50       
     5     76.19374     76.2087     131.0057     65.9857    9.97e-04      46.6      3.1      49.7    13.51      *
Best model at epoch 5 (val_mae=65.9857)
     6     72.85556     72.7899     124.8807           -    9.96e-04      47.0      0.0      47.0    13.52       
     7     68.75259     68.7172     120.0054           -    9.94e-04      44.7      0.0      44.7    13.52       
     8     66.94918     66.9012     117.6840           -    9.91e-04      44.5      0.0      44.5    13.51       
     9     64.05682     64.0806     115.0345           -    9.89e-04      46.2      0.0      46.2    13.51       
    10     60.38525     60.3740     110.2443     53.2369    9.86e-04      45.6      3.0      48.7    13.51      *
Best model at epoch 10 (val_mae=53.2369)
    11     59.01232     58.9981     108.9966           -    9.83e-04      45.9      0.0      45.9    13.51       
    12     57.48028     57.4731     106.4648           -    9.79e-04      44.7      0.0      44.7    13.51       
    13     56.04916     55.9984     103.8054           -    9.75e-04      44.0      0.0      44.0    13.51       
    14     55.36828     55.3124     102.5710           -    9.71e-04      44.0      0.0      44.0    13.51       
    15     52.58469     52.5494      98.7445     46.4041    9.66e-04      43.6      3.0      46.6    13.52      *
Best model at epoch 15 (val_mae=46.4041)
    16     52.63532     52.5891      97.3573           -    9.61e-04      43.8      0.0      43.8    13.51       
    17     52.03202     51.9833      96.1275           -    9.56e-04      44.9      0.0      44.9    13.51       
    18     53.48778     53.4718      97.2404           -    9.50e-04      45.8      0.0      45.8    13.52       
    19     52.00482     51.9594      94.5116           -    9.44e-04      44.8      0.0      44.8    13.52       
    20     51.54005     51.5068      93.5558     45.6103    9.38e-04      44.8      3.0      47.8    13.51      *
Best model at epoch 20 (val_mae=45.6103)
    21     51.30190     51.2347      92.8738           -    9.32e-04      44.9      0.0      44.9    13.51       
    22     51.77283     51.6904      92.5819           -    9.25e-04      44.2      0.0      44.2    13.52       
    23     48.93600     48.9042      89.0030           -    9.18e-04      43.3      0.0      43.3    13.51       
    24     47.10430     47.0247      85.8042           -    9.11e-04      43.4      0.0      43.4    13.38       
    25     45.61418     45.5821      84.1095     41.1353    9.03e-04      42.8      3.0      45.8    13.38      *
Best model at epoch 25 (val_mae=41.1353)
    26     44.75110     44.7409      82.5485           -    8.96e-04      42.8      0.0      42.8    13.38       
    27     45.16064     45.0925      81.9410           -    8.87e-04      42.8      0.0      42.8    13.38       
    28     42.58518     42.5259      79.1813           -    8.79e-04      42.6      0.0      42.6    13.38       
    29     41.85823     41.8007      77.5984           -    8.71e-04      42.9      0.0      42.9    13.38       
    30     41.50636     41.4496      76.2854     36.4602    8.62e-04      43.0      3.0      46.0    13.38      *
Best model at epoch 30 (val_mae=36.4602)
    31     41.05014     40.9900      76.0155           -    8.53e-04      43.0      0.0      43.0    13.38       
    32     40.68755     40.6132      74.9463           -    8.44e-04      43.3      0.0      43.3    13.38       
    33     39.99316     39.9249      73.9127           -    8.35e-04      43.2      0.0      43.2    13.38       
    34     40.49499     40.4448      74.8188           -    8.25e-04      42.9      0.0      42.9    13.38       
    35     40.45052     40.3429      73.7997     38.7423    8.15e-04      43.2      3.0      46.2    13.38       
    36     40.21106     40.1694      72.1246           -    8.05e-04      44.1      0.0      44.1    13.38       
    37     40.99837     40.9536      73.8454           -    7.95e-04      44.1      0.0      44.1    13.38       
    38     40.17946     40.1172      72.8391           -    7.85e-04      44.0      0.0      44.0    13.38       
    39     47.65672     47.5577      82.5017           -    7.75e-04      43.8      0.0      43.8    13.49       
    40     47.64662     47.5949      82.9220     41.7115    7.64e-04      46.1      3.0      49.1    13.49       
    41     45.79279     45.7501      79.8971           -    7.54e-04      46.0      0.0      46.0    13.49       
    42     42.83825     42.8034      74.7120           -    7.43e-04      45.9      0.0      45.9    13.49       
    43     41.69901     41.6529      72.8914           -    7.33e-04      46.0      0.0      46.0    13.49       
    44     42.43405     42.3694      73.9099           -    7.22e-04      45.2      0.0      45.2    13.49       
    45     39.56779     39.5486      68.6699     37.6083    7.11e-04      45.4      3.0      48.4    13.49       
    46     38.79872     38.7571      67.4810           -    7.00e-04      45.2      0.0      45.2    13.48       
    47     38.49554     38.4062      66.7576           -    6.89e-04      44.8      0.0      44.8    13.45       
    48     37.38564     37.3586      64.7765           -    6.78e-04      44.7      0.0      44.7    13.48       
    49     37.03570     36.9397      63.6273           -    6.67e-04      44.9      0.0      44.9    13.46       
    50     37.21617     37.1809      63.9123     38.4588    6.56e-04      44.6      3.0      47.6    13.47       
    51     36.74672     36.6866      62.7593           -    6.44e-04      44.5      0.0      44.5    13.46       
    52     36.60446     36.5512      62.2495           -    6.33e-04      44.6      0.0      44.6    13.45       
    53     36.08416     36.0432      61.6047           -    6.22e-04      44.7      0.0      44.7    13.46       
    54     35.47772     35.4264      60.3788           -    6.11e-04      44.8      0.0      44.8    13.48       
    55     34.63078     34.5745      58.9528     35.5724    6.00e-04      44.5      3.0      47.5    13.46      *
Best model at epoch 55 (val_mae=35.5724)
    56     33.91385     33.8867      57.1287           -    5.89e-04      44.4      0.0      44.4    13.48       
    57     33.66196     33.6043      56.9491           -    5.78e-04      44.5      0.0      44.5    13.49       
    58     32.89852     32.8215      55.5026           -    5.67e-04      44.4      0.0      44.4    13.47       
    59     33.58001     33.5186      55.6630           -    5.57e-04      44.3      0.0      44.3    13.48       
    60     33.85726     33.7986      56.8595     31.9235    5.46e-04      43.7      2.9      46.6    13.50      *
Best model at epoch 60 (val_mae=31.9235)
    61     35.90637     35.8329      59.4320           -    5.36e-04      42.4      0.0      42.4    13.50       
    62     32.31200     32.2554      54.0164           -    5.25e-04      42.3      0.0      42.3    13.49       
    63     32.24271     32.1835      53.8105           -    5.15e-04      42.3      0.0      42.3    13.49       
    64     33.09619     32.9751      55.1506           -    5.05e-04      42.4      0.0      42.4    13.50       
    65     31.71364     31.6401      52.8167     28.9810    4.95e-04      42.6      2.9      45.5    13.50      *
Best model at epoch 65 (val_mae=28.9810)
    66     31.46217     31.3985      52.4627           -    4.85e-04      42.3      0.0      42.3    13.50       
    67     31.21521     31.1662      52.3651           -    4.75e-04      42.8      0.0      42.8    13.49       
    68     30.52503     30.4813      50.8059           -    4.65e-04      42.6      0.0      42.6    13.50       
    69     31.79766     31.7488      52.4621           -    4.56e-04      41.9      0.0      41.9    13.48       
    70     32.01649     31.9376      53.3614     31.4814    4.47e-04      43.4      2.9      46.4    13.47       
    71     31.66886     31.6020      52.6123           -    4.38e-04      43.5      0.0      43.5    13.49       
    72     32.29490     32.2345      53.5777           -    4.29e-04      42.8      0.0      42.8    13.48       
    73     30.38144     30.3304      50.5595           -    4.21e-04      42.7      0.0      42.7    13.49       
    74     29.19593     29.1277      48.3447           -    4.13e-04      43.2      0.0      43.2    13.49       
    75     29.46183     29.3879      48.9430     29.1032    4.04e-04      42.8      3.0      45.8    13.48       
    76     28.46606     28.3917      47.2293           -    3.97e-04      44.3      0.0      44.3    13.48       
    77     29.16675     29.0914      47.9336           -    3.89e-04      43.6      0.0      43.6    13.48       
    78     28.54637     28.4778      47.2488           -    3.82e-04      44.1      0.0      44.1    13.47       
    79     29.63400     29.5592      49.4232           -    3.75e-04      44.2      0.0      44.2    13.45       
    80     29.58219     29.5337      49.1821     28.4134    3.68e-04      44.0      3.0      47.0    13.47      *
Best model at epoch 80 (val_mae=28.4134)
    81     30.17973     30.1636      50.0807           -    3.62e-04      44.6      0.0      44.6    13.47       
    82     29.63794     29.5613      49.1025           -    3.56e-04      43.9      0.0      43.9    13.45       
    83     31.47260     31.4430      52.0232           -    3.50e-04      43.1      0.0      43.1    13.49       
    84     29.87563     29.8298      49.6162           -    3.44e-04      44.3      0.0      44.3    13.48       
    85     28.89124     28.8307      48.4708     27.4965    3.39e-04      44.3      3.0      47.3    13.47      *
Best model at epoch 85 (val_mae=27.4965)
    86     29.71949     29.6723      49.6322           -    3.34e-04      43.1      0.0      43.1    13.47       
    87     29.78702     29.7510      49.6957           -    3.29e-04      42.7      0.0      42.7    13.47       
    88     29.90599     29.8748      50.4270           -    3.25e-04      42.9      0.0      42.9    13.48       
    89     29.23314     29.1943      49.0509           -    3.21e-04      43.4      0.0      43.4    13.47       
    90     29.71167     29.6751      49.4903     28.2354    3.17e-04      43.6      3.0      46.6    13.48       
    91     29.41314     29.3904      49.0177           -    3.14e-04      44.0      0.0      44.0    13.49       
    92     29.94029     29.9026      50.0890           -    3.11e-04      43.7      0.0      43.7    13.49       
    93     30.08655     30.0403      50.0662           -    3.09e-04      43.9      0.0      43.9    13.49       
    94     29.85074     29.8220      49.8657           -    3.06e-04      43.9      0.0      43.9    13.51       
    95     30.08125     30.0347      50.2734     30.1666    3.04e-04      44.2      3.0      47.2    13.51       
    96     29.56196     29.5249      49.5331           -    3.03e-04      44.9      0.0      44.9    13.51       
    97     29.18431     29.1243      48.5215           -    3.02e-04      44.6      0.0      44.6    13.51       
    98     28.99441     28.9336      48.4755           -    3.01e-04      44.9      0.0      44.9    13.52       
    99     28.36742     28.3315      47.4128           -    3.00e-04      45.3      0.0      45.3    13.51       
   100     29.05666     29.0157      48.1289     27.8621    3.00e-04      44.9      2.9      47.9    13.52       

------------------------------------------------------------------------------------------------
Training finished normally: 2026-09-29 23:50:56
Summary
  completed_epochs: 100
  best_epoch: 85
  best_val_mae: 27.496459
  val_epoch: 5
  validation_count: 20
  final_train_loss: 29.056662
  final_train_mae: 29.015665
  final_val_loss: 28.016278
  final_val_mae: 27.862093
  total_time: 1h 14m 47s
  avg_epoch_time_sec: 44.81
  avg_train_sec_per_step: 0.5741
  avg_val_sec_per_step: 0.0542
  peak_memory_gb: 13.52
  test_loss: 26.434543
  test_mae: 26.401240
  test_rmse: 44.836055
  test_mape: 373110.088477
  test_time_sec: 6.12
  best_checkpoint: /home/students/HuangMingYu/code/py/my_idea/my_idea/outputs/v24-COE/TaxiBJ/custom/20260929_223608_moe_shared_s8_top1_seed7/random/rate0.4/20260929_223608_seed7_bs32/checkpoints/best.pth
  last_checkpoint: /home/students/HuangMingYu/code/py/my_idea/my_idea/outputs/v24-COE/TaxiBJ/custom/20260929_223608_moe_shared_s8_top1_seed7/random/rate0.4/20260929_223608_seed7_bs32/checkpoints/last.pth
  best_state_source: checkpoint
  metrics_jsonl: /home/students/HuangMingYu/code/py/my_idea/my_idea/outputs/v24-COE/TaxiBJ/custom/20260929_223608_moe_shared_s8_top1_seed7/random/rate0.4/20260929_223608_seed7_bs32/logs/metrics.jsonl
------------------------------------------------------------------------------------------------
