Training started: 2026-09-18 22:00:59
------------------------------------------------------------------------------------------------
Run
  run_dir: /home/students/HuangMingYu/code/py/my_idea/my_idea/outputs/v24-COE/experiments/coe_dual_mask/coe_dual_mask/fbea2a35caf9bf06/runs/v24_coe_dual_mask_coe_fixed_tttt_original_random_rate0.4_updates_seed7/TaxiBJ/custom/v24_coe_dual_mask_coe_fixed_tttt_original_random_rate0.4_updates_seed7/random/rate0.4/20260918_220056_seed7_bs16
  command: /home/students/HuangMingYu/code/py/my_idea/my_idea/scripts/train.py -c /home/students/HuangMingYu/code/py/my_idea/my_idea/outputs/v24-COE/experiments/coe_dual_mask/coe_dual_mask/fbea2a35caf9bf06/configs/v24_coe_dual_mask_coe_fixed_tttt_original_random_rate0.4_updates_seed7.json --no_plot --name v24_coe_dual_mask_coe_fixed_tttt_original_random_rate0.4_updates_seed7 --train_npz /home/students/HuangMingYu/code/py/my_idea/my_idea/data/TaxiBJ/v24_clean_abc_20260917/taxibj_train.npz --val_npz /home/students/HuangMingYu/code/py/my_idea/my_idea/data/TaxiBJ/v24_clean_abc_20260917/taxibj_val.npz --test_npz /home/students/HuangMingYu/code/py/my_idea/my_idea/data/TaxiBJ/v24_clean_abc_20260917/taxibj_test.npz --result-file /home/students/HuangMingYu/code/py/my_idea/my_idea/outputs/v24-COE/experiments/coe_dual_mask/coe_dual_mask/fbea2a35caf9bf06/results/v24_coe_dual_mask_coe_fixed_tttt_original_random_rate0.4_updates_seed7.attempt1.json
  git_commit: 24e57ee114ceb9e41660b396db0a7dd42a833e3a
  git_branch: v24-COE
  git_dirty: True
  config_sha256: 234ad204c72f89bcfefa6c6429a856dbc7d2d23576aa4372e497e11557d58e1b
  python: 3.9.25
  torch: 2.6.0+cu124
  cuda_runtime: 12.4
  train_npz: /home/students/HuangMingYu/code/py/my_idea/my_idea/data/TaxiBJ/v24_clean_abc_20260917/taxibj_train.npz
  val_npz: /home/students/HuangMingYu/code/py/my_idea/my_idea/data/TaxiBJ/v24_clean_abc_20260917/taxibj_val.npz
  test_npz: /home/students/HuangMingYu/code/py/my_idea/my_idea/data/TaxiBJ/v24_clean_abc_20260917/taxibj_test.npz
  dataset: TaxiBJ
  experiment_type: custom
  variant: v24_coe_dual_mask_coe_fixed_tttt_original_random_rate0.4_updates_seed7
  train_samples: 2452
  val_samples: 342
  train_steps_per_epoch: 154
  val_steps_per_epoch: 22
  test_samples: 707
  test_steps: 45
  batch_size: 16
  mask_pattern: random
  mask_rate_config: 0.4
  train_mask: shape=(2452, 1, 12, 32, 32), observed_rate=0.6000, missing_rate=0.4000
  val_mask: shape=(342, 1, 12, 32, 32), observed_rate=0.6000, missing_rate=0.4000
  data_shape: (2452, 2, 12, 32, 32)
  device: cuda
  device_name: NVIDIA GeForce RTX 3090
  total_params: 211,507
  trainable_params: 211,507
Config
{
  "seed": 7,
  "output_dir": "/home/students/HuangMingYu/code/py/my_idea/my_idea/outputs/v24-COE/experiments/coe_dual_mask/coe_dual_mask/fbea2a35caf9bf06/runs/v24_coe_dual_mask_coe_fixed_tttt_original_random_rate0.4_updates_seed7",
  "device": "cuda",
  "data": {
    "dataset_name": "TaxiBJ",
    "batch_size": 16,
    "num_workers": 0,
    "pin_memory": true,
    "drop_last": false,
    "mask": {
      "pattern": "random",
      "missing_rate": 0.4,
      "train_csv": "/home/students/HuangMingYu/code/py/my_idea/my_idea/data/TaxiBJ/v24_clean_abc_20260917/masks/random_point/0.4/train.csv",
      "val_csv": "/home/students/HuangMingYu/code/py/my_idea/my_idea/data/TaxiBJ/v24_clean_abc_20260917/masks/random_point/0.4/val.csv",
      "test_csv": "/home/students/HuangMingYu/code/py/my_idea/my_idea/data/TaxiBJ/v24_clean_abc_20260917/masks/random_point/0.4/test.csv"
    },
    "synthetic": {
      "num_train": 128,
      "num_val": 32,
      "t": 12,
      "h": 32,
      "w": 32
    },
    "multiscale": false,
    "loader_seed": 7,
    "train_mask_diversity": null,
    "eval_mask_diversity": null
  },
  "model": {
    "architecture": "v24_ts_coe",
    "c_in": 2,
    "main": {
      "dim": 64,
      "max_t": 12,
      "h": 32,
      "w": 32,
      "scale_mode": "fine",
      "use_multiscale": false
    },
    "coe": {
      "num_steps": 4,
      "expert_pool": [
        "T",
        "S",
        "TD",
        "SD",
        "TA",
        "ST"
      ],
      "routing_mode": "fixed",
      "fixed_path": [
        "T",
        "T",
        "T",
        "T"
      ],
      "fixed_expert_steps": [
        null,
        null,
        null,
        null
      ],
      "router_state": "dynamic",
      "expert_state": "dynamic",
      "use_shared": true,
      "use_routed": true,
      "temperature": 1.0,
      "temporal_kernel": 3,
      "spatial_kernel": 3,
      "temporal_dilation": 2,
      "spatial_dilation": 2,
      "attention_heads": 4,
      "residual_init": 0.1,
      "routing_warmup_epochs": 0,
      "routing_transition_epochs": 0,
      "uniform_mix_start": 0.5,
      "sampling_temperature_start": 2.0
    },
    "aux": {
      "enabled": false,
      "alpha_init": 0.0
    }
  },
  "loss": {
    "type": "l1",
    "lambda_coe_mid": 0.0,
    "lambda_coe_balance": 0.0
  },
  "train": {
    "epochs": 20,
    "val_epoch": 2,
    "lr_main": 0.001,
    "weight_decay": 0.0001,
    "grad_clip_norm": 1.0,
    "amp": true,
    "save_every": 10,
    "scheduler": {
      "type": "cosine",
      "eta_min": 1e-06,
      "total_epochs": 20
    },
    "early_stopping": {
      "enabled": false,
      "monitor": "val_mae",
      "patience": 40,
      "mode": "min"
    },
    "save_best_checkpoint": false,
    "router_grad_diagnostic_every": 50
  },
  "experiment_plan": {
    "stage": "coe_dual_mask",
    "variant": "coe_fixed_tttt",
    "protocol": "original_random_rate0.4",
    "protocol_kind": "legacy_csv",
    "budget_regime": "updates",
    "mask_metadata": null,
    "training_mask_source": "protocol",
    "evaluation_mask_source": "protocol"
  },
  "experiment_suite_fingerprint": "fbea2a35caf9bf06b509d160bcfa81080b2e1014484bcde47629e4a4ab0f0596"
}
------------------------------------------------------------------------------------------------
-----------------------------------------------------------------------------------------------------------------
 epoch         loss         mae         rmse     val_mae          lr   train_s    val_s   epoch_s   mem_gb   best
-----------------------------------------------------------------------------------------------------------------
     1     97.93181     98.1148     164.9364           -    1.00e-03      19.9      0.0      19.9     3.75       
     2     63.22320     63.3423     130.9779     43.2339    9.94e-04      19.6      1.3      20.9     3.75      *
Best model at epoch 2 (val_mae=43.2339)
     3     43.51023     43.4650     103.7236           -    9.76e-04      19.5      0.0      19.5     3.75       
     4     34.77844     34.7631      88.0910     27.3135    9.46e-04      19.5      1.3      20.8     3.75      *
Best model at epoch 4 (val_mae=27.3135)
     5     29.98264     30.0146      77.6503           -    9.05e-04      19.6      0.0      19.6     3.75       
     6     25.41489     25.4455      66.6214     20.4518    8.54e-04      19.5      1.3      20.8     3.75      *
Best model at epoch 6 (val_mae=20.4518)
     7     22.68036     22.6494      58.8359           -    7.94e-04      19.5      0.0      19.5     3.75       
     8     20.76081     20.7581      53.2734     17.7241    7.27e-04      19.5      1.3      20.8     3.75      *
Best model at epoch 8 (val_mae=17.7241)
     9     19.26113     19.2740      48.4257           -    6.55e-04      19.5      0.0      19.5     3.75       
    10     18.27971     18.2674      44.6654     15.9968    5.79e-04      19.5      1.3      20.8     3.75      *
Best model at epoch 10 (val_mae=15.9968)
    11     17.30148     17.2861      41.4398           -    5.01e-04      19.5      0.0      19.5     3.75       
    12     16.60164     16.6246      38.9347     15.0245    4.22e-04      19.5      1.3      20.8     3.75      *
Best model at epoch 12 (val_mae=15.0245)
    13     16.13984     16.1428      37.1362           -    3.46e-04      19.5      0.0      19.5     3.75       
    14     15.72311     15.7137      35.3757     14.5117    2.74e-04      19.6      1.3      20.9     3.75      *
Best model at epoch 14 (val_mae=14.5117)
    15     15.36689     15.3660      33.9797           -    2.07e-04      19.6      0.0      19.6     3.75       
    16     15.13828     15.1533      33.0684     14.2733    1.47e-04      19.6      1.3      20.9     3.75      *
Best model at epoch 16 (val_mae=14.2733)
    17     14.96054     14.9748      32.3287           -    9.64e-05      19.5      0.0      19.5     3.75       
    18     14.85593     14.8436      31.7778     14.0506    5.54e-05      19.6      1.3      20.9     3.75      *
Best model at epoch 18 (val_mae=14.0506)
    19     14.76987     14.7733      31.4857           -    2.54e-05      19.6      0.0      19.6     3.75       
    20     14.71881     14.7321      31.3172     13.9966    7.15e-06      19.6      1.3      20.9     3.75      *
Best model at epoch 20 (val_mae=13.9966)

------------------------------------------------------------------------------------------------
Training finished normally: 2026-09-18 22:07:46
Summary
  completed_epochs: 20
  best_epoch: 20
  best_val_mae: 13.996644
  val_epoch: 2
  validation_count: 10
  final_train_loss: 14.718805
  final_train_mae: 14.732097
  final_val_loss: 14.085443
  final_val_mae: 13.996644
  total_time: 6m 47s
  avg_epoch_time_sec: 20.22
  avg_train_sec_per_step: 0.1271
  avg_val_sec_per_step: 0.0295
  peak_memory_gb: 3.75
  test_loss: 12.836341
  test_mae: 12.905001
  test_rmse: 25.818463
  test_mape: 73846.363151
  test_time_sec: 2.68
  best_checkpoint: n/a
  best_state_source: cpu_memory
  metrics_jsonl: /home/students/HuangMingYu/code/py/my_idea/my_idea/outputs/v24-COE/experiments/coe_dual_mask/coe_dual_mask/fbea2a35caf9bf06/runs/v24_coe_dual_mask_coe_fixed_tttt_original_random_rate0.4_updates_seed7/TaxiBJ/custom/v24_coe_dual_mask_coe_fixed_tttt_original_random_rate0.4_updates_seed7/random/rate0.4/20260918_220056_seed7_bs16/logs/metrics.jsonl
------------------------------------------------------------------------------------------------
