Training started: 2026-09-30 21:50:02
------------------------------------------------------------------------------------------------
Run
  run_dir: /home/students/HuangMingYu/code/py/my_idea/my_idea/outputs/v24-COE/TaxiBJ/custom/20260930_215000_scale_soft_start_seed7/random/rate0.4/20260930_215000_seed7_bs32
  command: /home/students/HuangMingYu/code/py/my_idea/my_idea/outputs/v24-COE/experiments/r_scale_followup/taxibj/3ec9f13d1fb69da7/source_snapshot/scripts/train.py -c /home/students/HuangMingYu/code/py/my_idea/my_idea/outputs/v24-COE/experiments/r_scale_followup/taxibj/3ec9f13d1fb69da7/configs/R11.json --name scale_soft_start --no_plot --result-file /home/students/HuangMingYu/code/py/my_idea/my_idea/outputs/v24-COE/experiments/r_scale_followup/taxibj/3ec9f13d1fb69da7/results/R11.attempt1.json --train_npz /home/students/HuangMingYu/code/py/my_idea/my_idea/data/TaxiBJ/v24_clean_abc_20260917/taxibj_train.npz --val_npz /home/students/HuangMingYu/code/py/my_idea/my_idea/data/TaxiBJ/v24_clean_abc_20260917/taxibj_val.npz --test_npz /home/students/HuangMingYu/code/py/my_idea/my_idea/data/TaxiBJ/v24_clean_abc_20260917/taxibj_test.npz
  git_commit: 5fce115c0eeda8a7a294fc455811af98b816dbc1
  git_branch: v24-COE
  git_dirty: True
  config_sha256: d297d34c109607fa50f7430b26ea0b72632d21b2ac4818c1155e8e6458db650a
  python: 3.9.25
  torch: 2.6.0+cu124
  cuda_runtime: 12.4
  train_npz: /home/students/HuangMingYu/code/py/my_idea/my_idea/data/TaxiBJ/v24_clean_abc_20260917/taxibj_train.npz
  val_npz: /home/students/HuangMingYu/code/py/my_idea/my_idea/data/TaxiBJ/v24_clean_abc_20260917/taxibj_val.npz
  test_npz: /home/students/HuangMingYu/code/py/my_idea/my_idea/data/TaxiBJ/v24_clean_abc_20260917/taxibj_test.npz
  dataset: TaxiBJ
  experiment_type: custom
  variant: scale_soft_start
  train_samples: 2452
  val_samples: 342
  train_steps_per_epoch: 77
  val_steps_per_epoch: 11
  test_samples: 707
  test_steps: 23
  batch_size: 32
  world_size: 1
  per_device_batch_size: 32
  mask_pattern: random
  mask_rate_config: 0.4
  train_mask: unknown
  val_mask: unknown
  data_shape: (2452, 2, 12, 32, 32)
  device: cuda
  device_name: NVIDIA GeForce RTX 3090
  total_params: 308,899
  trainable_params: 308,899
Config
{
  "seed": 7,
  "output_dir": "/home/students/HuangMingYu/code/py/my_idea/my_idea/outputs/v24-COE",
  "device": "cuda",
  "data": {
    "dataset_name": "TaxiBJ",
    "batch_size": 32,
    "num_workers": 0,
    "pin_memory": true,
    "drop_last": false,
    "mask": {
      "pattern": "random",
      "missing_rate": 0.4
    },
    "synthetic": {
      "num_train": 128,
      "num_val": 32,
      "t": 12,
      "h": 32,
      "w": 32
    },
    "multiscale": false,
    "loader_seed": 7,
    "train_mask_diversity": {
      "families": [
        "random_point",
        "node_outage",
        "temporal_gap",
        "spatial_region"
      ],
      "rates": [
        0.4
      ],
      "seed": 20260917,
      "resample_each_epoch": true
    },
    "eval_mask_diversity": {
      "families": [
        "random_point",
        "node_outage",
        "temporal_gap",
        "spatial_region"
      ],
      "rates": [
        0.4
      ],
      "seed": 20260917,
      "resample_each_epoch": false
    }
  },
  "model": {
    "architecture": "v24_ts_coe",
    "c_in": 2,
    "main": {
      "dim": 64,
      "max_t": 12,
      "h": 32,
      "w": 32,
      "scale_mode": "fine",
      "use_multiscale": false
    },
    "coe": {
      "num_steps": 4,
      "expert_pool": [
        "T",
        "S",
        "TD",
        "SD",
        "TA",
        "ST",
        "TL",
        "SL"
      ],
      "routing_mode": "hard",
      "fixed_path": null,
      "fixed_expert_steps": [
        null,
        null,
        null,
        null
      ],
      "router_state": "dynamic",
      "expert_state": "dynamic",
      "use_shared": false,
      "use_routed": true,
      "temperature": 1.0,
      "temporal_kernel": 3,
      "spatial_kernel": 3,
      "temporal_dilation": 2,
      "spatial_dilation": 2,
      "attention_heads": 4,
      "residual_init": 0.1,
      "routing_warmup_epochs": 0,
      "routing_transition_epochs": 0,
      "uniform_mix_start": 0.5,
      "sampling_temperature_start": 2.0,
      "top_k": 2,
      "router_hidden_dim": 64,
      "pair_mode": "native",
      "acceptance": "none",
      "expert_sharing": "shared",
      "previous_expert_context": false,
      "global_route_weights": false,
      "router_input_noise_std": 0.0,
      "router_input_noise_steps": 0,
      "completion_feedback": false,
      "repair_acceptance": "none",
      "fusion_mode": "original",
      "partner_fusion": "individual",
      "partner_aux_head_only": false,
      "pair_dense_warmup_steps": 0,
      "state_update_mode": "direct",
      "router_features": "legacy",
      "local_routing": {
        "enabled": false
      },
      "spatial_scale": {
        "enabled": true,
        "mode": "soft_start",
        "factor": 2,
        "coarse_rounds": 2,
        "fixed_scales": [
          "coarse",
          "coarse",
          "fine",
          "fine"
        ],
        "warmup_epochs": 5,
        "transition_epochs": 5
      }
    },
    "aux": {
      "enabled": false,
      "alpha_init": 0.0
    }
  },
  "loss": {
    "type": "l1",
    "lambda_coe_mid": 0.0,
    "lambda_coe_balance": 0.01,
    "lambda_coe_z": 0.0,
    "balance_importance": "candidate"
  },
  "train": {
    "epochs": 100,
    "val_epoch": 5,
    "lr_main": 0.001,
    "weight_decay": 0.0001,
    "grad_clip_norm": 1.0,
    "amp": true,
    "save_every": 10,
    "scheduler": {
      "type": "cosine",
      "total_epochs": 100,
      "eta_min": 0.0003,
      "reach_min_at_last_epoch": true
    },
    "early_stopping": {
      "enabled": false
    },
    "save_best_checkpoint": true,
    "router_grad_diagnostic_every": 0,
    "full_checkpoint": true,
    "measure_forward_latency": true,
    "oracle_last_step_samples": 0,
    "best_checkpoint_name": "best.pth",
    "save_last_checkpoint": true,
    "optimizer": "AdamW"
  },
  "experiment_plan": {
    "suite": "r_scale_followup",
    "variant": "R11",
    "base_variant": "R7",
    "protocol": {
      "train_families": [
        "random_point",
        "node_outage",
        "temporal_gap",
        "spatial_region"
      ],
      "rate": 0.4,
      "mask_seed": 20260917,
      "evaluations": {
        "in_distribution": {
          "families": [
            "random_point",
            "node_outage",
            "temporal_gap",
            "spatial_region"
          ],
          "seed": 20260917
        },
        "unseen_combinations": {
          "families": [
            "node_plus_space",
            "time_plus_space",
            "node_plus_time"
          ],
          "seed": 20260918
        },
        "unseen_geometry": {
          "families": [
            "moving_region",
            "multi_block"
          ],
          "seed": 20260919
        },
        "unseen_triple": {
          "families": [
            "node_plus_time_plus_space"
          ],
          "seed": 20260930
        },
        "unseen_combinations_repeat": {
          "families": [
            "node_plus_space",
            "time_plus_space",
            "node_plus_time"
          ],
          "seed": 20261001
        },
        "unseen_geometry_repeat": {
          "families": [
            "moving_region",
            "multi_block"
          ],
          "seed": 20261002
        }
      },
      "checkpoint_selection": "in_distribution_validation_only",
      "note": "Same test windows across sets; masks are fixed and identical across models. New family/combination names never reach the model."
    }
  }
}
------------------------------------------------------------------------------------------------
-----------------------------------------------------------------------------------------------------------------
 epoch         loss         mae         rmse     val_mae          lr   train_s    val_s   epoch_s   mem_gb   best
-----------------------------------------------------------------------------------------------------------------
     1    108.74070    108.7359     175.1815           -    1.00e-03      52.8      0.0      52.8    15.19       
     2     95.42668     95.4773     161.4664           -    1.00e-03      54.4      0.0      54.4    15.17       
     3     82.35175     82.3001     145.7942           -    9.99e-04      50.8      0.0      50.8    15.15       
     4     73.46087     73.4577     133.5455           -    9.98e-04      50.7      0.0      50.7    15.13       
     5     67.78579     67.7635     123.9885     57.9617    9.97e-04      48.9      2.0      51.0    15.15      *
Best model at epoch 5 (val_mae=57.9617)
     6     63.83948     63.7978     117.2536           -    9.96e-04      48.8      0.0      48.8    15.14       
     7     61.55472     61.5162     113.5378           -    9.94e-04      51.2      0.0      51.2    15.16       
     8     56.59710     56.5838     107.3207           -    9.91e-04      50.3      0.0      50.3    15.13       
     9     53.52045     53.5098     102.9447           -    9.89e-04      51.2      0.0      51.2    15.15       
    10     52.37892     52.4001     101.1656     43.8352    9.86e-04      51.3      2.5      53.8    15.15      *
Best model at epoch 10 (val_mae=43.8352)
    11     49.64005     49.6498      97.6587           -    9.83e-04      38.9      0.0      38.9    11.75       
    12     47.93878     47.8956      94.7850           -    9.79e-04      40.6      0.0      40.6    11.76       
    13     48.21713     48.2212      93.4108           -    9.75e-04      41.1      0.0      41.1    11.75       
    14     44.77251     44.7292      89.1840           -    9.71e-04      42.0      0.0      42.0    11.75       
    15     42.81818     42.8081      86.0651     36.9384    9.66e-04      41.4      2.6      44.1    11.76      *
Best model at epoch 15 (val_mae=36.9384)
    16     41.31619     41.2747      82.8179           -    9.61e-04      42.2      0.0      42.2    11.76       
    17     39.86960     39.8772      80.0788           -    9.56e-04      42.2      0.0      42.2    11.75       
    18     39.09650     39.0968      78.1828           -    9.50e-04      42.2      0.0      42.2    11.75       
    19     37.77616     37.7714      75.3230           -    9.44e-04      42.3      0.0      42.3    11.75       
    20     36.21644     36.1742      72.4184     32.1602    9.38e-04      41.8      2.6      44.4    11.76      *
Best model at epoch 20 (val_mae=32.1602)
    21     35.47702     35.4403      70.5856           -    9.32e-04      41.8      0.0      41.8    11.75       
    22     34.71710     34.6773      68.6917           -    9.25e-04      41.9      0.0      41.9    11.75       
    23     33.81918     33.7489      66.6016           -    9.18e-04      41.7      0.0      41.7    11.75       
    24     32.26690     32.2509      63.3967           -    9.11e-04      41.8      0.0      41.8    11.76       
    25     31.34296     31.3481      61.2509     28.1878    9.03e-04      41.9      2.6      44.5    11.76      *
Best model at epoch 25 (val_mae=28.1878)
    26     30.94936     30.9200      59.8483           -    8.96e-04      41.9      0.0      41.9    11.76       
    27     30.41505     30.3798      58.0427           -    8.87e-04      41.7      0.0      41.7    11.75       
    28     29.72131     29.6948      56.6945           -    8.79e-04      41.8      0.0      41.8    11.76       
    29     28.58090     28.5484      54.5449           -    8.71e-04      41.8      0.0      41.8    11.76       
    30     28.51396     28.4657      53.8711     24.4358    8.62e-04      41.7      2.6      44.3    11.76      *
Best model at epoch 30 (val_mae=24.4358)
    31     27.64827     27.6120      52.2135           -    8.53e-04      41.8      0.0      41.8    11.76       
    32     26.86578     26.8441      50.4457           -    8.44e-04      41.8      0.0      41.8    11.76       
    33     26.86647     26.8387      50.4627           -    8.35e-04      41.8      0.0      41.8    11.76       
    34     25.99123     25.9690      48.1501           -    8.25e-04      41.8      0.0      41.8    11.76       
    35     25.76636     25.7125      47.2518     23.4963    8.15e-04      41.8      2.6      44.5    11.76      *
Best model at epoch 35 (val_mae=23.4963)
    36     25.00990     24.9799      45.7142           -    8.05e-04      41.9      0.0      41.9    11.76       
    37     24.76281     24.7277      45.2994           -    7.95e-04      41.9      0.0      41.9    11.76       
    38     24.79738     24.7756      45.1473           -    7.85e-04      41.9      0.0      41.9    11.76       
    39     24.23345     24.1914      43.7137           -    7.75e-04      41.8      0.0      41.8    11.76       
    40     24.50297     24.4646      44.2696     23.4518    7.64e-04      41.8      2.6      44.5    11.76      *
Best model at epoch 40 (val_mae=23.4518)
    41     23.84590     23.8354      43.0148           -    7.54e-04      41.8      0.0      41.8    11.76       
    42     23.59936     23.5953      42.9818           -    7.43e-04      41.9      0.0      41.9    11.76       
    43     23.38354     23.3260      41.7595           -    7.33e-04      41.8      0.0      41.8    11.76       
    44     23.21323     23.1887      41.5075           -    7.22e-04      41.7      0.0      41.7    11.76       
    45     22.87725     22.8348      40.9167     20.9075    7.11e-04      41.8      2.6      44.5    11.76      *
Best model at epoch 45 (val_mae=20.9075)
    46     23.10323     23.0797      40.8008           -    7.00e-04      41.9      0.0      41.9    11.76       
    47     22.55141     22.5327      40.1320           -    6.89e-04      41.9      0.0      41.9    11.76       
    48     22.77087     22.7498      40.3021           -    6.78e-04      41.8      0.0      41.8    11.76       
    49     22.31286     22.2511      39.6735           -    6.67e-04      41.8      0.0      41.8    11.76       
    50     23.23177     23.2102      41.2681     20.8394    6.56e-04      41.8      2.6      44.4    11.76      *
Best model at epoch 50 (val_mae=20.8394)
    51     23.37119     23.3547      41.1650           -    6.44e-04      41.8      0.0      41.8    11.76       
    52     22.36014     22.3476      39.2745           -    6.33e-04      41.8      0.0      41.8    11.76       
    53     22.09465     22.0433      38.7190           -    6.22e-04      41.8      0.0      41.8    11.76       
    54     21.38413     21.3592      37.5338           -    6.11e-04      41.8      0.0      41.8    11.76       
    55     21.81140     21.7553      38.4307     19.6347    6.00e-04      42.0      2.6      44.6    11.76      *
Best model at epoch 55 (val_mae=19.6347)
    56     21.29971     21.2614      37.3372           -    5.89e-04      41.9      0.0      41.9    11.76       
    57     21.07546     21.0392      36.9517           -    5.78e-04      41.8      0.0      41.8    11.76       
    58     20.96967     20.9416      36.6899           -    5.67e-04      41.9      0.0      41.9    11.76       
    59     20.94479     20.9065      36.6343           -    5.57e-04      41.8      0.0      41.8    11.76       
    60     21.35526     21.3264      37.0190     19.5067    5.46e-04      41.9      2.6      44.5    11.76      *
Best model at epoch 60 (val_mae=19.5067)
    61     21.42389     21.3874      37.0871           -    5.36e-04      41.9      0.0      41.9    11.76       
    62     20.76593     20.7419      36.3416           -    5.25e-04      42.1      0.0      42.1    11.76       
    63     20.94159     20.9001      36.5814           -    5.15e-04      41.9      0.0      41.9    11.76       
    64     20.80567     20.7247      36.2116           -    5.05e-04      41.8      0.0      41.8    11.76       
    65     21.47145     21.4289      36.9401     19.5816    4.95e-04      42.0      2.6      44.6    11.76       
    66     20.31997     20.2884      35.2179           -    4.85e-04      41.8      0.0      41.8    11.76       
    67     20.23854     20.1880      35.4239           -    4.75e-04      41.9      0.0      41.9    11.76       
    68     19.93992     19.9170      34.6622           -    4.65e-04      41.9      0.0      41.9    11.76       
    69     19.90588     19.8798      34.5396           -    4.56e-04      41.8      0.0      41.8    11.76       
    70     20.01704     19.9616      34.8064     18.2956    4.47e-04      41.9      2.6      44.5    11.76      *
Best model at epoch 70 (val_mae=18.2956)
    71     19.60865     19.5707      34.2092           -    4.38e-04      42.0      0.0      42.0    11.76       
    72     19.86376     19.8152      34.6214           -    4.29e-04      41.9      0.0      41.9    11.76       
    73     19.61734     19.5723      34.0567           -    4.21e-04      41.9      0.0      41.9    11.76       
    74     19.89220     19.8542      34.3739           -    4.13e-04      42.0      0.0      42.0    11.76       
    75     19.57948     19.5425      34.0964     18.5993    4.04e-04      41.9      2.6      44.6    11.76       
    76     19.95687     19.9241      34.5342           -    3.97e-04      41.9      0.0      41.9    11.76       
    77     19.28407     19.2433      33.4365           -    3.89e-04      42.0      0.0      42.0    11.76       
    78     19.32245     19.3007      33.7599           -    3.82e-04      42.0      0.0      42.0    11.76       
    79     19.31151     19.2528      33.4768           -    3.75e-04      41.9      0.0      41.9    11.76       
    80     19.15260     19.1219      33.1724     18.2914    3.68e-04      41.9      2.6      44.6    11.76      *
Best model at epoch 80 (val_mae=18.2914)
    81     19.00984     18.9741      32.9988           -    3.62e-04      42.0      0.0      42.0    11.76       
    82     18.91122     18.8458      32.6912           -    3.56e-04      41.9      0.0      41.9    11.76       
    83     18.98514     18.9537      33.1408           -    3.50e-04      41.9      0.0      41.9    11.76       
    84     19.54103     19.5054      33.6183           -    3.44e-04      42.0      0.0      42.0    11.76       
    85     18.89271     18.8591      32.8119     18.3074    3.39e-04      42.1      2.6      44.8    11.76       
    86     18.66926     18.6351      32.4667           -    3.34e-04      42.0      0.0      42.0    11.76       
    87     18.77329     18.7404      32.7511           -    3.29e-04      41.9      0.0      41.9    11.76       
    88     18.51734     18.4918      32.1447           -    3.25e-04      41.8      0.0      41.8    11.76       
    89     19.17347     19.1231      33.3278           -    3.21e-04      42.0      0.0      42.0    11.76       
    90     18.72766     18.7131      32.5647     17.7156    3.17e-04      41.9      2.6      44.6    11.76      *
Best model at epoch 90 (val_mae=17.7156)
    91     18.57179     18.5398      32.2832           -    3.14e-04      41.9      0.0      41.9    11.76       
    92     18.83910     18.8064      32.6840           -    3.11e-04      41.9      0.0      41.9    11.76       
    93     18.36070     18.3185      32.0359           -    3.09e-04      41.9      0.0      41.9    11.76       
    94     18.50184     18.4690      32.2004           -    3.06e-04      42.0      0.0      42.0    11.76       
    95     18.99341     18.9620      32.8184     19.0069    3.04e-04      42.0      2.6      44.6    11.76       
    96     18.77650     18.7380      32.4452           -    3.03e-04      42.0      0.0      42.0    11.76       
    97     18.54376     18.4984      32.1849           -    3.02e-04      42.0      0.0      42.0    11.76       
    98     18.80412     18.7739      32.5524           -    3.01e-04      41.9      0.0      41.9    11.76       
    99     18.12937     18.1131      31.4727           -    3.00e-04      42.0      0.0      42.0    11.76       
   100     18.23439     18.1878      31.6887     18.2288    3.00e-04      42.0      2.6      44.7    11.75       

------------------------------------------------------------------------------------------------
Training finished normally: 2026-09-30 23:02:16
Summary
  completed_epochs: 100
  best_epoch: 90
  best_val_mae: 17.715568
  val_epoch: 5
  validation_count: 20
  final_train_loss: 18.234391
  final_train_mae: 18.187774
  final_val_loss: 18.292066
  final_val_mae: 18.228780
  total_time: 1h 12m 14s
  avg_epoch_time_sec: 43.28
  avg_train_sec_per_step: 0.5553
  avg_val_sec_per_step: 0.0472
  peak_memory_gb: 15.19
  test_loss: 16.852333
  test_mae: 16.907242
  test_rmse: 29.882460
  test_mape: 174198.001914
  test_time_sec: 5.43
  best_checkpoint: /home/students/HuangMingYu/code/py/my_idea/my_idea/outputs/v24-COE/TaxiBJ/custom/20260930_215000_scale_soft_start_seed7/random/rate0.4/20260930_215000_seed7_bs32/checkpoints/best.pth
  last_checkpoint: /home/students/HuangMingYu/code/py/my_idea/my_idea/outputs/v24-COE/TaxiBJ/custom/20260930_215000_scale_soft_start_seed7/random/rate0.4/20260930_215000_seed7_bs32/checkpoints/last.pth
  best_state_source: checkpoint
  metrics_jsonl: /home/students/HuangMingYu/code/py/my_idea/my_idea/outputs/v24-COE/TaxiBJ/custom/20260930_215000_scale_soft_start_seed7/random/rate0.4/20260930_215000_seed7_bs32/logs/metrics.jsonl
------------------------------------------------------------------------------------------------
