Training started: 2026-09-17 16:18:17
------------------------------------------------------------------------------------------------
Run
  run_dir: /home/students/HuangMingYu/code/py/my_idea/my_idea/outputs/v24-COE/experiments/core/08fc9d8d37df089e/runs/v24_core_initial_router_spatial_region_rate0.4_updates_seed7/BikeNYC/custom/v24_core_initial_router_spatial_region_rate0.4_updates_seed7/random/rate0.4/20260917_161817_seed7_bs16
  command: /home/students/HuangMingYu/code/py/my_idea/my_idea/scripts/train.py -c /home/students/HuangMingYu/code/py/my_idea/my_idea/outputs/v24-COE/experiments/core/08fc9d8d37df089e/configs/v24_core_initial_router_spatial_region_rate0.4_updates_seed7.json --no_plot --name v24_core_initial_router_spatial_region_rate0.4_updates_seed7 --train_npz /home/students/HuangMingYu/code/py/my_idea/my_idea/data/BikeNYC/bikenyc_train.npz --val_npz /home/students/HuangMingYu/code/py/my_idea/my_idea/data/BikeNYC/bikenyc_val.npz --test_npz /home/students/HuangMingYu/code/py/my_idea/my_idea/data/BikeNYC/bikenyc_test.npz --result-file /home/students/HuangMingYu/code/py/my_idea/my_idea/outputs/v24-COE/experiments/core/08fc9d8d37df089e/results/v24_core_initial_router_spatial_region_rate0.4_updates_seed7.attempt1.json
  git_commit: 1f348d420b22878eff7be96a61567a5be410fd0e
  git_branch: v24-COE
  git_dirty: True
  config_sha256: 12e6314f56234258e716f117d4087cd7918553f69bc0295ae346d68f5b4f9dad
  python: 3.9.25
  torch: 2.6.0+cu124
  cuda_runtime: 12.4
  train_npz: /home/students/HuangMingYu/code/py/my_idea/my_idea/data/BikeNYC/bikenyc_train.npz
  val_npz: /home/students/HuangMingYu/code/py/my_idea/my_idea/data/BikeNYC/bikenyc_val.npz
  test_npz: /home/students/HuangMingYu/code/py/my_idea/my_idea/data/BikeNYC/bikenyc_test.npz
  dataset: BikeNYC
  experiment_type: custom
  variant: v24_core_initial_router_spatial_region_rate0.4_updates_seed7
  train_samples: 511
  val_samples: 73
  train_steps_per_epoch: 32
  val_steps_per_epoch: 5
  test_samples: 147
  test_steps: 10
  batch_size: 16
  mask_pattern: random
  mask_rate_config: 0.4
  train_mask: shape=(511, 1, 12, 24, 12), observed_rate=0.6007, missing_rate=0.3993
  val_mask: shape=(73, 1, 12, 24, 12), observed_rate=0.6007, missing_rate=0.3993
  data_shape: (511, 2, 12, 24, 12)
  device: cuda
  device_name: NVIDIA GeForce RTX 3090
  total_params: 91,571
  trainable_params: 91,571
Config
{
  "seed": 7,
  "output_dir": "/home/students/HuangMingYu/code/py/my_idea/my_idea/outputs/v24-COE/experiments/core/08fc9d8d37df089e/runs/v24_core_initial_router_spatial_region_rate0.4_updates_seed7",
  "device": "auto",
  "data": {
    "dataset_name": "BikeNYC",
    "batch_size": 16,
    "num_workers": 0,
    "pin_memory": true,
    "drop_last": false,
    "mask": {
      "pattern": "random",
      "missing_rate": 0.4,
      "train_csv": "/home/students/HuangMingYu/code/py/my_idea/my_idea/outputs/v24-COE/section13/bikenyc_masks_seed2026/spatial_region/0.4/train.csv",
      "val_csv": "/home/students/HuangMingYu/code/py/my_idea/my_idea/outputs/v24-COE/section13/bikenyc_masks_seed2026/spatial_region/0.4/val.csv",
      "test_csv": "/home/students/HuangMingYu/code/py/my_idea/my_idea/outputs/v24-COE/section13/bikenyc_masks_seed2026/spatial_region/0.4/test.csv"
    },
    "synthetic": {
      "num_train": 128,
      "num_val": 32,
      "t": 12,
      "h": 24,
      "w": 12
    },
    "multiscale": false
  },
  "model": {
    "architecture": "v24_ts_coe",
    "c_in": 2,
    "main": {
      "dim": 64,
      "max_t": 12,
      "h": 24,
      "w": 12,
      "scale_mode": "fine",
      "use_multiscale": false
    },
    "coe": {
      "num_steps": 2,
      "routing_mode": "hard",
      "fixed_path": null,
      "router_state": "initial",
      "use_shared": true,
      "use_routed": true,
      "temperature": 1.0,
      "temporal_kernel": 3,
      "spatial_kernel": 3,
      "residual_init": 0.1,
      "expert_pool": [
        "T",
        "S"
      ],
      "expert_state": "dynamic"
    },
    "aux": {
      "enabled": false,
      "alpha_init": 0.0
    }
  },
  "loss": {
    "type": "l1",
    "lambda_coe_mid": 0,
    "lambda_coe_balance": 0
  },
  "train": {
    "epochs": 80,
    "val_epoch": 2,
    "lr_main": 0.001,
    "weight_decay": 0.0001,
    "grad_clip_norm": 1.0,
    "amp": true,
    "save_every": 10,
    "scheduler": {
      "type": "cosine",
      "eta_min": 1e-06
    },
    "early_stopping": {
      "enabled": false,
      "monitor": "val_mae",
      "patience": 15,
      "mode": "min"
    },
    "save_best_checkpoint": false
  },
  "experiment_plan": {
    "stage": "core",
    "variant": "initial_router",
    "protocol": "spatial_region_rate0.4",
    "protocol_kind": "structured_csv",
    "budget_regime": "updates",
    "mask_metadata": "/home/students/HuangMingYu/code/py/my_idea/my_idea/outputs/v24-COE/section13/bikenyc_masks_seed2026/spatial_region/0.4/metadata.json"
  },
  "experiment_suite_fingerprint": "08fc9d8d37df089e074c1f54d84eabb0c7699555c5d348e61134aa3b4ddc48c2"
}
------------------------------------------------------------------------------------------------
-----------------------------------------------------------------------------------------------------------------
 epoch         loss         mae         rmse     val_mae          lr   train_s    val_s   epoch_s   mem_gb   best
-----------------------------------------------------------------------------------------------------------------
     1     11.44996     11.4484      32.3912           -    1.00e-03       1.5      0.0       1.5     0.81       
     2     10.87783     10.8802      31.4785     11.9414    1.00e-03       1.2      0.1       1.2     0.81      *
Best model at epoch 2 (val_mae=11.9414)
     3     10.52275     10.5167      30.6007           -    9.98e-04       1.2      0.0       1.2     0.81       
     4     10.29147     10.2873      29.9222     11.4279    9.97e-04       1.2      0.1       1.2     0.81      *
Best model at epoch 4 (val_mae=11.4279)
     5     10.06973     10.0745      29.2997           -    9.94e-04       1.1      0.0       1.1     0.81       
     6      9.84856      9.8464      28.6434     10.9092    9.90e-04       1.1      0.1       1.2     0.81      *
Best model at epoch 6 (val_mae=10.9092)
     7      9.67345      9.6745      28.1322           -    9.86e-04       1.1      0.0       1.1     0.81       
     8      9.32366      9.3235      27.4475     10.3106    9.81e-04       1.1      0.1       1.2     0.81      *
Best model at epoch 8 (val_mae=10.3106)
     9      9.03397      9.0307      26.6904           -    9.76e-04       1.1      0.0       1.1     0.81       
    10      8.86128      8.8608      26.0930      9.9033    9.69e-04       1.1      0.1       1.2     0.81      *
Best model at epoch 10 (val_mae=9.9033)
    11      8.72451      8.7225      25.6206           -    9.62e-04       1.1      0.0       1.1     0.81       
    12      8.55272      8.5535      25.1281      9.4622    9.54e-04       1.1      0.1       1.2     0.81      *
Best model at epoch 12 (val_mae=9.4622)
    13      8.44602      8.4449      24.6781           -    9.46e-04       1.1      0.0       1.1     0.81       
    14      8.32002      8.3231      24.2773      9.1603    9.36e-04       1.2      0.1       1.2     0.81      *
Best model at epoch 14 (val_mae=9.1603)
    15      8.13975      8.1422      23.8027           -    9.26e-04       1.1      0.0       1.1     0.81       
    16      8.07009      8.0636      23.5033      9.0030    9.16e-04       1.1      0.1       1.2     0.81      *
Best model at epoch 16 (val_mae=9.0030)
    17      7.94664      7.9473      23.1256           -    9.05e-04       1.1      0.0       1.1     0.81       
    18      7.99168      7.9901      22.9484      8.7663    8.93e-04       1.1      0.1       1.2     0.81      *
Best model at epoch 18 (val_mae=8.7663)
    19      7.84649      7.8435      22.6743           -    8.80e-04       1.1      0.0       1.1     0.81       
    20      7.83468      7.8368      22.6380      8.8126    8.67e-04       1.1      0.1       1.2     0.81       
    21      7.70757      7.7017      22.2887           -    8.54e-04       1.1      0.0       1.1     0.81       
    22      7.88589      7.8813      22.4430      8.6134    8.40e-04       1.1      0.1       1.2     0.81      *
Best model at epoch 22 (val_mae=8.6134)
    23      7.79325      7.7917      22.0404           -    8.25e-04       1.1      0.0       1.1     0.81       
    24      7.58745      7.5891      21.6758      8.5495    8.10e-04       1.1      0.1       1.2     0.81      *
Best model at epoch 24 (val_mae=8.5495)
    25      7.56536      7.5651      21.7372           -    7.94e-04       1.1      0.0       1.1     0.81       
    26      7.61570      7.6149      21.4485      8.4231    7.78e-04       1.1      0.1       1.2     0.81      *
Best model at epoch 26 (val_mae=8.4231)
    27      7.44478      7.4478      21.4202           -    7.61e-04       1.1      0.0       1.1     0.81       
    28      7.56986      7.5691      21.4203      8.2244    7.45e-04       1.1      0.1       1.2     0.81      *
Best model at epoch 28 (val_mae=8.2244)
    29      7.39435      7.3947      21.0208           -    7.27e-04       1.1      0.0       1.1     0.81       
    30      7.40641      7.4069      21.0379      8.1906    7.10e-04       1.1      0.1       1.2     0.81      *
Best model at epoch 30 (val_mae=8.1906)
    31      7.37149      7.3692      21.1648           -    6.92e-04       1.1      0.0       1.1     0.81       
    32      7.34479      7.3412      20.8606      8.1953    6.73e-04       1.1      0.1       1.2     0.81       
    33      7.27580      7.2755      20.6080           -    6.55e-04       1.1      0.0       1.1     0.81       
    34      7.27459      7.2727      20.5313      7.9353    6.36e-04       1.1      0.1       1.2     0.81      *
Best model at epoch 34 (val_mae=7.9353)
    35      7.25360      7.2537      20.4921           -    6.17e-04       1.1      0.0       1.1     0.81       
    36      7.19481      7.1936      20.3591      7.9815    5.98e-04       1.1      0.1       1.2     0.81       
    37      7.26083      7.2598      20.6935           -    5.79e-04       1.1      0.0       1.1     0.81       
    38      7.20983      7.2115      20.5549      7.8894    5.59e-04       1.1      0.1       1.2     0.81      *
Best model at epoch 38 (val_mae=7.8894)
    39      7.31411      7.3145      20.4349           -    5.40e-04       1.1      0.0       1.1     0.81       
    40      7.15723      7.1558      20.1062      7.9698    5.20e-04       1.1      0.1       1.2     0.81       
    41      7.17303      7.1730      20.2930           -    5.01e-04       1.1      0.0       1.1     0.81       
    42      7.12241      7.1238      20.1980      7.8350    4.81e-04       1.1      0.1       1.2     0.81      *
Best model at epoch 42 (val_mae=7.8350)
    43      7.05092      7.0539      19.9855           -    4.61e-04       1.1      0.0       1.1     0.81       
    44      7.13285      7.1299      20.4053      7.8524    4.42e-04       1.1      0.1       1.2     0.81       
    45      7.05970      7.0612      20.0183           -    4.22e-04       1.1      0.0       1.1     0.81       
    46      7.03622      7.0403      20.0285      7.7450    4.03e-04       1.1      0.1       1.2     0.81      *
Best model at epoch 46 (val_mae=7.7450)
    47      7.03919      7.0382      19.9312           -    3.84e-04       1.1      0.0       1.1     0.81       
    48      7.00783      7.0086      19.7871      7.7758    3.65e-04       1.1      0.1       1.2     0.81       
    49      7.03401      7.0348      19.9982           -    3.46e-04       1.1      0.0       1.1     0.81       
    50      6.99627      6.9960      19.6799      7.7165    3.28e-04       1.1      0.1       1.2     0.81      *
Best model at epoch 50 (val_mae=7.7165)
    51      6.99704      6.9990      19.7173           -    3.09e-04       1.1      0.0       1.1     0.81       
    52      6.99462      6.9953      19.7054      7.6355    2.91e-04       1.1      0.1       1.2     0.81      *
Best model at epoch 52 (val_mae=7.6355)
    53      6.98225      6.9812      19.8523           -    2.74e-04       1.1      0.0       1.1     0.81       
    54      6.99340      6.9909      19.8610      7.8825    2.56e-04       1.1      0.1       1.2     0.81       
    55      7.06500      7.0621      20.2579           -    2.40e-04       1.1      0.0       1.1     0.81       
    56      6.98938      6.9904      19.7336      7.6581    2.23e-04       1.1      0.1       1.2     0.81       
    57      6.92023      6.9193      19.5528           -    2.07e-04       1.1      0.0       1.1     0.81       
    58      6.91579      6.9138      19.5575      7.6257    1.91e-04       1.1      0.1       1.2     0.81      *
Best model at epoch 58 (val_mae=7.6257)
    59      6.88769      6.8869      19.6812           -    1.76e-04       1.1      0.0       1.1     0.81       
    60      6.90130      6.9015      19.7860      7.8525    1.61e-04       1.1      0.1       1.2     0.81       
    61      6.89545      6.8986      19.7609           -    1.47e-04       1.1      0.0       1.1     0.81       
    62      6.86171      6.8627      19.4330      7.5669    1.34e-04       1.1      0.1       1.2     0.81      *
Best model at epoch 62 (val_mae=7.5669)
    63      6.88260      6.8799      19.4014           -    1.21e-04       1.1      0.0       1.1     0.81       
    64      6.82838      6.8311      19.5057      7.5336    1.08e-04       1.1      0.1       1.2     0.81      *
Best model at epoch 64 (val_mae=7.5336)
    65      6.83819      6.8371      19.2838           -    9.64e-05       1.1      0.0       1.1     0.81       
    66      6.82602      6.8279      19.3285      7.5843    8.52e-05       1.1      0.1       1.2     0.81       
    67      6.81860      6.8215      19.4267           -    7.46e-05       1.1      0.0       1.1     0.81       
    68      6.80471      6.8073      19.4758      7.5162    6.47e-05       1.1      0.1       1.2     0.81      *
Best model at epoch 68 (val_mae=7.5162)
    69      6.85407      6.8524      19.6074           -    5.54e-05       1.1      0.0       1.1     0.81       
    70      6.79701      6.7984      19.2572      7.6440    4.69e-05       1.1      0.1       1.2     0.81       
    71      6.81782      6.8209      19.6207           -    3.90e-05       1.1      0.0       1.1     0.81       
    72      6.80669      6.8105      19.2557      7.5632    3.19e-05       1.1      0.1       1.2     0.81       
    73      6.79103      6.7969      19.2822           -    2.54e-05       1.1      0.0       1.1     0.81       
    74      6.78037      6.7832      19.2296      7.5358    1.98e-05       1.1      0.1       1.2     0.81       
    75      6.79219      6.7879      19.3883           -    1.48e-05       1.1      0.0       1.1     0.81       
    76      6.78038      6.7843      19.2175      7.5276    1.06e-05       1.1      0.1       1.2     0.81       
    77      6.78246      6.7802      19.2684           -    7.15e-06       1.1      0.0       1.1     0.81       
    78      6.78039      6.7790      19.2512      7.5244    4.46e-06       1.1      0.1       1.2     0.81       
    79      6.77643      6.7784      19.2537           -    2.54e-06       1.1      0.0       1.1     0.81       
    80      6.77713      6.7774      19.2567      7.5301    1.39e-06       1.1      0.1       1.2     0.81       

------------------------------------------------------------------------------------------------
Training finished normally: 2026-09-17 16:19:52
Summary
  completed_epochs: 80
  best_epoch: 68
  best_val_mae: 7.516154
  val_epoch: 2
  validation_count: 40
  final_train_loss: 6.777134
  final_train_mae: 6.777355
  final_val_loss: 7.531064
  final_val_mae: 7.530074
  total_time: 1m 35s
  avg_epoch_time_sec: 1.18
  avg_train_sec_per_step: 0.0360
  avg_val_sec_per_step: 0.0059
  peak_memory_gb: 0.81
  test_loss: 7.836145
  test_mae: 7.954473
  test_rmse: 22.758918
  test_mape: 350922.067238
  test_time_sec: 0.12
  best_checkpoint: n/a
  best_state_source: cpu_memory
  metrics_jsonl: /home/students/HuangMingYu/code/py/my_idea/my_idea/outputs/v24-COE/experiments/core/08fc9d8d37df089e/runs/v24_core_initial_router_spatial_region_rate0.4_updates_seed7/BikeNYC/custom/v24_core_initial_router_spatial_region_rate0.4_updates_seed7/random/rate0.4/20260917_161817_seed7_bs16/logs/metrics.jsonl
------------------------------------------------------------------------------------------------
