Training started: 2026-09-17 16:30:24
------------------------------------------------------------------------------------------------
Run
  run_dir: /home/students/HuangMingYu/code/py/my_idea/my_idea/outputs/v24-COE/experiments/core/08fc9d8d37df089e/runs/v24_core_fixed_tt_spatiotemporal_block_rate0.4_updates_seed7/BikeNYC/custom/v24_core_fixed_tt_spatiotemporal_block_rate0.4_updates_seed7/random/rate0.4/20260917_163024_seed7_bs16
  command: /home/students/HuangMingYu/code/py/my_idea/my_idea/scripts/train.py -c /home/students/HuangMingYu/code/py/my_idea/my_idea/outputs/v24-COE/experiments/core/08fc9d8d37df089e/configs/v24_core_fixed_tt_spatiotemporal_block_rate0.4_updates_seed7.json --no_plot --name v24_core_fixed_tt_spatiotemporal_block_rate0.4_updates_seed7 --train_npz /home/students/HuangMingYu/code/py/my_idea/my_idea/data/BikeNYC/bikenyc_train.npz --val_npz /home/students/HuangMingYu/code/py/my_idea/my_idea/data/BikeNYC/bikenyc_val.npz --test_npz /home/students/HuangMingYu/code/py/my_idea/my_idea/data/BikeNYC/bikenyc_test.npz --result-file /home/students/HuangMingYu/code/py/my_idea/my_idea/outputs/v24-COE/experiments/core/08fc9d8d37df089e/results/v24_core_fixed_tt_spatiotemporal_block_rate0.4_updates_seed7.attempt1.json
  git_commit: 1f348d420b22878eff7be96a61567a5be410fd0e
  git_branch: v24-COE
  git_dirty: True
  config_sha256: ce6114e395ba3648968db1218f761e434727908fd072a1327cb563dd8cd09c1d
  python: 3.9.25
  torch: 2.6.0+cu124
  cuda_runtime: 12.4
  train_npz: /home/students/HuangMingYu/code/py/my_idea/my_idea/data/BikeNYC/bikenyc_train.npz
  val_npz: /home/students/HuangMingYu/code/py/my_idea/my_idea/data/BikeNYC/bikenyc_val.npz
  test_npz: /home/students/HuangMingYu/code/py/my_idea/my_idea/data/BikeNYC/bikenyc_test.npz
  dataset: BikeNYC
  experiment_type: custom
  variant: v24_core_fixed_tt_spatiotemporal_block_rate0.4_updates_seed7
  train_samples: 511
  val_samples: 73
  train_steps_per_epoch: 32
  val_steps_per_epoch: 5
  test_samples: 147
  test_steps: 10
  batch_size: 16
  mask_pattern: random
  mask_rate_config: 0.4
  train_mask: shape=(511, 1, 12, 24, 12), observed_rate=0.6007, missing_rate=0.3993
  val_mask: shape=(73, 1, 12, 24, 12), observed_rate=0.6007, missing_rate=0.3993
  data_shape: (511, 2, 12, 24, 12)
  device: cuda
  device_name: NVIDIA GeForce RTX 3090
  total_params: 91,571
  trainable_params: 91,571
Config
{
  "seed": 7,
  "output_dir": "/home/students/HuangMingYu/code/py/my_idea/my_idea/outputs/v24-COE/experiments/core/08fc9d8d37df089e/runs/v24_core_fixed_tt_spatiotemporal_block_rate0.4_updates_seed7",
  "device": "auto",
  "data": {
    "dataset_name": "BikeNYC",
    "batch_size": 16,
    "num_workers": 0,
    "pin_memory": true,
    "drop_last": false,
    "mask": {
      "pattern": "random",
      "missing_rate": 0.4,
      "train_csv": "/home/students/HuangMingYu/code/py/my_idea/my_idea/outputs/v24-COE/section13/bikenyc_masks_seed2026/spatiotemporal_block/0.4/train.csv",
      "val_csv": "/home/students/HuangMingYu/code/py/my_idea/my_idea/outputs/v24-COE/section13/bikenyc_masks_seed2026/spatiotemporal_block/0.4/val.csv",
      "test_csv": "/home/students/HuangMingYu/code/py/my_idea/my_idea/outputs/v24-COE/section13/bikenyc_masks_seed2026/spatiotemporal_block/0.4/test.csv"
    },
    "synthetic": {
      "num_train": 128,
      "num_val": 32,
      "t": 12,
      "h": 24,
      "w": 12
    },
    "multiscale": false
  },
  "model": {
    "architecture": "v24_ts_coe",
    "c_in": 2,
    "main": {
      "dim": 64,
      "max_t": 12,
      "h": 24,
      "w": 12,
      "scale_mode": "fine",
      "use_multiscale": false
    },
    "coe": {
      "num_steps": 2,
      "routing_mode": "fixed",
      "fixed_path": [
        "T",
        "T"
      ],
      "router_state": "dynamic",
      "use_shared": true,
      "use_routed": true,
      "temperature": 1.0,
      "temporal_kernel": 3,
      "spatial_kernel": 3,
      "residual_init": 0.1,
      "expert_pool": [
        "T",
        "S"
      ],
      "expert_state": "dynamic"
    },
    "aux": {
      "enabled": false,
      "alpha_init": 0.0
    }
  },
  "loss": {
    "type": "l1",
    "lambda_coe_mid": 0,
    "lambda_coe_balance": 0
  },
  "train": {
    "epochs": 80,
    "val_epoch": 2,
    "lr_main": 0.001,
    "weight_decay": 0.0001,
    "grad_clip_norm": 1.0,
    "amp": true,
    "save_every": 10,
    "scheduler": {
      "type": "cosine",
      "eta_min": 1e-06
    },
    "early_stopping": {
      "enabled": false,
      "monitor": "val_mae",
      "patience": 15,
      "mode": "min"
    },
    "save_best_checkpoint": false
  },
  "experiment_plan": {
    "stage": "core",
    "variant": "fixed_tt",
    "protocol": "spatiotemporal_block_rate0.4",
    "protocol_kind": "structured_csv",
    "budget_regime": "updates",
    "mask_metadata": "/home/students/HuangMingYu/code/py/my_idea/my_idea/outputs/v24-COE/section13/bikenyc_masks_seed2026/spatiotemporal_block/0.4/metadata.json"
  },
  "experiment_suite_fingerprint": "08fc9d8d37df089e074c1f54d84eabb0c7699555c5d348e61134aa3b4ddc48c2"
}
------------------------------------------------------------------------------------------------
-----------------------------------------------------------------------------------------------------------------
 epoch         loss         mae         rmse     val_mae          lr   train_s    val_s   epoch_s   mem_gb   best
-----------------------------------------------------------------------------------------------------------------
     1     10.98612     10.9809      31.9215           -    1.00e-03       1.2      0.0       1.2     0.61       
     2     10.35548     10.3554      30.9647     12.0664    1.00e-03       0.8      0.1       0.9     0.61      *
Best model at epoch 2 (val_mae=12.0664)
     3      9.78035      9.7786      29.8739           -    9.98e-04       0.8      0.0       0.8     0.61       
     4      9.28373      9.2799      28.7815     10.8912    9.97e-04       0.8      0.1       0.9     0.61      *
Best model at epoch 4 (val_mae=10.8912)
     5      8.88085      8.8818      27.7824           -    9.94e-04       0.8      0.0       0.8     0.61       
     6      8.53590      8.5355      26.8057      9.8274    9.90e-04       0.8      0.1       0.9     0.61      *
Best model at epoch 6 (val_mae=9.8274)
     7      8.24527      8.2447      25.8538           -    9.86e-04       0.8      0.0       0.8     0.61       
     8      8.09167      8.0919      25.1821      9.1875    9.81e-04       0.8      0.1       0.9     0.61      *
Best model at epoch 8 (val_mae=9.1875)
     9      7.88042      7.8812      24.3337           -    9.76e-04       0.8      0.0       0.8     0.61       
    10      7.72327      7.7216      23.9112      8.8197    9.69e-04       0.8      0.1       0.9     0.61      *
Best model at epoch 10 (val_mae=8.8197)
    11      7.57161      7.5708      23.1780           -    9.62e-04       0.8      0.0       0.8     0.61       
    12      7.50266      7.5020      23.1629      8.4805    9.54e-04       0.8      0.1       0.9     0.61      *
Best model at epoch 12 (val_mae=8.4805)
    13      7.34394      7.3437      22.4999           -    9.46e-04       0.8      0.0       0.8     0.61       
    14      7.32796      7.3277      22.3262      8.3736    9.36e-04       0.8      0.1       0.9     0.61      *
Best model at epoch 14 (val_mae=8.3736)
    15      7.15463      7.1580      21.8928           -    9.26e-04       0.8      0.0       0.8     0.61       
    16      7.16259      7.1605      21.8851      8.0174    9.16e-04       0.8      0.1       0.9     0.61      *
Best model at epoch 16 (val_mae=8.0174)
    17      7.07532      7.0745      21.4900           -    9.05e-04       0.8      0.0       0.8     0.61       
    18      7.07047      7.0704      21.5084      7.8822    8.93e-04       0.8      0.1       0.9     0.61      *
Best model at epoch 18 (val_mae=7.8822)
    19      7.01135      7.0107      21.1540           -    8.80e-04       0.8      0.0       0.8     0.61       
    20      6.89263      6.8941      20.8800      7.7669    8.67e-04       0.8      0.1       0.9     0.61      *
Best model at epoch 20 (val_mae=7.7669)
    21      7.02651      7.0245      21.3104           -    8.54e-04       0.8      0.0       0.8     0.61       
    22      6.96385      6.9581      21.2300      7.8748    8.40e-04       0.8      0.1       0.9     0.61       
    23      6.98973      6.9894      20.7601           -    8.25e-04       0.8      0.0       0.8     0.61       
    24      6.83673      6.8349      20.6013      7.6141    8.10e-04       0.8      0.1       0.9     0.61      *
Best model at epoch 24 (val_mae=7.6141)
    25      6.87121      6.8688      20.4713           -    7.94e-04       0.8      0.0       0.8     0.61       
    26      6.78118      6.7830      20.2499      7.7299    7.78e-04       0.8      0.1       0.9     0.61       
    27      6.78803      6.7879      20.6086           -    7.61e-04       0.8      0.0       0.8     0.61       
    28      6.79581      6.7940      20.2598      7.9800    7.45e-04       0.8      0.1       0.9     0.61       
    29      6.75670      6.7561      20.5219           -    7.27e-04       0.8      0.0       0.8     0.61       
    30      6.70619      6.7069      20.2951      7.7815    7.10e-04       0.8      0.1       0.9     0.61       
    31      6.70354      6.7045      20.1217           -    6.92e-04       0.8      0.0       0.8     0.61       
    32      6.66528      6.6642      20.1387      7.3615    6.73e-04       0.8      0.1       0.9     0.61      *
Best model at epoch 32 (val_mae=7.3615)
    33      6.62798      6.6245      20.0291           -    6.55e-04       0.8      0.0       0.8     0.61       
    34      6.68927      6.6895      20.2631      7.4310    6.36e-04       0.8      0.1       0.9     0.61       
    35      6.62563      6.6192      20.0735           -    6.17e-04       0.8      0.0       0.8     0.61       
    36      6.65378      6.6543      19.8917      7.2895    5.98e-04       0.8      0.1       0.9     0.61      *
Best model at epoch 36 (val_mae=7.2895)
    37      6.61728      6.6174      19.9307           -    5.79e-04       0.8      0.0       0.8     0.61       
    38      6.64203      6.6409      19.6189      7.4130    5.59e-04       0.8      0.1       0.9     0.61       
    39      6.60524      6.6047      19.9348           -    5.40e-04       0.8      0.0       0.8     0.61       
    40      6.57962      6.5815      19.8818      7.3309    5.20e-04       0.8      0.1       0.9     0.61       
    41      6.56635      6.5683      19.5736           -    5.01e-04       0.8      0.0       0.8     0.61       
    42      6.56347      6.5642      19.7885      7.5285    4.81e-04       0.8      0.1       0.9     0.61       
    43      6.60800      6.6107      19.9874           -    4.61e-04       0.8      0.0       0.8     0.61       
    44      6.56580      6.5659      19.8861      7.2783    4.42e-04       0.8      0.1       0.9     0.61      *
Best model at epoch 44 (val_mae=7.2783)
    45      6.53766      6.5354      19.8029           -    4.22e-04       0.8      0.0       0.8     0.61       
    46      6.54374      6.5443      19.5329      7.3012    4.03e-04       0.8      0.1       0.9     0.61       
    47      6.61370      6.6126      19.8710           -    3.84e-04       0.8      0.0       0.8     0.61       
    48      6.48983      6.4899      19.5347      7.3825    3.65e-04       0.8      0.1       0.9     0.61       
    49      6.53469      6.5352      19.8243           -    3.46e-04       0.8      0.0       0.8     0.61       
    50      6.52208      6.5241      19.6313      7.1635    3.28e-04       0.8      0.1       0.9     0.61      *
Best model at epoch 50 (val_mae=7.1635)
    51      6.46145      6.4603      19.3793           -    3.09e-04       0.8      0.0       0.8     0.61       
    52      6.49265      6.4926      19.7894      7.1262    2.91e-04       0.8      0.1       0.9     0.61      *
Best model at epoch 52 (val_mae=7.1262)
    53      6.49074      6.4917      19.4734           -    2.74e-04       0.8      0.0       0.8     0.61       
    54      6.48758      6.4873      19.5197      7.1473    2.56e-04       0.8      0.1       0.9     0.61       
    55      6.46667      6.4642      19.3738           -    2.40e-04       0.8      0.0       0.8     0.61       
    56      6.47551      6.4750      19.4243      7.2479    2.23e-04       0.8      0.1       0.9     0.61       
    57      6.45113      6.4526      19.4090           -    2.07e-04       0.8      0.0       0.8     0.61       
    58      6.44895      6.4477      19.5175      7.0951    1.91e-04       0.8      0.1       0.9     0.61      *
Best model at epoch 58 (val_mae=7.0951)
    59      6.42270      6.4220      19.2447           -    1.76e-04       0.8      0.0       0.8     0.61       
    60      6.42447      6.4214      19.4549      7.1131    1.61e-04       0.8      0.1       0.9     0.61       
    61      6.43316      6.4343      19.2357           -    1.47e-04       0.8      0.0       0.8     0.61       
    62      6.40275      6.4045      19.2612      7.0388    1.34e-04       0.8      0.1       0.9     0.61      *
Best model at epoch 62 (val_mae=7.0388)
    63      6.40065      6.4011      19.2014           -    1.21e-04       0.8      0.0       0.8     0.61       
    64      6.39987      6.4005      19.3571      7.1753    1.08e-04       0.8      0.1       0.9     0.61       
    65      6.39637      6.3959      19.3747           -    9.64e-05       0.8      0.0       0.8     0.61       
    66      6.43771      6.4376      19.0926      7.0854    8.52e-05       0.8      0.1       0.9     0.61       
    67      6.40133      6.4034      19.4500           -    7.46e-05       0.8      0.0       0.8     0.61       
    68      6.38485      6.3873      19.2821      7.0214    6.47e-05       0.8      0.1       0.9     0.61      *
Best model at epoch 68 (val_mae=7.0214)
    69      6.39761      6.3968      19.2609           -    5.54e-05       0.8      0.0       0.8     0.61       
    70      6.37939      6.3808      19.2318      7.0772    4.69e-05       0.8      0.1       0.9     0.61       
    71      6.38363      6.3829      19.3114           -    3.90e-05       0.8      0.0       0.8     0.61       
    72      6.37440      6.3766      19.2070      7.0513    3.19e-05       0.8      0.1       0.9     0.61       
    73      6.37669      6.3766      19.1655           -    2.54e-05       0.8      0.0       0.8     0.61       
    74      6.37418      6.3744      19.1395      7.0426    1.98e-05       0.8      0.1       0.9     0.61       
    75      6.37357      6.3726      19.1610           -    1.48e-05       0.8      0.0       0.8     0.61       
    76      6.37030      6.3707      19.1787      7.0637    1.06e-05       0.8      0.1       0.9     0.61       
    77      6.36973      6.3706      19.2414           -    7.15e-06       0.8      0.0       0.8     0.61       
    78      6.37008      6.3709      19.2585      7.0631    4.46e-06       0.8      0.1       0.9     0.61       
    79      6.36796      6.3693      19.2319           -    2.54e-06       0.8      0.0       0.8     0.61       
    80      6.36916      6.3691      19.2238      7.0586    1.39e-06       0.8      0.1       0.9     0.61       

------------------------------------------------------------------------------------------------
Training finished normally: 2026-09-17 16:31:33
Summary
  completed_epochs: 80
  best_epoch: 68
  best_val_mae: 7.021379
  val_epoch: 2
  validation_count: 40
  final_train_loss: 6.369159
  final_train_mae: 6.369136
  final_val_loss: 7.155694
  final_val_mae: 7.058575
  total_time: 1m 9s
  avg_epoch_time_sec: 0.86
  avg_train_sec_per_step: 0.0259
  avg_val_sec_per_step: 0.0057
  peak_memory_gb: 0.61
  test_loss: 6.818523
  test_mae: 6.995911
  test_rmse: 21.558574
  test_mape: 196489.286720
  test_time_sec: 0.12
  best_checkpoint: n/a
  best_state_source: cpu_memory
  metrics_jsonl: /home/students/HuangMingYu/code/py/my_idea/my_idea/outputs/v24-COE/experiments/core/08fc9d8d37df089e/runs/v24_core_fixed_tt_spatiotemporal_block_rate0.4_updates_seed7/BikeNYC/custom/v24_core_fixed_tt_spatiotemporal_block_rate0.4_updates_seed7/random/rate0.4/20260917_163024_seed7_bs16/logs/metrics.jsonl
------------------------------------------------------------------------------------------------
