Training started: 2026-09-17 16:14:45
------------------------------------------------------------------------------------------------
Run
  run_dir: /home/students/HuangMingYu/code/py/my_idea/my_idea/outputs/v24-COE/experiments/core/08fc9d8d37df089e/runs/v24_core_fixed_st_spatial_region_rate0.4_updates_seed7/BikeNYC/custom/v24_core_fixed_st_spatial_region_rate0.4_updates_seed7/random/rate0.4/20260917_161445_seed7_bs16
  command: /home/students/HuangMingYu/code/py/my_idea/my_idea/scripts/train.py -c /home/students/HuangMingYu/code/py/my_idea/my_idea/outputs/v24-COE/experiments/core/08fc9d8d37df089e/configs/v24_core_fixed_st_spatial_region_rate0.4_updates_seed7.json --no_plot --name v24_core_fixed_st_spatial_region_rate0.4_updates_seed7 --train_npz /home/students/HuangMingYu/code/py/my_idea/my_idea/data/BikeNYC/bikenyc_train.npz --val_npz /home/students/HuangMingYu/code/py/my_idea/my_idea/data/BikeNYC/bikenyc_val.npz --test_npz /home/students/HuangMingYu/code/py/my_idea/my_idea/data/BikeNYC/bikenyc_test.npz --result-file /home/students/HuangMingYu/code/py/my_idea/my_idea/outputs/v24-COE/experiments/core/08fc9d8d37df089e/results/v24_core_fixed_st_spatial_region_rate0.4_updates_seed7.attempt1.json
  git_commit: 1f348d420b22878eff7be96a61567a5be410fd0e
  git_branch: v24-COE
  git_dirty: True
  config_sha256: 81014e36b0c28992d5869fc5c56bf27ddf651fd6bbbfdb8f7b63e145f8960ec2
  python: 3.9.25
  torch: 2.6.0+cu124
  cuda_runtime: 12.4
  train_npz: /home/students/HuangMingYu/code/py/my_idea/my_idea/data/BikeNYC/bikenyc_train.npz
  val_npz: /home/students/HuangMingYu/code/py/my_idea/my_idea/data/BikeNYC/bikenyc_val.npz
  test_npz: /home/students/HuangMingYu/code/py/my_idea/my_idea/data/BikeNYC/bikenyc_test.npz
  dataset: BikeNYC
  experiment_type: custom
  variant: v24_core_fixed_st_spatial_region_rate0.4_updates_seed7
  train_samples: 511
  val_samples: 73
  train_steps_per_epoch: 32
  val_steps_per_epoch: 5
  test_samples: 147
  test_steps: 10
  batch_size: 16
  mask_pattern: random
  mask_rate_config: 0.4
  train_mask: shape=(511, 1, 12, 24, 12), observed_rate=0.6007, missing_rate=0.3993
  val_mask: shape=(73, 1, 12, 24, 12), observed_rate=0.6007, missing_rate=0.3993
  data_shape: (511, 2, 12, 24, 12)
  device: cuda
  device_name: NVIDIA GeForce RTX 3090
  total_params: 91,571
  trainable_params: 91,571
Config
{
  "seed": 7,
  "output_dir": "/home/students/HuangMingYu/code/py/my_idea/my_idea/outputs/v24-COE/experiments/core/08fc9d8d37df089e/runs/v24_core_fixed_st_spatial_region_rate0.4_updates_seed7",
  "device": "auto",
  "data": {
    "dataset_name": "BikeNYC",
    "batch_size": 16,
    "num_workers": 0,
    "pin_memory": true,
    "drop_last": false,
    "mask": {
      "pattern": "random",
      "missing_rate": 0.4,
      "train_csv": "/home/students/HuangMingYu/code/py/my_idea/my_idea/outputs/v24-COE/section13/bikenyc_masks_seed2026/spatial_region/0.4/train.csv",
      "val_csv": "/home/students/HuangMingYu/code/py/my_idea/my_idea/outputs/v24-COE/section13/bikenyc_masks_seed2026/spatial_region/0.4/val.csv",
      "test_csv": "/home/students/HuangMingYu/code/py/my_idea/my_idea/outputs/v24-COE/section13/bikenyc_masks_seed2026/spatial_region/0.4/test.csv"
    },
    "synthetic": {
      "num_train": 128,
      "num_val": 32,
      "t": 12,
      "h": 24,
      "w": 12
    },
    "multiscale": false
  },
  "model": {
    "architecture": "v24_ts_coe",
    "c_in": 2,
    "main": {
      "dim": 64,
      "max_t": 12,
      "h": 24,
      "w": 12,
      "scale_mode": "fine",
      "use_multiscale": false
    },
    "coe": {
      "num_steps": 2,
      "routing_mode": "fixed",
      "fixed_path": [
        "S",
        "T"
      ],
      "router_state": "dynamic",
      "use_shared": true,
      "use_routed": true,
      "temperature": 1.0,
      "temporal_kernel": 3,
      "spatial_kernel": 3,
      "residual_init": 0.1,
      "expert_pool": [
        "T",
        "S"
      ],
      "expert_state": "dynamic"
    },
    "aux": {
      "enabled": false,
      "alpha_init": 0.0
    }
  },
  "loss": {
    "type": "l1",
    "lambda_coe_mid": 0,
    "lambda_coe_balance": 0
  },
  "train": {
    "epochs": 80,
    "val_epoch": 2,
    "lr_main": 0.001,
    "weight_decay": 0.0001,
    "grad_clip_norm": 1.0,
    "amp": true,
    "save_every": 10,
    "scheduler": {
      "type": "cosine",
      "eta_min": 1e-06
    },
    "early_stopping": {
      "enabled": false,
      "monitor": "val_mae",
      "patience": 15,
      "mode": "min"
    },
    "save_best_checkpoint": false
  },
  "experiment_plan": {
    "stage": "core",
    "variant": "fixed_st",
    "protocol": "spatial_region_rate0.4",
    "protocol_kind": "structured_csv",
    "budget_regime": "updates",
    "mask_metadata": "/home/students/HuangMingYu/code/py/my_idea/my_idea/outputs/v24-COE/section13/bikenyc_masks_seed2026/spatial_region/0.4/metadata.json"
  },
  "experiment_suite_fingerprint": "08fc9d8d37df089e074c1f54d84eabb0c7699555c5d348e61134aa3b4ddc48c2"
}
------------------------------------------------------------------------------------------------
-----------------------------------------------------------------------------------------------------------------
 epoch         loss         mae         rmse     val_mae          lr   train_s    val_s   epoch_s   mem_gb   best
-----------------------------------------------------------------------------------------------------------------
     1     11.46552     11.4639      32.4086           -    1.00e-03       1.2      0.0       1.2     0.61       
     2     10.89518     10.8976      31.4984     11.9518    1.00e-03       0.8      0.1       0.9     0.61      *
Best model at epoch 2 (val_mae=11.9518)
     3     10.55270     10.5467      30.6351           -    9.98e-04       0.8      0.0       0.8     0.61       
     4     10.31067     10.3064      29.9348     11.4863    9.97e-04       0.8      0.1       0.9     0.61      *
Best model at epoch 4 (val_mae=11.4863)
     5     10.08381     10.0888      29.2726           -    9.94e-04       0.8      0.0       0.8     0.61       
     6      9.92901      9.9269      28.6703     11.0441    9.90e-04       0.8      0.1       0.9     0.61      *
Best model at epoch 6 (val_mae=11.0441)
     7      9.72639      9.7276      28.1614           -    9.86e-04       0.8      0.0       0.8     0.61       
     8      9.45118      9.4510      27.4205     10.4370    9.81e-04       0.8      0.1       0.9     0.61      *
Best model at epoch 8 (val_mae=10.4370)
     9      9.15266      9.1493      26.5871           -    9.76e-04       0.8      0.0       0.8     0.61       
    10      9.09237      9.0924      26.1797      9.9703    9.69e-04       0.8      0.1       0.9     0.61      *
Best model at epoch 10 (val_mae=9.9703)
    11      8.97007      8.9680      25.6171           -    9.62e-04       0.8      0.0       0.8     0.61       
    12      8.82459      8.8254      25.2600      9.7160    9.54e-04       0.8      0.1       0.9     0.61      *
Best model at epoch 12 (val_mae=9.7160)
    13      8.70050      8.6997      24.7548           -    9.46e-04       0.8      0.0       0.8     0.61       
    14      8.62139      8.6239      24.3049      9.5918    9.36e-04       0.8      0.1       0.9     0.61      *
Best model at epoch 14 (val_mae=9.5918)
    15      8.53485      8.5368      24.0623           -    9.26e-04       0.8      0.0       0.8     0.61       
    16      8.46564      8.4594      23.8425      9.2528    9.16e-04       0.8      0.1       0.9     0.61      *
Best model at epoch 16 (val_mae=9.2528)
    17      8.43945      8.4411      23.5673           -    9.05e-04       0.8      0.0       0.8     0.61       
    18      8.44639      8.4450      23.6915      9.3437    8.93e-04       0.8      0.1       0.9     0.61       
    19      8.41032      8.4085      23.2453           -    8.80e-04       0.8      0.0       0.8     0.61       
    20      8.29072      8.2931      23.3042      9.0990    8.67e-04       0.8      0.1       0.9     0.61      *
Best model at epoch 20 (val_mae=9.0990)
    21      8.21802      8.2118      22.9366           -    8.54e-04       0.8      0.0       0.8     0.61       
    22      8.17475      8.1708      22.8199      9.0301    8.40e-04       0.8      0.1       0.9     0.61      *
Best model at epoch 22 (val_mae=9.0301)
    23      8.11233      8.1106      22.5311           -    8.25e-04       0.8      0.0       0.8     0.61       
    24      8.03088      8.0322      22.4143      8.9478    8.10e-04       0.8      0.1       0.9     0.61      *
Best model at epoch 24 (val_mae=8.9478)
    25      8.01091      8.0103      22.3755           -    7.94e-04       0.8      0.0       0.8     0.61       
    26      7.98577      7.9845      22.1227      8.8510    7.78e-04       0.8      0.1       0.9     0.61      *
Best model at epoch 26 (val_mae=8.8510)
    27      7.98006      7.9824      22.3334           -    7.61e-04       0.8      0.0       0.8     0.61       
    28      8.07470      8.0734      22.1240      8.8360    7.45e-04       0.8      0.1       0.9     0.61      *
Best model at epoch 28 (val_mae=8.8360)
    29      7.89115      7.8914      21.9679           -    7.27e-04       0.8      0.0       0.8     0.61       
    30      7.91800      7.9185      22.1425      8.6464    7.10e-04       0.8      0.1       0.9     0.61      *
Best model at epoch 30 (val_mae=8.6464)
    31      7.86292      7.8602      21.8621           -    6.92e-04       0.8      0.0       0.8     0.61       
    32      7.81926      7.8161      21.8423      8.6253    6.73e-04       0.8      0.1       0.9     0.61      *
Best model at epoch 32 (val_mae=8.6253)
    33      7.74617      7.7457      21.4105           -    6.55e-04       0.8      0.0       0.8     0.61       
    34      7.84211      7.8398      21.8642      8.7129    6.36e-04       0.8      0.1       0.9     0.61       
    35      7.73059      7.7306      21.6672           -    6.17e-04       0.8      0.0       0.8     0.61       
    36      7.77516      7.7742      21.5343      8.4566    5.98e-04       0.8      0.1       0.9     0.61      *
Best model at epoch 36 (val_mae=8.4566)
    37      7.72834      7.7270      21.4603           -    5.79e-04       0.8      0.0       0.8     0.61       
    38      7.75589      7.7576      21.4768      8.5851    5.59e-04       0.8      0.1       0.9     0.61       
    39      7.73458      7.7354      21.3594           -    5.40e-04       0.8      0.0       0.8     0.61       
    40      7.64841      7.6470      21.1564      8.4179    5.20e-04       0.8      0.1       0.9     0.61      *
Best model at epoch 40 (val_mae=8.4179)
    41      7.72455      7.7244      21.3358           -    5.01e-04       0.8      0.0       0.8     0.61       
    42      7.66551      7.6670      21.4176      8.5073    4.81e-04       0.8      0.1       0.9     0.61       
    43      7.66678      7.6703      21.3636           -    4.61e-04       0.8      0.0       0.8     0.61       
    44      7.61621      7.6129      20.9602      8.4236    4.42e-04       0.8      0.1       0.9     0.61       
    45      7.59630      7.5977      21.2155           -    4.22e-04       0.8      0.0       0.8     0.61       
    46      7.61291      7.6169      21.2133      8.3149    4.03e-04       0.8      0.1       0.9     0.61      *
Best model at epoch 46 (val_mae=8.3149)
    47      7.62011      7.6191      21.1002           -    3.84e-04       0.8      0.0       0.8     0.61       
    48      7.59220      7.5926      21.0140      8.5396    3.65e-04       0.8      0.1       0.9     0.61       
    49      7.59926      7.5999      21.2761           -    3.46e-04       0.8      0.0       0.8     0.61       
    50      7.56926      7.5688      20.9052      8.2763    3.28e-04       0.8      0.1       0.9     0.61      *
Best model at epoch 50 (val_mae=8.2763)
    51      7.54595      7.5482      20.9158           -    3.09e-04       0.8      0.0       0.8     0.61       
    52      7.54093      7.5415      21.0111      8.3465    2.91e-04       0.8      0.1       0.9     0.61       
    53      7.56022      7.5588      21.0033           -    2.74e-04       0.8      0.0       0.8     0.61       
    54      7.54408      7.5420      20.8845      8.3391    2.56e-04       0.8      0.1       0.9     0.61       
    55      7.55666      7.5532      20.9952           -    2.40e-04       0.8      0.0       0.8     0.61       
    56      7.59609      7.5977      20.9064      8.3552    2.23e-04       0.8      0.1       0.9     0.61       
    57      7.51389      7.5130      20.9909           -    2.07e-04       0.8      0.0       0.8     0.61       
    58      7.49437      7.4927      20.8443      8.2541    1.91e-04       0.8      0.1       0.9     0.61      *
Best model at epoch 58 (val_mae=8.2541)
    59      7.48875      7.4881      20.8614           -    1.76e-04       0.8      0.0       0.8     0.61       
    60      7.48254      7.4836      20.9507      8.3392    1.61e-04       0.8      0.1       0.9     0.61       
    61      7.49315      7.4965      21.0238           -    1.47e-04       0.8      0.0       0.8     0.61       
    62      7.48521      7.4861      20.7436      8.1903    1.34e-04       0.8      0.1       0.9     0.61      *
Best model at epoch 62 (val_mae=8.1903)
    63      7.48815      7.4857      20.5871           -    1.21e-04       0.8      0.0       0.8     0.61       
    64      7.45806      7.4609      20.9186      8.2129    1.08e-04       0.8      0.1       0.9     0.61       
    65      7.45433      7.4535      20.7198           -    9.64e-05       0.8      0.0       0.8     0.61       
    66      7.45475      7.4567      20.6123      8.2191    8.52e-05       0.8      0.1       0.9     0.61       
    67      7.44818      7.4513      20.8149           -    7.46e-05       0.8      0.0       0.8     0.61       
    68      7.44411      7.4470      20.8681      8.1823    6.47e-05       0.8      0.1       0.9     0.61      *
Best model at epoch 68 (val_mae=8.1823)
    69      7.46645      7.4647      20.8491           -    5.54e-05       0.8      0.0       0.8     0.61       
    70      7.43504      7.4366      20.7328      8.2358    4.69e-05       0.8      0.1       0.9     0.61       
    71      7.43026      7.4337      20.7976           -    3.90e-05       0.8      0.0       0.8     0.61       
    72      7.43677      7.4408      20.5777      8.1819    3.19e-05       0.8      0.1       0.9     0.61      *
Best model at epoch 72 (val_mae=8.1819)
    73      7.42476      7.4310      20.6238           -    2.54e-05       0.8      0.0       0.8     0.61       
    74      7.42809      7.4306      20.5911      8.1674    1.98e-05       0.8      0.1       0.9     0.61      *
Best model at epoch 74 (val_mae=8.1674)
    75      7.43173      7.4276      20.6744           -    1.48e-05       0.8      0.0       0.8     0.61       
    76      7.42417      7.4283      20.6792      8.1810    1.06e-05       0.8      0.1       0.9     0.61       
    77      7.42818      7.4254      20.6759           -    7.15e-06       0.8      0.0       0.8     0.61       
    78      7.42478      7.4235      20.6826      8.1863    4.46e-06       0.8      0.1       0.9     0.61       
    79      7.42055      7.4227      20.6789           -    2.54e-06       0.8      0.0       0.8     0.61       
    80      7.42184      7.4224      20.6711      8.1861    1.39e-06       0.8      0.1       0.9     0.61       

------------------------------------------------------------------------------------------------
Training finished normally: 2026-09-17 16:15:55
Summary
  completed_epochs: 80
  best_epoch: 74
  best_val_mae: 8.167364
  val_epoch: 2
  validation_count: 40
  final_train_loss: 7.421840
  final_train_mae: 7.422425
  final_val_loss: 8.182426
  final_val_mae: 8.186056
  total_time: 1m 9s
  avg_epoch_time_sec: 0.86
  avg_train_sec_per_step: 0.0261
  avg_val_sec_per_step: 0.0057
  peak_memory_gb: 0.61
  test_loss: 8.455473
  test_mae: 8.599408
  test_rmse: 24.254021
  test_mape: 377139.629064
  test_time_sec: 0.12
  best_checkpoint: n/a
  best_state_source: cpu_memory
  metrics_jsonl: /home/students/HuangMingYu/code/py/my_idea/my_idea/outputs/v24-COE/experiments/core/08fc9d8d37df089e/runs/v24_core_fixed_st_spatial_region_rate0.4_updates_seed7/BikeNYC/custom/v24_core_fixed_st_spatial_region_rate0.4_updates_seed7/random/rate0.4/20260917_161445_seed7_bs16/logs/metrics.jsonl
------------------------------------------------------------------------------------------------
