Training started: 2026-09-30 05:41:55
------------------------------------------------------------------------------------------------
Run
  run_dir: /home/students/HuangMingYu/code/py/my_idea/my_idea/outputs/v24-COE/TaxiBJ/custom/20260930_054153_primitive_scale_adaptive_seed7/random/rate0.4/20260930_054153_seed7_bs32
  command: /home/students/HuangMingYu/code/py/my_idea/my_idea/outputs/v24-COE/experiments/n_exploration/taxibj/b98fed7e6682bd8b/source_snapshot/scripts/train.py -c /home/students/HuangMingYu/code/py/my_idea/my_idea/outputs/v24-COE/experiments/n_exploration/taxibj/b98fed7e6682bd8b/configs/N6.json --name primitive_scale_adaptive --no_plot --result-file /home/students/HuangMingYu/code/py/my_idea/my_idea/outputs/v24-COE/experiments/n_exploration/taxibj/b98fed7e6682bd8b/results/N6.attempt1.json --train_npz /home/students/HuangMingYu/code/py/my_idea/my_idea/data/TaxiBJ/v24_clean_abc_20260917/taxibj_train.npz --val_npz /home/students/HuangMingYu/code/py/my_idea/my_idea/data/TaxiBJ/v24_clean_abc_20260917/taxibj_val.npz --test_npz /home/students/HuangMingYu/code/py/my_idea/my_idea/data/TaxiBJ/v24_clean_abc_20260917/taxibj_test.npz
  git_commit: c6c145ea448e2a2cf356b3b4f6f8b24d8bf16953
  git_branch: v24-COE
  git_dirty: True
  config_sha256: fb093afc3e8e89ff5d3fb02fa6d3f210be28653c80834271e2f215ba176c2c75
  python: 3.9.25
  torch: 2.6.0+cu124
  cuda_runtime: 12.4
  train_npz: /home/students/HuangMingYu/code/py/my_idea/my_idea/data/TaxiBJ/v24_clean_abc_20260917/taxibj_train.npz
  val_npz: /home/students/HuangMingYu/code/py/my_idea/my_idea/data/TaxiBJ/v24_clean_abc_20260917/taxibj_val.npz
  test_npz: /home/students/HuangMingYu/code/py/my_idea/my_idea/data/TaxiBJ/v24_clean_abc_20260917/taxibj_test.npz
  dataset: TaxiBJ
  experiment_type: custom
  variant: primitive_scale_adaptive
  train_samples: 2452
  val_samples: 342
  train_steps_per_epoch: 77
  val_steps_per_epoch: 11
  test_samples: 707
  test_steps: 23
  batch_size: 32
  world_size: 1
  per_device_batch_size: 32
  mask_pattern: random
  mask_rate_config: 0.4
  train_mask: unknown
  val_mask: unknown
  data_shape: (2452, 2, 12, 32, 32)
  device: cuda
  device_name: NVIDIA GeForce RTX 3090
  total_params: 308,899
  trainable_params: 308,899
Config
{
  "seed": 7,
  "output_dir": "/home/students/HuangMingYu/code/py/my_idea/my_idea/outputs/v24-COE",
  "device": "cuda",
  "data": {
    "dataset_name": "TaxiBJ",
    "batch_size": 32,
    "num_workers": 0,
    "pin_memory": true,
    "drop_last": false,
    "mask": {
      "pattern": "random",
      "missing_rate": 0.4
    },
    "synthetic": {
      "num_train": 128,
      "num_val": 32,
      "t": 12,
      "h": 32,
      "w": 32
    },
    "multiscale": false,
    "loader_seed": 7,
    "train_mask_diversity": {
      "families": [
        "random_point",
        "node_outage",
        "temporal_gap",
        "spatial_region"
      ],
      "rates": [
        0.4
      ],
      "seed": 20260917,
      "resample_each_epoch": true
    },
    "eval_mask_diversity": {
      "families": [
        "random_point",
        "node_outage",
        "temporal_gap",
        "spatial_region"
      ],
      "rates": [
        0.4
      ],
      "seed": 20260917,
      "resample_each_epoch": false
    }
  },
  "model": {
    "architecture": "v24_ts_coe",
    "c_in": 2,
    "main": {
      "dim": 64,
      "max_t": 12,
      "h": 32,
      "w": 32,
      "scale_mode": "fine",
      "use_multiscale": false
    },
    "coe": {
      "num_steps": 4,
      "expert_pool": [
        "T",
        "S",
        "TD",
        "SD",
        "TA",
        "ST",
        "TL",
        "SL"
      ],
      "routing_mode": "hard",
      "fixed_path": null,
      "fixed_expert_steps": [
        null,
        null,
        null,
        null
      ],
      "router_state": "dynamic",
      "expert_state": "dynamic",
      "use_shared": false,
      "use_routed": true,
      "temperature": 1.0,
      "temporal_kernel": 3,
      "spatial_kernel": 3,
      "temporal_dilation": 2,
      "spatial_dilation": 2,
      "attention_heads": 4,
      "residual_init": 0.1,
      "routing_warmup_epochs": 0,
      "routing_transition_epochs": 0,
      "uniform_mix_start": 0.5,
      "sampling_temperature_start": 2.0,
      "top_k": 2,
      "router_hidden_dim": 64,
      "pair_mode": "native",
      "acceptance": "none",
      "expert_sharing": "shared",
      "previous_expert_context": false,
      "global_route_weights": false,
      "router_input_noise_std": 0.0,
      "router_input_noise_steps": 0,
      "completion_feedback": false,
      "repair_acceptance": "none",
      "fusion_mode": "original",
      "partner_fusion": "individual",
      "partner_aux_head_only": false,
      "pair_dense_warmup_steps": 0,
      "state_update_mode": "direct",
      "router_features": "legacy",
      "local_routing": {
        "enabled": false
      },
      "spatial_scale": {
        "enabled": true,
        "mode": "adaptive",
        "factor": 2,
        "coarse_rounds": 2,
        "fixed_scales": [
          "coarse",
          "coarse",
          "fine",
          "fine"
        ]
      }
    },
    "aux": {
      "enabled": false,
      "alpha_init": 0.0
    }
  },
  "loss": {
    "type": "l1",
    "lambda_coe_mid": 0.0,
    "lambda_coe_balance": 0.01,
    "lambda_coe_z": 0.0,
    "balance_importance": "candidate"
  },
  "train": {
    "epochs": 100,
    "val_epoch": 5,
    "lr_main": 0.001,
    "weight_decay": 0.0001,
    "grad_clip_norm": 1.0,
    "amp": true,
    "save_every": 10,
    "scheduler": {
      "type": "cosine",
      "total_epochs": 100,
      "eta_min": 0.0003,
      "reach_min_at_last_epoch": true
    },
    "early_stopping": {
      "enabled": false
    },
    "save_best_checkpoint": true,
    "router_grad_diagnostic_every": 0,
    "full_checkpoint": true,
    "measure_forward_latency": true,
    "oracle_last_step_samples": 0,
    "best_checkpoint_name": "best.pth",
    "save_last_checkpoint": true,
    "optimizer": "AdamW"
  },
  "experiment_plan": {
    "suite": "n_exploration",
    "variant": "N6",
    "base_variant": "B3",
    "protocol": {
      "train_families": [
        "random_point",
        "node_outage",
        "temporal_gap",
        "spatial_region"
      ],
      "rate": 0.4,
      "mask_seed": 20260917,
      "evaluations": {
        "in_distribution": {
          "families": [
            "random_point",
            "node_outage",
            "temporal_gap",
            "spatial_region"
          ],
          "seed": 20260917
        },
        "unseen_combinations": {
          "families": [
            "node_plus_space",
            "time_plus_space",
            "node_plus_time"
          ],
          "seed": 20260918
        },
        "unseen_geometry": {
          "families": [
            "moving_region",
            "multi_block"
          ],
          "seed": 20260919
        }
      },
      "checkpoint_selection": "in_distribution_validation_only",
      "note": "Same test windows across sets; masks are fixed and identical across models. New family/combination names never reach the model."
    }
  }
}
------------------------------------------------------------------------------------------------
-----------------------------------------------------------------------------------------------------------------
 epoch         loss         mae         rmse     val_mae          lr   train_s    val_s   epoch_s   mem_gb   best
-----------------------------------------------------------------------------------------------------------------
     1    108.73031    108.7262     175.1727           -    1.00e-03      30.7      0.0      30.7     9.20       
     2     95.34588     95.4004     161.5157           -    1.00e-03      32.4      0.0      32.4     8.93       
     3     82.61841     82.5533     146.8650           -    9.99e-04      32.0      0.0      32.0     8.87       
     4     73.80434     73.8006     135.9247           -    9.98e-04      32.0      0.0      32.0     9.10       
     5     66.46913     66.4429     125.9867     56.5277    9.97e-04      31.6      2.3      33.9     9.07      *
Best model at epoch 5 (val_mae=56.5277)
     6     62.73705     62.6918     119.9242           -    9.96e-04      31.5      0.0      31.5     8.88       
     7     59.58262     59.5404     115.0996           -    9.94e-04      31.5      0.0      31.5     8.86       
     8     56.44190     56.4378     109.9027           -    9.91e-04      31.5      0.0      31.5     9.07       
     9     53.59196     53.6291     105.0941           -    9.89e-04      31.6      0.0      31.6     8.87       
    10     51.99375     52.0113     102.0978     45.7270    9.86e-04      31.5      2.2      33.7     8.88      *
Best model at epoch 10 (val_mae=45.7270)
    11     49.67329     49.6710      98.6209           -    9.83e-04      31.6      0.0      31.6     8.87       
    12     48.62608     48.5860      96.1862           -    9.79e-04      31.6      0.0      31.6     8.87       
    13     47.14979     47.1416      93.3527           -    9.75e-04      31.6      0.0      31.6     8.87       
    14     45.21317     45.1801      89.8773           -    9.71e-04      31.6      0.0      31.6     8.87       
    15     44.41573     44.4119      87.9346     38.2159    9.66e-04      31.6      2.2      33.8     8.87      *
Best model at epoch 15 (val_mae=38.2159)
    16     42.78782     42.7567      84.6728           -    9.61e-04      31.6      0.0      31.6     8.87       
    17     41.23658     41.2452      82.1112           -    9.56e-04      31.6      0.0      31.6     8.87       
    18     39.80222     39.8049      79.1193           -    9.50e-04      31.6      0.0      31.6     8.87       
    19     39.23228     39.2184      77.2645           -    9.44e-04      31.5      0.0      31.5     8.87       
    20     37.05424     37.0276      73.7005     32.2329    9.38e-04      31.5      2.2      33.7     8.87      *
Best model at epoch 20 (val_mae=32.2329)
    21     36.18398     36.1631      71.5309           -    9.32e-04      31.6      0.0      31.6     8.88       
    22     34.83288     34.7972      68.8382           -    9.25e-04      31.6      0.0      31.6     8.87       
    23     33.57034     33.5225      65.9465           -    9.18e-04      31.6      0.0      31.6     8.88       
    24     33.55521     33.5453      65.0414           -    9.11e-04      31.6      0.0      31.6     8.87       
    25     31.71800     31.7179      61.9304     28.1462    9.03e-04      31.6      2.2      33.8     8.88      *
Best model at epoch 25 (val_mae=28.1462)
    26     30.19619     30.1590      58.8437           -    8.96e-04      31.5      0.0      31.5     8.88       
    27     29.49617     29.4601      56.9445           -    8.87e-04      31.7      0.0      31.7     8.88       
    28     27.95100     27.9118      54.0075           -    8.79e-04      31.7      0.0      31.7     8.88       
    29     28.18933     28.1579      53.6578           -    8.71e-04      32.2      0.0      32.2     8.88       
    30     28.20114     28.1374      53.1243     27.5305    8.62e-04      32.3      2.2      34.5     8.88      *
Best model at epoch 30 (val_mae=27.5305)
    31     27.02269     26.9961      51.1312           -    8.53e-04      31.7      0.0      31.7     8.88       
    32     26.30699     26.2873      49.8766           -    8.44e-04      31.5      0.0      31.5     8.88       
    33     26.07144     26.0439      49.0395           -    8.35e-04      31.6      0.0      31.6     8.88       
    34     25.82022     25.8010      48.0871           -    8.25e-04      31.5      0.0      31.5     8.88       
    35     24.51444     24.4625      45.7867     22.9629    8.15e-04      31.6      2.2      33.8     8.88      *
Best model at epoch 35 (val_mae=22.9629)
    36     24.13150     24.1061      44.9180           -    8.05e-04      31.7      0.0      31.7     8.88       
    37     24.07826     24.0366      44.4512           -    7.95e-04      31.5      0.0      31.5     8.88       
    38     24.26835     24.2467      44.5166           -    7.85e-04      31.6      0.0      31.6     8.88       
    39     23.06757     23.0150      42.4117           -    7.75e-04      32.1      0.0      32.1     8.87       
    40     23.20765     23.1703      42.3882     20.4233    7.64e-04      31.5      2.2      33.7     8.87      *
Best model at epoch 40 (val_mae=20.4233)
    41     23.44014     23.4096      42.3070           -    7.54e-04      31.7      0.0      31.7     8.87       
    42     23.35328     23.3427      42.2992           -    7.43e-04      32.3      0.0      32.3     8.87       
    43     22.48246     22.4292      40.6115           -    7.33e-04      31.5      0.0      31.5     8.87       
    44     21.86395     21.8380      39.7264           -    7.22e-04      32.2      0.0      32.2     8.88       
    45     21.30904     21.2712      38.5185     20.6029    7.11e-04      31.9      2.2      34.1     8.87       
    46     21.07712     21.0447      38.0288           -    7.00e-04      31.5      0.0      31.5     8.87       
    47     20.64433     20.6119      37.2450           -    6.89e-04      31.5      0.0      31.5     8.87       
    48     20.36837     20.3388      36.6434           -    6.78e-04      31.4      0.0      31.4     8.87       
    49     20.48763     20.4387      36.6201           -    6.67e-04      31.9      0.0      31.9     8.87       
    50     20.50016     20.4689      36.5076     19.0913    6.56e-04      31.5      2.2      33.7     8.87      *
Best model at epoch 50 (val_mae=19.0913)
    51     20.19621     20.1680      35.9585           -    6.44e-04      31.5      0.0      31.5     8.87       
    52     19.56115     19.5365      34.7954           -    6.33e-04      32.0      0.0      32.0     8.87       
    53     19.71955     19.6757      34.9227           -    6.22e-04      31.5      0.0      31.5     8.87       
    54     18.96808     18.9359      33.7081           -    6.11e-04      31.5      0.0      31.5     8.87       
    55     19.29235     19.2361      34.1321     18.0275    6.00e-04      31.5      2.2      33.7     8.87      *
Best model at epoch 55 (val_mae=18.0275)
    56     19.47353     19.4438      34.3501           -    5.89e-04      31.6      0.0      31.6     8.88       
    57     18.82921     18.7905      33.2870           -    5.78e-04      31.5      0.0      31.5     8.88       
    58     18.80023     18.7641      33.1125           -    5.67e-04      31.5      0.0      31.5     8.87       
    59     19.72960     19.6894      34.4575           -    5.57e-04      31.5      0.0      31.5     8.87       
    60     18.51039     18.4780      32.5768     17.0228    5.46e-04      31.5      2.2      33.7     8.87      *
Best model at epoch 60 (val_mae=17.0228)
    61     18.92623     18.8895      33.0630           -    5.36e-04      31.5      0.0      31.5     8.87       
    62     18.14785     18.1218      32.0121           -    5.25e-04      31.4      0.0      31.4     8.87       
    63     18.95369     18.8960      32.9062           -    5.15e-04      31.5      0.0      31.5     8.87       
    64     18.43229     18.3848      32.1869           -    5.05e-04      31.6      0.0      31.6     8.87       
    65     17.93608     17.8868      31.4682     17.4964    4.95e-04      31.7      2.2      33.9     8.87       
    66     17.70986     17.6735      30.9057           -    4.85e-04      31.5      0.0      31.5     8.87       
    67     17.77252     17.7255      31.1903           -    4.75e-04      31.5      0.0      31.5     8.87       
    68     17.29943     17.2704      30.2511           -    4.65e-04      31.4      0.0      31.4     8.87       
    69     17.10348     17.0728      29.6796           -    4.56e-04      31.5      0.0      31.5     8.87       
    70     17.45964     17.4026      30.5111     16.5304    4.47e-04      31.4      2.2      33.6     8.88      *
Best model at epoch 70 (val_mae=16.5304)
    71     17.79524     17.7614      30.9933           -    4.38e-04      31.5      0.0      31.5     8.87       
    72     17.20550     17.1680      30.1034           -    4.29e-04      31.4      0.0      31.4     8.87       
    73     17.20034     17.1507      29.8770           -    4.21e-04      31.4      0.0      31.4     8.87       
    74     16.88363     16.8482      29.3737           -    4.13e-04      31.4      0.0      31.4     8.87       
    75     17.27064     17.2315      30.1036     16.2968    4.04e-04      31.4      2.2      33.6     8.87      *
Best model at epoch 75 (val_mae=16.2968)
    76     16.84891     16.8046      29.3723           -    3.97e-04      31.6      0.0      31.6     8.87       
    77     17.01609     16.9741      29.4817           -    3.89e-04      31.6      0.0      31.6     8.87       
    78     16.72444     16.6883      29.0355           -    3.82e-04      31.5      0.0      31.5     8.87       
    79     16.85019     16.7990      29.2409           -    3.75e-04      31.4      0.0      31.4     8.87       
    80     16.53433     16.4928      28.6293     16.3023    3.68e-04      31.4      2.2      33.6     8.87       
    81     16.45501     16.4158      28.5160           -    3.62e-04      31.4      0.0      31.4     8.87       
    82     16.50149     16.4424      28.4891           -    3.56e-04      31.4      0.0      31.4     8.87       
    83     16.34499     16.3096      28.4662           -    3.50e-04      31.5      0.0      31.5     8.87       
    84     16.32225     16.2842      28.2195           -    3.44e-04      31.5      0.0      31.5     8.87       
    85     16.49402     16.4585      28.5112     16.0151    3.39e-04      31.5      2.2      33.7     8.87      *
Best model at epoch 85 (val_mae=16.0151)
    86     16.19335     16.1572      28.0410           -    3.34e-04      31.5      0.0      31.5     8.87       
    87     16.29333     16.2523      28.1590           -    3.29e-04      31.5      0.0      31.5     8.87       
    88     16.04245     16.0096      27.7852           -    3.25e-04      31.4      0.0      31.4     8.87       
    89     16.05332     16.0065      27.7472           -    3.21e-04      31.5      0.0      31.5     8.87       
    90     16.16238     16.1399      28.0413     15.5650    3.17e-04      31.5      2.2      33.7     8.87      *
Best model at epoch 90 (val_mae=15.5650)
    91     15.94070     15.9002      27.5080           -    3.14e-04      31.7      0.0      31.7     8.87       
    92     16.15388     16.1207      27.9015           -    3.11e-04      33.0      0.0      33.0     8.88       
    93     15.90843     15.8627      27.4821           -    3.09e-04      31.6      0.0      31.6     8.88       
    94     16.08376     16.0463      27.8252           -    3.06e-04      32.0      0.0      32.0     8.87       
    95     15.99581     15.9682      27.6799     15.4251    3.04e-04      32.4      2.2      34.6     8.87      *
Best model at epoch 95 (val_mae=15.4251)
    96     15.75540     15.7139      27.1684           -    3.03e-04      32.1      0.0      32.1     8.87       
    97     15.75371     15.7022      27.2186           -    3.02e-04      31.8      0.0      31.8     8.87       
    98     15.93918     15.9028      27.4408           -    3.01e-04      31.8      0.0      31.8     8.87       
    99     15.73502     15.7109      27.0612           -    3.00e-04      32.1      0.0      32.1     8.87       
   100     15.68749     15.6416      26.9983     15.8501    3.00e-04      31.8      2.2      34.0     8.87       

------------------------------------------------------------------------------------------------
Training finished normally: 2026-09-30 06:35:27
Summary
  completed_epochs: 100
  best_epoch: 95
  best_val_mae: 15.425089
  val_epoch: 5
  validation_count: 20
  final_train_loss: 15.687486
  final_train_mae: 15.641626
  final_val_loss: 15.932174
  final_val_mae: 15.850059
  total_time: 53m 32s
  avg_epoch_time_sec: 32.07
  avg_train_sec_per_step: 0.4108
  avg_val_sec_per_step: 0.0402
  peak_memory_gb: 9.20
  test_loss: 14.498950
  test_mae: 14.578788
  test_rmse: 25.514294
  test_mape: 114266.706834
  test_time_sec: 4.56
  best_checkpoint: /home/students/HuangMingYu/code/py/my_idea/my_idea/outputs/v24-COE/TaxiBJ/custom/20260930_054153_primitive_scale_adaptive_seed7/random/rate0.4/20260930_054153_seed7_bs32/checkpoints/best.pth
  last_checkpoint: /home/students/HuangMingYu/code/py/my_idea/my_idea/outputs/v24-COE/TaxiBJ/custom/20260930_054153_primitive_scale_adaptive_seed7/random/rate0.4/20260930_054153_seed7_bs32/checkpoints/last.pth
  best_state_source: checkpoint
  metrics_jsonl: /home/students/HuangMingYu/code/py/my_idea/my_idea/outputs/v24-COE/TaxiBJ/custom/20260930_054153_primitive_scale_adaptive_seed7/random/rate0.4/20260930_054153_seed7_bs32/logs/metrics.jsonl
------------------------------------------------------------------------------------------------
