Training started: 2026-09-17 15:52:34
------------------------------------------------------------------------------------------------
Run
  run_dir: /home/students/HuangMingYu/code/py/my_idea/my_idea/outputs/v24-COE/experiments/core/08fc9d8d37df089e/runs/v24_core_parallel_random_point_rate0.4_updates_seed7/BikeNYC/custom/v24_core_parallel_random_point_rate0.4_updates_seed7/random/rate0.4/20260917_155234_seed7_bs16
  command: /home/students/HuangMingYu/code/py/my_idea/my_idea/scripts/train.py -c /home/students/HuangMingYu/code/py/my_idea/my_idea/outputs/v24-COE/experiments/core/08fc9d8d37df089e/configs/v24_core_parallel_random_point_rate0.4_updates_seed7.json --no_plot --name v24_core_parallel_random_point_rate0.4_updates_seed7 --train_npz /home/students/HuangMingYu/code/py/my_idea/my_idea/data/BikeNYC/bikenyc_train.npz --val_npz /home/students/HuangMingYu/code/py/my_idea/my_idea/data/BikeNYC/bikenyc_val.npz --test_npz /home/students/HuangMingYu/code/py/my_idea/my_idea/data/BikeNYC/bikenyc_test.npz --result-file /home/students/HuangMingYu/code/py/my_idea/my_idea/outputs/v24-COE/experiments/core/08fc9d8d37df089e/results/v24_core_parallel_random_point_rate0.4_updates_seed7.attempt1.json
  git_commit: 1f348d420b22878eff7be96a61567a5be410fd0e
  git_branch: v24-COE
  git_dirty: True
  config_sha256: 1cfa373180fbab8bd9d52067573ec6c709c0ad565b4ba608a316770acb124c0b
  python: 3.9.25
  torch: 2.6.0+cu124
  cuda_runtime: 12.4
  train_npz: /home/students/HuangMingYu/code/py/my_idea/my_idea/data/BikeNYC/bikenyc_train.npz
  val_npz: /home/students/HuangMingYu/code/py/my_idea/my_idea/data/BikeNYC/bikenyc_val.npz
  test_npz: /home/students/HuangMingYu/code/py/my_idea/my_idea/data/BikeNYC/bikenyc_test.npz
  dataset: BikeNYC
  experiment_type: custom
  variant: v24_core_parallel_random_point_rate0.4_updates_seed7
  train_samples: 511
  val_samples: 73
  train_steps_per_epoch: 32
  val_steps_per_epoch: 5
  test_samples: 147
  test_steps: 10
  batch_size: 16
  mask_pattern: random
  mask_rate_config: 0.4
  train_mask: shape=(511, 1, 12, 24, 12), observed_rate=0.6001, missing_rate=0.3999
  val_mask: shape=(73, 1, 12, 24, 12), observed_rate=0.6001, missing_rate=0.3999
  data_shape: (511, 2, 12, 24, 12)
  device: cuda
  device_name: NVIDIA GeForce RTX 3090
  total_params: 76,987
  trainable_params: 76,987
Config
{
  "seed": 7,
  "output_dir": "/home/students/HuangMingYu/code/py/my_idea/my_idea/outputs/v24-COE/experiments/core/08fc9d8d37df089e/runs/v24_core_parallel_random_point_rate0.4_updates_seed7",
  "device": "auto",
  "data": {
    "dataset_name": "BikeNYC",
    "batch_size": 16,
    "num_workers": 0,
    "pin_memory": true,
    "drop_last": false,
    "mask": {
      "pattern": "random",
      "missing_rate": 0.4,
      "train_csv": "/home/students/HuangMingYu/code/py/my_idea/my_idea/outputs/v24-COE/section13/bikenyc_masks_seed2026/random_point/0.4/train.csv",
      "val_csv": "/home/students/HuangMingYu/code/py/my_idea/my_idea/outputs/v24-COE/section13/bikenyc_masks_seed2026/random_point/0.4/val.csv",
      "test_csv": "/home/students/HuangMingYu/code/py/my_idea/my_idea/outputs/v24-COE/section13/bikenyc_masks_seed2026/random_point/0.4/test.csv"
    },
    "synthetic": {
      "num_train": 128,
      "num_val": 32,
      "t": 12,
      "h": 24,
      "w": 12
    },
    "multiscale": false
  },
  "model": {
    "architecture": "v24_ts_coe",
    "c_in": 2,
    "main": {
      "dim": 64,
      "max_t": 12,
      "h": 24,
      "w": 12,
      "scale_mode": "fine",
      "use_multiscale": false
    },
    "coe": {
      "num_steps": 1,
      "routing_mode": "parallel",
      "fixed_path": null,
      "router_state": "initial",
      "use_shared": true,
      "use_routed": true,
      "temperature": 1.0,
      "temporal_kernel": 3,
      "spatial_kernel": 3,
      "residual_init": 0.1,
      "expert_pool": [
        "T",
        "S"
      ],
      "expert_state": "initial"
    },
    "aux": {
      "enabled": false,
      "alpha_init": 0.0
    }
  },
  "loss": {
    "type": "l1",
    "lambda_coe_mid": 0,
    "lambda_coe_balance": 0
  },
  "train": {
    "epochs": 80,
    "val_epoch": 2,
    "lr_main": 0.001,
    "weight_decay": 0.0001,
    "grad_clip_norm": 1.0,
    "amp": true,
    "save_every": 10,
    "scheduler": {
      "type": "cosine",
      "eta_min": 1e-06
    },
    "early_stopping": {
      "enabled": false,
      "monitor": "val_mae",
      "patience": 15,
      "mode": "min"
    },
    "save_best_checkpoint": false
  },
  "experiment_plan": {
    "stage": "core",
    "variant": "parallel",
    "protocol": "random_point_rate0.4",
    "protocol_kind": "structured_csv",
    "budget_regime": "updates",
    "mask_metadata": "/home/students/HuangMingYu/code/py/my_idea/my_idea/outputs/v24-COE/section13/bikenyc_masks_seed2026/random_point/0.4/metadata.json"
  },
  "experiment_suite_fingerprint": "08fc9d8d37df089e074c1f54d84eabb0c7699555c5d348e61134aa3b4ddc48c2"
}
------------------------------------------------------------------------------------------------
-----------------------------------------------------------------------------------------------------------------
 epoch         loss         mae         rmse     val_mae          lr   train_s    val_s   epoch_s   mem_gb   best
-----------------------------------------------------------------------------------------------------------------
     1      8.89607      8.9013      28.6740           -    1.00e-03       1.1      0.0       1.1     0.48       
     2      8.18221      8.1839      27.6999      8.8745    1.00e-03       0.7      0.1       0.8     0.48      *
Best model at epoch 2 (val_mae=8.8745)
     3      7.24550      7.2456      26.0713           -    9.98e-04       0.7      0.0       0.7     0.48       
     4      6.47793      6.4793      24.3641      7.2110    9.97e-04       0.7      0.1       0.8     0.48      *
Best model at epoch 4 (val_mae=7.2110)
     5      5.87724      5.8786      22.7272           -    9.94e-04       0.7      0.0       0.7     0.48       
     6      5.47405      5.4728      21.4146      6.2542    9.90e-04       0.7      0.1       0.8     0.48      *
Best model at epoch 6 (val_mae=6.2542)
     7      4.96650      4.9678      20.1149           -    9.86e-04       0.7      0.0       0.7     0.48       
     8      4.32484      4.3252      18.2208      4.9007    9.81e-04       0.7      0.1       0.8     0.48      *
Best model at epoch 8 (val_mae=4.9007)
     9      3.91754      3.9177      16.5492           -    9.76e-04       0.7      0.0       0.7     0.48       
    10      3.68330      3.6835      15.5449      4.3105    9.69e-04       0.7      0.1       0.8     0.48      *
Best model at epoch 10 (val_mae=4.3105)
    11      3.50596      3.5052      14.6962           -    9.62e-04       0.7      0.0       0.7     0.48       
    12      3.37234      3.3727      13.9924      3.9889    9.54e-04       0.7      0.1       0.8     0.48      *
Best model at epoch 12 (val_mae=3.9889)
    13      3.26687      3.2660      13.4634           -    9.46e-04       0.7      0.0       0.7     0.48       
    14      3.17637      3.1748      12.9327      3.8110    9.36e-04       0.7      0.1       0.7     0.48      *
Best model at epoch 14 (val_mae=3.8110)
    15      3.14015      3.1399      12.6097           -    9.26e-04       0.7      0.0       0.7     0.48       
    16      3.07409      3.0747      12.3345      3.6497    9.16e-04       0.7      0.1       0.8     0.48      *
Best model at epoch 16 (val_mae=3.6497)
    17      3.02487      3.0240      12.0539           -    9.05e-04       0.7      0.0       0.7     0.48       
    18      2.97382      2.9731      11.7830      3.5091    8.93e-04       0.7      0.1       0.7     0.48      *
Best model at epoch 18 (val_mae=3.5091)
    19      2.94375      2.9433      11.5754           -    8.80e-04       0.7      0.0       0.7     0.48       
    20      2.90529      2.9064      11.3709      3.4460    8.67e-04       0.7      0.1       0.8     0.48      *
Best model at epoch 20 (val_mae=3.4460)
    21      2.88561      2.8866      11.2534           -    8.54e-04       0.7      0.0       0.7     0.48       
    22      2.85107      2.8517      11.0800      3.3598    8.40e-04       0.7      0.0       0.7     0.48      *
Best model at epoch 22 (val_mae=3.3598)
    23      2.82277      2.8232      10.9289           -    8.25e-04       0.7      0.0       0.7     0.48       
    24      2.82973      2.8300      10.8766      3.3020    8.10e-04       0.7      0.1       0.7     0.48      *
Best model at epoch 24 (val_mae=3.3020)
    25      2.78249      2.7817      10.7022           -    7.94e-04       0.7      0.0       0.7     0.48       
    26      2.75850      2.7590      10.5597      3.2772    7.78e-04       0.7      0.1       0.7     0.48      *
Best model at epoch 26 (val_mae=3.2772)
    27      2.76149      2.7618      10.4979           -    7.61e-04       0.7      0.0       0.7     0.48       
    28      2.73051      2.7311      10.3956      3.2089    7.45e-04       0.7      0.1       0.7     0.48      *
Best model at epoch 28 (val_mae=3.2089)
    29      2.70818      2.7087      10.2826           -    7.27e-04       0.7      0.0       0.7     0.48       
    30      2.71125      2.7113      10.2758      3.2190    7.10e-04       0.7      0.1       0.8     0.48       
    31      2.69048      2.6900      10.1641           -    6.92e-04       0.7      0.0       0.7     0.48       
    32      2.67218      2.6729      10.0848      3.1698    6.73e-04       0.7      0.0       0.8     0.48      *
Best model at epoch 32 (val_mae=3.1698)
    33      2.67373      2.6735      10.0351           -    6.55e-04       0.7      0.0       0.7     0.48       
    34      2.65824      2.6577       9.9987      3.1381    6.36e-04       0.7      0.1       0.8     0.48      *
Best model at epoch 34 (val_mae=3.1381)
    35      2.64182      2.6420       9.9271           -    6.17e-04       0.7      0.0       0.7     0.48       
    36      2.63715      2.6366       9.8788      3.0877    5.98e-04       0.7      0.1       0.7     0.48      *
Best model at epoch 36 (val_mae=3.0877)
    37      2.62524      2.6253       9.8107           -    5.79e-04       0.7      0.0       0.7     0.48       
    38      2.61283      2.6144       9.7686      3.0721    5.59e-04       0.7      0.1       0.7     0.48      *
Best model at epoch 38 (val_mae=3.0721)
    39      2.60367      2.6035       9.7145           -    5.40e-04       0.7      0.0       0.7     0.48       
    40      2.60381      2.6023       9.6728      3.0537    5.20e-04       0.7      0.0       0.7     0.48      *
Best model at epoch 40 (val_mae=3.0537)
    41      2.59456      2.5947       9.6604           -    5.01e-04       0.7      0.0       0.7     0.48       
    42      2.57435      2.5745       9.5831      3.0277    4.81e-04       0.7      0.1       0.8     0.48      *
Best model at epoch 42 (val_mae=3.0277)
    43      2.57932      2.5792       9.5862           -    4.61e-04       0.7      0.0       0.7     0.48       
    44      2.57855      2.5778       9.5265      3.0296    4.42e-04       0.7      0.0       0.7     0.48       
    45      2.56444      2.5653       9.5159           -    4.22e-04       0.7      0.0       0.7     0.48       
    46      2.55536      2.5542       9.4874      3.0079    4.03e-04       0.7      0.0       0.7     0.48      *
Best model at epoch 46 (val_mae=3.0079)
    47      2.54293      2.5423       9.4067           -    3.84e-04       0.7      0.0       0.7     0.48       
    48      2.53665      2.5368       9.3923      2.9924    3.65e-04       0.7      0.1       0.8     0.48      *
Best model at epoch 48 (val_mae=2.9924)
    49      2.53301      2.5333       9.3698           -    3.46e-04       0.7      0.0       0.7     0.48       
    50      2.52499      2.5245       9.3279      2.9818    3.28e-04       0.7      0.1       0.7     0.48      *
Best model at epoch 50 (val_mae=2.9818)
    51      2.52106      2.5218       9.3086           -    3.09e-04       0.7      0.0       0.7     0.48       
    52      2.51667      2.5161       9.2876      2.9577    2.91e-04       0.7      0.1       0.7     0.48      *
Best model at epoch 52 (val_mae=2.9577)
    53      2.50996      2.5095       9.2644           -    2.74e-04       0.7      0.0       0.7     0.48       
    54      2.50382      2.5039       9.2368      2.9519    2.56e-04       0.7      0.0       0.7     0.48      *
Best model at epoch 54 (val_mae=2.9519)
    55      2.50636      2.5062       9.2294           -    2.40e-04       0.7      0.0       0.7     0.48       
    56      2.50075      2.5005       9.2017      2.9476    2.23e-04       0.7      0.0       0.7     0.48      *
Best model at epoch 56 (val_mae=2.9476)
    57      2.49496      2.4952       9.1835           -    2.07e-04       0.7      0.0       0.7     0.48       
    58      2.48989      2.4901       9.1638      2.9414    1.91e-04       0.7      0.0       0.8     0.48      *
Best model at epoch 58 (val_mae=2.9414)
    59      2.48531      2.4861       9.1502           -    1.76e-04       0.7      0.0       0.7     0.48       
    60      2.48412      2.4846       9.1277      2.9284    1.61e-04       0.7      0.1       0.7     0.48      *
Best model at epoch 60 (val_mae=2.9284)
    61      2.48353      2.4828       9.1287           -    1.47e-04       0.7      0.0       0.7     0.48       
    62      2.47857      2.4785       9.1051      2.9210    1.34e-04       0.7      0.1       0.8     0.48      *
Best model at epoch 62 (val_mae=2.9210)
    63      2.47527      2.4751       9.0932           -    1.21e-04       0.7      0.0       0.7     0.48       
    64      2.47458      2.4750       9.0762      2.9134    1.08e-04       0.7      0.1       0.8     0.48      *
Best model at epoch 64 (val_mae=2.9134)
    65      2.46899      2.4696       9.0736           -    9.64e-05       0.7      0.0       0.7     0.48       
    66      2.46713      2.4669       9.0503      2.9176    8.52e-05       0.7      0.0       0.7     0.48       
    67      2.46683      2.4663       9.0372           -    7.46e-05       0.7      0.0       0.7     0.48       
    68      2.46416      2.4633       9.0375      2.9056    6.47e-05       0.7      0.1       0.8     0.48      *
Best model at epoch 68 (val_mae=2.9056)
    69      2.46209      2.4617       9.0313           -    5.54e-05       0.7      0.0       0.7     0.48       
    70      2.45960      2.4599       9.0223      2.9012    4.69e-05       0.7      0.1       0.7     0.48      *
Best model at epoch 70 (val_mae=2.9012)
    71      2.45774      2.4581       9.0177           -    3.90e-05       0.7      0.0       0.7     0.48       
    72      2.45807      2.4574       9.0091      2.9024    3.19e-05       0.7      0.1       0.8     0.48       
    73      2.45601      2.4565       9.0072           -    2.54e-05       0.7      0.0       0.7     0.48       
    74      2.45529      2.4554       9.0019      2.8981    1.98e-05       0.7      0.1       0.7     0.48      *
Best model at epoch 74 (val_mae=2.8981)
    75      2.45413      2.4548       9.0045           -    1.48e-05       0.7      0.0       0.7     0.48       
    76      2.45380      2.4539       8.9958      2.8973    1.06e-05       0.7      0.1       0.7     0.48      *
Best model at epoch 76 (val_mae=2.8973)
    77      2.45341      2.4536       9.0049           -    7.15e-06       0.7      0.0       0.7     0.48       
    78      2.45311      2.4530       8.9965      2.8969    4.46e-06       0.7      0.1       0.8     0.48      *
Best model at epoch 78 (val_mae=2.8969)
    79      2.45361      2.4526       8.9911           -    2.54e-06       0.7      0.0       0.7     0.48       
    80      2.45323      2.4524       8.9960      2.8963    1.39e-06       0.7      0.1       0.7     0.48      *
Best model at epoch 80 (val_mae=2.8963)

------------------------------------------------------------------------------------------------
Training finished normally: 2026-09-17 15:53:33
Summary
  completed_epochs: 80
  best_epoch: 80
  best_val_mae: 2.896290
  val_epoch: 2
  validation_count: 40
  final_train_loss: 2.453232
  final_train_mae: 2.452446
  final_val_loss: 2.927259
  final_val_mae: 2.896290
  total_time: 58.5s
  avg_epoch_time_sec: 0.73
  avg_train_sec_per_step: 0.0220
  avg_val_sec_per_step: 0.0051
  peak_memory_gb: 0.48
  test_loss: 2.785783
  test_mae: 2.851777
  test_rmse: 10.803886
  test_mape: 49900.327988
  test_time_sec: 0.11
  best_checkpoint: n/a
  best_state_source: cpu_memory
  metrics_jsonl: /home/students/HuangMingYu/code/py/my_idea/my_idea/outputs/v24-COE/experiments/core/08fc9d8d37df089e/runs/v24_core_parallel_random_point_rate0.4_updates_seed7/BikeNYC/custom/v24_core_parallel_random_point_rate0.4_updates_seed7/random/rate0.4/20260917_155234_seed7_bs16/logs/metrics.jsonl
------------------------------------------------------------------------------------------------
