Training started: 2026-09-18 12:04:43
------------------------------------------------------------------------------------------------
Run
  run_dir: /home/students/HuangMingYu/code/py/my_idea/my_idea/outputs/v24-COE/experiments/route20/followup/470ee3e49baa66bb/runs/v24_route20_route20_grouped_mixed9_rate0.4_updates_seed7/TaxiBJ/custom/v24_route20_route20_grouped_mixed9_rate0.4_updates_seed7/random/rate0.4/20260918_120441_seed7_bs16
  command: /home/students/HuangMingYu/code/py/my_idea/my_idea/scripts/train.py -c /home/students/HuangMingYu/code/py/my_idea/my_idea/outputs/v24-COE/experiments/route20/followup/470ee3e49baa66bb/configs/v24_route20_route20_grouped_mixed9_rate0.4_updates_seed7.json --no_plot --name v24_route20_route20_grouped_mixed9_rate0.4_updates_seed7 --train_npz /home/students/HuangMingYu/code/py/my_idea/my_idea/data/TaxiBJ/v24_clean_abc_20260917/taxibj_train.npz --val_npz /home/students/HuangMingYu/code/py/my_idea/my_idea/data/TaxiBJ/v24_clean_abc_20260917/taxibj_val.npz --test_npz /home/students/HuangMingYu/code/py/my_idea/my_idea/data/TaxiBJ/v24_clean_abc_20260917/taxibj_test.npz --result-file /home/students/HuangMingYu/code/py/my_idea/my_idea/outputs/v24-COE/experiments/route20/followup/470ee3e49baa66bb/results/v24_route20_route20_grouped_mixed9_rate0.4_updates_seed7.attempt1.json
  git_commit: 24e57ee114ceb9e41660b396db0a7dd42a833e3a
  git_branch: v24-COE
  git_dirty: True
  config_sha256: d44c42f3e083042ea0dc4e6801b7d4150b941190381293dbbb2c7b930857385d
  python: 3.9.25
  torch: 2.6.0+cu124
  cuda_runtime: 12.4
  train_npz: /home/students/HuangMingYu/code/py/my_idea/my_idea/data/TaxiBJ/v24_clean_abc_20260917/taxibj_train.npz
  val_npz: /home/students/HuangMingYu/code/py/my_idea/my_idea/data/TaxiBJ/v24_clean_abc_20260917/taxibj_val.npz
  test_npz: /home/students/HuangMingYu/code/py/my_idea/my_idea/data/TaxiBJ/v24_clean_abc_20260917/taxibj_test.npz
  dataset: TaxiBJ
  experiment_type: custom
  variant: v24_route20_route20_grouped_mixed9_rate0.4_updates_seed7
  train_samples: 2452
  val_samples: 342
  train_steps_per_epoch: 154
  val_steps_per_epoch: 22
  test_samples: 707
  test_steps: 45
  batch_size: 16
  mask_pattern: random
  mask_rate_config: 0.4
  train_mask: unknown
  val_mask: unknown
  data_shape: (2452, 2, 12, 32, 32)
  device: cuda
  device_name: NVIDIA GeForce RTX 3090
  total_params: 194,787
  trainable_params: 194,787
Config
{
  "seed": 7,
  "output_dir": "/home/students/HuangMingYu/code/py/my_idea/my_idea/outputs/v24-COE/experiments/route20/followup/470ee3e49baa66bb/runs/v24_route20_route20_grouped_mixed9_rate0.4_updates_seed7",
  "device": "cuda",
  "data": {
    "dataset_name": "TaxiBJ",
    "batch_size": 16,
    "num_workers": 0,
    "pin_memory": true,
    "drop_last": false,
    "mask": {
      "pattern": "random",
      "missing_rate": 0.4
    },
    "synthetic": {
      "num_train": 128,
      "num_val": 32,
      "t": 12,
      "h": 32,
      "w": 32
    },
    "multiscale": false,
    "loader_seed": 7,
    "train_mask_diversity": {
      "families": [
        "random_point",
        "node_outage",
        "temporal_gap",
        "spatial_region",
        "spatiotemporal_block",
        "stripe",
        "moving_region",
        "multi_block",
        "composite"
      ],
      "rates": [
        0.4
      ],
      "seed": 20260917,
      "resample_each_epoch": true
    },
    "eval_mask_diversity": {
      "families": [
        "random_point",
        "node_outage",
        "temporal_gap",
        "spatial_region",
        "spatiotemporal_block",
        "stripe",
        "moving_region",
        "multi_block",
        "composite"
      ],
      "rates": [
        0.4
      ],
      "seed": 20260917,
      "resample_each_epoch": false
    }
  },
  "model": {
    "architecture": "v24_ts_coe",
    "c_in": 2,
    "main": {
      "dim": 64,
      "max_t": 12,
      "h": 32,
      "w": 32,
      "scale_mode": "fine",
      "use_multiscale": false
    },
    "coe": {
      "num_steps": 4,
      "routing_mode": "hard",
      "fixed_path": null,
      "router_state": "dynamic",
      "use_shared": true,
      "use_routed": true,
      "temperature": 1.0,
      "temporal_kernel": 3,
      "spatial_kernel": 3,
      "residual_init": 0.1,
      "expert_pool": [
        "T",
        "S",
        "TD",
        "SD",
        "TA",
        "ST"
      ],
      "expert_state": "dynamic",
      "temporal_dilation": 2,
      "spatial_dilation": 2,
      "attention_heads": 4,
      "router_features": "grouped",
      "value_mean": [
        108.8073788550057,
        108.8073788550057
      ],
      "value_std": [
        135.23679702217615,
        135.3215286772739
      ]
    },
    "aux": {
      "enabled": false,
      "alpha_init": 0.0
    }
  },
  "loss": {
    "type": "l1",
    "lambda_coe_mid": 0.0,
    "lambda_coe_balance": 0.01
  },
  "train": {
    "epochs": 20,
    "val_epoch": 2,
    "lr_main": 0.001,
    "weight_decay": 0.0001,
    "grad_clip_norm": 1.0,
    "amp": true,
    "save_every": 10,
    "scheduler": {
      "type": "cosine",
      "eta_min": 1e-06,
      "total_epochs": 20
    },
    "early_stopping": {
      "enabled": false,
      "monitor": "val_mae",
      "patience": 40,
      "mode": "min"
    },
    "save_best_checkpoint": true,
    "router_grad_diagnostic_every": 50
  },
  "experiment_plan": {
    "stage": "route20",
    "variant": "route20_grouped",
    "protocol": "mixed9_rate0.4",
    "protocol_kind": "generated_diverse",
    "budget_regime": "updates",
    "mask_metadata": null,
    "training_mask_source": "dynamic_diverse",
    "evaluation_mask_source": "diverse_fixed_per_split"
  },
  "experiment_suite_fingerprint": "470ee3e49baa66bb0dc4c4e57b5551125db3927fbcc12d02465b0dc25ade4fb9"
}
------------------------------------------------------------------------------------------------
-----------------------------------------------------------------------------------------------------------------
 epoch         loss         mae         rmse     val_mae          lr   train_s    val_s   epoch_s   mem_gb   best
-----------------------------------------------------------------------------------------------------------------
     1    107.19728    107.3401     174.1249           -    1.00e-03      94.6      0.0      94.6    12.08       
     2     80.78070     80.8371     141.7623     65.5086    9.94e-04      94.3      2.1      96.3    12.08      *
Best model at epoch 2 (val_mae=65.5086)
     3     68.18250     68.0591     124.0119           -    9.76e-04      94.3      0.0      94.3    12.08       
     4     61.13501     61.0120     113.2514     52.2289    9.46e-04      94.3      2.0      96.3    12.08      *
Best model at epoch 4 (val_mae=52.2289)
     5     56.91220     56.8703     106.4472           -    9.05e-04      94.3      0.0      94.3    12.08       
     6     54.63927     54.5858     101.7327     47.7986    8.54e-04      94.3      2.0      96.3    12.08      *
Best model at epoch 6 (val_mae=47.7986)
     7     52.84797     52.6973      98.5359           -    7.94e-04      94.3      0.0      94.3    12.08       
     8     51.94981     51.8621      96.7375     45.0777    7.27e-04      94.4      2.0      96.4    12.08      *
Best model at epoch 8 (val_mae=45.0777)
     9     49.70541     49.7216      93.8062           -    6.55e-04      94.4      0.0      94.4    12.08       
    10     48.96642     48.8958      91.7360     43.4689    5.79e-04      94.3      2.0      96.4    12.08      *
Best model at epoch 10 (val_mae=43.4689)
    11     48.22002     48.1382      90.2948           -    5.01e-04      94.3      0.0      94.3    12.08       
    12     47.29744     47.3181      89.0289     42.3647    4.22e-04      94.3      2.0      96.3    12.08      *
Best model at epoch 12 (val_mae=42.3647)
    13     47.14751     47.0865      88.3854           -    3.46e-04      94.3      0.0      94.3    12.08       
    14     46.29733     46.2050      87.3526     41.1538    2.74e-04      94.3      2.0      96.3    12.08      *
Best model at epoch 14 (val_mae=41.1538)
    15     45.54117     45.5267      86.0371           -    2.07e-04      94.4      0.0      94.4    12.08       
    16     45.47198     45.4242      85.2802     40.9875    1.47e-04      94.3      2.0      96.4    12.08      *
Best model at epoch 16 (val_mae=40.9875)
    17     45.28484     45.3156      85.2832           -    9.64e-05      94.4      0.0      94.4    12.08       
    18     44.84937     44.8232      84.5955     40.1014    5.54e-05      94.3      2.0      96.4    12.08      *
Best model at epoch 18 (val_mae=40.1014)
    19     44.26366     44.2670      83.7497           -    2.54e-05      94.4      0.0      94.4    12.08       
    20     44.29882     44.2654      83.6360     40.0088    7.15e-06      94.4      2.0      96.4    12.08      *
Best model at epoch 20 (val_mae=40.0088)

------------------------------------------------------------------------------------------------
Training finished normally: 2026-09-18 12:36:34
Summary
  completed_epochs: 20
  best_epoch: 20
  best_val_mae: 40.008793
  val_epoch: 2
  validation_count: 10
  final_train_loss: 44.298816
  final_train_mae: 44.265430
  final_val_loss: 40.311861
  final_val_mae: 40.008793
  total_time: 31m 52s
  avg_epoch_time_sec: 95.37
  avg_train_sec_per_step: 0.6127
  avg_val_sec_per_step: 0.0462
  peak_memory_gb: 12.08
  test_loss: 37.382007
  test_mae: 37.657545
  test_rmse: 69.517400
  test_mape: 504326.014949
  test_time_sec: 4.18
  best_checkpoint: /home/students/HuangMingYu/code/py/my_idea/my_idea/outputs/v24-COE/experiments/route20/followup/470ee3e49baa66bb/runs/v24_route20_route20_grouped_mixed9_rate0.4_updates_seed7/TaxiBJ/custom/v24_route20_route20_grouped_mixed9_rate0.4_updates_seed7/random/rate0.4/20260918_120441_seed7_bs16/checkpoints/best.pt
  best_state_source: checkpoint
  metrics_jsonl: /home/students/HuangMingYu/code/py/my_idea/my_idea/outputs/v24-COE/experiments/route20/followup/470ee3e49baa66bb/runs/v24_route20_route20_grouped_mixed9_rate0.4_updates_seed7/TaxiBJ/custom/v24_route20_route20_grouped_mixed9_rate0.4_updates_seed7/random/rate0.4/20260918_120441_seed7_bs16/logs/metrics.jsonl
------------------------------------------------------------------------------------------------
