Training started: 2026-09-18 19:51:21
------------------------------------------------------------------------------------------------
Run
  run_dir: /home/students/HuangMingYu/code/py/my_idea/my_idea/outputs/v24-COE/experiments/coe_dual_mask/coe_dual_mask/fbea2a35caf9bf06/runs/v24_coe_dual_mask_coe_fixed_tsts_mixed9_rate0.4_updates_seed7/TaxiBJ/custom/v24_coe_dual_mask_coe_fixed_tsts_mixed9_rate0.4_updates_seed7/random/rate0.4/20260918_195120_seed7_bs16
  command: /home/students/HuangMingYu/code/py/my_idea/my_idea/scripts/train.py -c /home/students/HuangMingYu/code/py/my_idea/my_idea/outputs/v24-COE/experiments/coe_dual_mask/coe_dual_mask/fbea2a35caf9bf06/configs/v24_coe_dual_mask_coe_fixed_tsts_mixed9_rate0.4_updates_seed7.json --no_plot --name v24_coe_dual_mask_coe_fixed_tsts_mixed9_rate0.4_updates_seed7 --train_npz /home/students/HuangMingYu/code/py/my_idea/my_idea/data/TaxiBJ/v24_clean_abc_20260917/taxibj_train.npz --val_npz /home/students/HuangMingYu/code/py/my_idea/my_idea/data/TaxiBJ/v24_clean_abc_20260917/taxibj_val.npz --test_npz /home/students/HuangMingYu/code/py/my_idea/my_idea/data/TaxiBJ/v24_clean_abc_20260917/taxibj_test.npz --result-file /home/students/HuangMingYu/code/py/my_idea/my_idea/outputs/v24-COE/experiments/coe_dual_mask/coe_dual_mask/fbea2a35caf9bf06/results/v24_coe_dual_mask_coe_fixed_tsts_mixed9_rate0.4_updates_seed7.attempt1.json
  git_commit: 24e57ee114ceb9e41660b396db0a7dd42a833e3a
  git_branch: v24-COE
  git_dirty: True
  config_sha256: c9fd57d0cc701bd407f431aa77f2d8150b2c5df0b846435bd1b972694ff775e9
  python: 3.9.25
  torch: 2.6.0+cu124
  cuda_runtime: 12.4
  train_npz: /home/students/HuangMingYu/code/py/my_idea/my_idea/data/TaxiBJ/v24_clean_abc_20260917/taxibj_train.npz
  val_npz: /home/students/HuangMingYu/code/py/my_idea/my_idea/data/TaxiBJ/v24_clean_abc_20260917/taxibj_val.npz
  test_npz: /home/students/HuangMingYu/code/py/my_idea/my_idea/data/TaxiBJ/v24_clean_abc_20260917/taxibj_test.npz
  dataset: TaxiBJ
  experiment_type: custom
  variant: v24_coe_dual_mask_coe_fixed_tsts_mixed9_rate0.4_updates_seed7
  train_samples: 2452
  val_samples: 342
  train_steps_per_epoch: 154
  val_steps_per_epoch: 22
  test_samples: 707
  test_steps: 45
  batch_size: 16
  mask_pattern: random
  mask_rate_config: 0.4
  train_mask: unknown
  val_mask: unknown
  data_shape: (2452, 2, 12, 32, 32)
  device: cuda
  device_name: NVIDIA GeForce RTX 3090
  total_params: 211,507
  trainable_params: 211,507
Config
{
  "seed": 7,
  "output_dir": "/home/students/HuangMingYu/code/py/my_idea/my_idea/outputs/v24-COE/experiments/coe_dual_mask/coe_dual_mask/fbea2a35caf9bf06/runs/v24_coe_dual_mask_coe_fixed_tsts_mixed9_rate0.4_updates_seed7",
  "device": "cuda",
  "data": {
    "dataset_name": "TaxiBJ",
    "batch_size": 16,
    "num_workers": 0,
    "pin_memory": true,
    "drop_last": false,
    "mask": {
      "pattern": "random",
      "missing_rate": 0.4
    },
    "synthetic": {
      "num_train": 128,
      "num_val": 32,
      "t": 12,
      "h": 32,
      "w": 32
    },
    "multiscale": false,
    "loader_seed": 7,
    "train_mask_diversity": {
      "families": [
        "random_point",
        "node_outage",
        "temporal_gap",
        "spatial_region",
        "spatiotemporal_block",
        "stripe",
        "moving_region",
        "multi_block",
        "composite"
      ],
      "rates": [
        0.4
      ],
      "seed": 20260917,
      "resample_each_epoch": true
    },
    "eval_mask_diversity": {
      "families": [
        "random_point",
        "node_outage",
        "temporal_gap",
        "spatial_region",
        "spatiotemporal_block",
        "stripe",
        "moving_region",
        "multi_block",
        "composite"
      ],
      "rates": [
        0.4
      ],
      "seed": 20260917,
      "resample_each_epoch": false
    }
  },
  "model": {
    "architecture": "v24_ts_coe",
    "c_in": 2,
    "main": {
      "dim": 64,
      "max_t": 12,
      "h": 32,
      "w": 32,
      "scale_mode": "fine",
      "use_multiscale": false
    },
    "coe": {
      "num_steps": 4,
      "expert_pool": [
        "T",
        "S",
        "TD",
        "SD",
        "TA",
        "ST"
      ],
      "routing_mode": "fixed",
      "fixed_path": [
        "T",
        "S",
        "T",
        "S"
      ],
      "fixed_expert_steps": [
        null,
        null,
        null,
        null
      ],
      "router_state": "dynamic",
      "expert_state": "dynamic",
      "use_shared": true,
      "use_routed": true,
      "temperature": 1.0,
      "temporal_kernel": 3,
      "spatial_kernel": 3,
      "temporal_dilation": 2,
      "spatial_dilation": 2,
      "attention_heads": 4,
      "residual_init": 0.1,
      "routing_warmup_epochs": 0,
      "routing_transition_epochs": 0,
      "uniform_mix_start": 0.5,
      "sampling_temperature_start": 2.0
    },
    "aux": {
      "enabled": false,
      "alpha_init": 0.0
    }
  },
  "loss": {
    "type": "l1",
    "lambda_coe_mid": 0.0,
    "lambda_coe_balance": 0.0
  },
  "train": {
    "epochs": 20,
    "val_epoch": 2,
    "lr_main": 0.001,
    "weight_decay": 0.0001,
    "grad_clip_norm": 1.0,
    "amp": true,
    "save_every": 10,
    "scheduler": {
      "type": "cosine",
      "eta_min": 1e-06,
      "total_epochs": 20
    },
    "early_stopping": {
      "enabled": false,
      "monitor": "val_mae",
      "patience": 40,
      "mode": "min"
    },
    "save_best_checkpoint": false,
    "router_grad_diagnostic_every": 50
  },
  "experiment_plan": {
    "stage": "coe_dual_mask",
    "variant": "coe_fixed_tsts",
    "protocol": "mixed9_rate0.4",
    "protocol_kind": "generated_diverse",
    "budget_regime": "updates",
    "mask_metadata": null,
    "training_mask_source": "dynamic_diverse",
    "evaluation_mask_source": "diverse_fixed_per_split"
  },
  "experiment_suite_fingerprint": "fbea2a35caf9bf06b509d160bcfa81080b2e1014484bcde47629e4a4ab0f0596"
}
------------------------------------------------------------------------------------------------
-----------------------------------------------------------------------------------------------------------------
 epoch         loss         mae         rmse     val_mae          lr   train_s    val_s   epoch_s   mem_gb   best
-----------------------------------------------------------------------------------------------------------------
     1    107.98266    108.1393     174.5982           -    1.00e-03      23.2      0.0      23.2     3.75       
     2     82.80278     82.9300     145.0629     68.0261    9.94e-04      22.9      1.8      24.7     3.75      *
Best model at epoch 2 (val_mae=68.0261)
     3     73.81387     73.7032     130.5431           -    9.76e-04      22.9      0.0      22.9     3.75       
     4     69.16443     69.0642     123.3624     63.0364    9.46e-04      23.0      1.8      24.8     3.75      *
Best model at epoch 4 (val_mae=63.0364)
     5     65.45757     65.4972     117.6145           -    9.05e-04      23.0      0.0      23.0     3.75       
     6     63.54912     63.5440     114.0092     58.7922    8.54e-04      22.9      1.8      24.7     3.75      *
Best model at epoch 6 (val_mae=58.7922)
     7     61.70443     61.5049     110.6574           -    7.94e-04      22.9      0.0      22.9     3.75       
     8     60.16201     60.1170     108.2137     53.3805    7.27e-04      22.9      1.8      24.7     3.75      *
Best model at epoch 8 (val_mae=53.3805)
     9     58.61273     58.6876     105.8535           -    6.55e-04      23.0      0.0      23.0     3.75       
    10     56.84176     56.8214     102.8926     51.7266    5.79e-04      23.0      1.8      24.8     3.75      *
Best model at epoch 10 (val_mae=51.7266)
    11     56.39957     56.3609     101.8226           -    5.01e-04      22.9      0.0      22.9     3.75       
    12     55.70652     55.7528     100.7612     50.4671    4.22e-04      23.0      1.8      24.8     3.75      *
Best model at epoch 12 (val_mae=50.4671)
    13     55.26085     55.2368      99.7800           -    3.46e-04      23.0      0.0      23.0     3.75       
    14     55.34218     55.2622      99.4461     49.6902    2.74e-04      22.9      1.8      24.7     3.75      *
Best model at epoch 14 (val_mae=49.6902)
    15     53.89404     53.9329      97.7520           -    2.07e-04      23.0      0.0      23.0     3.75       
    16     53.73723     53.7584      96.9643     49.2890    1.47e-04      23.0      1.8      24.8     3.75      *
Best model at epoch 16 (val_mae=49.2890)
    17     53.47913     53.5260      96.6204           -    9.64e-05      23.0      0.0      23.0     3.75       
    18     53.22533     53.2063      96.4143     48.9158    5.54e-05      23.0      1.8      24.8     3.75      *
Best model at epoch 18 (val_mae=48.9158)
    19     52.95317     52.9089      95.7766           -    2.54e-05      23.0      0.0      23.0     3.75       
    20     53.14519     53.1446      95.9565     48.6734    7.15e-06      22.9      1.8      24.7     3.75      *
Best model at epoch 20 (val_mae=48.6734)

------------------------------------------------------------------------------------------------
Training finished normally: 2026-09-18 19:59:23
Summary
  completed_epochs: 20
  best_epoch: 20
  best_val_mae: 48.673415
  val_epoch: 2
  validation_count: 10
  final_train_loss: 53.145187
  final_train_mae: 53.144634
  final_val_loss: 49.096143
  final_val_mae: 48.673415
  total_time: 8m 1s
  avg_epoch_time_sec: 23.88
  avg_train_sec_per_step: 0.1492
  avg_val_sec_per_step: 0.0412
  peak_memory_gb: 3.75
  test_loss: 45.725531
  test_mae: 45.966774
  test_rmse: 80.969050
  test_mape: 712462.532725
  test_time_sec: 3.77
  best_checkpoint: n/a
  best_state_source: cpu_memory
  metrics_jsonl: /home/students/HuangMingYu/code/py/my_idea/my_idea/outputs/v24-COE/experiments/coe_dual_mask/coe_dual_mask/fbea2a35caf9bf06/runs/v24_coe_dual_mask_coe_fixed_tsts_mixed9_rate0.4_updates_seed7/TaxiBJ/custom/v24_coe_dual_mask_coe_fixed_tsts_mixed9_rate0.4_updates_seed7/random/rate0.4/20260918_195120_seed7_bs16/logs/metrics.jsonl
------------------------------------------------------------------------------------------------
