Training started: 2026-09-17 16:42:30
------------------------------------------------------------------------------------------------
Run
  run_dir: /home/students/HuangMingYu/code/py/my_idea/my_idea/outputs/v24-COE/experiments/core/08fc9d8d37df089e/runs/v24_core_fixed_ts_mixed_rate0.4_updates_seed7/BikeNYC/custom/v24_core_fixed_ts_mixed_rate0.4_updates_seed7/random/rate0.4/20260917_164229_seed7_bs16
  command: /home/students/HuangMingYu/code/py/my_idea/my_idea/scripts/train.py -c /home/students/HuangMingYu/code/py/my_idea/my_idea/outputs/v24-COE/experiments/core/08fc9d8d37df089e/configs/v24_core_fixed_ts_mixed_rate0.4_updates_seed7.json --no_plot --name v24_core_fixed_ts_mixed_rate0.4_updates_seed7 --train_npz /home/students/HuangMingYu/code/py/my_idea/my_idea/data/BikeNYC/bikenyc_train.npz --val_npz /home/students/HuangMingYu/code/py/my_idea/my_idea/data/BikeNYC/bikenyc_val.npz --test_npz /home/students/HuangMingYu/code/py/my_idea/my_idea/data/BikeNYC/bikenyc_test.npz --result-file /home/students/HuangMingYu/code/py/my_idea/my_idea/outputs/v24-COE/experiments/core/08fc9d8d37df089e/results/v24_core_fixed_ts_mixed_rate0.4_updates_seed7.attempt1.json
  git_commit: 1f348d420b22878eff7be96a61567a5be410fd0e
  git_branch: v24-COE
  git_dirty: True
  config_sha256: 216641dba3b3d46d033e6ec311e7ed52659857438cfd74bea907b8c29415888a
  python: 3.9.25
  torch: 2.6.0+cu124
  cuda_runtime: 12.4
  train_npz: /home/students/HuangMingYu/code/py/my_idea/my_idea/data/BikeNYC/bikenyc_train.npz
  val_npz: /home/students/HuangMingYu/code/py/my_idea/my_idea/data/BikeNYC/bikenyc_val.npz
  test_npz: /home/students/HuangMingYu/code/py/my_idea/my_idea/data/BikeNYC/bikenyc_test.npz
  dataset: BikeNYC
  experiment_type: custom
  variant: v24_core_fixed_ts_mixed_rate0.4_updates_seed7
  train_samples: 511
  val_samples: 73
  train_steps_per_epoch: 32
  val_steps_per_epoch: 5
  test_samples: 147
  test_steps: 10
  batch_size: 16
  mask_pattern: random
  mask_rate_config: 0.4
  train_mask: shape=(511, 1, 12, 24, 12), observed_rate=0.6004, missing_rate=0.3996
  val_mask: shape=(73, 1, 12, 24, 12), observed_rate=0.6004, missing_rate=0.3996
  data_shape: (511, 2, 12, 24, 12)
  device: cuda
  device_name: NVIDIA GeForce RTX 3090
  total_params: 91,571
  trainable_params: 91,571
Config
{
  "seed": 7,
  "output_dir": "/home/students/HuangMingYu/code/py/my_idea/my_idea/outputs/v24-COE/experiments/core/08fc9d8d37df089e/runs/v24_core_fixed_ts_mixed_rate0.4_updates_seed7",
  "device": "auto",
  "data": {
    "dataset_name": "BikeNYC",
    "batch_size": 16,
    "num_workers": 0,
    "pin_memory": true,
    "drop_last": false,
    "mask": {
      "pattern": "random",
      "missing_rate": 0.4,
      "train_csv": "/home/students/HuangMingYu/code/py/my_idea/my_idea/outputs/v24-COE/section13/bikenyc_masks_seed2026/mixed/0.4/train.csv",
      "val_csv": "/home/students/HuangMingYu/code/py/my_idea/my_idea/outputs/v24-COE/section13/bikenyc_masks_seed2026/mixed/0.4/val.csv",
      "test_csv": "/home/students/HuangMingYu/code/py/my_idea/my_idea/outputs/v24-COE/section13/bikenyc_masks_seed2026/mixed/0.4/test.csv"
    },
    "synthetic": {
      "num_train": 128,
      "num_val": 32,
      "t": 12,
      "h": 24,
      "w": 12
    },
    "multiscale": false
  },
  "model": {
    "architecture": "v24_ts_coe",
    "c_in": 2,
    "main": {
      "dim": 64,
      "max_t": 12,
      "h": 24,
      "w": 12,
      "scale_mode": "fine",
      "use_multiscale": false
    },
    "coe": {
      "num_steps": 2,
      "routing_mode": "fixed",
      "fixed_path": [
        "T",
        "S"
      ],
      "router_state": "dynamic",
      "use_shared": true,
      "use_routed": true,
      "temperature": 1.0,
      "temporal_kernel": 3,
      "spatial_kernel": 3,
      "residual_init": 0.1,
      "expert_pool": [
        "T",
        "S"
      ],
      "expert_state": "dynamic"
    },
    "aux": {
      "enabled": false,
      "alpha_init": 0.0
    }
  },
  "loss": {
    "type": "l1",
    "lambda_coe_mid": 0,
    "lambda_coe_balance": 0
  },
  "train": {
    "epochs": 80,
    "val_epoch": 2,
    "lr_main": 0.001,
    "weight_decay": 0.0001,
    "grad_clip_norm": 1.0,
    "amp": true,
    "save_every": 10,
    "scheduler": {
      "type": "cosine",
      "eta_min": 1e-06
    },
    "early_stopping": {
      "enabled": false,
      "monitor": "val_mae",
      "patience": 15,
      "mode": "min"
    },
    "save_best_checkpoint": false
  },
  "experiment_plan": {
    "stage": "core",
    "variant": "fixed_ts",
    "protocol": "mixed_rate0.4",
    "protocol_kind": "structured_csv",
    "budget_regime": "updates",
    "mask_metadata": "/home/students/HuangMingYu/code/py/my_idea/my_idea/outputs/v24-COE/section13/bikenyc_masks_seed2026/mixed/0.4/metadata.json"
  },
  "experiment_suite_fingerprint": "08fc9d8d37df089e074c1f54d84eabb0c7699555c5d348e61134aa3b4ddc48c2"
}
------------------------------------------------------------------------------------------------
-----------------------------------------------------------------------------------------------------------------
 epoch         loss         mae         rmse     val_mae          lr   train_s    val_s   epoch_s   mem_gb   best
-----------------------------------------------------------------------------------------------------------------
     1     10.37622     10.3712      30.9851           -    1.00e-03       1.2      0.0       1.2     0.61       
     2      9.82011      9.8219      30.0926     11.2093    1.00e-03       0.8      0.1       0.9     0.61      *
Best model at epoch 2 (val_mae=11.2093)
     3      9.18795      9.1884      28.9272           -    9.98e-04       0.8      0.0       0.8     0.61       
     4      8.76282      8.7564      27.8983     10.2593    9.97e-04       0.8      0.1       0.9     0.61      *
Best model at epoch 4 (val_mae=10.2593)
     5      8.43500      8.4365      26.9685           -    9.94e-04       0.8      0.0       0.8     0.61       
     6      8.10651      8.1089      26.0221      9.6686    9.90e-04       0.8      0.1       0.9     0.61      *
Best model at epoch 6 (val_mae=9.6686)
     7      7.86287      7.8653      25.2879           -    9.86e-04       0.8      0.0       0.8     0.61       
     8      7.56054      7.5615      24.4878      9.0271    9.81e-04       0.8      0.1       0.9     0.61      *
Best model at epoch 8 (val_mae=9.0271)
     9      7.37308      7.3746      23.8368           -    9.76e-04       0.8      0.0       0.8     0.61       
    10      7.00117      7.0010      22.8364      8.4211    9.69e-04       0.8      0.1       0.9     0.61      *
Best model at epoch 10 (val_mae=8.4211)
    11      6.87673      6.8752      22.1519           -    9.62e-04       0.8      0.0       0.8     0.61       
    12      6.73175      6.7337      21.7854      8.2230    9.54e-04       0.8      0.1       0.9     0.61      *
Best model at epoch 12 (val_mae=8.2230)
    13      6.65351      6.6515      21.5193           -    9.46e-04       0.8      0.0       0.8     0.61       
    14      6.68174      6.6846      21.2681      7.8752    9.36e-04       0.8      0.1       0.9     0.61      *
Best model at epoch 14 (val_mae=7.8752)
    15      6.39082      6.3928      20.5312           -    9.26e-04       0.8      0.0       0.8     0.61       
    16      6.38105      6.3794      20.3525      7.7544    9.16e-04       0.8      0.1       0.9     0.61      *
Best model at epoch 16 (val_mae=7.7544)
    17      6.27490      6.2762      20.1416           -    9.05e-04       0.8      0.0       0.8     0.61       
    18      6.16840      6.1678      19.6818      7.5821    8.93e-04       0.8      0.1       0.9     0.61      *
Best model at epoch 18 (val_mae=7.5821)
    19      6.10281      6.1037      19.4462           -    8.80e-04       0.8      0.0       0.8     0.61       
    20      6.10881      6.1121      19.4841      7.3929    8.67e-04       0.8      0.1       0.9     0.61      *
Best model at epoch 20 (val_mae=7.3929)
    21      6.01307      6.0123      18.9754           -    8.54e-04       0.8      0.0       0.8     0.61       
    22      5.97855      5.9772      18.9277      7.2624    8.40e-04       0.8      0.1       0.9     0.61      *
Best model at epoch 22 (val_mae=7.2624)
    23      5.86634      5.8653      18.5343           -    8.25e-04       0.8      0.0       0.8     0.61       
    24      5.88841      5.8894      18.8271      7.2478    8.10e-04       0.8      0.1       0.9     0.61      *
Best model at epoch 24 (val_mae=7.2478)
    25      5.89677      5.8945      18.4728           -    7.94e-04       0.8      0.0       0.8     0.61       
    26      5.78341      5.7839      18.3465      7.1473    7.78e-04       0.8      0.1       0.9     0.61      *
Best model at epoch 26 (val_mae=7.1473)
    27      5.75560      5.7549      18.4883           -    7.61e-04       0.8      0.0       0.8     0.61       
    28      5.80892      5.8064      18.3237      7.0550    7.45e-04       0.8      0.1       0.9     0.61      *
Best model at epoch 28 (val_mae=7.0550)
    29      5.71645      5.7140      17.9993           -    7.27e-04       0.8      0.0       0.8     0.61       
    30      5.70501      5.7050      18.0399      6.8492    7.10e-04       0.8      0.1       0.9     0.61      *
Best model at epoch 30 (val_mae=6.8492)
    31      5.64248      5.6404      17.9369           -    6.92e-04       0.8      0.0       0.8     0.61       
    32      5.60801      5.6034      17.7113      7.0606    6.73e-04       0.8      0.1       0.9     0.61       
    33      5.62527      5.6265      17.7096           -    6.55e-04       0.8      0.0       0.8     0.61       
    34      5.67912      5.6815      17.9190      6.7781    6.36e-04       0.8      0.1       0.9     0.61      *
Best model at epoch 34 (val_mae=6.7781)
    35      5.66555      5.6672      17.8813           -    6.17e-04       0.8      0.0       0.8     0.61       
    36      5.54409      5.5461      17.6957      6.9399    5.98e-04       0.8      0.1       0.9     0.61       
    37      5.58359      5.5832      17.5767           -    5.79e-04       0.8      0.0       0.8     0.61       
    38      5.51220      5.5146      17.4150      6.7370    5.59e-04       0.8      0.1       0.9     0.61      *
Best model at epoch 38 (val_mae=6.7370)
    39      5.49742      5.4963      17.3987           -    5.40e-04       0.8      0.0       0.8     0.61       
    40      5.51126      5.5123      17.5874      6.6984    5.20e-04       0.8      0.1       0.9     0.61      *
Best model at epoch 40 (val_mae=6.6984)
    41      5.49743      5.4967      17.4534           -    5.01e-04       0.8      0.0       0.8     0.61       
    42      5.46980      5.4734      17.3354      6.6689    4.81e-04       0.8      0.1       0.9     0.61      *
Best model at epoch 42 (val_mae=6.6689)
    43      5.44234      5.4425      17.4781           -    4.61e-04       0.8      0.0       0.8     0.61       
    44      5.41475      5.4139      17.1892      6.6943    4.42e-04       0.8      0.1       0.9     0.61       
    45      5.40268      5.4021      17.3100           -    4.22e-04       0.8      0.0       0.8     0.61       
    46      5.40337      5.4052      17.1537      6.6139    4.03e-04       0.8      0.1       0.9     0.61      *
Best model at epoch 46 (val_mae=6.6139)
    47      5.43291      5.4334      17.2368           -    3.84e-04       0.8      0.0       0.8     0.61       
    48      5.46347      5.4621      17.1319      6.6507    3.65e-04       0.8      0.1       0.9     0.61       
    49      5.39728      5.3954      17.1607           -    3.46e-04       0.8      0.0       0.8     0.61       
    50      5.37983      5.3799      16.9777      6.5887    3.28e-04       0.8      0.1       0.9     0.61      *
Best model at epoch 50 (val_mae=6.5887)
    51      5.35782      5.3552      17.0974           -    3.09e-04       0.8      0.0       0.8     0.61       
    52      5.37131      5.3702      16.8310      6.6607    2.91e-04       0.8      0.1       0.9     0.61       
    53      5.38594      5.3863      17.1981           -    2.74e-04       0.8      0.0       0.8     0.61       
    54      5.36643      5.3636      17.2312      6.5388    2.56e-04       0.8      0.1       0.9     0.61      *
Best model at epoch 54 (val_mae=6.5388)
    55      5.32240      5.3161      16.8621           -    2.40e-04       0.8      0.0       0.8     0.61       
    56      5.31979      5.3210      16.9742      6.5479    2.23e-04       0.8      0.1       0.9     0.61       
    57      5.34339      5.3470      17.0328           -    2.07e-04       0.8      0.0       0.8     0.61       
    58      5.34274      5.3406      17.0435      6.5196    1.91e-04       0.8      0.1       0.9     0.61      *
Best model at epoch 58 (val_mae=6.5196)
    59      5.28826      5.2907      16.7926           -    1.76e-04       0.8      0.0       0.8     0.61       
    60      5.28457      5.2828      16.7154      6.5085    1.61e-04       0.8      0.1       0.9     0.61      *
Best model at epoch 60 (val_mae=6.5085)
    61      5.27224      5.2704      16.7993           -    1.47e-04       0.8      0.0       0.8     0.61       
    62      5.27986      5.2773      16.7305      6.4710    1.34e-04       0.8      0.1       0.9     0.61      *
Best model at epoch 62 (val_mae=6.4710)
    63      5.27188      5.2712      16.7645           -    1.21e-04       0.8      0.0       0.8     0.61       
    64      5.26345      5.2648      16.8781      6.5197    1.08e-04       0.8      0.1       0.9     0.61       
    65      5.27054      5.2703      16.9857           -    9.64e-05       0.8      0.0       0.8     0.61       
    66      5.25934      5.2604      16.6906      6.4708    8.52e-05       0.8      0.1       0.9     0.61      *
Best model at epoch 66 (val_mae=6.4708)
    67      5.24382      5.2438      16.7067           -    7.46e-05       0.8      0.0       0.8     0.61       
    68      5.24502      5.2463      16.7885      6.4801    6.47e-05       0.8      0.1       0.9     0.61       
    69      5.24069      5.2412      16.7955           -    5.54e-05       0.8      0.0       0.8     0.61       
    70      5.23197      5.2350      16.7164      6.4642    4.69e-05       0.8      0.1       0.9     0.61      *
Best model at epoch 70 (val_mae=6.4642)
    71      5.22966      5.2297      16.7516           -    3.90e-05       0.8      0.0       0.8     0.61       
    72      5.23583      5.2361      16.5869      6.4572    3.19e-05       0.8      0.1       0.9     0.61      *
Best model at epoch 72 (val_mae=6.4572)
    73      5.22527      5.2291      16.6543           -    2.54e-05       0.8      0.0       0.8     0.61       
    74      5.22419      5.2273      16.6251      6.4556    1.98e-05       0.8      0.1       0.9     0.61      *
Best model at epoch 74 (val_mae=6.4556)
    75      5.22668      5.2245      16.6780           -    1.48e-05       0.8      0.0       0.8     0.61       
    76      5.22365      5.2251      16.6714      6.4573    1.06e-05       0.8      0.1       0.9     0.61       
    77      5.22311      5.2223      16.6674           -    7.15e-06       0.8      0.0       0.8     0.61       
    78      5.22147      5.2214      16.6895      6.4612    4.46e-06       0.8      0.1       0.9     0.61       
    79      5.21922      5.2207      16.6779           -    2.54e-06       0.8      0.0       0.8     0.61       
    80      5.21841      5.2205      16.6699      6.4589    1.39e-06       0.8      0.1       0.9     0.61       

------------------------------------------------------------------------------------------------
Training finished normally: 2026-09-17 16:43:40
Summary
  completed_epochs: 80
  best_epoch: 74
  best_val_mae: 6.455648
  val_epoch: 2
  validation_count: 40
  final_train_loss: 5.218410
  final_train_mae: 5.220505
  final_val_loss: 6.455073
  final_val_mae: 6.458918
  total_time: 1m 10s
  avg_epoch_time_sec: 0.87
  avg_train_sec_per_step: 0.0262
  avg_val_sec_per_step: 0.0058
  peak_memory_gb: 0.61
  test_loss: 5.932589
  test_mae: 6.154753
  test_rmse: 20.560295
  test_mape: 180259.628625
  test_time_sec: 0.12
  best_checkpoint: n/a
  best_state_source: cpu_memory
  metrics_jsonl: /home/students/HuangMingYu/code/py/my_idea/my_idea/outputs/v24-COE/experiments/core/08fc9d8d37df089e/runs/v24_core_fixed_ts_mixed_rate0.4_updates_seed7/BikeNYC/custom/v24_core_fixed_ts_mixed_rate0.4_updates_seed7/random/rate0.4/20260917_164229_seed7_bs16/logs/metrics.jsonl
------------------------------------------------------------------------------------------------
