Training started: 2026-10-01 02:45:10
------------------------------------------------------------------------------------------------
Run
  run_dir: /home/students/HuangMingYu/code/py/my_idea/my_idea/outputs/v24-COE/TaxiBJ/custom/20261001_024509_tri_fixed_detail_seed7/random/rate0.4/20261001_024509_seed7_bs32
  command: /home/students/HuangMingYu/code/py/my_idea/my_idea/outputs/v24-COE/experiments/triscale_exploration/taxibj/e235472b21c1c003/source_snapshot/scripts/train.py -c /home/students/HuangMingYu/code/py/my_idea/my_idea/outputs/v24-COE/experiments/triscale_exploration/taxibj/e235472b21c1c003/configs/T3.json --name tri_fixed_detail --no_plot --result-file /home/students/HuangMingYu/code/py/my_idea/my_idea/outputs/v24-COE/experiments/triscale_exploration/taxibj/e235472b21c1c003/results/T3.attempt1.json --train_npz /home/students/HuangMingYu/code/py/my_idea/my_idea/data/TaxiBJ/v24_clean_abc_20260917/taxibj_train.npz --val_npz /home/students/HuangMingYu/code/py/my_idea/my_idea/data/TaxiBJ/v24_clean_abc_20260917/taxibj_val.npz --test_npz /home/students/HuangMingYu/code/py/my_idea/my_idea/data/TaxiBJ/v24_clean_abc_20260917/taxibj_test.npz
  git_commit: 5fce115c0eeda8a7a294fc455811af98b816dbc1
  git_branch: v24-COE
  git_dirty: True
  config_sha256: baba4aa73d0278f78523ba9dbee7cf2be18624de27f00e7c466b55aedcd7a323
  python: 3.9.25
  torch: 2.6.0+cu124
  cuda_runtime: 12.4
  train_npz: /home/students/HuangMingYu/code/py/my_idea/my_idea/data/TaxiBJ/v24_clean_abc_20260917/taxibj_train.npz
  val_npz: /home/students/HuangMingYu/code/py/my_idea/my_idea/data/TaxiBJ/v24_clean_abc_20260917/taxibj_val.npz
  test_npz: /home/students/HuangMingYu/code/py/my_idea/my_idea/data/TaxiBJ/v24_clean_abc_20260917/taxibj_test.npz
  dataset: TaxiBJ
  experiment_type: custom
  variant: tri_fixed_detail
  train_samples: 2452
  val_samples: 342
  train_steps_per_epoch: 77
  val_steps_per_epoch: 11
  test_samples: 707
  test_steps: 23
  batch_size: 32
  world_size: 1
  per_device_batch_size: 32
  mask_pattern: random
  mask_rate_config: 0.4
  train_mask: unknown
  val_mask: unknown
  data_shape: (2452, 2, 12, 32, 32)
  device: cuda
  device_name: NVIDIA GeForce RTX 3090
  total_params: 309,687
  trainable_params: 250,043
Config
{
  "seed": 7,
  "output_dir": "/home/students/HuangMingYu/code/py/my_idea/my_idea/outputs/v24-COE",
  "device": "cuda",
  "data": {
    "dataset_name": "TaxiBJ",
    "batch_size": 32,
    "num_workers": 0,
    "pin_memory": true,
    "drop_last": false,
    "mask": {
      "pattern": "random",
      "missing_rate": 0.4
    },
    "synthetic": {
      "num_train": 128,
      "num_val": 32,
      "t": 12,
      "h": 32,
      "w": 32
    },
    "multiscale": false,
    "loader_seed": 7,
    "train_mask_diversity": {
      "families": [
        "random_point",
        "node_outage",
        "temporal_gap",
        "spatial_region"
      ],
      "rates": [
        0.4
      ],
      "seed": 20260917,
      "resample_each_epoch": true
    },
    "eval_mask_diversity": {
      "families": [
        "random_point",
        "node_outage",
        "temporal_gap",
        "spatial_region"
      ],
      "rates": [
        0.4
      ],
      "seed": 20260917,
      "resample_each_epoch": false
    }
  },
  "model": {
    "architecture": "v24_ts_coe",
    "c_in": 2,
    "main": {
      "dim": 64,
      "max_t": 12,
      "h": 32,
      "w": 32,
      "scale_mode": "fine",
      "use_multiscale": false
    },
    "coe": {
      "num_steps": 4,
      "expert_pool": [
        "T",
        "S",
        "TD",
        "SD",
        "TA",
        "ST",
        "TL",
        "SL"
      ],
      "routing_mode": "hard",
      "fixed_path": null,
      "fixed_expert_steps": [
        null,
        null,
        null,
        null
      ],
      "router_state": "dynamic",
      "expert_state": "dynamic",
      "use_shared": false,
      "use_routed": true,
      "temperature": 1.0,
      "temporal_kernel": 3,
      "spatial_kernel": 3,
      "temporal_dilation": 2,
      "spatial_dilation": 2,
      "attention_heads": 4,
      "residual_init": 0.1,
      "routing_warmup_epochs": 0,
      "routing_transition_epochs": 0,
      "uniform_mix_start": 0.5,
      "sampling_temperature_start": 2.0,
      "top_k": 2,
      "router_hidden_dim": 64,
      "pair_mode": "native",
      "acceptance": "none",
      "expert_sharing": "shared",
      "previous_expert_context": false,
      "global_route_weights": false,
      "router_input_noise_std": 0.0,
      "router_input_noise_steps": 0,
      "completion_feedback": false,
      "repair_acceptance": "none",
      "fusion_mode": "original",
      "partner_fusion": "individual",
      "partner_aux_head_only": false,
      "pair_dense_warmup_steps": 0,
      "state_update_mode": "direct",
      "router_features": "legacy",
      "local_routing": {
        "enabled": false
      },
      "spatial_scale": {
        "enabled": false
      },
      "triscale": {
        "enabled": true,
        "mode": "fixed",
        "update": "detail_preserving",
        "fixed_scales": [
          2,
          1,
          0,
          0
        ],
        "explore_epochs": 8,
        "explore_seed": 20261001,
        "recent_memory": false
      }
    },
    "aux": {
      "enabled": false,
      "alpha_init": 0.0
    }
  },
  "loss": {
    "type": "l1",
    "lambda_coe_mid": 0.0,
    "lambda_coe_balance": 0.01,
    "lambda_coe_z": 0.0,
    "balance_importance": "candidate"
  },
  "train": {
    "epochs": 100,
    "val_epoch": 5,
    "lr_main": 0.001,
    "weight_decay": 0.0001,
    "grad_clip_norm": 1.0,
    "amp": true,
    "save_every": 10,
    "scheduler": {
      "type": "cosine",
      "total_epochs": 100,
      "eta_min": 0.0003,
      "reach_min_at_last_epoch": true
    },
    "early_stopping": {
      "enabled": false
    },
    "save_best_checkpoint": true,
    "router_grad_diagnostic_every": 0,
    "full_checkpoint": true,
    "measure_forward_latency": true,
    "oracle_last_step_samples": 0,
    "best_checkpoint_name": "best.pth",
    "save_last_checkpoint": true,
    "optimizer": "AdamW"
  },
  "experiment_plan": {
    "suite": "triscale_exploration",
    "variant": "T3",
    "base_variant": "R7",
    "protocol": {
      "train_families": [
        "random_point",
        "node_outage",
        "temporal_gap",
        "spatial_region"
      ],
      "rate": 0.4,
      "mask_seed": 20260917,
      "evaluations": {
        "in_distribution": {
          "families": [
            "random_point",
            "node_outage",
            "temporal_gap",
            "spatial_region"
          ],
          "seed": 20260917
        },
        "unseen_combinations": {
          "families": [
            "node_plus_space",
            "time_plus_space",
            "node_plus_time"
          ],
          "seed": 20260918
        },
        "unseen_geometry": {
          "families": [
            "moving_region",
            "multi_block"
          ],
          "seed": 20260919
        },
        "unseen_triple": {
          "families": [
            "node_plus_time_plus_space"
          ],
          "seed": 20260930
        },
        "unseen_combinations_repeat": {
          "families": [
            "node_plus_space",
            "time_plus_space",
            "node_plus_time"
          ],
          "seed": 20261001
        },
        "unseen_geometry_repeat": {
          "families": [
            "moving_region",
            "multi_block"
          ],
          "seed": 20261002
        }
      },
      "checkpoint_selection": "in_distribution_validation_only",
      "note": "Same test windows across sets; masks are fixed and identical across models. New family/combination names never reach the model."
    }
  }
}
------------------------------------------------------------------------------------------------
-----------------------------------------------------------------------------------------------------------------
 epoch         loss         mae         rmse     val_mae          lr   train_s    val_s   epoch_s   mem_gb   best
-----------------------------------------------------------------------------------------------------------------
     1    108.65372    108.6490     175.1048           -    1.00e-03      29.9      0.0      29.9     8.66       
     2     95.17261     95.2261     161.2932           -    1.00e-03      31.9      0.0      31.9     8.34       
     3     82.01689     81.9689     145.4026           -    9.99e-04      33.0      0.0      33.0     8.34       
     4     73.30456     73.2979     133.4119           -    9.98e-04      33.8      0.0      33.8     8.34       
     5     66.58010     66.5556     124.5441     58.7694    9.97e-04      33.8      2.4      36.2     8.34      *
Best model at epoch 5 (val_mae=58.7694)
     6     62.92572     62.8758     118.0287           -    9.96e-04      33.7      0.0      33.7     8.34       
     7     59.13486     59.0888     112.9599           -    9.94e-04      33.7      0.0      33.7     8.34       
     8     56.10539     56.0911     107.6459           -    9.91e-04      33.7      0.0      33.7     8.34       
     9     53.22352     53.2418     103.0860           -    9.89e-04      33.7      0.0      33.7     8.34       
    10     51.47962     51.4885     100.2857     45.2240    9.86e-04      33.7      2.4      36.1     8.34      *
Best model at epoch 10 (val_mae=45.2240)
    11     49.44044     49.4377      96.7178           -    9.83e-04      33.7      0.0      33.7     8.34       
    12     47.27639     47.2506      93.2483           -    9.79e-04      33.7      0.0      33.7     8.34       
    13     45.54850     45.5347      89.8930           -    9.75e-04      33.7      0.0      33.7     8.34       
    14     44.54737     44.5182      87.8577           -    9.71e-04      33.7      0.0      33.7     8.34       
    15     42.95635     42.9498      85.3978     36.4658    9.66e-04      33.7      2.4      36.1     8.34      *
Best model at epoch 15 (val_mae=36.4658)
    16     41.39435     41.3587      82.2530           -    9.61e-04      33.8      0.0      33.8     8.34       
    17     39.50677     39.5048      79.2852           -    9.56e-04      33.7      0.0      33.7     8.34       
    18     37.85979     37.8573      76.0138           -    9.50e-04      33.8      0.0      33.8     8.34       
    19     36.78087     36.7738      73.5815           -    9.44e-04      33.8      0.0      33.8     8.34       
    20     34.97573     34.9547      70.2605     30.4095    9.38e-04      33.7      2.4      36.1     8.34      *
Best model at epoch 20 (val_mae=30.4095)
    21     34.27775     34.2670      68.7081           -    9.32e-04      33.7      0.0      33.7     8.34       
    22     33.86349     33.8365      67.0214           -    9.25e-04      33.8      0.0      33.8     8.34       
    23     32.24401     32.2053      64.4587           -    9.18e-04      33.8      0.0      33.8     8.34       
    24     31.74752     31.7299      62.8783           -    9.11e-04      33.8      0.0      33.8     8.34       
    25     30.65457     30.6497      60.8552     27.4944    9.03e-04      33.8      2.4      36.2     8.34      *
Best model at epoch 25 (val_mae=27.4944)
    26     30.72945     30.7007      60.2216           -    8.96e-04      33.8      0.0      33.8     8.34       
    27     29.56361     29.5290      58.1993           -    8.87e-04      33.8      0.0      33.8     8.34       
    28     28.65876     28.6380      56.1857           -    8.79e-04      33.8      0.0      33.8     8.34       
    29     27.70436     27.6805      54.5534           -    8.71e-04      33.8      0.0      33.8     8.34       
    30     27.23535     27.1872      53.2736     24.7254    8.62e-04      33.7      2.4      36.1     8.34      *
Best model at epoch 30 (val_mae=24.7254)
    31     26.93589     26.9236      52.1962           -    8.53e-04      33.7      0.0      33.7     8.34       
    32     26.44393     26.4385      51.1853           -    8.44e-04      33.7      0.0      33.7     8.34       
    33     25.63359     25.6106      49.6304           -    8.35e-04      33.8      0.0      33.8     8.34       
    34     24.44051     24.4322      47.3438           -    8.25e-04      33.8      0.0      33.8     8.34       
    35     25.73808     25.6949      48.2629     23.4937    8.15e-04      33.8      2.4      36.2     8.34      *
Best model at epoch 35 (val_mae=23.4937)
    36     23.79163     23.7707      45.5186           -    8.05e-04      33.7      0.0      33.7     8.34       
    37     23.81868     23.7849      45.4564           -    7.95e-04      33.7      0.0      33.7     8.34       
    38     22.76503     22.7503      43.5808           -    7.85e-04      33.7      0.0      33.7     8.34       
    39     22.87987     22.8347      43.0826           -    7.75e-04      33.7      0.0      33.7     8.34       
    40     22.25579     22.2258      42.0753     20.3938    7.64e-04      33.7      2.4      36.1     8.34      *
Best model at epoch 40 (val_mae=20.3938)
    41     22.59407     22.5794      42.1933           -    7.54e-04      33.8      0.0      33.8     8.34       
    42     21.89500     21.8842      41.2036           -    7.43e-04      33.7      0.0      33.7     8.34       
    43     21.69188     21.6503      40.4047           -    7.33e-04      33.7      0.0      33.7     8.34       
    44     21.28229     21.2729      39.7560           -    7.22e-04      33.7      0.0      33.7     8.34       
    45     21.69377     21.6761      40.0994     19.7657    7.11e-04      33.7      2.4      36.1     8.34      *
Best model at epoch 45 (val_mae=19.7657)
    46     20.83571     20.8091      38.6644           -    7.00e-04      33.8      0.0      33.8     8.34       
    47     20.52375     20.5026      38.0613           -    6.89e-04      33.8      0.0      33.8     8.34       
    48     20.70850     20.6964      38.0560           -    6.78e-04      33.8      0.0      33.8     8.34       
    49     20.46316     20.4374      37.5043           -    6.67e-04      33.8      0.0      33.8     8.34       
    50     19.99412     19.9731      36.6621     19.3565    6.56e-04      33.8      2.4      36.2     8.34      *
Best model at epoch 50 (val_mae=19.3565)
    51     19.88725     19.8676      36.2041           -    6.44e-04      33.8      0.0      33.8     8.34       
    52     19.85248     19.8317      36.0187           -    6.33e-04      33.8      0.0      33.8     8.34       
    53     19.99181     19.9664      36.0969           -    6.22e-04      33.8      0.0      33.8     8.34       
    54     19.54275     19.5142      35.2639           -    6.11e-04      33.8      0.0      33.8     8.34       
    55     19.75253     19.7018      35.6857     18.2551    6.00e-04      33.8      2.4      36.2     8.34      *
Best model at epoch 55 (val_mae=18.2551)
    56     19.46500     19.4437      35.1015           -    5.89e-04      33.8      0.0      33.8     8.34       
    57     18.70805     18.6788      33.8407           -    5.78e-04      33.8      0.0      33.8     8.34       
    58     19.45568     19.3997      34.8208           -    5.67e-04      33.8      0.0      33.8     8.34       
    59     18.71142     18.6758      33.6215           -    5.57e-04      33.8      0.0      33.8     8.34       
    60     18.63421     18.6131      33.4954     17.1945    5.46e-04      33.7      2.4      36.1     8.34      *
Best model at epoch 60 (val_mae=17.1945)
    61     19.03797     19.0172      33.7949           -    5.36e-04      33.8      0.0      33.8     8.34       
    62     18.22859     18.2142      32.7299           -    5.25e-04      33.7      0.0      33.7     8.34       
    63     18.38880     18.3561      32.9642           -    5.15e-04      33.8      0.0      33.8     8.34       
    64     18.99754     18.9605      33.6056           -    5.05e-04      33.8      0.0      33.8     8.34       
    65     17.81090     17.7701      31.7328     17.4177    4.95e-04      33.8      2.4      36.2     8.34       
    66     17.90129     17.8758      31.7791           -    4.85e-04      33.8      0.0      33.8     8.34       
    67     17.73250     17.6970      31.6707           -    4.75e-04      33.7      0.0      33.7     8.34       
    68     18.73240     18.7042      32.8334           -    4.65e-04      33.8      0.0      33.8     8.34       
    69     17.33620     17.3150      30.5419           -    4.56e-04      33.8      0.0      33.8     8.34       
    70     17.90476     17.8579      31.6621     16.5524    4.47e-04      33.8      2.4      36.1     8.34      *
Best model at epoch 70 (val_mae=16.5524)
    71     17.57721     17.5553      31.1280           -    4.38e-04      33.8      0.0      33.8     8.34       
    72     17.66392     17.6337      31.1243           -    4.29e-04      33.8      0.0      33.8     8.34       
    73     17.96441     17.9189      31.4951           -    4.21e-04      33.8      0.0      33.8     8.34       
    74     17.45480     17.4341      30.7542           -    4.13e-04      33.8      0.0      33.8     8.34       
    75     19.21964     19.1916      33.2698     17.1975    4.04e-04      33.9      2.4      36.3     8.34       
    76     17.48585     17.4525      30.7457           -    3.97e-04      33.8      0.0      33.8     8.34       
    77     17.26176     17.2310      30.2933           -    3.89e-04      33.8      0.0      33.8     8.34       
    78     17.17304     17.1468      30.0714           -    3.82e-04      33.8      0.0      33.8     8.34       
    79     17.21053     17.1575      30.1675           -    3.75e-04      33.8      0.0      33.8     8.34       
    80     17.24141     17.2153      30.0909     17.8675    3.68e-04      33.8      2.4      36.2     8.34       
    81     17.18521     17.1568      29.9674           -    3.62e-04      33.8      0.0      33.8     8.34       
    82     17.21837     17.1714      29.9323           -    3.56e-04      33.8      0.0      33.8     8.34       
    83     16.69810     16.6693      29.2237           -    3.50e-04      33.8      0.0      33.8     8.34       
    84     16.63603     16.6116      28.8910           -    3.44e-04      33.7      0.0      33.7     8.34       
    85     16.93938     16.9086      29.4129     17.9930    3.39e-04      33.8      2.4      36.2     8.34       
    86     16.92433     16.8938      29.4772           -    3.34e-04      33.8      0.0      33.8     8.34       
    87     16.88632     16.8580      29.3688           -    3.29e-04      33.8      0.0      33.8     8.34       
    88     16.53298     16.5110      28.7774           -    3.25e-04      33.9      0.0      33.9     8.34       
    89     16.35157     16.3146      28.4108           -    3.21e-04      33.8      0.0      33.8     8.34       
    90     16.46112     16.4451      28.6250     16.7046    3.17e-04      33.8      2.4      36.2     8.34       
    91     16.30669     16.2778      28.2796           -    3.14e-04      33.8      0.0      33.8     8.34       
    92     16.42890     16.4006      28.5120           -    3.11e-04      33.8      0.0      33.8     8.34       
    93     16.26131     16.2238      28.2049           -    3.09e-04      33.9      0.0      33.9     8.34       
    94     16.17584     16.1489      28.0960           -    3.06e-04      33.9      0.0      33.9     8.34       
    95     16.80771     16.7716      29.1262     18.1412    3.04e-04      33.9      2.4      36.3     8.34       
    96     16.84887     16.8200      28.9780           -    3.03e-04      33.9      0.0      33.9     8.34       
    97     15.99769     15.9566      27.6643           -    3.02e-04      33.9      0.0      33.9     8.34       
    98     16.30294     16.2745      28.2037           -    3.01e-04      33.9      0.0      33.9     8.34       
    99     16.47643     16.4568      28.2883           -    3.00e-04      33.9      0.0      33.9     8.34       
   100     16.06965     16.0284      27.7696     15.8395    3.00e-04      33.9      2.4      36.3     8.34      *
Best model at epoch 100 (val_mae=15.8395)

------------------------------------------------------------------------------------------------
Training finished normally: 2026-10-01 03:42:14
Summary
  completed_epochs: 100
  best_epoch: 100
  best_val_mae: 15.839467
  val_epoch: 5
  validation_count: 20
  final_train_loss: 16.069649
  final_train_mae: 16.028378
  final_val_loss: 15.917033
  final_val_mae: 15.839467
  total_time: 57m 4s
  avg_epoch_time_sec: 34.19
  avg_train_sec_per_step: 0.4378
  avg_val_sec_per_step: 0.0433
  peak_memory_gb: 8.66
  test_loss: 14.968968
  test_mae: 15.086011
  test_rmse: 26.441827
  test_mape: 92253.895779
  test_time_sec: 4.93
  best_checkpoint: /home/students/HuangMingYu/code/py/my_idea/my_idea/outputs/v24-COE/TaxiBJ/custom/20261001_024509_tri_fixed_detail_seed7/random/rate0.4/20261001_024509_seed7_bs32/checkpoints/best.pth
  last_checkpoint: /home/students/HuangMingYu/code/py/my_idea/my_idea/outputs/v24-COE/TaxiBJ/custom/20261001_024509_tri_fixed_detail_seed7/random/rate0.4/20261001_024509_seed7_bs32/checkpoints/last.pth
  best_state_source: checkpoint
  metrics_jsonl: /home/students/HuangMingYu/code/py/my_idea/my_idea/outputs/v24-COE/TaxiBJ/custom/20261001_024509_tri_fixed_detail_seed7/random/rate0.4/20261001_024509_seed7_bs32/logs/metrics.jsonl
------------------------------------------------------------------------------------------------
