Training started: 2026-09-17 16:31:35
------------------------------------------------------------------------------------------------
Run
  run_dir: /home/students/HuangMingYu/code/py/my_idea/my_idea/outputs/v24-COE/experiments/core/08fc9d8d37df089e/runs/v24_core_fixed_ss_spatiotemporal_block_rate0.4_updates_seed7/BikeNYC/custom/v24_core_fixed_ss_spatiotemporal_block_rate0.4_updates_seed7/random/rate0.4/20260917_163134_seed7_bs16
  command: /home/students/HuangMingYu/code/py/my_idea/my_idea/scripts/train.py -c /home/students/HuangMingYu/code/py/my_idea/my_idea/outputs/v24-COE/experiments/core/08fc9d8d37df089e/configs/v24_core_fixed_ss_spatiotemporal_block_rate0.4_updates_seed7.json --no_plot --name v24_core_fixed_ss_spatiotemporal_block_rate0.4_updates_seed7 --train_npz /home/students/HuangMingYu/code/py/my_idea/my_idea/data/BikeNYC/bikenyc_train.npz --val_npz /home/students/HuangMingYu/code/py/my_idea/my_idea/data/BikeNYC/bikenyc_val.npz --test_npz /home/students/HuangMingYu/code/py/my_idea/my_idea/data/BikeNYC/bikenyc_test.npz --result-file /home/students/HuangMingYu/code/py/my_idea/my_idea/outputs/v24-COE/experiments/core/08fc9d8d37df089e/results/v24_core_fixed_ss_spatiotemporal_block_rate0.4_updates_seed7.attempt1.json
  git_commit: 1f348d420b22878eff7be96a61567a5be410fd0e
  git_branch: v24-COE
  git_dirty: True
  config_sha256: 508a5cf39280ef408ed1e146aa51cc1d793aee62278accc16dd693f569b74204
  python: 3.9.25
  torch: 2.6.0+cu124
  cuda_runtime: 12.4
  train_npz: /home/students/HuangMingYu/code/py/my_idea/my_idea/data/BikeNYC/bikenyc_train.npz
  val_npz: /home/students/HuangMingYu/code/py/my_idea/my_idea/data/BikeNYC/bikenyc_val.npz
  test_npz: /home/students/HuangMingYu/code/py/my_idea/my_idea/data/BikeNYC/bikenyc_test.npz
  dataset: BikeNYC
  experiment_type: custom
  variant: v24_core_fixed_ss_spatiotemporal_block_rate0.4_updates_seed7
  train_samples: 511
  val_samples: 73
  train_steps_per_epoch: 32
  val_steps_per_epoch: 5
  test_samples: 147
  test_steps: 10
  batch_size: 16
  mask_pattern: random
  mask_rate_config: 0.4
  train_mask: shape=(511, 1, 12, 24, 12), observed_rate=0.6007, missing_rate=0.3993
  val_mask: shape=(73, 1, 12, 24, 12), observed_rate=0.6007, missing_rate=0.3993
  data_shape: (511, 2, 12, 24, 12)
  device: cuda
  device_name: NVIDIA GeForce RTX 3090
  total_params: 91,571
  trainable_params: 91,571
Config
{
  "seed": 7,
  "output_dir": "/home/students/HuangMingYu/code/py/my_idea/my_idea/outputs/v24-COE/experiments/core/08fc9d8d37df089e/runs/v24_core_fixed_ss_spatiotemporal_block_rate0.4_updates_seed7",
  "device": "auto",
  "data": {
    "dataset_name": "BikeNYC",
    "batch_size": 16,
    "num_workers": 0,
    "pin_memory": true,
    "drop_last": false,
    "mask": {
      "pattern": "random",
      "missing_rate": 0.4,
      "train_csv": "/home/students/HuangMingYu/code/py/my_idea/my_idea/outputs/v24-COE/section13/bikenyc_masks_seed2026/spatiotemporal_block/0.4/train.csv",
      "val_csv": "/home/students/HuangMingYu/code/py/my_idea/my_idea/outputs/v24-COE/section13/bikenyc_masks_seed2026/spatiotemporal_block/0.4/val.csv",
      "test_csv": "/home/students/HuangMingYu/code/py/my_idea/my_idea/outputs/v24-COE/section13/bikenyc_masks_seed2026/spatiotemporal_block/0.4/test.csv"
    },
    "synthetic": {
      "num_train": 128,
      "num_val": 32,
      "t": 12,
      "h": 24,
      "w": 12
    },
    "multiscale": false
  },
  "model": {
    "architecture": "v24_ts_coe",
    "c_in": 2,
    "main": {
      "dim": 64,
      "max_t": 12,
      "h": 24,
      "w": 12,
      "scale_mode": "fine",
      "use_multiscale": false
    },
    "coe": {
      "num_steps": 2,
      "routing_mode": "fixed",
      "fixed_path": [
        "S",
        "S"
      ],
      "router_state": "dynamic",
      "use_shared": true,
      "use_routed": true,
      "temperature": 1.0,
      "temporal_kernel": 3,
      "spatial_kernel": 3,
      "residual_init": 0.1,
      "expert_pool": [
        "T",
        "S"
      ],
      "expert_state": "dynamic"
    },
    "aux": {
      "enabled": false,
      "alpha_init": 0.0
    }
  },
  "loss": {
    "type": "l1",
    "lambda_coe_mid": 0,
    "lambda_coe_balance": 0
  },
  "train": {
    "epochs": 80,
    "val_epoch": 2,
    "lr_main": 0.001,
    "weight_decay": 0.0001,
    "grad_clip_norm": 1.0,
    "amp": true,
    "save_every": 10,
    "scheduler": {
      "type": "cosine",
      "eta_min": 1e-06
    },
    "early_stopping": {
      "enabled": false,
      "monitor": "val_mae",
      "patience": 15,
      "mode": "min"
    },
    "save_best_checkpoint": false
  },
  "experiment_plan": {
    "stage": "core",
    "variant": "fixed_ss",
    "protocol": "spatiotemporal_block_rate0.4",
    "protocol_kind": "structured_csv",
    "budget_regime": "updates",
    "mask_metadata": "/home/students/HuangMingYu/code/py/my_idea/my_idea/outputs/v24-COE/section13/bikenyc_masks_seed2026/spatiotemporal_block/0.4/metadata.json"
  },
  "experiment_suite_fingerprint": "08fc9d8d37df089e074c1f54d84eabb0c7699555c5d348e61134aa3b4ddc48c2"
}
------------------------------------------------------------------------------------------------
-----------------------------------------------------------------------------------------------------------------
 epoch         loss         mae         rmse     val_mae          lr   train_s    val_s   epoch_s   mem_gb   best
-----------------------------------------------------------------------------------------------------------------
     1     10.99119     10.9859      31.9174           -    1.00e-03       1.2      0.0       1.2     0.61       
     2     10.43130     10.4310      30.9521     12.2522    1.00e-03       0.8      0.1       0.9     0.61      *
Best model at epoch 2 (val_mae=12.2522)
     3     10.11885     10.1165      30.1016           -    9.98e-04       0.8      0.0       0.8     0.61       
     4      9.93416      9.9303      29.4409     11.7821    9.97e-04       0.8      0.1       0.9     0.61      *
Best model at epoch 4 (val_mae=11.7821)
     5      9.78082      9.7819      28.8819           -    9.94e-04       0.8      0.0       0.8     0.61       
     6      9.64189      9.6411      28.3482     11.2976    9.90e-04       0.8      0.1       0.9     0.61      *
Best model at epoch 6 (val_mae=11.2976)
     7      9.45775      9.4571      27.7603           -    9.86e-04       0.8      0.0       0.8     0.61       
     8      9.21046      9.2104      27.0630     10.6838    9.81e-04       0.8      0.1       0.9     0.61      *
Best model at epoch 8 (val_mae=10.6838)
     9      9.21258      9.2128      26.7570           -    9.76e-04       0.8      0.0       0.8     0.61       
    10      8.98046      8.9780      26.1703     10.3231    9.69e-04       0.8      0.1       0.9     0.61      *
Best model at epoch 10 (val_mae=10.3231)
    11      8.87801      8.8776      25.5743           -    9.62e-04       0.8      0.0       0.8     0.61       
    12      8.71431      8.7139      25.1666     10.2041    9.54e-04       0.8      0.1       0.9     0.61      *
Best model at epoch 12 (val_mae=10.2041)
    13      8.67599      8.6761      24.8672           -    9.46e-04       0.8      0.0       0.8     0.61       
    14      8.65312      8.6531      24.5333      9.9168    9.36e-04       0.8      0.1       0.9     0.61      *
Best model at epoch 14 (val_mae=9.9168)
    15      8.51144      8.5138      24.1019           -    9.26e-04       0.8      0.0       0.8     0.61       
    16      8.54652      8.5444      24.0967      9.6798    9.16e-04       0.8      0.1       0.9     0.61      *
Best model at epoch 16 (val_mae=9.6798)
    17      8.52053      8.5194      23.8274           -    9.05e-04       0.8      0.0       0.8     0.61       
    18      8.50445      8.5043      23.8836      9.8394    8.93e-04       0.8      0.1       0.9     0.61       
    19      8.46865      8.4676      23.9135           -    8.80e-04       0.8      0.0       0.8     0.61       
    20      8.47069      8.4724      23.6227      9.5999    8.67e-04       0.8      0.1       0.9     0.61      *
Best model at epoch 20 (val_mae=9.5999)
    21      8.41334      8.4107      23.5719           -    8.54e-04       0.8      0.0       0.8     0.61       
    22      8.41345      8.4071      23.3288      9.6544    8.40e-04       0.8      0.1       0.9     0.61       
    23      8.38467      8.3828      23.2763           -    8.25e-04       0.8      0.0       0.8     0.61       
    24      8.32585      8.3250      23.1675      9.4255    8.10e-04       0.8      0.1       0.9     0.61      *
Best model at epoch 24 (val_mae=9.4255)
    25      8.40670      8.4033      23.2298           -    7.94e-04       0.8      0.0       0.8     0.61       
    26      8.28105      8.2822      22.9696      9.5325    7.78e-04       0.8      0.1       0.9     0.61       
    27      8.40271      8.4028      23.3970           -    7.61e-04       0.8      0.0       0.8     0.61       
    28      8.40487      8.4028      23.2249      9.7383    7.45e-04       0.8      0.1       0.9     0.61       
    29      8.33526      8.3343      23.1483           -    7.27e-04       0.8      0.0       0.8     0.61       
    30      8.30217      8.3040      22.8492      9.3815    7.10e-04       0.8      0.1       0.9     0.61      *
Best model at epoch 30 (val_mae=9.3815)
    31      8.26719      8.2684      22.8518           -    6.92e-04       0.8      0.0       0.8     0.61       
    32      8.30247      8.3006      22.7545      9.2040    6.73e-04       0.8      0.1       0.9     0.61      *
Best model at epoch 32 (val_mae=9.2040)
    33      8.27165      8.2689      22.8039           -    6.55e-04       0.8      0.0       0.8     0.61       
    34      8.30276      8.3019      22.9852      9.4173    6.36e-04       0.8      0.1       0.9     0.61       
    35      8.26996      8.2648      22.9775           -    6.17e-04       0.8      0.0       0.8     0.61       
    36      8.29249      8.2930      22.9187      9.2269    5.98e-04       0.8      0.1       0.9     0.61       
    37      8.24776      8.2471      22.8786           -    5.79e-04       0.8      0.0       0.8     0.61       
    38      8.28894      8.2875      22.5035      9.3481    5.59e-04       0.8      0.1       0.9     0.61       
    39      8.23130      8.2315      22.6371           -    5.40e-04       0.8      0.0       0.8     0.61       
    40      8.21684      8.2189      22.6360      9.2121    5.20e-04       0.8      0.1       0.9     0.61       
    41      8.21066      8.2127      22.5127           -    5.01e-04       0.8      0.0       0.8     0.61       
    42      8.22631      8.2271      22.7464      9.5135    4.81e-04       0.8      0.1       0.9     0.61       
    43      8.23711      8.2394      22.8150           -    4.61e-04       0.8      0.0       0.8     0.61       
    44      8.19537      8.1961      22.8112      9.2021    4.42e-04       0.8      0.1       0.9     0.61      *
Best model at epoch 44 (val_mae=9.2021)
    45      8.20850      8.2056      22.8729           -    4.22e-04       0.8      0.0       0.8     0.61       
    46      8.22032      8.2204      22.6213      9.1915    4.03e-04       0.8      0.1       0.9     0.61      *
Best model at epoch 46 (val_mae=9.1915)
    47      8.23422      8.2343      22.8096           -    3.84e-04       0.8      0.0       0.8     0.61       
    48      8.15844      8.1585      22.4484      9.3104    3.65e-04       0.8      0.1       0.9     0.61       
    49      8.20122      8.2013      22.8921           -    3.46e-04       0.8      0.0       0.8     0.61       
    50      8.17014      8.1724      22.6044      9.2225    3.28e-04       0.8      0.1       0.9     0.61       
    51      8.13195      8.1313      22.4388           -    3.09e-04       0.8      0.0       0.8     0.61       
    52      8.15616      8.1555      22.6875      9.1627    2.91e-04       0.8      0.1       0.9     0.61      *
Best model at epoch 52 (val_mae=9.1627)
    53      8.14837      8.1499      22.5107           -    2.74e-04       0.8      0.0       0.8     0.61       
    54      8.14762      8.1481      22.6741      9.2006    2.56e-04       0.8      0.1       0.9     0.61       
    55      8.15422      8.1508      22.3934           -    2.40e-04       0.8      0.0       0.8     0.61       
    56      8.17930      8.1810      22.3507      9.3046    2.23e-04       0.8      0.1       0.9     0.61       
    57      8.15975      8.1614      22.5436           -    2.07e-04       0.8      0.0       0.8     0.61       
    58      8.12297      8.1215      22.6585      9.1317    1.91e-04       0.8      0.1       0.9     0.61      *
Best model at epoch 58 (val_mae=9.1317)
    59      8.11034      8.1096      22.3679           -    1.76e-04       0.8      0.0       0.8     0.61       
    60      8.12891      8.1250      22.5094      9.2291    1.61e-04       0.8      0.1       0.9     0.61       
    61      8.12865      8.1295      22.4426           -    1.47e-04       0.8      0.0       0.8     0.61       
    62      8.10278      8.1038      22.3497      9.0865    1.34e-04       0.8      0.1       0.9     0.61      *
Best model at epoch 62 (val_mae=9.0865)
    63      8.10211      8.1015      22.3222           -    1.21e-04       0.8      0.0       0.8     0.61       
    64      8.09624      8.0970      22.3986      9.2133    1.08e-04       0.8      0.1       0.9     0.61       
    65      8.10899      8.1096      22.6282           -    9.64e-05       0.8      0.0       0.8     0.61       
    66      8.11878      8.1190      22.2554      9.0945    8.52e-05       0.8      0.1       0.9     0.61       
    67      8.08941      8.0908      22.3156           -    7.46e-05       0.8      0.0       0.8     0.61       
    68      8.09746      8.1009      22.5538      9.1300    6.47e-05       0.8      0.1       0.9     0.61       
    69      8.09895      8.0977      22.4829           -    5.54e-05       0.8      0.0       0.8     0.61       
    70      8.08701      8.0880      22.3580      9.1151    4.69e-05       0.8      0.1       0.9     0.61       
    71      8.08379      8.0833      22.3611           -    3.90e-05       0.8      0.0       0.8     0.61       
    72      8.07912      8.0811      22.3443      9.1045    3.19e-05       0.8      0.1       0.9     0.61       
    73      8.08274      8.0828      22.3131           -    2.54e-05       0.8      0.0       0.8     0.61       
    74      8.08098      8.0815      22.2773      9.0828    1.98e-05       0.8      0.1       0.9     0.61      *
Best model at epoch 74 (val_mae=9.0828)
    75      8.08042      8.0797      22.2750           -    1.48e-05       0.8      0.0       0.8     0.61       
    76      8.08008      8.0809      22.2774      9.0910    1.06e-05       0.8      0.1       0.9     0.61       
    77      8.07575      8.0766      22.3046           -    7.15e-06       0.8      0.0       0.8     0.61       
    78      8.07560      8.0763      22.3209      9.1011    4.46e-06       0.8      0.1       0.9     0.61       
    79      8.07430      8.0761      22.3130           -    2.54e-06       0.8      0.0       0.8     0.61       
    80      8.07535      8.0760      22.3113      9.0995    1.39e-06       0.8      0.1       0.9     0.61       

------------------------------------------------------------------------------------------------
Training finished normally: 2026-09-17 16:32:43
Summary
  completed_epochs: 80
  best_epoch: 74
  best_val_mae: 9.082840
  val_epoch: 2
  validation_count: 40
  final_train_loss: 8.075348
  final_train_mae: 8.076024
  final_val_loss: 9.183477
  final_val_mae: 9.099466
  total_time: 1m 9s
  avg_epoch_time_sec: 0.86
  avg_train_sec_per_step: 0.0260
  avg_val_sec_per_step: 0.0058
  peak_memory_gb: 0.61
  test_loss: 8.691650
  test_mae: 8.854493
  test_rmse: 25.450749
  test_mape: 369949.838904
  test_time_sec: 0.12
  best_checkpoint: n/a
  best_state_source: cpu_memory
  metrics_jsonl: /home/students/HuangMingYu/code/py/my_idea/my_idea/outputs/v24-COE/experiments/core/08fc9d8d37df089e/runs/v24_core_fixed_ss_spatiotemporal_block_rate0.4_updates_seed7/BikeNYC/custom/v24_core_fixed_ss_spatiotemporal_block_rate0.4_updates_seed7/random/rate0.4/20260917_163134_seed7_bs16/logs/metrics.jsonl
------------------------------------------------------------------------------------------------
