Training started: 2026-09-17 22:23:48
------------------------------------------------------------------------------------------------
Run
  run_dir: /home/students/HuangMingYu/code/py/my_idea/my_idea/outputs/v24-COE/experiments/abcde/abcde/38027eefadf2a586/runs/v24_abcde_abc_a_random_point_rate0.4_updates_seed7/TaxiBJ/custom/v24_abcde_abc_a_random_point_rate0.4_updates_seed7/random/rate0.4/20260917_222345_seed7_bs16
  command: /home/students/HuangMingYu/code/py/my_idea/my_idea/scripts/train.py -c /home/students/HuangMingYu/code/py/my_idea/my_idea/outputs/v24-COE/experiments/abcde/abcde/38027eefadf2a586/configs/v24_abcde_abc_a_random_point_rate0.4_updates_seed7.json --no_plot --name v24_abcde_abc_a_random_point_rate0.4_updates_seed7 --train_npz /home/students/HuangMingYu/code/py/my_idea/my_idea/data/TaxiBJ/v24_clean_abc_20260917/taxibj_train.npz --val_npz /home/students/HuangMingYu/code/py/my_idea/my_idea/data/TaxiBJ/v24_clean_abc_20260917/taxibj_val.npz --test_npz /home/students/HuangMingYu/code/py/my_idea/my_idea/data/TaxiBJ/v24_clean_abc_20260917/taxibj_test.npz --result-file /home/students/HuangMingYu/code/py/my_idea/my_idea/outputs/v24-COE/experiments/abcde/abcde/38027eefadf2a586/results/v24_abcde_abc_a_random_point_rate0.4_updates_seed7.attempt1.json
  git_commit: 1f348d420b22878eff7be96a61567a5be410fd0e
  git_branch: v24-COE
  git_dirty: True
  config_sha256: c53b6308628ec9c95801b1831beb79fc4d9200e7b6d43703dfccf7ba18bdc9b5
  python: 3.9.25
  torch: 2.6.0+cu124
  cuda_runtime: 12.4
  train_npz: /home/students/HuangMingYu/code/py/my_idea/my_idea/data/TaxiBJ/v24_clean_abc_20260917/taxibj_train.npz
  val_npz: /home/students/HuangMingYu/code/py/my_idea/my_idea/data/TaxiBJ/v24_clean_abc_20260917/taxibj_val.npz
  test_npz: /home/students/HuangMingYu/code/py/my_idea/my_idea/data/TaxiBJ/v24_clean_abc_20260917/taxibj_test.npz
  dataset: TaxiBJ
  experiment_type: custom
  variant: v24_abcde_abc_a_random_point_rate0.4_updates_seed7
  train_samples: 2452
  val_samples: 342
  train_steps_per_epoch: 154
  val_steps_per_epoch: 22
  test_samples: 707
  test_steps: 45
  batch_size: 16
  mask_pattern: random
  mask_rate_config: 0.4
  train_mask: shape=(2452, 1, 12, 32, 32), observed_rate=0.6000, missing_rate=0.4000
  val_mask: shape=(342, 1, 12, 32, 32), observed_rate=0.6000, missing_rate=0.4000
  data_shape: (2452, 2, 12, 32, 32)
  device: cuda
  device_name: NVIDIA GeForce RTX 3090
  total_params: 211,507
  trainable_params: 211,507
Config
{
  "seed": 7,
  "output_dir": "/home/students/HuangMingYu/code/py/my_idea/my_idea/outputs/v24-COE/experiments/abcde/abcde/38027eefadf2a586/runs/v24_abcde_abc_a_random_point_rate0.4_updates_seed7",
  "device": "cuda",
  "data": {
    "dataset_name": "TaxiBJ",
    "batch_size": 16,
    "num_workers": 0,
    "pin_memory": true,
    "drop_last": false,
    "mask": {
      "pattern": "random",
      "missing_rate": 0.4,
      "train_csv": "/home/students/HuangMingYu/code/py/my_idea/my_idea/data/TaxiBJ/v24_clean_abc_20260917/masks/random_point/0.4/train.csv",
      "val_csv": "/home/students/HuangMingYu/code/py/my_idea/my_idea/data/TaxiBJ/v24_clean_abc_20260917/masks/random_point/0.4/val.csv",
      "test_csv": "/home/students/HuangMingYu/code/py/my_idea/my_idea/data/TaxiBJ/v24_clean_abc_20260917/masks/random_point/0.4/test.csv"
    },
    "synthetic": {
      "num_train": 128,
      "num_val": 32,
      "t": 12,
      "h": 32,
      "w": 32
    },
    "multiscale": false,
    "loader_seed": 7
  },
  "model": {
    "architecture": "v24_ts_coe",
    "c_in": 2,
    "main": {
      "dim": 64,
      "max_t": 12,
      "h": 32,
      "w": 32,
      "scale_mode": "fine",
      "use_multiscale": false
    },
    "coe": {
      "num_steps": 4,
      "routing_mode": "hard",
      "fixed_path": null,
      "router_state": "dynamic",
      "use_shared": true,
      "use_routed": true,
      "temperature": 1.0,
      "temporal_kernel": 3,
      "spatial_kernel": 3,
      "residual_init": 0.1,
      "expert_pool": [
        "T",
        "S",
        "TD",
        "SD",
        "TA",
        "ST"
      ],
      "expert_state": "dynamic",
      "temporal_dilation": 2,
      "spatial_dilation": 2,
      "attention_heads": 4
    },
    "aux": {
      "enabled": false,
      "alpha_init": 0.0
    }
  },
  "loss": {
    "type": "l1",
    "lambda_coe_mid": 0.0,
    "lambda_coe_balance": 0.01
  },
  "train": {
    "epochs": 70,
    "val_epoch": 2,
    "lr_main": 0.001,
    "weight_decay": 0.0001,
    "grad_clip_norm": 1.0,
    "amp": true,
    "save_every": 10,
    "scheduler": {
      "type": "cosine",
      "eta_min": 1e-06,
      "total_epochs": 70
    },
    "early_stopping": {
      "enabled": false,
      "monitor": "val_mae",
      "patience": 40,
      "mode": "min"
    },
    "save_best_checkpoint": true,
    "router_grad_diagnostic_every": 50
  },
  "experiment_plan": {
    "stage": "abcde",
    "variant": "abc_a",
    "protocol": "random_point_rate0.4",
    "protocol_kind": "structured_csv",
    "budget_regime": "updates",
    "mask_metadata": "/home/students/HuangMingYu/code/py/my_idea/my_idea/data/TaxiBJ/v24_clean_abc_20260917/masks/random_point/0.4/metadata.json",
    "training_mask_source": "protocol"
  },
  "experiment_suite_fingerprint": "38027eefadf2a586da0f4482ab5648bb693a0e8ce0632e7db273f1983ba84b61"
}
------------------------------------------------------------------------------------------------
-----------------------------------------------------------------------------------------------------------------
 epoch         loss         mae         rmse     val_mae          lr   train_s    val_s   epoch_s   mem_gb   best
-----------------------------------------------------------------------------------------------------------------
     1     97.05943     97.2111     164.4396           -    1.00e-03      90.3      0.0      90.3    12.08       
     2     58.35607     58.4276     125.3946     35.9053    9.99e-04      90.6      1.7      92.3    12.08      *
Best model at epoch 2 (val_mae=35.9053)
     3     33.93752     33.8492      89.7704           -    9.98e-04      90.7      0.0      90.7    12.08       
     4     24.87960     24.8138      71.5760     17.9042    9.95e-04      90.7      1.6      92.3    12.08      *
Best model at epoch 4 (val_mae=17.9042)
     5     18.62421     18.5959      55.5861           -    9.92e-04      90.7      0.0      90.7    12.08       
     6     14.63568     14.5953      42.8622     11.2164    9.87e-04      90.7      1.6      92.3    12.08      *
Best model at epoch 6 (val_mae=11.2164)
     7     12.29590     12.2200      33.8116           -    9.82e-04      90.7      0.0      90.7    12.08       
     8     10.87866     10.8176      27.5758      9.1006    9.76e-04      90.7      1.6      92.3    12.08      *
Best model at epoch 8 (val_mae=9.1006)
     9     10.12762     10.0723      23.6971           -    9.68e-04      90.7      0.0      90.7    12.08       
    10      9.75330      9.6893      21.2509      8.4903    9.60e-04      90.7      1.6      92.3    12.08      *
Best model at epoch 10 (val_mae=8.4903)
    11      9.41627      9.3527      19.1957           -    9.51e-04      90.7      0.0      90.7    12.08       
    12      9.04435      8.9961      17.5527      8.2156    9.40e-04      90.7      1.6      92.3    12.08      *
Best model at epoch 12 (val_mae=8.2156)
    13      8.94826      8.8893      16.5679           -    9.29e-04      90.7      0.0      90.7    12.08       
    14      8.80867      8.7451      15.7717      8.1116    9.17e-04      90.7      1.6      92.3    12.08      *
Best model at epoch 14 (val_mae=8.1116)
    15      8.68424      8.6224      15.0869           -    9.05e-04      90.7      0.0      90.7    12.08       
    16      8.59407      8.5416      14.6380      8.0555    8.91e-04      90.8      1.6      92.4    12.08      *
Best model at epoch 16 (val_mae=8.0555)
    17      8.52787      8.4738      14.2894           -    8.77e-04      90.8      0.0      90.8    12.08       
    18      8.46274      8.4003      13.9779      7.8697    8.62e-04      90.8      1.6      92.3    12.08      *
Best model at epoch 18 (val_mae=7.8697)
    19      8.40062      8.3450      13.7208           -    8.46e-04      90.7      0.0      90.7    12.08       
    20      8.40116      8.3471      13.6021      7.9251    8.29e-04      90.7      1.6      92.3    12.08       
    21      8.36231      8.3043      13.4600           -    8.12e-04      90.8      0.0      90.8    12.08       
    22      8.31752      8.2568      13.3297      7.8077    7.94e-04      90.7      1.6      92.3    12.08      *
Best model at epoch 22 (val_mae=7.8077)
    23      8.31751      8.2622      13.2724           -    7.76e-04      90.7      0.0      90.7    12.08       
    24      8.30305      8.2452      13.2225      7.7937    7.57e-04      90.7      1.6      92.3    12.08      *
Best model at epoch 24 (val_mae=7.7937)
    25      8.25135      8.1969      13.1166           -    7.37e-04      90.8      0.0      90.8    12.08       
    26      8.25411      8.1949      13.0749      7.7455    7.17e-04      90.8      1.6      92.3    12.08      *
Best model at epoch 26 (val_mae=7.7455)
    27      8.24756      8.1880      13.0522           -    6.97e-04      90.8      0.0      90.8    12.08       
    28      8.21650      8.1642      12.9899      7.7260    6.76e-04      90.7      1.6      92.3    12.08      *
Best model at epoch 28 (val_mae=7.7260)
    29      8.20012      8.1408      12.9407           -    6.55e-04      90.7      0.0      90.7    12.08       
    30      8.17610      8.1183      12.8896      7.7388    6.33e-04      90.7      1.6      92.3    12.08       
    31      8.18457      8.1210      12.8830           -    6.12e-04      90.7      0.0      90.7    12.08       
    32      8.17010      8.1058      12.8403      7.6752    5.90e-04      90.7      1.6      92.3    12.08      *
Best model at epoch 32 (val_mae=7.6752)
    33      8.14759      8.0960      12.8239           -    5.68e-04      90.7      0.0      90.7    12.08       
    34      8.13579      8.0864      12.7961      7.6908    5.45e-04      90.7      1.6      92.3    12.08       
    35      8.12739      8.0682      12.7607           -    5.23e-04      90.7      0.0      90.7    12.08       
    36      8.11851      8.0623      12.7390      7.6482    5.01e-04      90.7      1.6      92.3    12.08      *
Best model at epoch 36 (val_mae=7.6482)
    37      8.11299      8.0533      12.7225           -    4.78e-04      90.7      0.0      90.7    12.08       
    38      8.10980      8.0516      12.7156      7.6504    4.56e-04      90.8      1.6      92.4    12.08       
    39      8.10059      8.0391      12.6910           -    4.33e-04      90.7      0.0      90.7    12.08       
    40      8.09316      8.0305      12.6728      7.6238    4.11e-04      90.7      1.6      92.3    12.08      *
Best model at epoch 40 (val_mae=7.6238)
    41      8.08718      8.0227      12.6583           -    3.89e-04      90.7      0.0      90.7    12.08       
    42      8.07928      8.0151      12.6398      7.6139    3.68e-04      90.7      1.6      92.3    12.08      *
Best model at epoch 42 (val_mae=7.6139)
    43      8.07634      8.0097      12.6279           -    3.46e-04      90.7      0.0      90.7    12.08       
    44      8.06448      8.0055      12.6184      7.6055    3.25e-04      90.7      1.6      92.3    12.08      *
Best model at epoch 44 (val_mae=7.6055)
    45      8.05000      7.9991      12.6015           -    3.04e-04      90.8      0.0      90.8    12.08       
    46      8.05572      7.9957      12.5969      7.5998    2.84e-04      90.7      1.6      92.3    12.08      *
Best model at epoch 46 (val_mae=7.5998)
    47      8.04484      7.9893      12.5855           -    2.64e-04      90.8      0.0      90.8    12.08       
    48      8.03716      7.9844      12.5747      7.5823    2.44e-04      90.7      1.6      92.3    12.08      *
Best model at epoch 48 (val_mae=7.5823)
    49      8.03316      7.9776      12.5611           -    2.25e-04      90.8      0.0      90.8    12.08       
    50      8.04392      7.9751      12.5555      7.5737    2.07e-04      90.7      1.6      92.3    12.08      *
Best model at epoch 50 (val_mae=7.5737)
    51      8.02484      7.9707      12.5464           -    1.89e-04      90.7      0.0      90.7    12.08       
    52      8.03080      7.9674      12.5384      7.5728    1.72e-04      90.8      1.6      92.4    12.08      *
Best model at epoch 52 (val_mae=7.5728)
    53      8.02453      7.9634      12.5306           -    1.55e-04      90.7      0.0      90.7    12.08       
    54      8.02271      7.9608      12.5259      7.5609    1.39e-04      90.8      1.6      92.4    12.08      *
Best model at epoch 54 (val_mae=7.5609)
    55      8.01268      7.9568      12.5181           -    1.24e-04      90.7      0.0      90.7    12.08       
    56      8.00610      7.9535      12.5100      7.5632    1.10e-04      90.7      1.6      92.3    12.08       
    57      8.01299      7.9511      12.5049           -    9.64e-05      90.7      0.0      90.7    12.08       
    58      8.01355      7.9480      12.5003      7.5510    8.36e-05      90.8      1.6      92.4    12.08      *
Best model at epoch 58 (val_mae=7.5510)
    59      8.00998      7.9452      12.4942           -    7.17e-05      90.7      0.0      90.7    12.08       
    60      7.99668      7.9432      12.4897      7.5469    6.06e-05      90.7      1.6      92.3    12.08      *
Best model at epoch 60 (val_mae=7.5469)
    61      8.00284      7.9417      12.4876           -    5.05e-05      90.7      0.0      90.7    12.08       
    62      7.99041      7.9399      12.4837      7.5429    4.12e-05      90.8      1.6      92.3    12.08      *
Best model at epoch 62 (val_mae=7.5429)
    63      8.00466      7.9380      12.4798           -    3.29e-05      90.8      0.0      90.8    12.08       
    64      8.00207      7.9369      12.4776      7.5435    2.54e-05      90.8      1.6      92.3    12.08       
    65      7.99883      7.9355      12.4745           -    1.90e-05      90.7      0.0      90.7    12.08       
    66      7.99641      7.9345      12.4727      7.5383    1.35e-05      90.7      1.6      92.3    12.08      *
Best model at epoch 66 (val_mae=7.5383)
    67      7.99465      7.9337      12.4715           -    9.03e-06      90.7      0.0      90.7    12.08       
    68      7.99343      7.9331      12.4701      7.5373    5.52e-06      90.7      1.6      92.3    12.08      *
Best model at epoch 68 (val_mae=7.5373)
    69      7.98843      7.9327      12.4692           -    3.01e-06      90.7      0.0      90.7    12.08       
    70      7.99974      7.9323      12.4687      7.5373    1.50e-06      90.8      1.6      92.4    12.08       

------------------------------------------------------------------------------------------------
Training finished normally: 2026-09-18 00:10:38
Summary
  completed_epochs: 70
  best_epoch: 68
  best_val_mae: 7.537299
  val_epoch: 2
  validation_count: 35
  final_train_loss: 7.999744
  final_train_mae: 7.932339
  final_val_loss: 7.641907
  final_val_mae: 7.537309
  total_time: 1h 46m 50s
  avg_epoch_time_sec: 91.52
  avg_train_sec_per_step: 0.5891
  avg_val_sec_per_step: 0.0362
  peak_memory_gb: 12.08
  test_loss: 7.187094
  test_mae: 7.148067
  test_rmse: 11.324714
  test_mape: 23521.612973
  test_time_sec: 3.29
  best_checkpoint: /home/students/HuangMingYu/code/py/my_idea/my_idea/outputs/v24-COE/experiments/abcde/abcde/38027eefadf2a586/runs/v24_abcde_abc_a_random_point_rate0.4_updates_seed7/TaxiBJ/custom/v24_abcde_abc_a_random_point_rate0.4_updates_seed7/random/rate0.4/20260917_222345_seed7_bs16/checkpoints/best.pt
  best_state_source: checkpoint
  metrics_jsonl: /home/students/HuangMingYu/code/py/my_idea/my_idea/outputs/v24-COE/experiments/abcde/abcde/38027eefadf2a586/runs/v24_abcde_abc_a_random_point_rate0.4_updates_seed7/TaxiBJ/custom/v24_abcde_abc_a_random_point_rate0.4_updates_seed7/random/rate0.4/20260917_222345_seed7_bs16/logs/metrics.jsonl
------------------------------------------------------------------------------------------------
