Training started: 2026-09-30 23:02:55
------------------------------------------------------------------------------------------------
Run
  run_dir: /home/students/HuangMingYu/code/py/my_idea/my_idea/outputs/v24-COE/TaxiBJ/custom/20260930_230254_scale_soft_fusion_seed7/random/rate0.4/20260930_230254_seed7_bs32
  command: /home/students/HuangMingYu/code/py/my_idea/my_idea/outputs/v24-COE/experiments/r_scale_followup/taxibj/3ec9f13d1fb69da7/source_snapshot/scripts/train.py -c /home/students/HuangMingYu/code/py/my_idea/my_idea/outputs/v24-COE/experiments/r_scale_followup/taxibj/3ec9f13d1fb69da7/configs/R12.json --name scale_soft_fusion --no_plot --result-file /home/students/HuangMingYu/code/py/my_idea/my_idea/outputs/v24-COE/experiments/r_scale_followup/taxibj/3ec9f13d1fb69da7/results/R12.attempt1.json --train_npz /home/students/HuangMingYu/code/py/my_idea/my_idea/data/TaxiBJ/v24_clean_abc_20260917/taxibj_train.npz --val_npz /home/students/HuangMingYu/code/py/my_idea/my_idea/data/TaxiBJ/v24_clean_abc_20260917/taxibj_val.npz --test_npz /home/students/HuangMingYu/code/py/my_idea/my_idea/data/TaxiBJ/v24_clean_abc_20260917/taxibj_test.npz
  git_commit: 5fce115c0eeda8a7a294fc455811af98b816dbc1
  git_branch: v24-COE
  git_dirty: True
  config_sha256: 10f2f3c41c735ab0605db8548a70c10618327f8bc9d0c69c6dc73e56be39c1c2
  python: 3.9.25
  torch: 2.6.0+cu124
  cuda_runtime: 12.4
  train_npz: /home/students/HuangMingYu/code/py/my_idea/my_idea/data/TaxiBJ/v24_clean_abc_20260917/taxibj_train.npz
  val_npz: /home/students/HuangMingYu/code/py/my_idea/my_idea/data/TaxiBJ/v24_clean_abc_20260917/taxibj_val.npz
  test_npz: /home/students/HuangMingYu/code/py/my_idea/my_idea/data/TaxiBJ/v24_clean_abc_20260917/taxibj_test.npz
  dataset: TaxiBJ
  experiment_type: custom
  variant: scale_soft_fusion
  train_samples: 2452
  val_samples: 342
  train_steps_per_epoch: 77
  val_steps_per_epoch: 11
  test_samples: 707
  test_steps: 23
  batch_size: 32
  world_size: 1
  per_device_batch_size: 32
  mask_pattern: random
  mask_rate_config: 0.4
  train_mask: unknown
  val_mask: unknown
  data_shape: (2452, 2, 12, 32, 32)
  device: cuda
  device_name: NVIDIA GeForce RTX 3090
  total_params: 308,899
  trainable_params: 308,899
Config
{
  "seed": 7,
  "output_dir": "/home/students/HuangMingYu/code/py/my_idea/my_idea/outputs/v24-COE",
  "device": "cuda",
  "data": {
    "dataset_name": "TaxiBJ",
    "batch_size": 32,
    "num_workers": 0,
    "pin_memory": true,
    "drop_last": false,
    "mask": {
      "pattern": "random",
      "missing_rate": 0.4
    },
    "synthetic": {
      "num_train": 128,
      "num_val": 32,
      "t": 12,
      "h": 32,
      "w": 32
    },
    "multiscale": false,
    "loader_seed": 7,
    "train_mask_diversity": {
      "families": [
        "random_point",
        "node_outage",
        "temporal_gap",
        "spatial_region"
      ],
      "rates": [
        0.4
      ],
      "seed": 20260917,
      "resample_each_epoch": true
    },
    "eval_mask_diversity": {
      "families": [
        "random_point",
        "node_outage",
        "temporal_gap",
        "spatial_region"
      ],
      "rates": [
        0.4
      ],
      "seed": 20260917,
      "resample_each_epoch": false
    }
  },
  "model": {
    "architecture": "v24_ts_coe",
    "c_in": 2,
    "main": {
      "dim": 64,
      "max_t": 12,
      "h": 32,
      "w": 32,
      "scale_mode": "fine",
      "use_multiscale": false
    },
    "coe": {
      "num_steps": 4,
      "expert_pool": [
        "T",
        "S",
        "TD",
        "SD",
        "TA",
        "ST",
        "TL",
        "SL"
      ],
      "routing_mode": "hard",
      "fixed_path": null,
      "fixed_expert_steps": [
        null,
        null,
        null,
        null
      ],
      "router_state": "dynamic",
      "expert_state": "dynamic",
      "use_shared": false,
      "use_routed": true,
      "temperature": 1.0,
      "temporal_kernel": 3,
      "spatial_kernel": 3,
      "temporal_dilation": 2,
      "spatial_dilation": 2,
      "attention_heads": 4,
      "residual_init": 0.1,
      "routing_warmup_epochs": 0,
      "routing_transition_epochs": 0,
      "uniform_mix_start": 0.5,
      "sampling_temperature_start": 2.0,
      "top_k": 2,
      "router_hidden_dim": 64,
      "pair_mode": "native",
      "acceptance": "none",
      "expert_sharing": "shared",
      "previous_expert_context": false,
      "global_route_weights": false,
      "router_input_noise_std": 0.0,
      "router_input_noise_steps": 0,
      "completion_feedback": false,
      "repair_acceptance": "none",
      "fusion_mode": "original",
      "partner_fusion": "individual",
      "partner_aux_head_only": false,
      "pair_dense_warmup_steps": 0,
      "state_update_mode": "direct",
      "router_features": "legacy",
      "local_routing": {
        "enabled": false
      },
      "spatial_scale": {
        "enabled": true,
        "mode": "soft_fusion",
        "factor": 2,
        "coarse_rounds": 2,
        "fixed_scales": [
          "coarse",
          "coarse",
          "fine",
          "fine"
        ]
      }
    },
    "aux": {
      "enabled": false,
      "alpha_init": 0.0
    }
  },
  "loss": {
    "type": "l1",
    "lambda_coe_mid": 0.0,
    "lambda_coe_balance": 0.01,
    "lambda_coe_z": 0.0,
    "balance_importance": "candidate"
  },
  "train": {
    "epochs": 100,
    "val_epoch": 5,
    "lr_main": 0.001,
    "weight_decay": 0.0001,
    "grad_clip_norm": 1.0,
    "amp": true,
    "save_every": 10,
    "scheduler": {
      "type": "cosine",
      "total_epochs": 100,
      "eta_min": 0.0003,
      "reach_min_at_last_epoch": true
    },
    "early_stopping": {
      "enabled": false
    },
    "save_best_checkpoint": true,
    "router_grad_diagnostic_every": 0,
    "full_checkpoint": true,
    "measure_forward_latency": true,
    "oracle_last_step_samples": 0,
    "best_checkpoint_name": "best.pth",
    "save_last_checkpoint": true,
    "optimizer": "AdamW"
  },
  "experiment_plan": {
    "suite": "r_scale_followup",
    "variant": "R12",
    "base_variant": "R7",
    "protocol": {
      "train_families": [
        "random_point",
        "node_outage",
        "temporal_gap",
        "spatial_region"
      ],
      "rate": 0.4,
      "mask_seed": 20260917,
      "evaluations": {
        "in_distribution": {
          "families": [
            "random_point",
            "node_outage",
            "temporal_gap",
            "spatial_region"
          ],
          "seed": 20260917
        },
        "unseen_combinations": {
          "families": [
            "node_plus_space",
            "time_plus_space",
            "node_plus_time"
          ],
          "seed": 20260918
        },
        "unseen_geometry": {
          "families": [
            "moving_region",
            "multi_block"
          ],
          "seed": 20260919
        },
        "unseen_triple": {
          "families": [
            "node_plus_time_plus_space"
          ],
          "seed": 20260930
        },
        "unseen_combinations_repeat": {
          "families": [
            "node_plus_space",
            "time_plus_space",
            "node_plus_time"
          ],
          "seed": 20261001
        },
        "unseen_geometry_repeat": {
          "families": [
            "moving_region",
            "multi_block"
          ],
          "seed": 20261002
        }
      },
      "checkpoint_selection": "in_distribution_validation_only",
      "note": "Same test windows across sets; masks are fixed and identical across models. New family/combination names never reach the model."
    }
  }
}
------------------------------------------------------------------------------------------------
-----------------------------------------------------------------------------------------------------------------
 epoch         loss         mae         rmse     val_mae          lr   train_s    val_s   epoch_s   mem_gb   best
-----------------------------------------------------------------------------------------------------------------
     1    108.74062    108.7359     175.1814           -    1.00e-03      53.3      0.0      53.3    15.17       
     2     95.37894     95.4302     161.4269           -    1.00e-03      54.9      0.0      54.9    15.17       
     3     81.82867     81.7868     145.2130           -    9.99e-04      51.7      0.0      51.7    15.18       
     4     72.82947     72.8248     132.3192           -    9.98e-04      51.0      0.0      51.0    15.18       
     5     67.68538     67.6597     123.8075     59.1545    9.97e-04      50.8      3.6      54.3    15.19      *
Best model at epoch 5 (val_mae=59.1545)
     6     63.46221     63.4105     116.6314           -    9.96e-04      49.7      0.0      49.7    15.01       
     7     59.16293     59.1136     111.8205           -    9.94e-04      49.6      0.0      49.6    15.17       
     8     54.70296     54.6949     105.9605           -    9.91e-04      49.8      0.0      49.8    15.17       
     9     52.21042     52.2312     102.1928           -    9.89e-04      50.1      0.0      50.1    15.18       
    10     50.66632     50.6862     100.3517     43.6019    9.86e-04      49.7      3.5      53.2    15.18      *
Best model at epoch 10 (val_mae=43.6019)
    11     49.27250     49.2758      97.8680           -    9.83e-04      49.5      0.0      49.5    15.18       
    12     48.00607     47.9638      95.2983           -    9.79e-04      50.3      0.0      50.3    15.17       
    13     45.86871     45.8755      91.8753           -    9.75e-04      50.4      0.0      50.4    15.18       
    14     44.99594     44.9627      89.6947           -    9.71e-04      50.6      0.0      50.6    15.17       
    15     43.75844     43.7531      87.7389     37.6572    9.66e-04      51.1      3.5      54.6    15.18      *
Best model at epoch 15 (val_mae=37.6572)
    16     41.95743     41.9267      84.1859           -    9.61e-04      50.9      0.0      50.9    15.17       
    17     40.95775     40.9775      82.1169           -    9.56e-04      50.9      0.0      50.9    15.17       
    18     39.27910     39.2951      78.9221           -    9.50e-04      51.6      0.0      51.6    15.18       
    19     38.06565     38.0662      76.1690           -    9.44e-04      52.2      0.0      52.2    15.18       
    20     36.95636     36.9259      73.6878     32.4916    9.38e-04      51.1      3.5      54.6    15.17      *
Best model at epoch 20 (val_mae=32.4916)
    21     36.53838     36.5118      72.5037           -    9.32e-04      51.4      0.0      51.4    15.18       
    22     35.39871     35.3583      70.0393           -    9.25e-04      51.6      0.0      51.6    15.18       
    23     34.72802     34.6740      68.5806           -    9.18e-04      50.9      0.0      50.9    15.17       
    24     33.85862     33.8645      66.6244           -    9.11e-04      50.9      0.0      50.9    15.18       
    25     32.74817     32.7358      63.8575     32.6217    9.03e-04      51.2      3.5      54.7    15.18       
    26     32.26181     32.2350      62.3989           -    8.96e-04      51.5      0.0      51.5    15.18       
    27     31.16072     31.1393      60.2318           -    8.87e-04      50.8      0.0      50.8    15.17       
    28     30.30531     30.2892      58.3610           -    8.79e-04      51.0      0.0      51.0    15.18       
    29     29.53168     29.5160      56.6024           -    8.71e-04      51.3      0.0      51.3    15.18       
    30     28.97061     28.9255      55.3389     26.0782    8.62e-04      50.9      3.5      54.3    15.17      *
Best model at epoch 30 (val_mae=26.0782)
    31     28.38214     28.3610      53.6919           -    8.53e-04      50.8      0.0      50.8    15.17       
    32     28.10652     28.0936      53.0538           -    8.44e-04      50.9      0.0      50.9    15.18       
    33     27.83099     27.8147      52.3659           -    8.35e-04      51.2      0.0      51.2    15.17       
    34     27.11690     27.0935      50.8044           -    8.25e-04      51.4      0.0      51.4    15.17       
    35     26.82592     26.7840      49.6551     24.0537    8.15e-04      50.9      3.5      54.4    15.18      *
Best model at epoch 35 (val_mae=24.0537)
    36     26.41229     26.4001      48.6586           -    8.05e-04      50.9      0.0      50.9    15.18       
    37     26.02686     26.0012      48.0087           -    7.95e-04      51.3      0.0      51.3    15.18       
    38     26.32728     26.2875      48.1201           -    7.85e-04      51.3      0.0      51.3    15.18       
    39     25.73086     25.6935      46.9781           -    7.75e-04      51.4      0.0      51.4    15.17       
    40     25.14194     25.1084      45.7419     22.5940    7.64e-04      51.7      3.5      55.2    15.17      *
Best model at epoch 40 (val_mae=22.5940)
    41     24.77555     24.7774      44.9453           -    7.54e-04      52.0      0.0      52.0    15.17       
    42     25.12544     25.1240      45.1880           -    7.43e-04      51.7      0.0      51.7    15.17       
    43     24.17115     24.1255      43.5114           -    7.33e-04      51.8      0.0      51.8    15.17       
    44     23.76153     23.7401      42.8576           -    7.22e-04      51.9      0.0      51.9    15.17       
    45     24.05376     24.0139      42.9664     22.4410    7.11e-04      51.5      3.5      55.0    15.18      *
Best model at epoch 45 (val_mae=22.4410)
    46     23.57743     23.5502      42.0218           -    7.00e-04      51.9      0.0      51.9    15.18       
    47     22.99757     22.9808      41.0307           -    6.89e-04      51.9      0.0      51.9    15.17       
    48     23.14414     23.1283      41.1458           -    6.78e-04      51.9      0.0      51.9    15.18       
    49     22.65203     22.6160      40.2584           -    6.67e-04      51.7      0.0      51.7    15.17       
    50     22.50503     22.4870      39.8287     21.3363    6.56e-04      51.9      3.5      55.4    15.17      *
Best model at epoch 50 (val_mae=21.3363)
    51     23.04341     23.0118      40.4024           -    6.44e-04      52.3      0.0      52.3    15.17       
    52     22.19271     22.1863      39.1836           -    6.33e-04      52.2      0.0      52.2    15.17       
    53     21.98843     21.9560      38.6962           -    6.22e-04      52.2      0.0      52.2    15.18       
    54     21.63519     21.6152      38.1728           -    6.11e-04      52.1      0.0      52.1    15.17       
    55     21.61710     21.5666      38.0395     20.2621    6.00e-04      52.2      3.5      55.7    15.17      *
Best model at epoch 55 (val_mae=20.2621)
    56     21.85460     21.8287      38.2736           -    5.89e-04      52.3      0.0      52.3    15.17       
    57     21.60676     21.5820      37.8057           -    5.78e-04      52.1      0.0      52.1    15.17       
    58     21.61256     21.5901      37.6930           -    5.67e-04      52.1      0.0      52.1    15.17       
    59     21.07635     21.0426      36.7920           -    5.57e-04      52.3      0.0      52.3    15.17       
    60     21.36226     21.3396      37.0699     21.2174    5.46e-04      52.2      3.5      55.7    15.17       
    61     21.24242     21.2097      37.0402           -    5.36e-04      51.9      0.0      51.9    15.17       
    62     21.06961     21.0491      36.5667           -    5.25e-04      52.3      0.0      52.3    15.17       
    63     20.91570     20.8768      36.2385           -    5.15e-04      52.1      0.0      52.1    15.17       
    64     20.53526     20.4913      35.6939           -    5.05e-04      52.0      0.0      52.0    15.18       
    65     20.65895     20.6159      35.9361     20.1925    4.95e-04      52.0      3.5      55.5    15.17      *
Best model at epoch 65 (val_mae=20.1925)
    66     20.31600     20.2977      35.1269           -    4.85e-04      52.1      0.0      52.1    15.17       
    67     20.12652     20.0829      34.9516           -    4.75e-04      52.4      0.0      52.4    15.17       
    68     20.12538     20.1122      34.8311           -    4.65e-04      52.2      0.0      52.2    15.17       
    69     20.17918     20.1608      34.7234           -    4.56e-04      52.3      0.0      52.3    15.17       
    70     20.12081     20.0701      34.8005     18.6050    4.47e-04      52.1      3.5      55.6    15.17      *
Best model at epoch 70 (val_mae=18.6050)
    71     19.71193     19.6842      34.0259           -    4.38e-04      52.0      0.0      52.0    15.17       
    72     20.08269     20.0519      34.6073           -    4.29e-04      51.9      0.0      51.9    15.17       
    73     19.66208     19.6206      33.8885           -    4.21e-04      52.2      0.0      52.2    15.16       
    74     19.81341     19.7922      34.0730           -    4.13e-04      52.4      0.0      52.4    15.16       
    75     19.57831     19.5528      33.7865     18.7618    4.04e-04      52.6      3.5      56.1    15.17       
    76     19.51107     19.4792      33.6623           -    3.97e-04      52.1      0.0      52.1    15.17       
    77     19.45240     19.4204      33.4002           -    3.89e-04      52.3      0.0      52.3    15.17       
    78     19.21204     19.1936      33.1496           -    3.82e-04      52.0      0.0      52.0    15.17       
    79     19.18905     19.1514      33.0565           -    3.75e-04      52.1      0.0      52.1    15.17       
    80     19.10628     19.0858      32.8318     18.4405    3.68e-04      52.4      3.5      55.9    15.17      *
Best model at epoch 80 (val_mae=18.4405)
    81     19.13431     19.1063      32.9481           -    3.62e-04      52.5      0.0      52.5    15.17       
    82     18.98577     18.9411      32.5023           -    3.56e-04      52.3      0.0      52.3    15.17       
    83     18.60593     18.5782      32.1003           -    3.50e-04      52.3      0.0      52.3    15.17       
    84     20.02232     19.9972      34.1673           -    3.44e-04      52.4      0.0      52.4    15.17       
    85     19.18304     19.1604      32.8846     18.0992    3.39e-04      52.0      3.5      55.5    15.17      *
Best model at epoch 85 (val_mae=18.0992)
    86     18.76345     18.7317      32.1918           -    3.34e-04      52.1      0.0      52.1    15.17       
    87     18.54836     18.5213      31.8561           -    3.29e-04      52.0      0.0      52.0    15.17       
    88     18.48649     18.4620      31.7258           -    3.25e-04      52.0      0.0      52.0    15.17       
    89     18.49638     18.4624      31.7241           -    3.21e-04      51.5      0.0      51.5    15.16       
    90     18.46911     18.4626      31.7062     18.2836    3.17e-04      51.7      3.5      55.2    15.16       
    91     18.23472     18.2110      31.1632           -    3.14e-04      51.8      0.0      51.8    15.16       
    92     18.58820     18.5616      31.7832           -    3.11e-04      51.7      0.0      51.7    15.16       
    93     19.01614     18.9786      32.6255           -    3.09e-04      52.1      0.0      52.1    15.16       
    94     18.77061     18.7485      32.2484           -    3.06e-04      52.2      0.0      52.2    15.17       
    95     18.60292     18.5776      31.8422     18.5842    3.04e-04      52.0      3.5      55.5    15.17       
    96     18.32060     18.2893      31.2770           -    3.03e-04      52.2      0.0      52.2    15.18       
    97     18.20121     18.1564      31.1319           -    3.02e-04      52.6      0.0      52.6    15.17       
    98     18.54316     18.5031      31.6794           -    3.01e-04      52.2      0.0      52.2    15.17       
    99     18.15631     18.1467      30.9973           -    3.00e-04      52.3      0.0      52.3    15.18       
   100     18.00460     17.9674      30.7062     17.7433    3.00e-04      52.4      3.5      55.9    15.17      *
Best model at epoch 100 (val_mae=17.7433)

------------------------------------------------------------------------------------------------
Training finished normally: 2026-10-01 00:30:22
Summary
  completed_epochs: 100
  best_epoch: 100
  best_val_mae: 17.743263
  val_epoch: 5
  validation_count: 20
  final_train_loss: 18.004599
  final_train_mae: 17.967390
  final_val_loss: 17.796269
  final_val_mae: 17.743263
  total_time: 1h 27m 26s
  avg_epoch_time_sec: 52.38
  avg_train_sec_per_step: 0.6712
  avg_val_sec_per_step: 0.0636
  peak_memory_gb: 15.19
  test_loss: 16.468503
  test_mae: 16.529007
  test_rmse: 28.621044
  test_mape: 143310.820908
  test_time_sec: 7.26
  best_checkpoint: /home/students/HuangMingYu/code/py/my_idea/my_idea/outputs/v24-COE/TaxiBJ/custom/20260930_230254_scale_soft_fusion_seed7/random/rate0.4/20260930_230254_seed7_bs32/checkpoints/best.pth
  last_checkpoint: /home/students/HuangMingYu/code/py/my_idea/my_idea/outputs/v24-COE/TaxiBJ/custom/20260930_230254_scale_soft_fusion_seed7/random/rate0.4/20260930_230254_seed7_bs32/checkpoints/last.pth
  best_state_source: checkpoint
  metrics_jsonl: /home/students/HuangMingYu/code/py/my_idea/my_idea/outputs/v24-COE/TaxiBJ/custom/20260930_230254_scale_soft_fusion_seed7/random/rate0.4/20260930_230254_seed7_bs32/logs/metrics.jsonl
------------------------------------------------------------------------------------------------
