Training started: 2026-09-18 20:37:32
------------------------------------------------------------------------------------------------
Run
  run_dir: /home/students/HuangMingYu/code/py/my_idea/my_idea/outputs/v24-COE/experiments/coe_dual_mask/coe_dual_mask/fbea2a35caf9bf06/runs/v24_coe_dual_mask_coe_fixed_stst_alt_mixed9_rate0.4_updates_seed7/TaxiBJ/custom/v24_coe_dual_mask_coe_fixed_stst_alt_mixed9_rate0.4_updates_seed7/random/rate0.4/20260918_203731_seed7_bs16
  command: /home/students/HuangMingYu/code/py/my_idea/my_idea/scripts/train.py -c /home/students/HuangMingYu/code/py/my_idea/my_idea/outputs/v24-COE/experiments/coe_dual_mask/coe_dual_mask/fbea2a35caf9bf06/configs/v24_coe_dual_mask_coe_fixed_stst_alt_mixed9_rate0.4_updates_seed7.json --no_plot --name v24_coe_dual_mask_coe_fixed_stst_alt_mixed9_rate0.4_updates_seed7 --train_npz /home/students/HuangMingYu/code/py/my_idea/my_idea/data/TaxiBJ/v24_clean_abc_20260917/taxibj_train.npz --val_npz /home/students/HuangMingYu/code/py/my_idea/my_idea/data/TaxiBJ/v24_clean_abc_20260917/taxibj_val.npz --test_npz /home/students/HuangMingYu/code/py/my_idea/my_idea/data/TaxiBJ/v24_clean_abc_20260917/taxibj_test.npz --result-file /home/students/HuangMingYu/code/py/my_idea/my_idea/outputs/v24-COE/experiments/coe_dual_mask/coe_dual_mask/fbea2a35caf9bf06/results/v24_coe_dual_mask_coe_fixed_stst_alt_mixed9_rate0.4_updates_seed7.attempt1.json
  git_commit: 24e57ee114ceb9e41660b396db0a7dd42a833e3a
  git_branch: v24-COE
  git_dirty: True
  config_sha256: 6a89e8f03f587ead9329b18179b898a53082f20c49abfce608e5d966e3eba2da
  python: 3.9.25
  torch: 2.6.0+cu124
  cuda_runtime: 12.4
  train_npz: /home/students/HuangMingYu/code/py/my_idea/my_idea/data/TaxiBJ/v24_clean_abc_20260917/taxibj_train.npz
  val_npz: /home/students/HuangMingYu/code/py/my_idea/my_idea/data/TaxiBJ/v24_clean_abc_20260917/taxibj_val.npz
  test_npz: /home/students/HuangMingYu/code/py/my_idea/my_idea/data/TaxiBJ/v24_clean_abc_20260917/taxibj_test.npz
  dataset: TaxiBJ
  experiment_type: custom
  variant: v24_coe_dual_mask_coe_fixed_stst_alt_mixed9_rate0.4_updates_seed7
  train_samples: 2452
  val_samples: 342
  train_steps_per_epoch: 154
  val_steps_per_epoch: 22
  test_samples: 707
  test_steps: 45
  batch_size: 16
  mask_pattern: random
  mask_rate_config: 0.4
  train_mask: unknown
  val_mask: unknown
  data_shape: (2452, 2, 12, 32, 32)
  device: cuda
  device_name: NVIDIA GeForce RTX 3090
  total_params: 211,507
  trainable_params: 211,507
Config
{
  "seed": 7,
  "output_dir": "/home/students/HuangMingYu/code/py/my_idea/my_idea/outputs/v24-COE/experiments/coe_dual_mask/coe_dual_mask/fbea2a35caf9bf06/runs/v24_coe_dual_mask_coe_fixed_stst_alt_mixed9_rate0.4_updates_seed7",
  "device": "cuda",
  "data": {
    "dataset_name": "TaxiBJ",
    "batch_size": 16,
    "num_workers": 0,
    "pin_memory": true,
    "drop_last": false,
    "mask": {
      "pattern": "random",
      "missing_rate": 0.4
    },
    "synthetic": {
      "num_train": 128,
      "num_val": 32,
      "t": 12,
      "h": 32,
      "w": 32
    },
    "multiscale": false,
    "loader_seed": 7,
    "train_mask_diversity": {
      "families": [
        "random_point",
        "node_outage",
        "temporal_gap",
        "spatial_region",
        "spatiotemporal_block",
        "stripe",
        "moving_region",
        "multi_block",
        "composite"
      ],
      "rates": [
        0.4
      ],
      "seed": 20260917,
      "resample_each_epoch": true
    },
    "eval_mask_diversity": {
      "families": [
        "random_point",
        "node_outage",
        "temporal_gap",
        "spatial_region",
        "spatiotemporal_block",
        "stripe",
        "moving_region",
        "multi_block",
        "composite"
      ],
      "rates": [
        0.4
      ],
      "seed": 20260917,
      "resample_each_epoch": false
    }
  },
  "model": {
    "architecture": "v24_ts_coe",
    "c_in": 2,
    "main": {
      "dim": 64,
      "max_t": 12,
      "h": 32,
      "w": 32,
      "scale_mode": "fine",
      "use_multiscale": false
    },
    "coe": {
      "num_steps": 4,
      "expert_pool": [
        "T",
        "S",
        "TD",
        "SD",
        "TA",
        "ST"
      ],
      "routing_mode": "fixed",
      "fixed_path": [
        "ST",
        "ST",
        "ST",
        "ST"
      ],
      "fixed_expert_steps": [
        null,
        null,
        null,
        null
      ],
      "router_state": "dynamic",
      "expert_state": "dynamic",
      "use_shared": true,
      "use_routed": true,
      "temperature": 1.0,
      "temporal_kernel": 3,
      "spatial_kernel": 3,
      "temporal_dilation": 2,
      "spatial_dilation": 2,
      "attention_heads": 4,
      "residual_init": 0.1,
      "routing_warmup_epochs": 0,
      "routing_transition_epochs": 0,
      "uniform_mix_start": 0.5,
      "sampling_temperature_start": 2.0
    },
    "aux": {
      "enabled": false,
      "alpha_init": 0.0
    }
  },
  "loss": {
    "type": "l1",
    "lambda_coe_mid": 0.0,
    "lambda_coe_balance": 0.0
  },
  "train": {
    "epochs": 20,
    "val_epoch": 2,
    "lr_main": 0.001,
    "weight_decay": 0.0001,
    "grad_clip_norm": 1.0,
    "amp": true,
    "save_every": 10,
    "scheduler": {
      "type": "cosine",
      "eta_min": 1e-06,
      "total_epochs": 20
    },
    "early_stopping": {
      "enabled": false,
      "monitor": "val_mae",
      "patience": 40,
      "mode": "min"
    },
    "save_best_checkpoint": false,
    "router_grad_diagnostic_every": 50
  },
  "experiment_plan": {
    "stage": "coe_dual_mask",
    "variant": "coe_fixed_stst_alt",
    "protocol": "mixed9_rate0.4",
    "protocol_kind": "generated_diverse",
    "budget_regime": "updates",
    "mask_metadata": null,
    "training_mask_source": "dynamic_diverse",
    "evaluation_mask_source": "diverse_fixed_per_split"
  },
  "experiment_suite_fingerprint": "fbea2a35caf9bf06b509d160bcfa81080b2e1014484bcde47629e4a4ab0f0596"
}
------------------------------------------------------------------------------------------------
-----------------------------------------------------------------------------------------------------------------
 epoch         loss         mae         rmse     val_mae          lr   train_s    val_s   epoch_s   mem_gb   best
-----------------------------------------------------------------------------------------------------------------
     1    107.62312    107.7843     174.2545           -    1.00e-03      39.9      0.0      39.9     3.75       
     2     83.78025     83.8998     146.5958     70.8659    9.94e-04      39.6      2.1      41.7     3.75      *
Best model at epoch 2 (val_mae=70.8659)
     3     75.50513     75.4166     134.4939           -    9.76e-04      39.6      0.0      39.6     3.75       
     4     69.95991     69.8676     125.9082     61.0199    9.46e-04      39.6      2.0      41.6     3.75      *
Best model at epoch 4 (val_mae=61.0199)
     5     65.32890     65.3727     119.2331           -    9.05e-04      39.6      0.0      39.6     3.75       
     6     62.51026     62.5073     114.2547     57.1985    8.54e-04      39.6      2.0      41.6     3.75      *
Best model at epoch 6 (val_mae=57.1985)
     7     60.51099     60.3545     110.5819           -    7.94e-04      39.6      0.0      39.6     3.75       
     8     58.67460     58.6306     107.0359     51.3603    7.27e-04      39.6      2.0      41.7     3.75      *
Best model at epoch 8 (val_mae=51.3603)
     9     57.15952     57.2306     104.7249           -    6.55e-04      51.7      0.0      51.7     3.75       
    10     54.98688     54.9818     100.9780     49.4552    5.79e-04      79.0      4.8      83.8     3.75      *
Best model at epoch 10 (val_mae=49.4552)
    11     54.64611     54.6254     100.0382           -    5.01e-04      79.3      0.0      79.3     3.75       
    12     53.58597     53.6458      98.3959     47.7894    4.22e-04      52.9      2.0      54.9     3.75      *
Best model at epoch 12 (val_mae=47.7894)
    13     52.96583     52.9392      97.1182           -    3.46e-04      39.7      0.0      39.7     3.75       
    14     52.56752     52.4932      96.3944     47.0796    2.74e-04      39.6      2.0      41.7     3.75      *
Best model at epoch 14 (val_mae=47.0796)
    15     51.16238     51.2151      94.5438           -    2.07e-04      39.6      0.0      39.6     3.75       
    16     50.89875     50.9152      93.5420     46.2172    1.47e-04      39.6      2.0      41.7     3.75      *
Best model at epoch 16 (val_mae=46.2172)
    17     50.84074     50.8844      93.5814           -    9.64e-05      39.6      0.0      39.6     3.75       
    18     50.46288     50.4713      93.5070     45.7521    5.54e-05      39.6      2.0      41.6     3.75      *
Best model at epoch 18 (val_mae=45.7521)
    19     50.15785     50.1416      92.7098           -    2.54e-05      39.6      0.0      39.6     3.75       
    20     50.16383     50.1668      92.5184     45.5441    7.15e-06      39.6      2.0      41.6     3.75      *
Best model at epoch 20 (val_mae=45.5441)

------------------------------------------------------------------------------------------------
Training finished normally: 2026-09-18 20:52:56
Summary
  completed_epochs: 20
  best_epoch: 20
  best_val_mae: 45.544138
  val_epoch: 2
  validation_count: 10
  final_train_loss: 50.163832
  final_train_mae: 50.166809
  final_val_loss: 45.870342
  final_val_mae: 45.544138
  total_time: 15m 24s
  avg_epoch_time_sec: 46.00
  avg_train_sec_per_step: 0.2912
  avg_val_sec_per_step: 0.0524
  peak_memory_gb: 3.75
  test_loss: 42.622749
  test_mae: 42.867140
  test_rmse: 77.365440
  test_mape: 659726.621278
  test_time_sec: 4.22
  best_checkpoint: n/a
  best_state_source: cpu_memory
  metrics_jsonl: /home/students/HuangMingYu/code/py/my_idea/my_idea/outputs/v24-COE/experiments/coe_dual_mask/coe_dual_mask/fbea2a35caf9bf06/runs/v24_coe_dual_mask_coe_fixed_stst_alt_mixed9_rate0.4_updates_seed7/TaxiBJ/custom/v24_coe_dual_mask_coe_fixed_stst_alt_mixed9_rate0.4_updates_seed7/random/rate0.4/20260918_203731_seed7_bs16/logs/metrics.jsonl
------------------------------------------------------------------------------------------------
