Training started: 2026-10-01 05:43:07
------------------------------------------------------------------------------------------------
Run
  run_dir: /home/students/HuangMingYu/code/py/my_idea/my_idea/outputs/v24-COE/TaxiBJ/custom/20261001_054306_tri_fixed_repeat_seed17/random/rate0.4/20261001_054306_seed17_bs32
  command: /home/students/HuangMingYu/code/py/my_idea/my_idea/outputs/v24-COE/experiments/triscale_exploration/taxibj/e235472b21c1c003/source_snapshot/scripts/train.py -c /home/students/HuangMingYu/code/py/my_idea/my_idea/outputs/v24-COE/experiments/triscale_exploration/taxibj/e235472b21c1c003/configs/T6.json --name tri_fixed_repeat --no_plot --result-file /home/students/HuangMingYu/code/py/my_idea/my_idea/outputs/v24-COE/experiments/triscale_exploration/taxibj/e235472b21c1c003/results/T6.attempt1.json --train_npz /home/students/HuangMingYu/code/py/my_idea/my_idea/data/TaxiBJ/v24_clean_abc_20260917/taxibj_train.npz --val_npz /home/students/HuangMingYu/code/py/my_idea/my_idea/data/TaxiBJ/v24_clean_abc_20260917/taxibj_val.npz --test_npz /home/students/HuangMingYu/code/py/my_idea/my_idea/data/TaxiBJ/v24_clean_abc_20260917/taxibj_test.npz
  git_commit: 5fce115c0eeda8a7a294fc455811af98b816dbc1
  git_branch: v24-COE
  git_dirty: True
  config_sha256: 371f9f148c53973fc3c19c6cf560a46b39db417d5706d8f67346330ea7da090b
  python: 3.9.25
  torch: 2.6.0+cu124
  cuda_runtime: 12.4
  train_npz: /home/students/HuangMingYu/code/py/my_idea/my_idea/data/TaxiBJ/v24_clean_abc_20260917/taxibj_train.npz
  val_npz: /home/students/HuangMingYu/code/py/my_idea/my_idea/data/TaxiBJ/v24_clean_abc_20260917/taxibj_val.npz
  test_npz: /home/students/HuangMingYu/code/py/my_idea/my_idea/data/TaxiBJ/v24_clean_abc_20260917/taxibj_test.npz
  dataset: TaxiBJ
  experiment_type: custom
  variant: tri_fixed_repeat
  train_samples: 2452
  val_samples: 342
  train_steps_per_epoch: 77
  val_steps_per_epoch: 11
  test_samples: 707
  test_steps: 23
  batch_size: 32
  world_size: 1
  per_device_batch_size: 32
  mask_pattern: random
  mask_rate_config: 0.4
  train_mask: unknown
  val_mask: unknown
  data_shape: (2452, 2, 12, 32, 32)
  device: cuda
  device_name: NVIDIA GeForce RTX 3090
  total_params: 309,687
  trainable_params: 250,043
Config
{
  "seed": 17,
  "output_dir": "/home/students/HuangMingYu/code/py/my_idea/my_idea/outputs/v24-COE",
  "device": "cuda",
  "data": {
    "dataset_name": "TaxiBJ",
    "batch_size": 32,
    "num_workers": 0,
    "pin_memory": true,
    "drop_last": false,
    "mask": {
      "pattern": "random",
      "missing_rate": 0.4
    },
    "synthetic": {
      "num_train": 128,
      "num_val": 32,
      "t": 12,
      "h": 32,
      "w": 32
    },
    "multiscale": false,
    "loader_seed": 17,
    "train_mask_diversity": {
      "families": [
        "random_point",
        "node_outage",
        "temporal_gap",
        "spatial_region"
      ],
      "rates": [
        0.4
      ],
      "seed": 20260917,
      "resample_each_epoch": true
    },
    "eval_mask_diversity": {
      "families": [
        "random_point",
        "node_outage",
        "temporal_gap",
        "spatial_region"
      ],
      "rates": [
        0.4
      ],
      "seed": 20260917,
      "resample_each_epoch": false
    }
  },
  "model": {
    "architecture": "v24_ts_coe",
    "c_in": 2,
    "main": {
      "dim": 64,
      "max_t": 12,
      "h": 32,
      "w": 32,
      "scale_mode": "fine",
      "use_multiscale": false
    },
    "coe": {
      "num_steps": 4,
      "expert_pool": [
        "T",
        "S",
        "TD",
        "SD",
        "TA",
        "ST",
        "TL",
        "SL"
      ],
      "routing_mode": "hard",
      "fixed_path": null,
      "fixed_expert_steps": [
        null,
        null,
        null,
        null
      ],
      "router_state": "dynamic",
      "expert_state": "dynamic",
      "use_shared": false,
      "use_routed": true,
      "temperature": 1.0,
      "temporal_kernel": 3,
      "spatial_kernel": 3,
      "temporal_dilation": 2,
      "spatial_dilation": 2,
      "attention_heads": 4,
      "residual_init": 0.1,
      "routing_warmup_epochs": 0,
      "routing_transition_epochs": 0,
      "uniform_mix_start": 0.5,
      "sampling_temperature_start": 2.0,
      "top_k": 2,
      "router_hidden_dim": 64,
      "pair_mode": "native",
      "acceptance": "none",
      "expert_sharing": "shared",
      "previous_expert_context": false,
      "global_route_weights": false,
      "router_input_noise_std": 0.0,
      "router_input_noise_steps": 0,
      "completion_feedback": false,
      "repair_acceptance": "none",
      "fusion_mode": "original",
      "partner_fusion": "individual",
      "partner_aux_head_only": false,
      "pair_dense_warmup_steps": 0,
      "state_update_mode": "direct",
      "router_features": "legacy",
      "local_routing": {
        "enabled": false
      },
      "spatial_scale": {
        "enabled": false
      },
      "triscale": {
        "enabled": true,
        "mode": "fixed",
        "update": "direct",
        "fixed_scales": [
          2,
          1,
          0,
          0
        ],
        "explore_epochs": 8,
        "explore_seed": 20261001,
        "recent_memory": false
      }
    },
    "aux": {
      "enabled": false,
      "alpha_init": 0.0
    }
  },
  "loss": {
    "type": "l1",
    "lambda_coe_mid": 0.0,
    "lambda_coe_balance": 0.01,
    "lambda_coe_z": 0.0,
    "balance_importance": "candidate"
  },
  "train": {
    "epochs": 100,
    "val_epoch": 5,
    "lr_main": 0.001,
    "weight_decay": 0.0001,
    "grad_clip_norm": 1.0,
    "amp": true,
    "save_every": 10,
    "scheduler": {
      "type": "cosine",
      "total_epochs": 100,
      "eta_min": 0.0003,
      "reach_min_at_last_epoch": true
    },
    "early_stopping": {
      "enabled": false
    },
    "save_best_checkpoint": true,
    "router_grad_diagnostic_every": 0,
    "full_checkpoint": true,
    "measure_forward_latency": true,
    "oracle_last_step_samples": 0,
    "best_checkpoint_name": "best.pth",
    "save_last_checkpoint": true,
    "optimizer": "AdamW"
  },
  "experiment_plan": {
    "suite": "triscale_exploration",
    "variant": "T6",
    "base_variant": "T1",
    "protocol": {
      "train_families": [
        "random_point",
        "node_outage",
        "temporal_gap",
        "spatial_region"
      ],
      "rate": 0.4,
      "mask_seed": 20260917,
      "evaluations": {
        "in_distribution": {
          "families": [
            "random_point",
            "node_outage",
            "temporal_gap",
            "spatial_region"
          ],
          "seed": 20260917
        },
        "unseen_combinations": {
          "families": [
            "node_plus_space",
            "time_plus_space",
            "node_plus_time"
          ],
          "seed": 20260918
        },
        "unseen_geometry": {
          "families": [
            "moving_region",
            "multi_block"
          ],
          "seed": 20260919
        },
        "unseen_triple": {
          "families": [
            "node_plus_time_plus_space"
          ],
          "seed": 20260930
        },
        "unseen_combinations_repeat": {
          "families": [
            "node_plus_space",
            "time_plus_space",
            "node_plus_time"
          ],
          "seed": 20261001
        },
        "unseen_geometry_repeat": {
          "families": [
            "moving_region",
            "multi_block"
          ],
          "seed": 20261002
        }
      },
      "checkpoint_selection": "in_distribution_validation_only",
      "note": "Same test windows across sets; masks are fixed and identical across models. New family/combination names never reach the model."
    },
    "selection_sha256": "1da050d4179d6a92b5e2bad64fce2846276e3c75f1bd15218a09c39989236275"
  }
}
------------------------------------------------------------------------------------------------
-----------------------------------------------------------------------------------------------------------------
 epoch         loss         mae         rmse     val_mae          lr   train_s    val_s   epoch_s   mem_gb   best
-----------------------------------------------------------------------------------------------------------------
     1    110.02138    110.0098     176.2928           -    1.00e-03      27.8      0.0      27.8     8.17       
     2     98.57601     98.5581     164.7875           -    1.00e-03      29.3      0.0      29.3     8.20       
     3     84.68676     84.7214     150.6167           -    9.99e-04      29.3      0.0      29.3     8.20       
     4     75.35369     75.2988     139.6429           -    9.98e-04      29.0      0.0      29.0     8.20       
     5     68.85005     68.8745     130.8081     57.8500    9.97e-04      28.5      2.1      30.6     8.15      *
Best model at epoch 5 (val_mae=57.8500)
     6     64.55774     64.5397     124.8736           -    9.96e-04      28.7      0.0      28.7     8.14       
     7     59.43748     59.4461     118.1300           -    9.94e-04      28.9      0.0      28.9     8.15       
     8     55.23227     55.2048     111.1307           -    9.91e-04      28.9      0.0      28.9     8.15       
     9     52.16962     52.1906     105.6228           -    9.89e-04      28.9      0.0      28.9     8.14       
    10     49.90439     49.9072     101.6007     43.0013    9.86e-04      29.1      2.1      31.2     8.15      *
Best model at epoch 10 (val_mae=43.0013)
    11     48.10121     48.0764      98.0385           -    9.83e-04      28.9      0.0      28.9     8.17       
    12     46.32057     46.2609      94.6552           -    9.79e-04      29.0      0.0      29.0     8.17       
    13     43.57303     43.5382      90.2126           -    9.75e-04      28.9      0.0      28.9     8.16       
    14     41.94350     41.8911      86.3278           -    9.71e-04      28.9      0.0      28.9     8.16       
    15     40.52545     40.4750      83.6116     34.8441    9.66e-04      28.8      2.1      31.0     8.17      *
Best model at epoch 15 (val_mae=34.8441)
    16     37.84974     37.8612      78.6606           -    9.61e-04      28.9      0.0      28.9     8.14       
    17     37.98994     37.9347      76.8301           -    9.56e-04      28.9      0.0      28.9     8.14       
    18     35.65160     35.6247      72.8852           -    9.50e-04      28.9      0.0      28.9     8.14       
    19     34.13429     34.0899      69.4533           -    9.44e-04      28.9      0.0      28.9     8.16       
    20     32.54607     32.5171      65.8803     27.5760    9.38e-04      29.0      2.1      31.1     8.16      *
Best model at epoch 20 (val_mae=27.5760)
    21     31.18728     31.1354      63.1383           -    9.32e-04      28.9      0.0      28.9     8.16       
    22     29.48809     29.4577      59.6948           -    9.25e-04      28.8      0.0      28.8     8.16       
    23     27.83269     27.7934      56.4123           -    9.18e-04      29.0      0.0      29.0     8.16       
    24     27.31092     27.2321      54.4608           -    9.11e-04      28.9      0.0      28.9     8.16       
    25     26.24487     26.1962      52.1509     24.1887    9.03e-04      29.0      2.2      31.2     8.15      *
Best model at epoch 25 (val_mae=24.1887)
    26     25.25031     25.2099      49.8937           -    8.96e-04      29.0      0.0      29.0     8.16       
    27     25.22812     25.1788      49.0604           -    8.87e-04      28.9      0.0      28.9     8.16       
    28     24.04105     23.9967      46.7774           -    8.79e-04      29.0      0.0      29.0     8.15       
    29     23.92961     23.8921      46.1382           -    8.71e-04      29.1      0.0      29.1     8.16       
    30     23.51204     23.4823      45.2068     21.7607    8.62e-04      29.0      2.1      31.2     8.16      *
Best model at epoch 30 (val_mae=21.7607)
    31     22.62430     22.5950      43.4354           -    8.53e-04      29.0      0.0      29.0     8.15       
    32     22.09018     22.0791      42.1364           -    8.44e-04      29.0      0.0      29.0     8.16       
    33     21.22800     21.2137      40.6444           -    8.35e-04      29.0      0.0      29.0     8.15       
    34     21.63729     21.6037      40.8714           -    8.25e-04      29.0      0.0      29.0     8.15       
    35     20.08989     20.0525      38.3342     18.2894    8.15e-04      29.0      2.1      31.1     8.16      *
Best model at epoch 35 (val_mae=18.2894)
    36     20.01980     19.9958      37.7796           -    8.05e-04      28.9      0.0      28.9     8.14       
    37     20.24407     20.1893      38.0335           -    7.95e-04      29.0      0.0      29.0     8.14       
    38     19.65300     19.6183      36.8451           -    7.85e-04      29.0      0.0      29.0     8.15       
    39     19.40999     19.3617      36.0967           -    7.75e-04      29.0      0.0      29.0     8.15       
    40     18.48786     18.4438      34.5802     17.8897    7.64e-04      28.9      2.1      31.1     8.15      *
Best model at epoch 40 (val_mae=17.8897)
    41     18.65082     18.6230      34.5923           -    7.54e-04      28.9      0.0      28.9     8.15       
    42     18.75041     18.6892      34.7495           -    7.43e-04      28.9      0.0      28.9     8.15       
    43     19.06361     19.0238      34.7053           -    7.33e-04      28.9      0.0      28.9     8.15       
    44     17.78973     17.7519      32.9901           -    7.22e-04      29.0      0.0      29.0     8.15       
    45     17.85530     17.8237      32.8424     17.1846    7.11e-04      29.0      2.1      31.1     8.15      *
Best model at epoch 45 (val_mae=17.1846)
    46     17.43898     17.4087      31.9677           -    7.00e-04      29.0      0.0      29.0     8.15       
    47     17.82118     17.7803      32.2563           -    6.89e-04      29.0      0.0      29.0     8.16       
    48     17.17182     17.1283      31.2656           -    6.78e-04      28.9      0.0      28.9     8.17       
    49     17.39334     17.3251      31.4352           -    6.67e-04      28.9      0.0      28.9     8.15       
    50     17.20246     17.1698      31.2228     15.9902    6.56e-04      29.0      2.1      31.1     8.15      *
Best model at epoch 50 (val_mae=15.9902)
    51     16.82772     16.7748      30.1698           -    6.44e-04      29.0      0.0      29.0     8.17       
    52     16.57280     16.5316      29.6160           -    6.33e-04      29.0      0.0      29.0     8.15       
    53     17.50917     17.4776      31.2425           -    6.22e-04      29.0      0.0      29.0     8.16       
    54     16.46141     16.4181      29.5420           -    6.11e-04      29.0      0.0      29.0     8.16       
    55     16.51571     16.4808      29.6313     15.5418    6.00e-04      29.0      2.1      31.1     8.15      *
Best model at epoch 55 (val_mae=15.5418)
    56     17.08203     17.0335      30.6590           -    5.89e-04      29.0      0.0      29.0     8.16       
    57     16.53061     16.4900      29.4488           -    5.78e-04      29.0      0.0      29.0     8.15       
    58     15.98316     15.9450      28.5765           -    5.67e-04      29.0      0.0      29.0     8.15       
    59     16.00849     15.9740      28.4772           -    5.57e-04      29.0      0.0      29.0     8.15       
    60     15.89383     15.8522      28.1290     15.6191    5.46e-04      29.0      2.1      31.1     8.15       
    61     16.94861     16.9190      29.9606           -    5.36e-04      29.0      0.0      29.0     8.15       
    62     15.65906     15.6160      27.8732           -    5.25e-04      29.0      0.0      29.0     8.15       
    63     15.62262     15.5743      27.6077           -    5.15e-04      28.9      0.0      28.9     8.15       
    64     15.67305     15.6399      27.7323           -    5.05e-04      29.0      0.0      29.0     8.15       
    65     15.41632     15.3814      27.1648     14.7583    4.95e-04      28.9      2.1      31.0     8.15      *
Best model at epoch 65 (val_mae=14.7583)
    66     15.45110     15.4027      27.1749           -    4.85e-04      28.9      0.0      28.9     8.16       
    67     16.06422     16.0284      28.2001           -    4.75e-04      28.9      0.0      28.9     8.15       
    68     15.33197     15.2980      26.8085           -    4.65e-04      29.1      0.0      29.1     8.15       
    69     15.16252     15.1188      26.3884           -    4.56e-04      29.2      0.0      29.2     8.16       
    70     15.55725     15.4937      27.2171     20.3815    4.47e-04      29.2      2.1      31.3     8.15       
    71     15.69271     15.6498      27.4387           -    4.38e-04      28.9      0.0      28.9     8.15       
    72     15.17150     15.1201      26.5115           -    4.29e-04      28.8      0.0      28.8     8.15       
    73     14.87850     14.8181      26.0023           -    4.21e-04      28.9      0.0      28.9     8.15       
    74     14.76001     14.7238      25.8071           -    4.13e-04      28.8      0.0      28.8     8.15       
    75     14.73198     14.6972      25.7154     14.5853    4.04e-04      28.8      2.1      30.9     8.15      *
Best model at epoch 75 (val_mae=14.5853)
    76     14.72872     14.6936      25.6660           -    3.97e-04      28.9      0.0      28.9     8.16       
    77     14.74056     14.7107      25.6408           -    3.89e-04      28.9      0.0      28.9     8.15       
    78     14.96111     14.9152      26.1381           -    3.82e-04      28.9      0.0      28.9     8.15       
    79     14.67871     14.6427      25.6346           -    3.75e-04      29.0      0.0      29.0     8.15       
    80     14.49988     14.4485      25.1373     14.6474    3.68e-04      29.1      2.1      31.3     8.16       
    81     15.29326     15.2509      26.6040           -    3.62e-04      29.1      0.0      29.1     8.15       
    82     16.00643     15.9559      27.5692           -    3.56e-04      29.0      0.0      29.0     8.16       
    83     14.80598     14.7727      25.8178           -    3.50e-04      29.1      0.0      29.1     8.15       
    84     14.43854     14.4043      25.0383           -    3.44e-04      29.2      0.0      29.2     8.15       
    85     14.47005     14.4324      25.1142     14.7074    3.39e-04      29.2      2.1      31.4     8.16       
    86     14.90350     14.8679      25.7101           -    3.34e-04      29.2      0.0      29.2     8.14       
    87     14.48084     14.4456      25.0385           -    3.29e-04      29.1      0.0      29.1     8.16       
    88     14.25072     14.2129      24.7284           -    3.25e-04      29.2      0.0      29.2     8.15       
    89     14.30023     14.2566      24.6878           -    3.21e-04      29.2      0.0      29.2     8.16       
    90     14.36492     14.3149      24.7983     14.2198    3.17e-04      29.3      2.1      31.4     8.16      *
Best model at epoch 90 (val_mae=14.2198)
    91     14.19554     14.1681      24.3889           -    3.14e-04      29.2      0.0      29.2     8.16       
    92     14.32587     14.2911      24.6990           -    3.11e-04      29.2      0.0      29.2     8.14       
    93     14.25003     14.1977      24.6586           -    3.09e-04      29.1      0.0      29.1     8.15       
    94     14.21194     14.1619      24.5805           -    3.06e-04      29.2      0.0      29.2     8.16       
    95     14.35657     14.3263      24.8940     14.4964    3.04e-04      29.1      2.1      31.2     8.17       
    96     15.36969     15.3432      26.3252           -    3.03e-04      29.1      0.0      29.1     8.15       
    97     13.96499     13.9276      24.0210           -    3.02e-04      29.1      0.0      29.1     8.15       
    98     14.19048     14.1565      24.4438           -    3.01e-04      29.2      0.0      29.2     8.16       
    99     13.92832     13.8833      23.9142           -    3.00e-04      29.1      0.0      29.1     8.16       
   100     13.99840     13.9436      24.1116     14.4832    3.00e-04      29.2      2.1      31.4     8.15       

------------------------------------------------------------------------------------------------
Training finished normally: 2026-10-01 06:32:13
Summary
  completed_epochs: 100
  best_epoch: 90
  best_val_mae: 14.219823
  val_epoch: 5
  validation_count: 20
  final_train_loss: 13.998395
  final_train_mae: 13.943640
  final_val_loss: 14.563955
  final_val_mae: 14.483202
  total_time: 49m 6s
  avg_epoch_time_sec: 29.41
  avg_train_sec_per_step: 0.3764
  avg_val_sec_per_step: 0.0389
  peak_memory_gb: 8.20
  test_loss: 13.353156
  test_mae: 13.398263
  test_rmse: 23.578895
  test_mape: 92900.766952
  test_time_sec: 4.44
  best_checkpoint: /home/students/HuangMingYu/code/py/my_idea/my_idea/outputs/v24-COE/TaxiBJ/custom/20261001_054306_tri_fixed_repeat_seed17/random/rate0.4/20261001_054306_seed17_bs32/checkpoints/best.pth
  last_checkpoint: /home/students/HuangMingYu/code/py/my_idea/my_idea/outputs/v24-COE/TaxiBJ/custom/20261001_054306_tri_fixed_repeat_seed17/random/rate0.4/20261001_054306_seed17_bs32/checkpoints/last.pth
  best_state_source: checkpoint
  metrics_jsonl: /home/students/HuangMingYu/code/py/my_idea/my_idea/outputs/v24-COE/TaxiBJ/custom/20261001_054306_tri_fixed_repeat_seed17/random/rate0.4/20261001_054306_seed17_bs32/logs/metrics.jsonl
------------------------------------------------------------------------------------------------
