Training started: 2026-09-19 20:26:36
------------------------------------------------------------------------------------------------
Run
  run_dir: /home/students/HuangMingYu/code/py/my_idea/my_idea/outputs/v24-COE/experiments/coe_dual_mask/coe_dual_mask/fbea2a35caf9bf06/runs/v24_coe_dual_mask_coe_fixed_stst_alt_original_random_rate0.4_updates_seed7/TaxiBJ/custom/v24_coe_dual_mask_coe_fixed_stst_alt_original_random_rate0.4_updates_seed7/random/rate0.4/20260919_202633_seed7_bs16
  command: /home/students/HuangMingYu/code/py/my_idea/my_idea/scripts/train.py -c /home/students/HuangMingYu/code/py/my_idea/my_idea/outputs/v24-COE/experiments/coe_dual_mask/coe_dual_mask/fbea2a35caf9bf06/configs/v24_coe_dual_mask_coe_fixed_stst_alt_original_random_rate0.4_updates_seed7.json --no_plot --name v24_coe_dual_mask_coe_fixed_stst_alt_original_random_rate0.4_updates_seed7 --train_npz /home/students/HuangMingYu/code/py/my_idea/my_idea/data/TaxiBJ/v24_clean_abc_20260917/taxibj_train.npz --val_npz /home/students/HuangMingYu/code/py/my_idea/my_idea/data/TaxiBJ/v24_clean_abc_20260917/taxibj_val.npz --test_npz /home/students/HuangMingYu/code/py/my_idea/my_idea/data/TaxiBJ/v24_clean_abc_20260917/taxibj_test.npz --result-file /home/students/HuangMingYu/code/py/my_idea/my_idea/outputs/v24-COE/experiments/coe_dual_mask/coe_dual_mask/fbea2a35caf9bf06/results/v24_coe_dual_mask_coe_fixed_stst_alt_original_random_rate0.4_updates_seed7.attempt2.json
  git_commit: 24e57ee114ceb9e41660b396db0a7dd42a833e3a
  git_branch: v24-COE
  git_dirty: True
  config_sha256: d13af2afb9f3cf476f8d210812a4fd20f44070a9ca27e9c8cf465e6d9f5632b5
  python: 3.9.25
  torch: 2.6.0+cu124
  cuda_runtime: 12.4
  train_npz: /home/students/HuangMingYu/code/py/my_idea/my_idea/data/TaxiBJ/v24_clean_abc_20260917/taxibj_train.npz
  val_npz: /home/students/HuangMingYu/code/py/my_idea/my_idea/data/TaxiBJ/v24_clean_abc_20260917/taxibj_val.npz
  test_npz: /home/students/HuangMingYu/code/py/my_idea/my_idea/data/TaxiBJ/v24_clean_abc_20260917/taxibj_test.npz
  dataset: TaxiBJ
  experiment_type: custom
  variant: v24_coe_dual_mask_coe_fixed_stst_alt_original_random_rate0.4_updates_seed7
  train_samples: 2452
  val_samples: 342
  train_steps_per_epoch: 154
  val_steps_per_epoch: 22
  test_samples: 707
  test_steps: 45
  batch_size: 16
  mask_pattern: random
  mask_rate_config: 0.4
  train_mask: shape=(2452, 1, 12, 32, 32), observed_rate=0.6000, missing_rate=0.4000
  val_mask: shape=(342, 1, 12, 32, 32), observed_rate=0.6000, missing_rate=0.4000
  data_shape: (2452, 2, 12, 32, 32)
  device: cuda
  device_name: NVIDIA GeForce RTX 3090
  total_params: 211,507
  trainable_params: 211,507
Config
{
  "seed": 7,
  "output_dir": "/home/students/HuangMingYu/code/py/my_idea/my_idea/outputs/v24-COE/experiments/coe_dual_mask/coe_dual_mask/fbea2a35caf9bf06/runs/v24_coe_dual_mask_coe_fixed_stst_alt_original_random_rate0.4_updates_seed7",
  "device": "cuda",
  "data": {
    "dataset_name": "TaxiBJ",
    "batch_size": 16,
    "num_workers": 0,
    "pin_memory": true,
    "drop_last": false,
    "mask": {
      "pattern": "random",
      "missing_rate": 0.4,
      "train_csv": "/home/students/HuangMingYu/code/py/my_idea/my_idea/data/TaxiBJ/v24_clean_abc_20260917/masks/random_point/0.4/train.csv",
      "val_csv": "/home/students/HuangMingYu/code/py/my_idea/my_idea/data/TaxiBJ/v24_clean_abc_20260917/masks/random_point/0.4/val.csv",
      "test_csv": "/home/students/HuangMingYu/code/py/my_idea/my_idea/data/TaxiBJ/v24_clean_abc_20260917/masks/random_point/0.4/test.csv"
    },
    "synthetic": {
      "num_train": 128,
      "num_val": 32,
      "t": 12,
      "h": 32,
      "w": 32
    },
    "multiscale": false,
    "loader_seed": 7,
    "train_mask_diversity": null,
    "eval_mask_diversity": null
  },
  "model": {
    "architecture": "v24_ts_coe",
    "c_in": 2,
    "main": {
      "dim": 64,
      "max_t": 12,
      "h": 32,
      "w": 32,
      "scale_mode": "fine",
      "use_multiscale": false
    },
    "coe": {
      "num_steps": 4,
      "expert_pool": [
        "T",
        "S",
        "TD",
        "SD",
        "TA",
        "ST"
      ],
      "routing_mode": "fixed",
      "fixed_path": [
        "ST",
        "ST",
        "ST",
        "ST"
      ],
      "fixed_expert_steps": [
        null,
        null,
        null,
        null
      ],
      "router_state": "dynamic",
      "expert_state": "dynamic",
      "use_shared": true,
      "use_routed": true,
      "temperature": 1.0,
      "temporal_kernel": 3,
      "spatial_kernel": 3,
      "temporal_dilation": 2,
      "spatial_dilation": 2,
      "attention_heads": 4,
      "residual_init": 0.1,
      "routing_warmup_epochs": 0,
      "routing_transition_epochs": 0,
      "uniform_mix_start": 0.5,
      "sampling_temperature_start": 2.0
    },
    "aux": {
      "enabled": false,
      "alpha_init": 0.0
    }
  },
  "loss": {
    "type": "l1",
    "lambda_coe_mid": 0.0,
    "lambda_coe_balance": 0.0
  },
  "train": {
    "epochs": 20,
    "val_epoch": 2,
    "lr_main": 0.001,
    "weight_decay": 0.0001,
    "grad_clip_norm": 1.0,
    "amp": true,
    "save_every": 10,
    "scheduler": {
      "type": "cosine",
      "eta_min": 1e-06,
      "total_epochs": 20
    },
    "early_stopping": {
      "enabled": false,
      "monitor": "val_mae",
      "patience": 40,
      "mode": "min"
    },
    "save_best_checkpoint": false,
    "router_grad_diagnostic_every": 50
  },
  "experiment_plan": {
    "stage": "coe_dual_mask",
    "variant": "coe_fixed_stst_alt",
    "protocol": "original_random_rate0.4",
    "protocol_kind": "legacy_csv",
    "budget_regime": "updates",
    "mask_metadata": null,
    "training_mask_source": "protocol",
    "evaluation_mask_source": "protocol"
  },
  "experiment_suite_fingerprint": "fbea2a35caf9bf06b509d160bcfa81080b2e1014484bcde47629e4a4ab0f0596"
}
------------------------------------------------------------------------------------------------
-----------------------------------------------------------------------------------------------------------------
 epoch         loss         mae         rmse     val_mae          lr   train_s    val_s   epoch_s   mem_gb   best
-----------------------------------------------------------------------------------------------------------------
     1     97.99924     98.1843     164.6534           -    1.00e-03      36.5      0.0      36.5     3.75       
     2     64.93608     65.0482     133.1759     46.3078    9.94e-04      36.1      1.6      37.7     3.75      *
Best model at epoch 2 (val_mae=46.3078)
     3     46.93725     46.8835     109.8140           -    9.76e-04      36.1      0.0      36.1     3.75       
     4     37.13594     37.1207      92.6234     28.9377    9.46e-04      36.2      1.6      37.8     3.75      *
Best model at epoch 4 (val_mae=28.9377)
     5     32.19435     32.2290      83.1306           -    9.05e-04      36.2      0.0      36.2     3.75       
     6     26.68638     26.7274      71.8806     20.1759    8.54e-04      36.2      1.6      37.8     3.75      *
Best model at epoch 6 (val_mae=20.1759)
     7     22.58865     22.5614      60.7483           -    7.94e-04      36.2      0.0      36.2     3.75       
     8     20.13864     20.1298      54.1559     16.6734    7.27e-04      36.2      1.6      37.8     3.75      *
Best model at epoch 8 (val_mae=16.6734)
     9     19.08339     19.0858      50.3317           -    6.55e-04      36.2      0.0      36.2     3.75       
    10     17.69993     17.6912      46.1945     14.6360    5.79e-04      36.2      1.6      37.8     3.75      *
Best model at epoch 10 (val_mae=14.6360)
    11     16.43364     16.4204      42.4337           -    5.01e-04      36.2      0.0      36.2     3.75       
    12     15.57198     15.5984      39.2945     13.3985    4.22e-04      36.2      1.6      37.8     3.75      *
Best model at epoch 12 (val_mae=13.3985)
    13     15.19861     15.1959      37.4322           -    3.46e-04      36.2      0.0      36.2     3.75       
    14     14.65284     14.6428      35.7939     13.0398    2.74e-04      36.2      1.6      37.8     3.75      *
Best model at epoch 14 (val_mae=13.0398)
    15     14.21388     14.2113      34.2741           -    2.07e-04      36.2      0.0      36.2     3.75       
    16     13.78272     13.8019      32.6642     12.2679    1.47e-04      36.2      1.6      37.8     3.75      *
Best model at epoch 16 (val_mae=12.2679)
    17     13.44531     13.4570      31.4087           -    9.64e-05      36.2      0.0      36.2     3.75       
    18     13.20428     13.1917      30.3341     11.8532    5.54e-05      36.2      1.6      37.8     3.75      *
Best model at epoch 18 (val_mae=11.8532)
    19     13.01082     13.0156      29.6037           -    2.54e-05      36.2      0.0      36.2     3.75       
    20     12.91710     12.9318      29.2503     11.7400    7.15e-06      36.2      1.6      37.8     3.75      *
Best model at epoch 20 (val_mae=11.7400)

------------------------------------------------------------------------------------------------
Training finished normally: 2026-09-19 20:38:59
Summary
  completed_epochs: 20
  best_epoch: 20
  best_val_mae: 11.740034
  val_epoch: 2
  validation_count: 10
  final_train_loss: 12.917102
  final_train_mae: 12.931795
  final_val_loss: 11.836153
  final_val_mae: 11.740034
  total_time: 12m 24s
  avg_epoch_time_sec: 37.01
  avg_train_sec_per_step: 0.2351
  avg_val_sec_per_step: 0.0363
  peak_memory_gb: 3.75
  test_loss: 10.810326
  test_mae: 10.856923
  test_rmse: 21.744317
  test_mape: 49123.192416
  test_time_sec: 3.30
  best_checkpoint: n/a
  best_state_source: cpu_memory
  metrics_jsonl: /home/students/HuangMingYu/code/py/my_idea/my_idea/outputs/v24-COE/experiments/coe_dual_mask/coe_dual_mask/fbea2a35caf9bf06/runs/v24_coe_dual_mask_coe_fixed_stst_alt_original_random_rate0.4_updates_seed7/TaxiBJ/custom/v24_coe_dual_mask_coe_fixed_stst_alt_original_random_rate0.4_updates_seed7/random/rate0.4/20260919_202633_seed7_bs16/logs/metrics.jsonl
------------------------------------------------------------------------------------------------
