Training started: 2026-09-28 01:26:13
------------------------------------------------------------------------------------------------
Run
  run_dir: /home/students/HuangMingYu/code/py/my_idea/my_idea/outputs/v24-COE/TaxiBJ/custom/v24_coe_partner_focus_coe_shared_mixed9_rate0.4_updates_seed7/random/rate0.4/20260928_012612_seed7_bs16
  command: /home/students/HuangMingYu/code/py/my_idea/my_idea/scripts/train.py -c /home/students/HuangMingYu/code/py/my_idea/my_idea/outputs/v24-COE/experiments/coe_partner_taxibj/coe_partner_taxibj/ba1faa1eba3ebc0c/configs/v24_coe_partner_focus_coe_shared_mixed9_rate0.4_updates_seed7.json --no_plot --name v24_coe_partner_focus_coe_shared_mixed9_rate0.4_updates_seed7 --train_npz /home/students/HuangMingYu/code/py/my_idea/my_idea/data/TaxiBJ/v24_clean_abc_20260917/taxibj_train.npz --val_npz /home/students/HuangMingYu/code/py/my_idea/my_idea/data/TaxiBJ/v24_clean_abc_20260917/taxibj_val.npz --test_npz /home/students/HuangMingYu/code/py/my_idea/my_idea/data/TaxiBJ/v24_clean_abc_20260917/taxibj_test.npz --result-file /home/students/HuangMingYu/code/py/my_idea/my_idea/outputs/v24-COE/experiments/coe_partner_taxibj/coe_partner_taxibj/ba1faa1eba3ebc0c/results/v24_coe_partner_focus_coe_shared_mixed9_rate0.4_updates_seed7.attempt1.json
  git_commit: 2fb0ab1d85fbffece6e4815745758801abc7d976
  git_branch: v24-COE
  git_dirty: True
  config_sha256: a10675de9f20287bb1b993222281dbef3d580c23fbb09b22219b188b5908378d
  python: 3.9.25
  torch: 2.6.0+cu124
  cuda_runtime: 12.4
  train_npz: /home/students/HuangMingYu/code/py/my_idea/my_idea/data/TaxiBJ/v24_clean_abc_20260917/taxibj_train.npz
  val_npz: /home/students/HuangMingYu/code/py/my_idea/my_idea/data/TaxiBJ/v24_clean_abc_20260917/taxibj_val.npz
  test_npz: /home/students/HuangMingYu/code/py/my_idea/my_idea/data/TaxiBJ/v24_clean_abc_20260917/taxibj_test.npz
  dataset: TaxiBJ
  experiment_type: custom
  variant: v24_coe_partner_focus_coe_shared_mixed9_rate0.4_updates_seed7
  train_samples: 2452
  val_samples: 342
  train_steps_per_epoch: 154
  val_steps_per_epoch: 22
  test_samples: 707
  test_steps: 45
  batch_size: 16
  world_size: 1
  per_device_batch_size: 16
  mask_pattern: random
  mask_rate_config: 0.4
  train_mask: unknown
  val_mask: unknown
  data_shape: (2452, 2, 12, 32, 32)
  device: cuda
  device_name: NVIDIA GeForce RTX 3090
  total_params: 196,663
  trainable_params: 196,663
Config
{
  "seed": 7,
  "output_dir": "/home/students/HuangMingYu/code/py/my_idea/my_idea/outputs/v24-COE",
  "device": "cuda",
  "data": {
    "dataset_name": "TaxiBJ",
    "batch_size": 16,
    "num_workers": 0,
    "pin_memory": true,
    "drop_last": false,
    "mask": {
      "pattern": "random",
      "missing_rate": 0.4
    },
    "synthetic": {
      "num_train": 128,
      "num_val": 32,
      "t": 12,
      "h": 32,
      "w": 32
    },
    "multiscale": false,
    "loader_seed": 7,
    "train_mask_diversity": {
      "families": [
        "random_point",
        "node_outage",
        "temporal_gap",
        "spatial_region",
        "spatiotemporal_block",
        "stripe",
        "moving_region",
        "multi_block",
        "composite"
      ],
      "rates": [
        0.4
      ],
      "seed": 20260917,
      "resample_each_epoch": true
    },
    "eval_mask_diversity": {
      "families": [
        "random_point",
        "node_outage",
        "temporal_gap",
        "spatial_region",
        "spatiotemporal_block",
        "stripe",
        "moving_region",
        "multi_block",
        "composite"
      ],
      "rates": [
        0.4
      ],
      "seed": 20260917,
      "resample_each_epoch": false
    }
  },
  "model": {
    "architecture": "v24_ts_coe",
    "c_in": 2,
    "main": {
      "dim": 64,
      "max_t": 12,
      "h": 32,
      "w": 32,
      "scale_mode": "fine",
      "use_multiscale": false
    },
    "coe": {
      "num_steps": 3,
      "expert_pool": [
        "T",
        "S",
        "TD",
        "SD",
        "TA",
        "ST"
      ],
      "routing_mode": "hard",
      "fixed_path": null,
      "fixed_expert_steps": [
        null,
        null,
        null
      ],
      "router_state": "dynamic",
      "expert_state": "dynamic",
      "use_shared": true,
      "use_routed": true,
      "temperature": 1.0,
      "temporal_kernel": 3,
      "spatial_kernel": 3,
      "temporal_dilation": 2,
      "spatial_dilation": 2,
      "attention_heads": 4,
      "residual_init": 0.1,
      "routing_warmup_epochs": 3,
      "routing_transition_epochs": 3,
      "uniform_mix_start": 0.5,
      "sampling_temperature_start": 2.0,
      "top_k": 2,
      "router_hidden_dim": 64,
      "pair_mode": "native",
      "acceptance": "none",
      "expert_sharing": "shared",
      "previous_expert_context": false,
      "global_route_weights": false,
      "router_input_noise_std": 0.0,
      "router_input_noise_steps": 0,
      "completion_feedback": true
    },
    "aux": {
      "enabled": false,
      "alpha_init": 0.0
    }
  },
  "loss": {
    "type": "l1",
    "lambda_coe_mid": 0.0,
    "lambda_coe_balance": 0.01,
    "lambda_coe_z": 0.0,
    "balance_importance": "candidate"
  },
  "train": {
    "epochs": 70,
    "val_epoch": 2,
    "lr_main": 0.001,
    "weight_decay": 0.0001,
    "grad_clip_norm": 1.0,
    "amp": true,
    "save_every": 10,
    "scheduler": {
      "type": "cosine",
      "total_epochs": 70,
      "eta_min": 1e-06
    },
    "early_stopping": {
      "enabled": false
    },
    "save_best_checkpoint": true,
    "router_grad_diagnostic_every": 0,
    "full_checkpoint": true,
    "measure_forward_latency": true,
    "oracle_last_step_samples": 48,
    "partner_probe": {
      "interval_batches": 16,
      "weight": 0.1,
      "min_scale": 0.5
    }
  },
  "experiment_plan": {
    "stage": "coe_partner",
    "variant": "focus_coe_shared",
    "protocol": "mixed9_rate0.4",
    "protocol_kind": "generated_diverse",
    "budget_regime": "updates",
    "mask_metadata": null,
    "training_mask_source": "dynamic_diverse",
    "evaluation_mask_source": "diverse_fixed_per_split"
  },
  "experiment_suite_fingerprint": "ba1faa1eba3ebc0c0a26142b03bd409b52da7f6b80c69ea7a061ac0ed8b26444"
}
------------------------------------------------------------------------------------------------
-----------------------------------------------------------------------------------------------------------------
 epoch         loss         mae         rmse     val_mae          lr   train_s    val_s   epoch_s   mem_gb   best
-----------------------------------------------------------------------------------------------------------------
     1    107.45161    107.6031     174.1888           -    1.00e-03      34.7      0.0      34.7     5.14       
     2     79.75765     79.8627     141.4948     62.0911    9.99e-04      31.0      2.4      33.4     5.10      *
Best model at epoch 2 (val_mae=62.0911)
     3     65.96130     65.8571     122.7250           -    9.98e-04      31.1      0.0      31.1     5.12       
     4     59.72217     59.6087     112.0450     49.8305    9.95e-04      32.7      2.3      35.1     5.02      *
Best model at epoch 4 (val_mae=49.8305)
     5     54.59277     54.5767     103.4610           -    9.92e-04      36.6      0.0      36.6     4.54       
     6     51.28757     51.2425      96.8250     44.8930    9.87e-04      37.9      2.4      40.3     4.55      *
Best model at epoch 6 (val_mae=44.8930)
     7     49.28496     49.1616      92.5673           -    9.82e-04      37.9      0.0      37.9     4.54       
     8     48.90855     48.8317      90.5939     41.4147    9.76e-04      37.5      2.4      39.9     4.67      *
Best model at epoch 8 (val_mae=41.4147)
     9     45.09904     45.1352      84.6496           -    9.68e-04      37.6      0.0      37.6     4.67       
    10     43.11007     43.0581      80.3455     38.7303    9.60e-04      37.6      2.4      40.0     4.67      *
Best model at epoch 10 (val_mae=38.7303)
    11     41.56511     41.5157      76.9994           -    9.51e-04      37.6      0.0      37.6     4.67       
    12     39.80002     39.8003      73.4279     35.6746    9.40e-04      37.6      2.4      40.0     4.67      *
Best model at epoch 12 (val_mae=35.6746)
    13     39.50466     39.4860      72.3881           -    9.29e-04      37.5      0.0      37.5     4.67       
    14     38.71665     38.6459      70.5846     36.6978    9.17e-04      37.6      2.4      40.0     4.67       
    15     37.52345     37.5159      68.0644           -    9.05e-04      37.6      0.0      37.6     4.67       
    16     36.80709     36.7793      66.2157     32.7470    8.91e-04      37.5      2.4      39.9     4.67      *
Best model at epoch 16 (val_mae=32.7470)
    17     35.88148     35.9227      64.5826           -    8.77e-04      37.5      0.0      37.5     4.67       
    18     36.17752     36.1535      64.9998     34.0391    8.62e-04      37.5      2.4      39.9     4.67       
    19     34.63447     34.6554      61.8269           -    8.46e-04      37.5      0.0      37.5     4.67       
    20     34.30547     34.2939      60.8947     31.3997    8.29e-04      37.5      2.4      39.9     4.67      *
Best model at epoch 20 (val_mae=31.3997)
    21     34.07158     34.0484      60.3775           -    8.12e-04      37.5      0.0      37.5     4.67       
    22     33.44808     33.4432      59.2464     30.5612    7.94e-04      37.5      2.4      39.9     4.67      *
Best model at epoch 22 (val_mae=30.5612)
    23     32.39111     32.3782      57.2886           -    7.76e-04      37.4      0.0      37.4     4.67       
    24     32.23261     32.2599      56.7068     30.0485    7.57e-04      37.5      2.4      39.9     4.67      *
Best model at epoch 24 (val_mae=30.0485)
    25     32.25104     32.2900      56.8643           -    7.37e-04      37.5      0.0      37.5     4.67       
    26     32.25651     32.2582      56.6896     29.0492    7.17e-04      37.5      2.4      39.9     4.67      *
Best model at epoch 26 (val_mae=29.0492)
    27     31.61267     31.6020      55.1669           -    6.97e-04      37.4      0.0      37.4     4.67       
    28     31.33208     31.3934      54.8648     28.5887    6.76e-04      37.5      2.4      39.9     4.67      *
Best model at epoch 28 (val_mae=28.5887)
    29     30.79712     30.8213      54.0536           -    6.55e-04      37.5      0.0      37.5     4.67       
    30     31.04738     31.0631      54.3395     29.3263    6.33e-04      37.5      2.4      39.9     4.67       
    31     30.42864     30.3544      52.8115           -    6.12e-04      37.4      0.0      37.4     4.67       
    32     30.25328     30.1551      52.4693     28.7059    5.90e-04      37.5      2.4      39.9     4.67       
    33     29.61235     29.6476      51.3061           -    5.68e-04      37.5      0.0      37.5     4.67       
    34     29.69804     29.7181      51.4265     28.6695    5.45e-04      37.4      2.4      39.8     4.67       
    35     29.26961     29.2169      50.4704           -    5.23e-04      37.4      0.0      37.4     4.67       
    36     29.21866     29.2085      50.5615     27.2300    5.01e-04      37.5      2.4      39.9     4.67      *
Best model at epoch 36 (val_mae=27.2300)
    37     28.66033     28.6463      49.4169           -    4.78e-04      37.4      0.0      37.4     4.67       
    38     28.64722     28.5784      49.3340     27.4241    4.56e-04      37.5      2.4      39.9     4.66       
    39     28.68136     28.6202      49.4259           -    4.33e-04      37.5      0.0      37.5     4.67       
    40     27.89833     27.9196      48.2047     28.0567    4.11e-04      37.5      2.4      39.9     4.67       
    41     28.36374     28.3514      48.6768           -    3.89e-04      37.4      0.0      37.4     4.67       
    42     27.60931     27.6337      47.5149     27.2454    3.68e-04      37.5      2.4      39.9     4.67       
    43     27.74422     27.6682      47.3677           -    3.46e-04      37.4      0.0      37.4     4.67       
    44     27.69606     27.6725      47.3518     26.8578    3.25e-04      37.5      2.4      39.9     4.67      *
Best model at epoch 44 (val_mae=26.8578)
    45     27.25875     27.2814      46.6813           -    3.04e-04      37.5      0.0      37.5     4.67       
    46     27.35896     27.3691      46.8718     26.0582    2.84e-04      37.5      2.4      39.8     4.67      *
Best model at epoch 46 (val_mae=26.0582)
    47     27.23308     27.1167      46.4134           -    2.64e-04      37.4      0.0      37.4     4.67       
    48     27.00756     27.0253      46.2301     26.2814    2.44e-04      37.5      2.4      39.8     4.67       
    49     26.93965     26.8945      46.1028           -    2.25e-04      37.4      0.0      37.4     4.67       
    50     26.88433     26.8350      45.8587     26.0059    2.07e-04      37.4      2.4      39.9     4.67      *
Best model at epoch 50 (val_mae=26.0059)
    51     26.93781     26.9426      45.9474           -    1.89e-04      37.5      0.0      37.5     4.67       
    52     26.68775     26.6671      45.4926     25.5000    1.72e-04      37.4      2.4      39.8     4.67      *
Best model at epoch 52 (val_mae=25.5000)
    53     26.55191     26.5107      45.4129           -    1.55e-04      37.5      0.0      37.5     4.67       
    54     26.50503     26.4945      45.2742     25.4690    1.39e-04      37.5      2.4      39.9     4.66      *
Best model at epoch 54 (val_mae=25.4690)
    55     26.44511     26.3783      45.0806           -    1.24e-04      37.5      0.0      37.5     4.67       
    56     26.30541     26.3174      44.9650     25.3064    1.10e-04      37.4      2.4      39.8     4.67      *
Best model at epoch 56 (val_mae=25.3064)
    57     26.10439     26.0896      44.6914           -    9.64e-05      37.5      0.0      37.5     4.67       
    58     26.18756     26.1529      44.8035     25.3070    8.36e-05      37.4      2.4      39.8     4.67       
    59     26.04853     26.0257      44.3148           -    7.17e-05      37.4      0.0      37.4     4.67       
    60     25.89590     25.8845      44.1939     24.9808    6.06e-05      37.4      2.4      39.8     4.67      *
Best model at epoch 60 (val_mae=24.9808)
    61     26.17980     26.1481      44.5550           -    5.05e-05      37.5      0.0      37.5     4.66       
    62     25.92929     25.9334      44.2284     24.9762    4.12e-05      37.5      2.4      39.9     4.67      *
Best model at epoch 62 (val_mae=24.9762)
    63     25.91338     25.9038      44.1856           -    3.29e-05      37.5      0.0      37.5     4.67       
    64     26.01039     25.9791      44.2678     25.0000    2.54e-05      37.5      2.4      39.9     4.61       
    65     25.78686     25.7734      43.9767           -    1.90e-05      37.5      0.0      37.5     4.67       
    66     25.69803     25.6833      43.8904     24.9616    1.35e-05      37.5      2.4      39.9     4.67      *
Best model at epoch 66 (val_mae=24.9616)
    67     25.82300     25.7926      44.0781           -    9.03e-06      37.5      0.0      37.5     4.67       
    68     25.71073     25.6967      43.7852     24.9084    5.52e-06      37.5      2.4      39.9     4.67      *
Best model at epoch 68 (val_mae=24.9084)
    69     25.63268     25.5951      43.6661           -    3.01e-06      37.5      0.0      37.5     4.67       
    70     25.87336     25.8426      44.0908     24.8251    1.50e-06      37.5      2.4      39.9     4.67      *
Best model at epoch 70 (val_mae=24.8251)
Validation-only last-round Oracle: Top-2=23.818577, anchor-best=22.982508, all-best=22.888034

------------------------------------------------------------------------------------------------
Training finished normally: 2026-09-28 02:11:09
Summary
  completed_epochs: 70
  best_epoch: 70
  best_val_mae: 24.825147
  val_epoch: 2
  validation_count: 35
  final_train_loss: 25.873356
  final_train_mae: 25.842585
  final_val_loss: 24.959404
  final_val_mae: 24.825147
  total_time: 44m 56s
  avg_epoch_time_sec: 38.39
  avg_train_sec_per_step: 0.2415
  avg_val_sec_per_step: 0.0544
  peak_memory_gb: 5.14
  test_loss: 23.941542
  test_mae: 24.038653
  test_rmse: 41.222797
  test_mape: 254650.689733
  test_time_sec: 4.91
  best_checkpoint: /home/students/HuangMingYu/code/py/my_idea/my_idea/outputs/v24-COE/TaxiBJ/custom/v24_coe_partner_focus_coe_shared_mixed9_rate0.4_updates_seed7/random/rate0.4/20260928_012612_seed7_bs16/checkpoints/best.pt
  best_state_source: checkpoint
  metrics_jsonl: /home/students/HuangMingYu/code/py/my_idea/my_idea/outputs/v24-COE/TaxiBJ/custom/v24_coe_partner_focus_coe_shared_mixed9_rate0.4_updates_seed7/random/rate0.4/20260928_012612_seed7_bs16/logs/metrics.jsonl
------------------------------------------------------------------------------------------------
